Archive member included to satisfy reference by file (symbol)

.\CortexM3\ARM_GCC_541\Debug\EX 6 standard 20160818_1.a(CyDmac.o)
                              .\CortexM3\ARM_GCC_541\Debug\Cm3Start.o (CyDmacConfigure)
.\CortexM3\ARM_GCC_541\Debug\EX 6 standard 20160818_1.a(CyLib.o)
                              .\CortexM3\ARM_GCC_541\Debug\Cm3Start.o (CyResetStatus)
.\CortexM3\ARM_GCC_541\Debug\EX 6 standard 20160818_1.a(cyPm.o)
                              .\CortexM3\ARM_GCC_541\Debug\EX 6 standard 20160818_1.a(CyLib.o) (CyPmReadStatus)
.\CortexM3\ARM_GCC_541\Debug\EX 6 standard 20160818_1.a(ADC_DelSig_1.o)
                              .\CortexM3\ARM_GCC_541\Debug\functions.o (ADC_DelSig_1_Start)
.\CortexM3\ARM_GCC_541\Debug\EX 6 standard 20160818_1.a(ADC_DelSig_1_INT.o)
                              .\CortexM3\ARM_GCC_541\Debug\EX 6 standard 20160818_1.a(ADC_DelSig_1.o) (ADC_DelSig_1_ISR1)
.\CortexM3\ARM_GCC_541\Debug\EX 6 standard 20160818_1.a(DMA_1_dma.o)
                              .\CortexM3\ARM_GCC_541\Debug\functions.o (DMA_1_DmaInitialize)
.\CortexM3\ARM_GCC_541\Debug\EX 6 standard 20160818_1.a(Filter_1.o)
                              .\CortexM3\ARM_GCC_541\Debug\functions.o (Filter_1_Start)
.\CortexM3\ARM_GCC_541\Debug\EX 6 standard 20160818_1.a(Filter_1_PVT.o)
                              .\CortexM3\ARM_GCC_541\Debug\EX 6 standard 20160818_1.a(Filter_1.o) (Filter_1_SetInterruptMode)
.\CortexM3\ARM_GCC_541\Debug\EX 6 standard 20160818_1.a(Filter_1_RAM_Data.o)
                              .\CortexM3\ARM_GCC_541\Debug\EX 6 standard 20160818_1.a(Filter_1.o) (Filter_1_control)
.\CortexM3\ARM_GCC_541\Debug\EX 6 standard 20160818_1.a(DMA_2_dma.o)
                              .\CortexM3\ARM_GCC_541\Debug\functions.o (DMA_2_DmaInitialize)
.\CortexM3\ARM_GCC_541\Debug\EX 6 standard 20160818_1.a(isr_2.o)
                              .\CortexM3\ARM_GCC_541\Debug\functions.o (isr_2_StartEx)
.\CortexM3\ARM_GCC_541\Debug\EX 6 standard 20160818_1.a(TIA_1.o)
                              .\CortexM3\ARM_GCC_541\Debug\functions.o (TIA_1_Start)
.\CortexM3\ARM_GCC_541\Debug\EX 6 standard 20160818_1.a(Mixer_1.o)
                              .\CortexM3\ARM_GCC_541\Debug\functions.o (Mixer_1_Start)
.\CortexM3\ARM_GCC_541\Debug\EX 6 standard 20160818_1.a(Clock_1.o)
                              .\CortexM3\ARM_GCC_541\Debug\functions.o (Clock_1_Start)
.\CortexM3\ARM_GCC_541\Debug\EX 6 standard 20160818_1.a(ADC_DelSig_1_theACLK.o)
                              .\CortexM3\ARM_GCC_541\Debug\EX 6 standard 20160818_1.a(ADC_DelSig_1.o) (ADC_DelSig_1_theACLK_SetDividerRegister)
.\CortexM3\ARM_GCC_541\Debug\EX 6 standard 20160818_1.a(ADC_DelSig_1_Ext_CP_Clk.o)
                              .\CortexM3\ARM_GCC_541\Debug\EX 6 standard 20160818_1.a(ADC_DelSig_1.o) (ADC_DelSig_1_Ext_CP_Clk_SetDividerRegister)
.\CortexM3\ARM_GCC_541\Debug\EX 6 standard 20160818_1.a(Mixer_1_aclk.o)
                              .\CortexM3\ARM_GCC_541\Debug\EX 6 standard 20160818_1.a(Mixer_1.o) (Mixer_1_aclk_Start)
.\CortexM3\ARM_GCC_541\Debug\EX 6 standard 20160818_1.a(UART_1.o)
                              .\CortexM3\ARM_GCC_541\Debug\functions.o (UART_1_Start)
.\CortexM3\ARM_GCC_541\Debug\EX 6 standard 20160818_1.a(Opamp_1.o)
                              .\CortexM3\ARM_GCC_541\Debug\functions.o (Opamp_1_Start)
.\CortexM3\ARM_GCC_541\Debug\EX 6 standard 20160818_1.a(UART_1_IntClock.o)
                              .\CortexM3\ARM_GCC_541\Debug\EX 6 standard 20160818_1.a(UART_1.o) (UART_1_IntClock_Start)
.\CortexM3\ARM_GCC_541\Debug\EX 6 standard 20160818_1.a(Point.o)
                              .\CortexM3\ARM_GCC_541\Debug\functions.o (Point_Write)
.\CortexM3\ARM_GCC_541\Debug\EX 6 standard 20160818_1.a(CyBootAsmGnu.o)
                              .\CortexM3\ARM_GCC_541\Debug\cyfitter_cfg.o (CyDelayCycles)
.\CortexM3\ARM_GCC_541\Debug\EX 6 standard 20160818_1.a(CyFlash.o)
                              .\CortexM3\ARM_GCC_541\Debug\EX 6 standard 20160818_1.a(cyPm.o) (CyFlash_SetWaitCycles)
.\CortexM3\ARM_GCC_541\Debug\EX 6 standard 20160818_1.a(CySpc.o)
                              .\CortexM3\ARM_GCC_541\Debug\EX 6 standard 20160818_1.a(CyFlash.o) (CySpcStart)
c:/program files (x86)/cypress/psoc creator/4.2/psoc creator/import/gnu/arm/5.4.1/bin/../lib/gcc/arm-none-eabi/5.4.1/armv7-m\libgcc.a(_arm_addsubdf3.o)
                              .\CortexM3\ARM_GCC_541\Debug\functions.o (__aeabi_dadd)
c:/program files (x86)/cypress/psoc creator/4.2/psoc creator/import/gnu/arm/5.4.1/bin/../lib/gcc/arm-none-eabi/5.4.1/armv7-m\libgcc.a(_arm_cmpdf2.o)
                              .\CortexM3\ARM_GCC_541\Debug\functions.o (__aeabi_dcmplt)
c:/program files (x86)/cypress/psoc creator/4.2/psoc creator/import/gnu/arm/5.4.1/bin/../lib/gcc/arm-none-eabi/5.4.1/armv7-m\libgcc.a(_arm_addsubsf3.o)
                              .\CortexM3\ARM_GCC_541\Debug\functions.o (__aeabi_fsub)
[...]
Memory Configuration

Name             Origin             Length             Attributes
rom              0x00000000         0x00040000         xr
ram              0x1fff8000         0x00010000         xrw
*default*        0x00000000         0xffffffff

Linker script and memory map

LOAD c:/program files (x86)/cypress/psoc creator/4.2/psoc creator/import/gnu/arm/5.4.1/bin/../lib/gcc/arm-none-eabi/5.4.1/armv7-m/crti.o
LOAD c:/program files (x86)/cypress/psoc creator/4.2/psoc creator/import/gnu/arm/5.4.1/bin/../lib/gcc/arm-none-eabi/5.4.1/armv7-m/crtbegin.o
LOAD c:/program files (x86)/cypress/psoc creator/4.2/psoc creator/import/gnu/arm/5.4.1/bin/../lib/gcc/arm-none-eabi/5.4.1/../../../../arm-none-eabi/lib/armv7-m/crt0.o
START GROUP
LOAD .\CortexM3\ARM_GCC_541\Debug\main.o
LOAD .\CortexM3\ARM_GCC_541\Debug\functions.o
LOAD .\CortexM3\ARM_GCC_541\Debug\cyfitter_cfg.o
LOAD .\CortexM3\ARM_GCC_541\Debug\Cm3Start.o
LOAD .\CortexM3\ARM_GCC_541\Debug\cymetadata.o
LOAD .\CortexM3\ARM_GCC_541\Debug\EX 6 standard 20160818_1.a
LOAD C:\Program Files (x86)\Cypress\PSoC Creator\4.2\PSoC Creator\psoc\content\cycomponentlibrary\CyComponentLibrary.cylib\CortexM3\ARM_GCC_541\Debug\CyComponentLibrary.a
LOAD c:/program files (x86)/cypress/psoc creator/4.2/psoc creator/import/gnu/arm/5.4.1/bin/../lib/gcc/arm-none-eabi/5.4.1/../../../../arm-none-eabi/lib/armv7-m\libm.a
END GROUP
START GROUP
LOAD c:/program files (x86)/cypress/psoc creator/4.2/psoc creator/import/gnu/arm/5.4.1/bin/../lib/gcc/arm-none-eabi/5.4.1/armv7-m\libgcc.a
LOAD c:/program files (x86)/cypress/psoc creator/4.2/psoc creator/import/gnu/arm/5.4.1/bin/../lib/gcc/arm-none-eabi/5.4.1/../../../../arm-none-eabi/lib/armv7-m\libg.a
LOAD c:/program files (x86)/cypress/psoc creator/4.2/psoc creator/import/gnu/arm/5.4.1/bin/../lib/gcc/arm-none-eabi/5.4.1/../../../../arm-none-eabi/lib/armv7-m\libc.a
END GROUP
LOAD c:/program files (x86)/cypress/psoc creator/4.2/psoc creator/import/gnu/arm/5.4.1/bin/../lib/gcc/arm-none-eabi/5.4.1/armv7-m/crtend.o
LOAD c:/program files (x86)/cypress/psoc creator/4.2/psoc creator/import/gnu/arm/5.4.1/bin/../lib/gcc/arm-none-eabi/5.4.1/armv7-m/crtn.o
START GROUP
LOAD c:/program files (x86)/cypress/psoc creator/4.2/psoc creator/import/gnu/arm/5.4.1/bin/../lib/gcc/arm-none-eabi/5.4.1/armv7-m\libgcc.a
LOAD c:/program files (x86)/cypress/psoc creator/4.2/psoc creator/import/gnu/arm/5.4.1/bin/../lib/gcc/arm-none-eabi/5.4.1/../../../../arm-none-eabi/lib/armv7-m\libc.a
LOAD c:/program files (x86)/cypress/psoc creator/4.2/psoc creator/import/gnu/arm/5.4.1/bin/../lib/gcc/arm-none-eabi/5.4.1/../../../../arm-none-eabi/lib/armv7-m\libnosys.a
END GROUP
                0x00000000                CY_APPL_ORIGIN = 0x0
                0x00000100                CY_FLASH_ROW_SIZE = 0x100
                0x00000020                CY_ECC_ROW_SIZE = 0x20
                0x00000000                CY_EE_IN_BTLDR = 0x0
                0x00000000                CY_APPL_LOADABLE = 0x0
                0x00000800                CY_EE_SIZE = 0x800
                0x00000001                CY_APPL_NUM = 0x1
                0x00000001                CY_APPL_MAX = 0x1
                0x00000040                CY_METADATA_SIZE = 0x40
                0x00000000                CY_APPL_LOADABLE = 0x0
                0x00000000                CY_CHECKSUM_EXCLUDE_SIZE = ALIGN (0x0, CY_FLASH_ROW_SIZE)
                [!provide]                PROVIDE (__cy_heap_start, _end)
                0x00000001                PROVIDE (__cy_region_num, ((__cy_regions_end - __cy_regions) / 0x10))
                0x20008000                PROVIDE (__cy_stack, (ORIGIN (ram) + LENGTH (ram)))
                [!provide]                PROVIDE (__cy_heap_end, (__cy_stack - 0x4000))

.cybootloader   0x00000000        0x0
 *(.cybootloader)
                0x00000000                appl1_start = CY_APPL_ORIGIN?CY_APPL_ORIGIN:ALIGN (CY_FLASH_ROW_SIZE)
                0x0001ff00                appl2_start = (appl1_start + ALIGN ((((LENGTH (rom) - appl1_start) - (0x2 * CY_FLASH_ROW_SIZE)) / 0x2), CY_FLASH_ROW_SIZE))
                0x00000000                appl_start = (CY_APPL_NUM == 0x1)?appl1_start:appl2_start
                0x00000000                ecc_offset = ((appl_start / CY_FLASH_ROW_SIZE) * CY_ECC_ROW_SIZE)
                0x00000000                ee_offset = (CY_APPL_LOADABLE && ! (CY_EE_IN_BTLDR))?((CY_EE_SIZE / CY_APPL_MAX) * (CY_APPL_NUM - 0x1)):0x0
                0x00000800                ee_size = (CY_APPL_LOADABLE && ! (CY_EE_IN_BTLDR))?(CY_EE_SIZE / CY_APPL_MAX):CY_EE_SIZE
                [!provide]                PROVIDE (CY_ECC_OFFSET, ecc_offset)

.text           0x00000000     0x7790
 CREATE_OBJECT_SYMBOLS
                0x00000000                PROVIDE (__cy_interrupt_vector, RomVectors)
 *(.romvectors)
 .romvectors    0x00000000       0x10 .\CortexM3\ARM_GCC_541\Debug\Cm3Start.o
                0x00000000                RomVectors
                0x00000001                ASSERT ((. != __cy_interrupt_vector), No interrupt vector)
                0x00000001                ASSERT (CY_APPL_ORIGIN?(SIZEOF (.cybootloader) <= CY_APPL_ORIGIN):0x1, Wrong image location)
                0x00000010                PROVIDE (__cy_reset, Reset)
 *(.text.Reset)
 .text.Reset    0x00000010       0x18 .\CortexM3\ARM_GCC_541\Debug\Cm3Start.o
                0x00000010                Reset
                0x00000001                ASSERT ((. != __cy_reset), No reset code)
 *(.dma_init)
                0x00000001                ASSERT ((((appl_start + .) <= 0x10000) || 0x1), DMA Init must be within the first 64k of flash)
 *(.text .text.* .gnu.linkonce.t.*)
 .text          0x00000028       0x5c c:/program files (x86)/cypress/psoc creator/4.2/psoc creator/import/gnu/arm/5.4.1/bin/../lib/gcc/arm-none-eabi/5.4.1/armv7-m/crtbegin.o
 .text.main     0x00000084       0x64 .\CortexM3\ARM_GCC_541\Debug\main.o
                0x00000084                main
 .text.CompareValues
                0x000000e8       0xb8 .\CortexM3\ARM_GCC_541\Debug\functions.o
                0x000000e8                CompareValues
 .text.Measure  0x000001a0      0x138 .\CortexM3\ARM_GCC_541\Debug\functions.o
                0x000001a0                Measure
 .text.DMA_1_Config
                0x000002d8       0x5c .\CortexM3\ARM_GCC_541\Debug\functions.o
                0x000002d8                DMA_1_Config
 .text.DMA_2_Config
                0x00000334       0x60 .\CortexM3\ARM_GCC_541\Debug\functions.o
                0x00000334                DMA_2_Config
 .text.Init     0x00000394       0x54 .\CortexM3\ARM_GCC_541\Debug\functions.o
                0x00000394                Init
 .text.Sample_int
                0x000003e8       0xa8 .\CortexM3\ARM_GCC_541\Debug\functions.o
                0x000003e8                Sample_int
 .text.CYMEMZERO
                0x00000490       0x1c .\CortexM3\ARM_GCC_541\Debug\cyfitter_cfg.o
 .text.CYCONFIGCPY
                0x000004ac       0x20 .\CortexM3\ARM_GCC_541\Debug\cyfitter_cfg.o
 .text.CyClockStartupError
                0x000004cc        0xc .\CortexM3\ARM_GCC_541\Debug\cyfitter_cfg.o
 .text.cfg_write_bytes32
                0x000004d8       0x74 .\CortexM3\ARM_GCC_541\Debug\cyfitter_cfg.o
 .text.ClockSetup
                0x0000054c      0x174 .\CortexM3\ARM_GCC_541\Debug\cyfitter_cfg.o
 .text.AnalogSetDefault
                0x000006c0       0xd8 .\CortexM3\ARM_GCC_541\Debug\cyfitter_cfg.o
 .text.cyfitter_cfg
                0x00000798      0x194 .\CortexM3\ARM_GCC_541\Debug\cyfitter_cfg.o
                0x00000798                cyfitter_cfg
 .text.IntDefaultHandler
                0x0000092c       0x14 .\CortexM3\ARM_GCC_541\Debug\Cm3Start.o
                0x0000092c                IntDefaultHandler
 .text._sbrk    0x00000940       0x54 .\CortexM3\ARM_GCC_541\Debug\Cm3Start.o
                0x00000940                _sbrk
 .text.Start_c  0x00000994       0x98 .\CortexM3\ARM_GCC_541\Debug\Cm3Start.o
                0x00000994                Start_c
 .text.initialize_psoc
                0x00000a2c       0x94 .\CortexM3\ARM_GCC_541\Debug\Cm3Start.o
                0x00000a2c                initialize_psoc
 .text.CyDmacConfigure
                0x00000ac0       0x5c .\CortexM3\ARM_GCC_541\Debug\EX 6 standard 20160818_1.a(CyDmac.o)
                0x00000ac0                CyDmacConfigure
 .text.CyDmaChEnable
                0x00000b1c       0x8c .\CortexM3\ARM_GCC_541\Debug\EX 6 standard 20160818_1.a(CyDmac.o)
                0x00000b1c                CyDmaChEnable
 .text.CyDmaChPriority
                0x00000ba8       0x64 .\CortexM3\ARM_GCC_541\Debug\EX 6 standard 20160818_1.a(CyDmac.o)
                0x00000ba8                CyDmaChPriority
 .text.CyDmaChSetExtendedAddress
                0x00000c0c       0x78 .\CortexM3\ARM_GCC_541\Debug\EX 6 standard 20160818_1.a(CyDmac.o)
                0x00000c0c                CyDmaChSetExtendedAddress
 .text.CyDmaChSetInitialTd
                0x00000c84       0x3c .\CortexM3\ARM_GCC_541\Debug\EX 6 standard 20160818_1.a(CyDmac.o)
                0x00000c84                CyDmaChSetInitialTd
 .text.CyDmaChSetConfiguration
                0x00000cc0       0xa0 .\CortexM3\ARM_GCC_541\Debug\EX 6 standard 20160818_1.a(CyDmac.o)
                0x00000cc0                CyDmaChSetConfiguration
 .text.CyDmaTdAllocate
                0x00000d60       0x5c .\CortexM3\ARM_GCC_541\Debug\EX 6 standard 20160818_1.a(CyDmac.o)
                0x00000d60                CyDmaTdAllocate
 .text.CyDmaTdSetConfiguration
                0x00000dbc       0x80 .\CortexM3\ARM_GCC_541\Debug\EX 6 standard 20160818_1.a(CyDmac.o)
                0x00000dbc                CyDmaTdSetConfiguration
 .text.CyDmaTdSetAddress
                0x00000e3c       0x5c .\CortexM3\ARM_GCC_541\Debug\EX 6 standard 20160818_1.a(CyDmac.o)
                0x00000e3c                CyDmaTdSetAddress
 .text.CyHalt   0x00000e98       0x18 .\CortexM3\ARM_GCC_541\Debug\EX 6 standard 20160818_1.a(CyLib.o)
                0x00000e98                CyHalt
 .text.CyDelay  0x00000eb0       0x44 .\CortexM3\ARM_GCC_541\Debug\EX 6 standard 20160818_1.a(CyLib.o)
                0x00000eb0                CyDelay
 .text.CyDelayUs
                0x00000ef4       0x28 .\CortexM3\ARM_GCC_541\Debug\EX 6 standard 20160818_1.a(CyLib.o)
                0x00000ef4                CyDelayUs
 .text.CyIntSetVector
                0x00000f1c       0x50 .\CortexM3\ARM_GCC_541\Debug\EX 6 standard 20160818_1.a(CyLib.o)
                0x00000f1c                CyIntSetVector
 .text.CyIntSetPriority
                0x00000f6c       0x48 .\CortexM3\ARM_GCC_541\Debug\EX 6 standard 20160818_1.a(CyLib.o)
                0x00000f6c                CyIntSetPriority
 .text.ADC_DelSig_1_Init
                0x00000fb4      0x158 .\CortexM3\ARM_GCC_541\Debug\EX 6 standard 20160818_1.a(ADC_DelSig_1.o)
                0x00000fb4                ADC_DelSig_1_Init
 .text.ADC_DelSig_1_Enable
                0x0000110c      0x158 .\CortexM3\ARM_GCC_541\Debug\EX 6 standard 20160818_1.a(ADC_DelSig_1.o)
                0x0000110c                ADC_DelSig_1_Enable
 .text.ADC_DelSig_1_Start
                0x00001264       0x30 .\CortexM3\ARM_GCC_541\Debug\EX 6 standard 20160818_1.a(ADC_DelSig_1.o)
                0x00001264                ADC_DelSig_1_Start
 .text.ADC_DelSig_1_SetCoherency
                0x00001294       0x38 .\CortexM3\ARM_GCC_541\Debug\EX 6 standard 20160818_1.a(ADC_DelSig_1.o)
                0x00001294                ADC_DelSig_1_SetCoherency
 .text.ADC_DelSig_1_StartConvert
                0x000012cc       0x20 .\CortexM3\ARM_GCC_541\Debug\EX 6 standard 20160818_1.a(ADC_DelSig_1.o)
                0x000012cc                ADC_DelSig_1_StartConvert
 .text.ADC_DelSig_1_CountsTo_Volts
                0x000012ec       0x44 .\CortexM3\ARM_GCC_541\Debug\EX 6 standard 20160818_1.a(ADC_DelSig_1.o)
                0x000012ec                ADC_DelSig_1_CountsTo_Volts
 .text.ADC_DelSig_1_InitConfig
                0x00001330      0x3f4 .\CortexM3\ARM_GCC_541\Debug\EX 6 standard 20160818_1.a(ADC_DelSig_1.o)
 .text.ADC_DelSig_1_GainCompensation
                0x00001724      0x170 .\CortexM3\ARM_GCC_541\Debug\EX 6 standard 20160818_1.a(ADC_DelSig_1.o)
 .text.ADC_DelSig_1_SetDSMRef0Reg
                0x00001894       0x7c .\CortexM3\ARM_GCC_541\Debug\EX 6 standard 20160818_1.a(ADC_DelSig_1.o)
 .text.ADC_DelSig_1_ISR1
                0x00001910        0xc .\CortexM3\ARM_GCC_541\Debug\EX 6 standard 20160818_1.a(ADC_DelSig_1_INT.o)
                0x00001910                ADC_DelSig_1_ISR1
 .text.ADC_DelSig_1_ISR2
                0x0000191c        0xc .\CortexM3\ARM_GCC_541\Debug\EX 6 standard 20160818_1.a(ADC_DelSig_1_INT.o)
                0x0000191c                ADC_DelSig_1_ISR2
 .text.ADC_DelSig_1_ISR3
                0x00001928        0xc .\CortexM3\ARM_GCC_541\Debug\EX 6 standard 20160818_1.a(ADC_DelSig_1_INT.o)
                0x00001928                ADC_DelSig_1_ISR3
 .text.ADC_DelSig_1_ISR4
                0x00001934        0xc .\CortexM3\ARM_GCC_541\Debug\EX 6 standard 20160818_1.a(ADC_DelSig_1_INT.o)
                0x00001934                ADC_DelSig_1_ISR4
 .text.DMA_1_DmaInitialize
                0x00001940       0x64 .\CortexM3\ARM_GCC_541\Debug\EX 6 standard 20160818_1.a(DMA_1_dma.o)
                0x00001940                DMA_1_DmaInitialize
 .text.Filter_1_Init
                0x000019a4      0x108 .\CortexM3\ARM_GCC_541\Debug\EX 6 standard 20160818_1.a(Filter_1.o)
                0x000019a4                Filter_1_Init
 .text.Filter_1_Enable
                0x00001aac       0x48 .\CortexM3\ARM_GCC_541\Debug\EX 6 standard 20160818_1.a(Filter_1.o)
                0x00001aac                Filter_1_Enable
 .text.Filter_1_Start
                0x00001af4       0x24 .\CortexM3\ARM_GCC_541\Debug\EX 6 standard 20160818_1.a(Filter_1.o)
                0x00001af4                Filter_1_Start
 .text.Filter_1_SetCoherency
                0x00001b18       0x98 .\CortexM3\ARM_GCC_541\Debug\EX 6 standard 20160818_1.a(Filter_1.o)
                0x00001b18                Filter_1_SetCoherency
 .text.Filter_1_SetInterruptMode
                0x00001bb0       0x28 .\CortexM3\ARM_GCC_541\Debug\EX 6 standard 20160818_1.a(Filter_1_PVT.o)
                0x00001bb0                Filter_1_SetInterruptMode
 .text.Filter_1_SetDMAMode
                0x00001bd8       0x28 .\CortexM3\ARM_GCC_541\Debug\EX 6 standard 20160818_1.a(Filter_1_PVT.o)
                0x00001bd8                Filter_1_SetDMAMode
 .text.DMA_2_DmaInitialize
                0x00001c00       0x64 .\CortexM3\ARM_GCC_541\Debug\EX 6 standard 20160818_1.a(DMA_2_dma.o)
                0x00001c00                DMA_2_DmaInitialize
 .text.isr_2_StartEx
                0x00001c64       0x24 .\CortexM3\ARM_GCC_541\Debug\EX 6 standard 20160818_1.a(isr_2.o)
                0x00001c64                isr_2_StartEx
 .text.isr_2_SetVector
                0x00001c88       0x24 .\CortexM3\ARM_GCC_541\Debug\EX 6 standard 20160818_1.a(isr_2.o)
                0x00001c88                isr_2_SetVector
 .text.isr_2_SetPriority
                0x00001cac       0x24 .\CortexM3\ARM_GCC_541\Debug\EX 6 standard 20160818_1.a(isr_2.o)
                0x00001cac                isr_2_SetPriority
 .text.isr_2_Enable
                0x00001cd0       0x18 .\CortexM3\ARM_GCC_541\Debug\EX 6 standard 20160818_1.a(isr_2.o)
                0x00001cd0                isr_2_Enable
 .text.isr_2_Disable
                0x00001ce8       0x18 .\CortexM3\ARM_GCC_541\Debug\EX 6 standard 20160818_1.a(isr_2.o)
                0x00001ce8                isr_2_Disable
 .text.TIA_1_Init
                0x00001d00       0x38 .\CortexM3\ARM_GCC_541\Debug\EX 6 standard 20160818_1.a(TIA_1.o)
                0x00001d00                TIA_1_Init
 .text.TIA_1_Enable
                0x00001d38       0x48 .\CortexM3\ARM_GCC_541\Debug\EX 6 standard 20160818_1.a(TIA_1.o)
                0x00001d38                TIA_1_Enable
 .text.TIA_1_Start
                0x00001d80       0x24 .\CortexM3\ARM_GCC_541\Debug\EX 6 standard 20160818_1.a(TIA_1.o)
                0x00001d80                TIA_1_Start
 .text.TIA_1_SetPower
                0x00001da4       0x38 .\CortexM3\ARM_GCC_541\Debug\EX 6 standard 20160818_1.a(TIA_1.o)
                0x00001da4                TIA_1_SetPower
 .text.TIA_1_SetResFB
                0x00001ddc       0x44 .\CortexM3\ARM_GCC_541\Debug\EX 6 standard 20160818_1.a(TIA_1.o)
                0x00001ddc                TIA_1_SetResFB
 .text.TIA_1_SetCapFB
                0x00001e20       0x44 .\CortexM3\ARM_GCC_541\Debug\EX 6 standard 20160818_1.a(TIA_1.o)
                0x00001e20                TIA_1_SetCapFB
 .text.Mixer_1_Init
                0x00001e64       0x70 .\CortexM3\ARM_GCC_541\Debug\EX 6 standard 20160818_1.a(Mixer_1.o)
                0x00001e64                Mixer_1_Init
 .text.Mixer_1_Enable
                0x00001ed4       0x70 .\CortexM3\ARM_GCC_541\Debug\EX 6 standard 20160818_1.a(Mixer_1.o)
                0x00001ed4                Mixer_1_Enable
 .text.Mixer_1_Start
                0x00001f44       0x24 .\CortexM3\ARM_GCC_541\Debug\EX 6 standard 20160818_1.a(Mixer_1.o)
                0x00001f44                Mixer_1_Start
 .text.Mixer_1_SetPower
                0x00001f68       0x38 .\CortexM3\ARM_GCC_541\Debug\EX 6 standard 20160818_1.a(Mixer_1.o)
                0x00001f68                Mixer_1_SetPower
 .text.Clock_1_Start
                0x00001fa0       0x34 .\CortexM3\ARM_GCC_541\Debug\EX 6 standard 20160818_1.a(Clock_1.o)
                0x00001fa0                Clock_1_Start
 .text.ADC_DelSig_1_theACLK_SetDividerRegister
                0x00001fd4      0x164 .\CortexM3\ARM_GCC_541\Debug\EX 6 standard 20160818_1.a(ADC_DelSig_1_theACLK.o)
                0x00001fd4                ADC_DelSig_1_theACLK_SetDividerRegister
 .text.ADC_DelSig_1_theACLK_GetDividerRegister
                0x00002138       0x18 .\CortexM3\ARM_GCC_541\Debug\EX 6 standard 20160818_1.a(ADC_DelSig_1_theACLK.o)
                0x00002138                ADC_DelSig_1_theACLK_GetDividerRegister
 .text.ADC_DelSig_1_theACLK_SetModeRegister
                0x00002150       0x34 .\CortexM3\ARM_GCC_541\Debug\EX 6 standard 20160818_1.a(ADC_DelSig_1_theACLK.o)
                0x00002150                ADC_DelSig_1_theACLK_SetModeRegister
 .text.ADC_DelSig_1_theACLK_GetSourceRegister
                0x00002184       0x1c .\CortexM3\ARM_GCC_541\Debug\EX 6 standard 20160818_1.a(ADC_DelSig_1_theACLK.o)
                0x00002184                ADC_DelSig_1_theACLK_GetSourceRegister
 .text.ADC_DelSig_1_Ext_CP_Clk_SetDividerRegister
                0x000021a0      0x164 .\CortexM3\ARM_GCC_541\Debug\EX 6 standard 20160818_1.a(ADC_DelSig_1_Ext_CP_Clk.o)
                0x000021a0                ADC_DelSig_1_Ext_CP_Clk_SetDividerRegister
 .text.ADC_DelSig_1_Ext_CP_Clk_GetDividerRegister
                0x00002304       0x18 .\CortexM3\ARM_GCC_541\Debug\EX 6 standard 20160818_1.a(ADC_DelSig_1_Ext_CP_Clk.o)
                0x00002304                ADC_DelSig_1_Ext_CP_Clk_GetDividerRegister
 .text.ADC_DelSig_1_Ext_CP_Clk_SetModeRegister
                0x0000231c       0x34 .\CortexM3\ARM_GCC_541\Debug\EX 6 standard 20160818_1.a(ADC_DelSig_1_Ext_CP_Clk.o)
                0x0000231c                ADC_DelSig_1_Ext_CP_Clk_SetModeRegister
 .text.ADC_DelSig_1_Ext_CP_Clk_GetSourceRegister
                0x00002350       0x1c .\CortexM3\ARM_GCC_541\Debug\EX 6 standard 20160818_1.a(ADC_DelSig_1_Ext_CP_Clk.o)
                0x00002350                ADC_DelSig_1_Ext_CP_Clk_GetSourceRegister
 .text.Mixer_1_aclk_Start
                0x0000236c       0x34 .\CortexM3\ARM_GCC_541\Debug\EX 6 standard 20160818_1.a(Mixer_1_aclk.o)
                0x0000236c                Mixer_1_aclk_Start
 .text.Mixer_1_aclk_SetModeRegister
                0x000023a0       0x34 .\CortexM3\ARM_GCC_541\Debug\EX 6 standard 20160818_1.a(Mixer_1_aclk.o)
                0x000023a0                Mixer_1_aclk_SetModeRegister
 .text.UART_1_Start
                0x000023d4       0x24 .\CortexM3\ARM_GCC_541\Debug\EX 6 standard 20160818_1.a(UART_1.o)
                0x000023d4                UART_1_Start
 .text.UART_1_Init
                0x000023f8       0x40 .\CortexM3\ARM_GCC_541\Debug\EX 6 standard 20160818_1.a(UART_1.o)
                0x000023f8                UART_1_Init
 .text.UART_1_Enable
                0x00002438       0x60 .\CortexM3\ARM_GCC_541\Debug\EX 6 standard 20160818_1.a(UART_1.o)
                0x00002438                UART_1_Enable
 .text.UART_1_PutChar
                0x00002498       0x34 .\CortexM3\ARM_GCC_541\Debug\EX 6 standard 20160818_1.a(UART_1.o)
                0x00002498                UART_1_PutChar
 .text.UART_1_PutString
                0x000024cc       0x44 .\CortexM3\ARM_GCC_541\Debug\EX 6 standard 20160818_1.a(UART_1.o)
                0x000024cc                UART_1_PutString
 .text.Opamp_1_Init
                0x00002510       0x10 .\CortexM3\ARM_GCC_541\Debug\EX 6 standard 20160818_1.a(Opamp_1.o)
                0x00002510                Opamp_1_Init
 .text.Opamp_1_Enable
                0x00002520       0x48 .\CortexM3\ARM_GCC_541\Debug\EX 6 standard 20160818_1.a(Opamp_1.o)
                0x00002520                Opamp_1_Enable
 .text.Opamp_1_Start
                0x00002568       0x24 .\CortexM3\ARM_GCC_541\Debug\EX 6 standard 20160818_1.a(Opamp_1.o)
                0x00002568                Opamp_1_Start
 .text.Opamp_1_SetPower
                0x0000258c       0x40 .\CortexM3\ARM_GCC_541\Debug\EX 6 standard 20160818_1.a(Opamp_1.o)
                0x0000258c                Opamp_1_SetPower
 .text.UART_1_IntClock_Start
                0x000025cc       0x34 .\CortexM3\ARM_GCC_541\Debug\EX 6 standard 20160818_1.a(UART_1_IntClock.o)
                0x000025cc                UART_1_IntClock_Start
 .text.Point_Write
                0x00002600       0x3c .\CortexM3\ARM_GCC_541\Debug\EX 6 standard 20160818_1.a(Point.o)
                0x00002600                Point_Write
 *fill*         0x0000263c        0x4 
 .text          0x00002640       0x20 .\CortexM3\ARM_GCC_541\Debug\EX 6 standard 20160818_1.a(CyBootAsmGnu.o)
                0x00002640                CyDelayCycles
                0x00002650                CyEnterCriticalSection
                0x00002658                CyExitCriticalSection
 .text          0x00002660      0x370 c:/program files (x86)/cypress/psoc creator/4.2/psoc creator/import/gnu/arm/5.4.1/bin/../lib/gcc/arm-none-eabi/5.4.1/armv7-m\libgcc.a(_arm_addsubdf3.o)
                0x00002660                __aeabi_drsub
                0x00002668                __aeabi_dsub
                0x00002668                __subdf3
                0x0000266c                __aeabi_dadd
                0x0000266c                __adddf3
                0x000028e4                __floatunsidf
                0x000028e4                __aeabi_ui2d
                0x00002904                __floatsidf
                0x00002904                __aeabi_i2d
                0x00002928                __aeabi_f2d
                0x00002928                __extendsfdf2
                0x00002964                __floatundidf
                0x00002964                __aeabi_ul2d
                0x00002974                __floatdidf
                0x00002974                __aeabi_l2d
 .text          0x000029d0      0x110 c:/program files (x86)/cypress/psoc creator/4.2/psoc creator/import/gnu/arm/5.4.1/bin/../lib/gcc/arm-none-eabi/5.4.1/armv7-m\libgcc.a(_arm_cmpdf2.o)
                0x000029d0                __gtdf2
                0x000029d0                __gedf2
                0x000029d8                __ltdf2
                0x000029d8                __ledf2
                0x000029e0                __nedf2
                0x000029e0                __eqdf2
                0x000029e0                __cmpdf2
                0x00002a5c                __aeabi_cdrcmple
                0x00002a6c                __aeabi_cdcmpeq
                0x00002a6c                __aeabi_cdcmple
                0x00002a7c                __aeabi_dcmpeq
                0x00002a90                __aeabi_dcmplt
                0x00002aa4                __aeabi_dcmple
                0x00002ab8                __aeabi_dcmpge
                0x00002acc                __aeabi_dcmpgt
 .text          0x00002ae0      0x21c c:/program files (x86)/cypress/psoc creator/4.2/psoc creator/import/gnu/arm/5.4.1/bin/../lib/gcc/arm-none-eabi/5.4.1/armv7-m\libgcc.a(_arm_addsubsf3.o)
                0x00002ae0                __aeabi_frsub
                0x00002ae8                __subsf3
                0x00002ae8                __aeabi_fsub
                0x00002aec                __aeabi_fadd
                0x00002aec                __addsf3
                0x00002c4c                __aeabi_ui2f
                0x00002c4c                __floatunsisf
                0x00002c54                __aeabi_i2f
                0x00002c54                __floatsisf
                0x00002c70                __aeabi_ul2f
                0x00002c70                __floatundisf
                0x00002c80                __aeabi_l2f
                0x00002c80                __floatdisf
 .text          0x00002cfc      0x2a0 c:/program files (x86)/cypress/psoc creator/4.2/psoc creator/import/gnu/arm/5.4.1/bin/../lib/gcc/arm-none-eabi/5.4.1/armv7-m\libgcc.a(_arm_muldivsf3.o)
                0x00002cfc                __mulsf3
                0x00002cfc                __aeabi_fmul
                0x00002e64                __aeabi_fdiv
                0x00002e64                __divsf3
 .text          0x00002f9c       0xec c:/program files (x86)/cypress/psoc creator/4.2/psoc creator/import/gnu/arm/5.4.1/bin/../lib/gcc/arm-none-eabi/5.4.1/armv7-m\libgcc.a(_arm_cmpsf2.o)
                0x00002f9c                __gesf2
                0x00002f9c                __gtsf2
                0x00002fa4                __lesf2
                0x00002fa4                __ltsf2
                0x00002fac                __nesf2
                0x00002fac                __eqsf2
                0x00002fac                __cmpsf2
                0x0000300c                __aeabi_cfrcmple
                0x00003014                __aeabi_cfcmpeq
                0x00003014                __aeabi_cfcmple
                0x00003024                __aeabi_fcmpeq
                0x00003038                __aeabi_fcmplt
                0x0000304c                __aeabi_fcmple
                0x00003060                __aeabi_fcmpge
                0x00003074                __aeabi_fcmpgt
 .text.__errno  0x00003088        0xc c:/program files (x86)/cypress/psoc creator/4.2/psoc creator/import/gnu/arm/5.4.1/bin/../lib/gcc/arm-none-eabi/5.4.1/../../../../arm-none-eabi/lib/armv7-m\libg.a(lib_a-errno.o)
                0x00003088                __errno
 .text.__libc_init_array
                0x00003094       0x50 c:/program files (x86)/cypress/psoc creator/4.2/psoc creator/import/gnu/arm/5.4.1/bin/../lib/gcc/arm-none-eabi/5.4.1/../../../../arm-none-eabi/lib/armv7-m\libg.a(lib_a-init.o)
                0x00003094                __libc_init_array
 .text          0x000030e4       0xec c:/program files (x86)/cypress/psoc creator/4.2/psoc creator/import/gnu/arm/5.4.1/bin/../lib/gcc/arm-none-eabi/5.4.1/../../../../arm-none-eabi/lib/armv7-m\libg.a(lib_a-memcpy.o)
                0x000030e4                memcpy
 .text.memset   0x000031d0       0x9c c:/program files (x86)/cypress/psoc creator/4.2/psoc creator/import/gnu/arm/5.4.1/bin/../lib/gcc/arm-none-eabi/5.4.1/../../../../arm-none-eabi/lib/armv7-m\libg.a(lib_a-memset.o)
                0x000031d0                memset
 .text.snprintf
                0x0000326c       0x98 c:/program files (x86)/cypress/psoc creator/4.2/psoc creator/import/gnu/arm/5.4.1/bin/../lib/gcc/arm-none-eabi/5.4.1/../../../../arm-none-eabi/lib/armv7-m\libg.a(lib_a-snprintf.o)
                0x0000326c                snprintf
 .text._svfprintf_r
                0x00003304     0x175c c:/program files (x86)/cypress/psoc creator/4.2/psoc creator/import/gnu/arm/5.4.1/bin/../lib/gcc/arm-none-eabi/5.4.1/../../../../arm-none-eabi/lib/armv7-m\libg.a(lib_a-svfprintf.o)
                0x00003304                _svfprintf_r
 .text.startup.register_fini
                0x00004a60       0x14 c:/program files (x86)/cypress/psoc creator/4.2/psoc creator/import/gnu/arm/5.4.1/bin/../lib/gcc/arm-none-eabi/5.4.1/../../../../arm-none-eabi/lib/armv7-m\libg.a(lib_a-__call_atexit.o)
 .text.atexit   0x00004a74        0xc c:/program files (x86)/cypress/psoc creator/4.2/psoc creator/import/gnu/arm/5.4.1/bin/../lib/gcc/arm-none-eabi/5.4.1/../../../../arm-none-eabi/lib/armv7-m\libg.a(lib_a-atexit.o)
                0x00004a74                atexit
 .text.quorem   0x00004a80      0x12c c:/program files (x86)/cypress/psoc creator/4.2/psoc creator/import/gnu/arm/5.4.1/bin/../lib/gcc/arm-none-eabi/5.4.1/../../../../arm-none-eabi/lib/armv7-m\libg.a(lib_a-dtoa.o)
 *fill*         0x00004bac        0x4 
 .text._dtoa_r  0x00004bb0      0xe4c c:/program files (x86)/cypress/psoc creator/4.2/psoc creator/import/gnu/arm/5.4.1/bin/../lib/gcc/arm-none-eabi/5.4.1/../../../../arm-none-eabi/lib/armv7-m\libg.a(lib_a-dtoa.o)
                0x00004bb0                _dtoa_r
 .text.__libc_fini_array
                0x000059fc       0x28 c:/program files (x86)/cypress/psoc creator/4.2/psoc creator/import/gnu/arm/5.4.1/bin/../lib/gcc/arm-none-eabi/5.4.1/../../../../arm-none-eabi/lib/armv7-m\libg.a(lib_a-fini.o)
                0x000059fc                __libc_fini_array
 .text._localeconv_r
                0x00005a24        0x8 c:/program files (x86)/cypress/psoc creator/4.2/psoc creator/import/gnu/arm/5.4.1/bin/../lib/gcc/arm-none-eabi/5.4.1/../../../../arm-none-eabi/lib/armv7-m\libg.a(lib_a-locale.o)
                0x00005a24                _localeconv_r
 .text._malloc_r
                0x00005a2c      0x558 c:/program files (x86)/cypress/psoc creator/4.2/psoc creator/import/gnu/arm/5.4.1/bin/../lib/gcc/arm-none-eabi/5.4.1/../../../../arm-none-eabi/lib/armv7-m\libg.a(lib_a-mallocr.o)
                0x00005a2c                _malloc_r
 .text.memchr   0x00005f84       0x8c c:/program files (x86)/cypress/psoc creator/4.2/psoc creator/import/gnu/arm/5.4.1/bin/../lib/gcc/arm-none-eabi/5.4.1/../../../../arm-none-eabi/lib/armv7-m\libg.a(lib_a-memchr-stub.o)
                0x00005f84                memchr
 .text.__malloc_lock
                0x00006010        0x4 c:/program files (x86)/cypress/psoc creator/4.2/psoc creator/import/gnu/arm/5.4.1/bin/../lib/gcc/arm-none-eabi/5.4.1/../../../../arm-none-eabi/lib/armv7-m\libg.a(lib_a-mlock.o)
                0x00006010                __malloc_lock
 .text.__malloc_unlock
                0x00006014        0x4 c:/program files (x86)/cypress/psoc creator/4.2/psoc creator/import/gnu/arm/5.4.1/bin/../lib/gcc/arm-none-eabi/5.4.1/../../../../arm-none-eabi/lib/armv7-m\libg.a(lib_a-mlock.o)
                0x00006014                __malloc_unlock
 .text._Balloc  0x00006018       0x50 c:/program files (x86)/cypress/psoc creator/4.2/psoc creator/import/gnu/arm/5.4.1/bin/../lib/gcc/arm-none-eabi/5.4.1/../../../../arm-none-eabi/lib/armv7-m\libg.a(lib_a-mprec.o)
                0x00006018                _Balloc
 .text._Bfree   0x00006068       0x14 c:/program files (x86)/cypress/psoc creator/4.2/psoc creator/import/gnu/arm/5.4.1/bin/../lib/gcc/arm-none-eabi/5.4.1/../../../../arm-none-eabi/lib/armv7-m\libg.a(lib_a-mprec.o)
                0x00006068                _Bfree
 .text.__multadd
                0x0000607c       0x80 c:/program files (x86)/cypress/psoc creator/4.2/psoc creator/import/gnu/arm/5.4.1/bin/../lib/gcc/arm-none-eabi/5.4.1/../../../../arm-none-eabi/lib/armv7-m\libg.a(lib_a-mprec.o)
                0x0000607c                __multadd
 .text.__hi0bits
                0x000060fc       0x40 c:/program files (x86)/cypress/psoc creator/4.2/psoc creator/import/gnu/arm/5.4.1/bin/../lib/gcc/arm-none-eabi/5.4.1/../../../../arm-none-eabi/lib/armv7-m\libg.a(lib_a-mprec.o)
                0x000060fc                __hi0bits
 .text.__lo0bits
                0x0000613c       0x5c c:/program files (x86)/cypress/psoc creator/4.2/psoc creator/import/gnu/arm/5.4.1/bin/../lib/gcc/arm-none-eabi/5.4.1/../../../../arm-none-eabi/lib/armv7-m\libg.a(lib_a-mprec.o)
                0x0000613c                __lo0bits
 .text.__i2b    0x00006198       0x14 c:/program files (x86)/cypress/psoc creator/4.2/psoc creator/import/gnu/arm/5.4.1/bin/../lib/gcc/arm-none-eabi/5.4.1/../../../../arm-none-eabi/lib/armv7-m\libg.a(lib_a-mprec.o)
                0x00006198                __i2b
 .text.__multiply
                0x000061ac      0x13c c:/program files (x86)/cypress/psoc creator/4.2/psoc creator/import/gnu/arm/5.4.1/bin/../lib/gcc/arm-none-eabi/5.4.1/../../../../arm-none-eabi/lib/armv7-m\libg.a(lib_a-mprec.o)
                0x000061ac                __multiply
 .text.__pow5mult
                0x000062e8       0xa0 c:/program files (x86)/cypress/psoc creator/4.2/psoc creator/import/gnu/arm/5.4.1/bin/../lib/gcc/arm-none-eabi/5.4.1/../../../../arm-none-eabi/lib/armv7-m\libg.a(lib_a-mprec.o)
                0x000062e8                __pow5mult
 .text.__lshift
                0x00006388       0xac c:/program files (x86)/cypress/psoc creator/4.2/psoc creator/import/gnu/arm/5.4.1/bin/../lib/gcc/arm-none-eabi/5.4.1/../../../../arm-none-eabi/lib/armv7-m\libg.a(lib_a-mprec.o)
                0x00006388                __lshift
 .text.__mcmp   0x00006434       0x40 c:/program files (x86)/cypress/psoc creator/4.2/psoc creator/import/gnu/arm/5.4.1/bin/../lib/gcc/arm-none-eabi/5.4.1/../../../../arm-none-eabi/lib/armv7-m\libg.a(lib_a-mprec.o)
                0x00006434                __mcmp
 .text.__mdiff  0x00006474      0x128 c:/program files (x86)/cypress/psoc creator/4.2/psoc creator/import/gnu/arm/5.4.1/bin/../lib/gcc/arm-none-eabi/5.4.1/../../../../arm-none-eabi/lib/armv7-m\libg.a(lib_a-mprec.o)
                0x00006474                __mdiff
 .text.__d2b    0x0000659c       0xa8 c:/program files (x86)/cypress/psoc creator/4.2/psoc creator/import/gnu/arm/5.4.1/bin/../lib/gcc/arm-none-eabi/5.4.1/../../../../arm-none-eabi/lib/armv7-m\libg.a(lib_a-mprec.o)
                0x0000659c                __d2b
 .text._sbrk_r  0x00006644       0x24 c:/program files (x86)/cypress/psoc creator/4.2/psoc creator/import/gnu/arm/5.4.1/bin/../lib/gcc/arm-none-eabi/5.4.1/../../../../arm-none-eabi/lib/armv7-m\libg.a(lib_a-sbrkr.o)
                0x00006644                _sbrk_r
 .text.strlen   0x00006668       0x5c c:/program files (x86)/cypress/psoc creator/4.2/psoc creator/import/gnu/arm/5.4.1/bin/../lib/gcc/arm-none-eabi/5.4.1/../../../../arm-none-eabi/lib/armv7-m\libg.a(lib_a-strlen-stub.o)
                0x00006668                strlen
 .text.__ssprint_r
                0x000066c4      0x100 c:/program files (x86)/cypress/psoc creator/4.2/psoc creator/import/gnu/arm/5.4.1/bin/../lib/gcc/arm-none-eabi/5.4.1/../../../../arm-none-eabi/lib/armv7-m\libg.a(lib_a-svfiprintf.o)
                0x000066c4                __ssprint_r
 .text.__register_exitproc
                0x000067c4       0xa4 c:/program files (x86)/cypress/psoc creator/4.2/psoc creator/import/gnu/arm/5.4.1/bin/../lib/gcc/arm-none-eabi/5.4.1/../../../../arm-none-eabi/lib/armv7-m\libg.a(lib_a-__atexit.o)
                0x000067c4                __register_exitproc
 .text._calloc_r
                0x00006868       0x60 c:/program files (x86)/cypress/psoc creator/4.2/psoc creator/import/gnu/arm/5.4.1/bin/../lib/gcc/arm-none-eabi/5.4.1/../../../../arm-none-eabi/lib/armv7-m\libg.a(lib_a-callocr.o)
                0x00006868                _calloc_r
 .text._malloc_trim_r
                0x000068c8       0x9c c:/program files (x86)/cypress/psoc creator/4.2/psoc creator/import/gnu/arm/5.4.1/bin/../lib/gcc/arm-none-eabi/5.4.1/../../../../arm-none-eabi/lib/armv7-m\libg.a(lib_a-freer.o)
                0x000068c8                _malloc_trim_r
 .text._free_r  0x00006964      0x1d0 c:/program files (x86)/cypress/psoc creator/4.2/psoc creator/import/gnu/arm/5.4.1/bin/../lib/gcc/arm-none-eabi/5.4.1/../../../../arm-none-eabi/lib/armv7-m\libg.a(lib_a-freer.o)
                0x00006964                _free_r
 .text.memmove  0x00006b34       0xc8 c:/program files (x86)/cypress/psoc creator/4.2/psoc creator/import/gnu/arm/5.4.1/bin/../lib/gcc/arm-none-eabi/5.4.1/../../../../arm-none-eabi/lib/armv7-m\libg.a(lib_a-memmove.o)
                0x00006b34                memmove
 .text._realloc_r
                0x00006bfc      0x3d4 c:/program files (x86)/cypress/psoc creator/4.2/psoc creator/import/gnu/arm/5.4.1/bin/../lib/gcc/arm-none-eabi/5.4.1/../../../../arm-none-eabi/lib/armv7-m\libg.a(lib_a-reallocr.o)
                0x00006bfc                _realloc_r
 .text          0x00006fd0      0x424 c:/program files (x86)/cypress/psoc creator/4.2/psoc creator/import/gnu/arm/5.4.1/bin/../lib/gcc/arm-none-eabi/5.4.1/armv7-m\libgcc.a(_arm_muldivdf3.o)
                0x00006fd0                __aeabi_dmul
                0x00006fd0                __muldf3
                0x00007224                __divdf3
                0x00007224                __aeabi_ddiv
 .text          0x000073f4       0x2c c:/program files (x86)/cypress/psoc creator/4.2/psoc creator/import/gnu/arm/5.4.1/bin/../lib/gcc/arm-none-eabi/5.4.1/armv7-m\libgcc.a(_arm_unorddf2.o)
                0x000073f4                __unorddf2
                0x000073f4                __aeabi_dcmpun
 .text          0x00007420       0x50 c:/program files (x86)/cypress/psoc creator/4.2/psoc creator/import/gnu/arm/5.4.1/bin/../lib/gcc/arm-none-eabi/5.4.1/armv7-m\libgcc.a(_arm_fixdfsi.o)
                0x00007420                __aeabi_d2iz
                0x00007420                __fixdfsi
 .text          0x00007470       0x30 c:/program files (x86)/cypress/psoc creator/4.2/psoc creator/import/gnu/arm/5.4.1/bin/../lib/gcc/arm-none-eabi/5.4.1/armv7-m\libgcc.a(_aeabi_uldivmod.o)
                0x00007470                __aeabi_uldivmod
 .text          0x000074a0      0x2ec c:/program files (x86)/cypress/psoc creator/4.2/psoc creator/import/gnu/arm/5.4.1/bin/../lib/gcc/arm-none-eabi/5.4.1/armv7-m\libgcc.a(_udivmoddi4.o)
                0x000074a0                __udivmoddi4
 .text          0x0000778c        0x4 c:/program files (x86)/cypress/psoc creator/4.2/psoc creator/import/gnu/arm/5.4.1/bin/../lib/gcc/arm-none-eabi/5.4.1/armv7-m\libgcc.a(_dvmd_tls.o)
                0x0000778c                __aeabi_idiv0
                0x0000778c                __aeabi_ldiv0
 *(.plt)
 *(.gnu.warning)
 *(.glue_7t)
 .glue_7t       0x00007790        0x0 linker stubs
 *(.glue_7)
 .glue_7        0x00007790        0x0 linker stubs
 *(.vfp11_veneer)
 .vfp11_veneer  0x00007790        0x0 linker stubs
 *(.bootloader)
 *(.ARM.extab* .gnu.linkonce.armextab.*)
 *(.gcc_except_table)

.v4_bx          0x00007790        0x0
 .v4_bx         0x00007790        0x0 linker stubs

.iplt           0x00007790        0x0
 .iplt          0x00007790        0x0 c:/program files (x86)/cypress/psoc creator/4.2/psoc creator/import/gnu/arm/5.4.1/bin/../lib/gcc/arm-none-eabi/5.4.1/armv7-m/crtbegin.o

.eh_frame_hdr
 *(.eh_frame_hdr)

.eh_frame       0x00007790        0x4
 *(.eh_frame)
 .eh_frame      0x00007790        0x0 c:/program files (x86)/cypress/psoc creator/4.2/psoc creator/import/gnu/arm/5.4.1/bin/../lib/gcc/arm-none-eabi/5.4.1/armv7-m/crtbegin.o
 .eh_frame      0x00007790        0x4 c:/program files (x86)/cypress/psoc creator/4.2/psoc creator/import/gnu/arm/5.4.1/bin/../lib/gcc/arm-none-eabi/5.4.1/armv7-m/crtend.o
                [!provide]                PROVIDE (__exidx_start, .)

.ARM.exidx      0x00007794        0x8
 *(.ARM.exidx* .gnu.linkonce.armexidx.*)
 .ARM.exidx     0x00007794        0x8 c:/program files (x86)/cypress/psoc creator/4.2/psoc creator/import/gnu/arm/5.4.1/bin/../lib/gcc/arm-none-eabi/5.4.1/armv7-m\libgcc.a(_udivmoddi4.o)
                0x0000779c                __exidx_end = .

.rodata         0x000077a0      0x890
 *(.rodata .rodata.* .gnu.linkonce.r.*)
 .rodata        0x000077a0       0x35 .\CortexM3\ARM_GCC_541\Debug\main.o
 *fill*         0x000077d5        0x3 
 .rodata        0x000077d8       0x13 .\CortexM3\ARM_GCC_541\Debug\functions.o
 *fill*         0x000077eb        0x1 
 .rodata        0x000077ec       0x42 .\CortexM3\ARM_GCC_541\Debug\cyfitter_cfg.o
 *fill*         0x0000782e        0x2 
 .rodata        0x00007830      0x640 .\CortexM3\ARM_GCC_541\Debug\EX 6 standard 20160818_1.a(Filter_1_RAM_Data.o)
                0x00007830                Filter_1_control
                0x00007930                Filter_1_data_a
                0x00007b30                Filter_1_data_b
                0x00007d30                Filter_1_acu
                0x00007d70                Filter_1_cfsm
 .rodata.str1.4
                0x00007e70        0x2 c:/program files (x86)/cypress/psoc creator/4.2/psoc creator/import/gnu/arm/5.4.1/bin/../lib/gcc/arm-none-eabi/5.4.1/../../../../arm-none-eabi/lib/armv7-m\libg.a(lib_a-impure.o)
 *fill*         0x00007e72        0x2 
 .rodata._global_impure_ptr
                0x00007e74        0x4 c:/program files (x86)/cypress/psoc creator/4.2/psoc creator/import/gnu/arm/5.4.1/bin/../lib/gcc/arm-none-eabi/5.4.1/../../../../arm-none-eabi/lib/armv7-m\libg.a(lib_a-impure.o)
                0x00007e74                _global_impure_ptr
 .rodata.blanks.7055
                0x00007e78       0x10 c:/program files (x86)/cypress/psoc creator/4.2/psoc creator/import/gnu/arm/5.4.1/bin/../lib/gcc/arm-none-eabi/5.4.1/../../../../arm-none-eabi/lib/armv7-m\libg.a(lib_a-svfprintf.o)
 .rodata.str1.4
                0x00007e88       0x42 c:/program files (x86)/cypress/psoc creator/4.2/psoc creator/import/gnu/arm/5.4.1/bin/../lib/gcc/arm-none-eabi/5.4.1/../../../../arm-none-eabi/lib/armv7-m\libg.a(lib_a-svfprintf.o)
 *fill*         0x00007eca        0x2 
 .rodata.zeroes.7056
                0x00007ecc       0x10 c:/program files (x86)/cypress/psoc creator/4.2/psoc creator/import/gnu/arm/5.4.1/bin/../lib/gcc/arm-none-eabi/5.4.1/../../../../arm-none-eabi/lib/armv7-m\libg.a(lib_a-svfprintf.o)
 .rodata.str1.4
                0x00007edc       0x10 c:/program files (x86)/cypress/psoc creator/4.2/psoc creator/import/gnu/arm/5.4.1/bin/../lib/gcc/arm-none-eabi/5.4.1/../../../../arm-none-eabi/lib/armv7-m\libg.a(lib_a-dtoa.o)
                                 0x12 (size before relaxing)
 .rodata.str1.4
                0x00007eec        0xc c:/program files (x86)/cypress/psoc creator/4.2/psoc creator/import/gnu/arm/5.4.1/bin/../lib/gcc/arm-none-eabi/5.4.1/../../../../arm-none-eabi/lib/armv7-m\libg.a(lib_a-locale.o)
                                 0x12 (size before relaxing)
 .rodata.__mprec_tens
                0x00007ef8       0xc8 c:/program files (x86)/cypress/psoc creator/4.2/psoc creator/import/gnu/arm/5.4.1/bin/../lib/gcc/arm-none-eabi/5.4.1/../../../../arm-none-eabi/lib/armv7-m\libg.a(lib_a-mprec.o)
                0x00007ef8                __mprec_tens
 .rodata.__mprec_bigtens
                0x00007fc0       0x28 c:/program files (x86)/cypress/psoc creator/4.2/psoc creator/import/gnu/arm/5.4.1/bin/../lib/gcc/arm-none-eabi/5.4.1/../../../../arm-none-eabi/lib/armv7-m\libg.a(lib_a-mprec.o)
                0x00007fc0                __mprec_bigtens
 .rodata.p05.5396
                0x00007fe8        0xc c:/program files (x86)/cypress/psoc creator/4.2/psoc creator/import/gnu/arm/5.4.1/bin/../lib/gcc/arm-none-eabi/5.4.1/../../../../arm-none-eabi/lib/armv7-m\libg.a(lib_a-mprec.o)
                0x00007ff4                . = ALIGN (0x4)
 *(.init)
 .init          0x00007ff4        0x4 c:/program files (x86)/cypress/psoc creator/4.2/psoc creator/import/gnu/arm/5.4.1/bin/../lib/gcc/arm-none-eabi/5.4.1/armv7-m/crti.o
                0x00007ff4                _init
 .init          0x00007ff8        0x8 c:/program files (x86)/cypress/psoc creator/4.2/psoc creator/import/gnu/arm/5.4.1/bin/../lib/gcc/arm-none-eabi/5.4.1/armv7-m/crtn.o
                0x00008000                . = ALIGN (0x4)
                0x00008000                __preinit_array_start = .
 *(.preinit_array)
                0x00008000                __preinit_array_end = .
                0x00008000                . = ALIGN (0x4)
                0x00008000                __init_array_start = .
 *(SORT(.init_array.*))
 .init_array.00000
                0x00008000        0x4 c:/program files (x86)/cypress/psoc creator/4.2/psoc creator/import/gnu/arm/5.4.1/bin/../lib/gcc/arm-none-eabi/5.4.1/../../../../arm-none-eabi/lib/armv7-m\libg.a(lib_a-__call_atexit.o)
 *(.init_array)
 .init_array    0x00008004        0x4 c:/program files (x86)/cypress/psoc creator/4.2/psoc creator/import/gnu/arm/5.4.1/bin/../lib/gcc/arm-none-eabi/5.4.1/armv7-m/crtbegin.o
 .init_array    0x00008008        0x4 .\CortexM3\ARM_GCC_541\Debug\Cm3Start.o
                0x0000800c                __init_array_end = .
                0x0000800c                . = ALIGN (0x4)
 *(.fini)
 .fini          0x0000800c        0x4 c:/program files (x86)/cypress/psoc creator/4.2/psoc creator/import/gnu/arm/5.4.1/bin/../lib/gcc/arm-none-eabi/5.4.1/armv7-m/crti.o
                0x0000800c                _fini
 .fini          0x00008010        0x8 c:/program files (x86)/cypress/psoc creator/4.2/psoc creator/import/gnu/arm/5.4.1/bin/../lib/gcc/arm-none-eabi/5.4.1/armv7-m/crtn.o
                0x00008018                . = ALIGN (0x4)
                0x00008018                __fini_array_start = .
 *(.fini_array)
 .fini_array    0x00008018        0x4 c:/program files (x86)/cypress/psoc creator/4.2/psoc creator/import/gnu/arm/5.4.1/bin/../lib/gcc/arm-none-eabi/5.4.1/armv7-m/crtbegin.o
 *(SORT(.fini_array.*))
                0x0000801c                __fini_array_end = .
                0x0000801c                . = ALIGN (0x4)
 *crtbegin.o(.ctors)
 *(EXCLUDE_FILE(*crtend.o) .ctors)
 *(SORT(.ctors.*))
 *crtend.o(.ctors)
                0x0000801c                . = ALIGN (0x4)
 *crtbegin.o(.dtors)
 *(EXCLUDE_FILE(*crtend.o) .dtors)
 *(SORT(.dtors.*))
 *crtend.o(.dtors)
                0x0000801c                . = ALIGN (0x4)
                0x0000801c                __cy_regions = .
                0x0000801c        0x4 LONG 0x8030 __cy_region_init_ram
                0x00008020        0x4 LONG 0x1fff80c8 __cy_region_start_data
                0x00008024        0x4 LONG 0x8a0 __cy_region_init_size_ram
                0x00008028        0x4 LONG 0x2a0 __cy_region_zero_size_ram
                0x0000802c                __cy_regions_end = .
                0x00008030                . = ALIGN (0x8)
 *fill*         0x0000802c        0x4 
                0x00008030                _etext = .

.cy_checksum_exclude
                0x00008030        0x0
 *(.cy_checksum_exclude)

.ramvectors     0x1fff8000       0xc0
                0x1fff8000                __cy_region_start_ram = .
 *(.ramvectors)
 .ramvectors    0x1fff8000       0xc0 .\CortexM3\ARM_GCC_541\Debug\Cm3Start.o
                0x1fff8000                CyRamVectors

.noinit         0x1fff80c0        0x5
 *(.noinit)
 .noinit        0x1fff80c0        0x4 .\CortexM3\ARM_GCC_541\Debug\Cm3Start.o
 .noinit        0x1fff80c4        0x1 .\CortexM3\ARM_GCC_541\Debug\EX 6 standard 20160818_1.a(CyLib.o)
                0x1fff80c4                CyResetStatus

.data           0x1fff80c8      0x8a0 load address 0x00008030
                0x1fff80c8                __cy_region_start_data = .
 *(.jcr)
 .jcr           0x1fff80c8        0x0 c:/program files (x86)/cypress/psoc creator/4.2/psoc creator/import/gnu/arm/5.4.1/bin/../lib/gcc/arm-none-eabi/5.4.1/armv7-m/crtbegin.o
 .jcr           0x1fff80c8        0x4 c:/program files (x86)/cypress/psoc creator/4.2/psoc creator/import/gnu/arm/5.4.1/bin/../lib/gcc/arm-none-eabi/5.4.1/armv7-m/crtend.o
 *(.got.plt)
 *(.got)
 *(.shdata)
 *(.data .data.* .gnu.linkonce.d.*)
 .data          0x1fff80cc        0x4 .\CortexM3\ARM_GCC_541\Debug\Cm3Start.o
 .data          0x1fff80d0        0x8 .\CortexM3\ARM_GCC_541\Debug\EX 6 standard 20160818_1.a(CyDmac.o)
 .data          0x1fff80d8       0x10 .\CortexM3\ARM_GCC_541\Debug\EX 6 standard 20160818_1.a(CyLib.o)
                0x1fff80d8                cydelay_freq_hz
                0x1fff80dc                cydelay_freq_khz
                0x1fff80e0                cydelay_freq_mhz
                0x1fff80e4                cydelay_32k_ms
 .data          0x1fff80e8        0x1 .\CortexM3\ARM_GCC_541\Debug\EX 6 standard 20160818_1.a(ADC_DelSig_1.o)
                0x1fff80e8                ADC_DelSig_1_Config
 .data          0x1fff80e9        0x1 .\CortexM3\ARM_GCC_541\Debug\EX 6 standard 20160818_1.a(DMA_1_dma.o)
                0x1fff80e9                DMA_1_DmaHandle
 .data          0x1fff80ea        0x1 .\CortexM3\ARM_GCC_541\Debug\EX 6 standard 20160818_1.a(DMA_2_dma.o)
                0x1fff80ea                DMA_2_DmaHandle
 *fill*         0x1fff80eb        0x5 
 .data.impure_data
                0x1fff80f0      0x428 c:/program files (x86)/cypress/psoc creator/4.2/psoc creator/import/gnu/arm/5.4.1/bin/../lib/gcc/arm-none-eabi/5.4.1/../../../../arm-none-eabi/lib/armv7-m\libg.a(lib_a-impure.o)
 .data._impure_ptr
                0x1fff8518        0x4 c:/program files (x86)/cypress/psoc creator/4.2/psoc creator/import/gnu/arm/5.4.1/bin/../lib/gcc/arm-none-eabi/5.4.1/../../../../arm-none-eabi/lib/armv7-m\libg.a(lib_a-impure.o)
                0x1fff8518                _impure_ptr
 .data.lconv    0x1fff851c       0x38 c:/program files (x86)/cypress/psoc creator/4.2/psoc creator/import/gnu/arm/5.4.1/bin/../lib/gcc/arm-none-eabi/5.4.1/../../../../arm-none-eabi/lib/armv7-m\libg.a(lib_a-locale.o)
 .data.__malloc_av_
                0x1fff8554      0x408 c:/program files (x86)/cypress/psoc creator/4.2/psoc creator/import/gnu/arm/5.4.1/bin/../lib/gcc/arm-none-eabi/5.4.1/../../../../arm-none-eabi/lib/armv7-m\libg.a(lib_a-mallocr.o)
                0x1fff8554                __malloc_av_
 .data.__malloc_trim_threshold
                0x1fff895c        0x4 c:/program files (x86)/cypress/psoc creator/4.2/psoc creator/import/gnu/arm/5.4.1/bin/../lib/gcc/arm-none-eabi/5.4.1/../../../../arm-none-eabi/lib/armv7-m\libg.a(lib_a-mallocr.o)
                0x1fff895c                __malloc_trim_threshold
 .data.__malloc_sbrk_base
                0x1fff8960        0x4 c:/program files (x86)/cypress/psoc creator/4.2/psoc creator/import/gnu/arm/5.4.1/bin/../lib/gcc/arm-none-eabi/5.4.1/../../../../arm-none-eabi/lib/armv7-m\libg.a(lib_a-mallocr.o)
                0x1fff8960                __malloc_sbrk_base
                0x1fff8968                . = ALIGN (0x8)
 *fill*         0x1fff8964        0x4 
 *(.ram)
                0x1fff8968                _edata = .

.igot.plt       0x1fff8968        0x0 load address 0x000088d0
 .igot.plt      0x1fff8968        0x0 c:/program files (x86)/cypress/psoc creator/4.2/psoc creator/import/gnu/arm/5.4.1/bin/../lib/gcc/arm-none-eabi/5.4.1/armv7-m/crtbegin.o

.bss            0x1fff8968      0x2a0 load address 0x000088d0
                0x1fff8968                PROVIDE (__bss_start__, .)
 *(.shbss)
 *(.bss .bss.* .gnu.linkonce.b.*)
 .bss           0x1fff8968       0x1c c:/program files (x86)/cypress/psoc creator/4.2/psoc creator/import/gnu/arm/5.4.1/bin/../lib/gcc/arm-none-eabi/5.4.1/armv7-m/crtbegin.o
 .bss           0x1fff8984       0x18 .\CortexM3\ARM_GCC_541\Debug\EX 6 standard 20160818_1.a(ADC_DelSig_1.o)
                0x1fff8984                ADC_DelSig_1_convDone
                0x1fff8985                ADC_DelSig_1_stopConversion
                0x1fff8986                ADC_DelSig_1_initVar
                0x1fff8987                ADC_DelSig_1_started
                0x1fff8988                ADC_DelSig_1_Offset
 .bss           0x1fff899c        0x1 .\CortexM3\ARM_GCC_541\Debug\EX 6 standard 20160818_1.a(Filter_1.o)
                0x1fff899c                Filter_1_initVar
 .bss           0x1fff899d        0x1 .\CortexM3\ARM_GCC_541\Debug\EX 6 standard 20160818_1.a(TIA_1.o)
                0x1fff899d                TIA_1_initVar
 .bss           0x1fff899e        0x1 .\CortexM3\ARM_GCC_541\Debug\EX 6 standard 20160818_1.a(Mixer_1.o)
                0x1fff899e                Mixer_1_initVar
 .bss           0x1fff899f        0x2 .\CortexM3\ARM_GCC_541\Debug\EX 6 standard 20160818_1.a(UART_1.o)
                0x1fff899f                UART_1_initVar
 .bss           0x1fff89a1        0x1 .\CortexM3\ARM_GCC_541\Debug\EX 6 standard 20160818_1.a(Opamp_1.o)
                0x1fff89a1                Opamp_1_initVar
 *fill*         0x1fff89a2        0x2 
 .bss.__malloc_max_total_mem
                0x1fff89a4        0x4 c:/program files (x86)/cypress/psoc creator/4.2/psoc creator/import/gnu/arm/5.4.1/bin/../lib/gcc/arm-none-eabi/5.4.1/../../../../arm-none-eabi/lib/armv7-m\libg.a(lib_a-mallocr.o)
                0x1fff89a4                __malloc_max_total_mem
 .bss.__malloc_max_sbrked_mem
                0x1fff89a8        0x4 c:/program files (x86)/cypress/psoc creator/4.2/psoc creator/import/gnu/arm/5.4.1/bin/../lib/gcc/arm-none-eabi/5.4.1/../../../../arm-none-eabi/lib/armv7-m\libg.a(lib_a-mallocr.o)
                0x1fff89a8                __malloc_max_sbrked_mem
 .bss.__malloc_top_pad
                0x1fff89ac        0x4 c:/program files (x86)/cypress/psoc creator/4.2/psoc creator/import/gnu/arm/5.4.1/bin/../lib/gcc/arm-none-eabi/5.4.1/../../../../arm-none-eabi/lib/armv7-m\libg.a(lib_a-mallocr.o)
                0x1fff89ac                __malloc_top_pad
 .bss.__malloc_current_mallinfo
                0x1fff89b0       0x28 c:/program files (x86)/cypress/psoc creator/4.2/psoc creator/import/gnu/arm/5.4.1/bin/../lib/gcc/arm-none-eabi/5.4.1/../../../../arm-none-eabi/lib/armv7-m\libg.a(lib_a-mallocr.o)
                0x1fff89b0                __malloc_current_mallinfo
 *(COMMON)
 COMMON         0x1fff89d8      0x223 .\CortexM3\ARM_GCC_541\Debug\main.o
                0x1fff89d8                V_Sample_VAR
                0x1fff89dc                V_Sample_SUM_1
                0x1fff89e0                measurements
                0x1fff89e4                V_Sample
                0x1fff89e8                numberOfMeasurements
                0x1fff8ae8                i
                0x1fff8aea                V_Sample_MIN
                0x1fff8aec                V_Sample_AVG_float
                0x1fff8af0                V_Sample_AVG
                0x1fff8af2                V_Sample_MAX
                0x1fff8af4                V_Sample_SUM_2
                0x1fff8af8                max_value
                0x1fff8afc                value
 *fill*         0x1fff8bfb        0x1 
 COMMON         0x1fff8bfc        0x4 .\CortexM3\ARM_GCC_541\Debug\EX 6 standard 20160818_1.a(ADC_DelSig_1.o)
                0x1fff8bfc                ADC_DelSig_1_CountsPerVolt
 COMMON         0x1fff8c00        0x4 c:/program files (x86)/cypress/psoc creator/4.2/psoc creator/import/gnu/arm/5.4.1/bin/../lib/gcc/arm-none-eabi/5.4.1/../../../../arm-none-eabi/lib/armv7-m\libg.a(lib_a-reent.o)
                0x1fff8c00                errno
                0x1fff8c08                . = ALIGN (0x8)
 *fill*         0x1fff8c04        0x4 
 *(.ram.b)
                0x1fff8c08                _end = .
                0x1fff8c08                __end = .
                0x1fff8c08                PROVIDE (end, .)
                0x1fff8c08                PROVIDE (__bss_end__, .)
                0x00008030                __cy_region_init_ram = LOADADDR (.data)
                0x000008a0                __cy_region_init_size_ram = (_edata - ADDR (.data))
                0x000002a0                __cy_region_zero_size_ram = (_end - _edata)

.heap           0x1fff8c08     0x1000 load address 0x000088d0
                0x1fff8c08                . = _end
                0x1fff9c08                . = (. + 0x1000)
 *fill*         0x1fff8c08     0x1000 
                0x1fff9c08                __cy_heap_limit = .

.stack          0x20004000     0x4000
                0x20004000                __cy_stack_limit = .
                0x20008000                . = (. + 0x4000)
 *fill*         0x20004000     0x4000 
                0x00000001                ASSERT ((__cy_stack_limit >= __cy_heap_limit), region RAM overflowed with stack)
                0x00000000                cy_checksum_exclude_size = (CY_APPL_LOADABLE == 0x1)?SIZEOF (.cy_checksum_exclude):0x0
                0x00000001                ASSERT ((cy_checksum_exclude_size <= CY_CHECKSUM_EXCLUDE_SIZE), CY_BOOT: Section .cy_checksum_exclude size exceedes specified limit.)

.cyloadermeta
 *(.cyloadermeta)

.cyloadablemeta
 *(.cyloadablemeta)

.cyconfigecc    0x80000000      0x48c
 *(.cyconfigecc)
 .cyconfigecc   0x80000000      0x48c .\CortexM3\ARM_GCC_541\Debug\cymetadata.o
                0x80000000                cy_meta_configecc

.cycustnvl      0x90000000        0x4
 *(.cycustnvl)
 .cycustnvl     0x90000000        0x4 .\CortexM3\ARM_GCC_541\Debug\cymetadata.o
                0x90000000                cy_meta_custnvl

.cywolatch      0x90100000        0x4
 *(.cywolatch)
 .cywolatch     0x90100000        0x4 .\CortexM3\ARM_GCC_541\Debug\cymetadata.o
                0x90100000                cy_meta_wonvl

.cyeeprom       0x90200000        0x0
 *(.cyeeprom)
                0x00000001                ASSERT ((. <= ((0x90200000 + ee_offset) + ee_size)), .cyeeprom data will not fit in EEPROM)

.cyflashprotect
                0x90400000      0x100
 *(.cyflashprotect)
 .cyflashprotect
                0x90400000      0x100 .\CortexM3\ARM_GCC_541\Debug\cymetadata.o
                0x90400000                cy_meta_flashprotect

.cymeta         0x90500000        0xc
 *(.cymeta)
 .cymeta        0x90500000        0xc .\CortexM3\ARM_GCC_541\Debug\cymetadata.o
                0x90500000                cy_metadata

.rel.dyn        0x000088d0        0x0 load address 0x9050000c
 .rel.iplt      0x000088d0        0x0 c:/program files (x86)/cypress/psoc creator/4.2/psoc creator/import/gnu/arm/5.4.1/bin/../lib/gcc/arm-none-eabi/5.4.1/armv7-m/crtbegin.o

.stab
 *(.stab)

.stabstr
 *(.stabstr)

.debug
 *(.debug)

.line
 *(.line)

.debug_srcinfo
 *(.debug_srcinfo)

.debug_sfnames
 *(.debug_sfnames)

.debug_aranges  0x00000000      0xd58
 *(.debug_aranges)
 .debug_aranges
                0x00000000       0x20 .\CortexM3\ARM_GCC_541\Debug\main.o
 .debug_aranges
                0x00000020       0x48 .\CortexM3\ARM_GCC_541\Debug\functions.o
 .debug_aranges
                0x00000068       0x60 .\CortexM3\ARM_GCC_541\Debug\cyfitter_cfg.o
 .debug_aranges
                0x000000c8       0x48 .\CortexM3\ARM_GCC_541\Debug\Cm3Start.o
 .debug_aranges
                0x00000110       0x18 .\CortexM3\ARM_GCC_541\Debug\cymetadata.o
 .debug_aranges
                0x00000128       0xd8 .\CortexM3\ARM_GCC_541\Debug\EX 6 standard 20160818_1.a(CyDmac.o)
 .debug_aranges
                0x00000200      0x2a0 .\CortexM3\ARM_GCC_541\Debug\EX 6 standard 20160818_1.a(CyLib.o)
 .debug_aranges
                0x000004a0       0x98 .\CortexM3\ARM_GCC_541\Debug\EX 6 standard 20160818_1.a(cyPm.o)
 .debug_aranges
                0x00000538       0xe8 .\CortexM3\ARM_GCC_541\Debug\EX 6 standard 20160818_1.a(ADC_DelSig_1.o)
 .debug_aranges
                0x00000620       0x38 .\CortexM3\ARM_GCC_541\Debug\EX 6 standard 20160818_1.a(ADC_DelSig_1_INT.o)
 .debug_aranges
                0x00000658       0x28 .\CortexM3\ARM_GCC_541\Debug\EX 6 standard 20160818_1.a(DMA_1_dma.o)
 .debug_aranges
                0x00000680       0x80 .\CortexM3\ARM_GCC_541\Debug\EX 6 standard 20160818_1.a(Filter_1.o)
 .debug_aranges
                0x00000700       0x28 .\CortexM3\ARM_GCC_541\Debug\EX 6 standard 20160818_1.a(Filter_1_PVT.o)
 .debug_aranges
                0x00000728       0x18 .\CortexM3\ARM_GCC_541\Debug\EX 6 standard 20160818_1.a(Filter_1_RAM_Data.o)
 .debug_aranges
                0x00000740       0x28 .\CortexM3\ARM_GCC_541\Debug\EX 6 standard 20160818_1.a(DMA_2_dma.o)
 .debug_aranges
                0x00000768       0x80 .\CortexM3\ARM_GCC_541\Debug\EX 6 standard 20160818_1.a(isr_2.o)
 .debug_aranges
                0x000007e8       0x50 .\CortexM3\ARM_GCC_541\Debug\EX 6 standard 20160818_1.a(TIA_1.o)
 .debug_aranges
                0x00000838       0x40 .\CortexM3\ARM_GCC_541\Debug\EX 6 standard 20160818_1.a(Mixer_1.o)
 .debug_aranges
                0x00000878       0x70 .\CortexM3\ARM_GCC_541\Debug\EX 6 standard 20160818_1.a(Clock_1.o)
 .debug_aranges
                0x000008e8       0x80 .\CortexM3\ARM_GCC_541\Debug\EX 6 standard 20160818_1.a(ADC_DelSig_1_theACLK.o)
 .debug_aranges
                0x00000968       0x70 .\CortexM3\ARM_GCC_541\Debug\EX 6 standard 20160818_1.a(ADC_DelSig_1_Ext_CP_Clk.o)
 .debug_aranges
                0x000009d8       0x80 .\CortexM3\ARM_GCC_541\Debug\EX 6 standard 20160818_1.a(Mixer_1_aclk.o)
 .debug_aranges
                0x00000a58       0xf0 .\CortexM3\ARM_GCC_541\Debug\EX 6 standard 20160818_1.a(UART_1.o)
 .debug_aranges
                0x00000b48       0x40 .\CortexM3\ARM_GCC_541\Debug\EX 6 standard 20160818_1.a(Opamp_1.o)
 .debug_aranges
                0x00000b88       0x70 .\CortexM3\ARM_GCC_541\Debug\EX 6 standard 20160818_1.a(UART_1_IntClock.o)
 .debug_aranges
                0x00000bf8       0x38 .\CortexM3\ARM_GCC_541\Debug\EX 6 standard 20160818_1.a(Point.o)
 .debug_aranges
                0x00000c30       0x20 .\CortexM3\ARM_GCC_541\Debug\EX 6 standard 20160818_1.a(CyBootAsmGnu.o)
 .debug_aranges
                0x00000c50       0x88 .\CortexM3\ARM_GCC_541\Debug\EX 6 standard 20160818_1.a(CyFlash.o)
 .debug_aranges
                0x00000cd8       0x80 .\CortexM3\ARM_GCC_541\Debug\EX 6 standard 20160818_1.a(CySpc.o)

.debug_pubnames
 *(.debug_pubnames)

.debug_info     0x00000000     0x5b9c
 *(.debug_info .gnu.linkonce.wi.*)
 .debug_info    0x00000000      0x1ea .\CortexM3\ARM_GCC_541\Debug\main.o
 .debug_info    0x000001ea      0x2ba .\CortexM3\ARM_GCC_541\Debug\functions.o
 .debug_info    0x000004a4      0x452 .\CortexM3\ARM_GCC_541\Debug\cyfitter_cfg.o
 .debug_info    0x000008f6      0x32b .\CortexM3\ARM_GCC_541\Debug\Cm3Start.o
 .debug_info    0x00000c21      0x136 .\CortexM3\ARM_GCC_541\Debug\cymetadata.o
 .debug_info    0x00000d57      0x8c0 .\CortexM3\ARM_GCC_541\Debug\EX 6 standard 20160818_1.a(CyDmac.o)
 .debug_info    0x00001617      0xe51 .\CortexM3\ARM_GCC_541\Debug\EX 6 standard 20160818_1.a(CyLib.o)
 .debug_info    0x00002468      0x57a .\CortexM3\ARM_GCC_541\Debug\EX 6 standard 20160818_1.a(cyPm.o)
 .debug_info    0x000029e2      0x72c .\CortexM3\ARM_GCC_541\Debug\EX 6 standard 20160818_1.a(ADC_DelSig_1.o)
 .debug_info    0x0000310e       0xd3 .\CortexM3\ARM_GCC_541\Debug\EX 6 standard 20160818_1.a(ADC_DelSig_1_INT.o)
 .debug_info    0x000031e1      0x11b .\CortexM3\ARM_GCC_541\Debug\EX 6 standard 20160818_1.a(DMA_1_dma.o)
 .debug_info    0x000032fc      0x3b6 .\CortexM3\ARM_GCC_541\Debug\EX 6 standard 20160818_1.a(Filter_1.o)
 .debug_info    0x000036b2       0xf0 .\CortexM3\ARM_GCC_541\Debug\EX 6 standard 20160818_1.a(Filter_1_PVT.o)
 .debug_info    0x000037a2      0x137 .\CortexM3\ARM_GCC_541\Debug\EX 6 standard 20160818_1.a(Filter_1_RAM_Data.o)
 .debug_info    0x000038d9      0x11b .\CortexM3\ARM_GCC_541\Debug\EX 6 standard 20160818_1.a(DMA_2_dma.o)
 .debug_info    0x000039f4      0x241 .\CortexM3\ARM_GCC_541\Debug\EX 6 standard 20160818_1.a(isr_2.o)
 .debug_info    0x00003c35      0x17f .\CortexM3\ARM_GCC_541\Debug\EX 6 standard 20160818_1.a(TIA_1.o)
 .debug_info    0x00003db4      0x149 .\CortexM3\ARM_GCC_541\Debug\EX 6 standard 20160818_1.a(Mixer_1.o)
 .debug_info    0x00003efd      0x25d .\CortexM3\ARM_GCC_541\Debug\EX 6 standard 20160818_1.a(Clock_1.o)
 .debug_info    0x0000415a      0x299 .\CortexM3\ARM_GCC_541\Debug\EX 6 standard 20160818_1.a(ADC_DelSig_1_theACLK.o)
 .debug_info    0x000043f3      0x25d .\CortexM3\ARM_GCC_541\Debug\EX 6 standard 20160818_1.a(ADC_DelSig_1_Ext_CP_Clk.o)
 .debug_info    0x00004650      0x299 .\CortexM3\ARM_GCC_541\Debug\EX 6 standard 20160818_1.a(Mixer_1_aclk.o)
 .debug_info    0x000048e9      0x50a .\CortexM3\ARM_GCC_541\Debug\EX 6 standard 20160818_1.a(UART_1.o)
 .debug_info    0x00004df3      0x125 .\CortexM3\ARM_GCC_541\Debug\EX 6 standard 20160818_1.a(Opamp_1.o)
 .debug_info    0x00004f18      0x25d .\CortexM3\ARM_GCC_541\Debug\EX 6 standard 20160818_1.a(UART_1_IntClock.o)
 .debug_info    0x00005175      0x11e .\CortexM3\ARM_GCC_541\Debug\EX 6 standard 20160818_1.a(Point.o)
 .debug_info    0x00005293       0x90 .\CortexM3\ARM_GCC_541\Debug\EX 6 standard 20160818_1.a(CyBootAsmGnu.o)
 .debug_info    0x00005323      0x3b9 .\CortexM3\ARM_GCC_541\Debug\EX 6 standard 20160818_1.a(CyFlash.o)
 .debug_info    0x000056dc      0x4c0 .\CortexM3\ARM_GCC_541\Debug\EX 6 standard 20160818_1.a(CySpc.o)

.debug_abbrev   0x00000000     0x1dfe
 *(.debug_abbrev)
 .debug_abbrev  0x00000000       0xa8 .\CortexM3\ARM_GCC_541\Debug\main.o
 .debug_abbrev  0x000000a8       0xfd .\CortexM3\ARM_GCC_541\Debug\functions.o
 .debug_abbrev  0x000001a5      0x1b7 .\CortexM3\ARM_GCC_541\Debug\cyfitter_cfg.o
 .debug_abbrev  0x0000035c      0x1d6 .\CortexM3\ARM_GCC_541\Debug\Cm3Start.o
 .debug_abbrev  0x00000532       0x77 .\CortexM3\ARM_GCC_541\Debug\cymetadata.o
 .debug_abbrev  0x000005a9      0x194 .\CortexM3\ARM_GCC_541\Debug\EX 6 standard 20160818_1.a(CyDmac.o)
 .debug_abbrev  0x0000073d      0x217 .\CortexM3\ARM_GCC_541\Debug\EX 6 standard 20160818_1.a(CyLib.o)
 .debug_abbrev  0x00000954      0x161 .\CortexM3\ARM_GCC_541\Debug\EX 6 standard 20160818_1.a(cyPm.o)
 .debug_abbrev  0x00000ab5      0x19d .\CortexM3\ARM_GCC_541\Debug\EX 6 standard 20160818_1.a(ADC_DelSig_1.o)
 .debug_abbrev  0x00000c52       0x42 .\CortexM3\ARM_GCC_541\Debug\EX 6 standard 20160818_1.a(ADC_DelSig_1_INT.o)
 .debug_abbrev  0x00000c94       0x8b .\CortexM3\ARM_GCC_541\Debug\EX 6 standard 20160818_1.a(DMA_1_dma.o)
 .debug_abbrev  0x00000d1f      0x15e .\CortexM3\ARM_GCC_541\Debug\EX 6 standard 20160818_1.a(Filter_1.o)
 .debug_abbrev  0x00000e7d       0x7f .\CortexM3\ARM_GCC_541\Debug\EX 6 standard 20160818_1.a(Filter_1_PVT.o)
 .debug_abbrev  0x00000efc       0x66 .\CortexM3\ARM_GCC_541\Debug\EX 6 standard 20160818_1.a(Filter_1_RAM_Data.o)
 .debug_abbrev  0x00000f62       0x8b .\CortexM3\ARM_GCC_541\Debug\EX 6 standard 20160818_1.a(DMA_2_dma.o)
 .debug_abbrev  0x00000fed      0x172 .\CortexM3\ARM_GCC_541\Debug\EX 6 standard 20160818_1.a(isr_2.o)
 .debug_abbrev  0x0000115f       0xe0 .\CortexM3\ARM_GCC_541\Debug\EX 6 standard 20160818_1.a(TIA_1.o)
 .debug_abbrev  0x0000123f       0xc8 .\CortexM3\ARM_GCC_541\Debug\EX 6 standard 20160818_1.a(Mixer_1.o)
 .debug_abbrev  0x00001307      0x11d .\CortexM3\ARM_GCC_541\Debug\EX 6 standard 20160818_1.a(Clock_1.o)
 .debug_abbrev  0x00001424      0x11d .\CortexM3\ARM_GCC_541\Debug\EX 6 standard 20160818_1.a(ADC_DelSig_1_theACLK.o)
 .debug_abbrev  0x00001541      0x11d .\CortexM3\ARM_GCC_541\Debug\EX 6 standard 20160818_1.a(ADC_DelSig_1_Ext_CP_Clk.o)
 .debug_abbrev  0x0000165e      0x11d .\CortexM3\ARM_GCC_541\Debug\EX 6 standard 20160818_1.a(Mixer_1_aclk.o)
 .debug_abbrev  0x0000177b      0x163 .\CortexM3\ARM_GCC_541\Debug\EX 6 standard 20160818_1.a(UART_1.o)
 .debug_abbrev  0x000018de       0xa8 .\CortexM3\ARM_GCC_541\Debug\EX 6 standard 20160818_1.a(Opamp_1.o)
 .debug_abbrev  0x00001986      0x11d .\CortexM3\ARM_GCC_541\Debug\EX 6 standard 20160818_1.a(UART_1_IntClock.o)
 .debug_abbrev  0x00001aa3       0x90 .\CortexM3\ARM_GCC_541\Debug\EX 6 standard 20160818_1.a(Point.o)
 .debug_abbrev  0x00001b33       0x14 .\CortexM3\ARM_GCC_541\Debug\EX 6 standard 20160818_1.a(CyBootAsmGnu.o)
 .debug_abbrev  0x00001b47      0x14b .\CortexM3\ARM_GCC_541\Debug\EX 6 standard 20160818_1.a(CyFlash.o)
 .debug_abbrev  0x00001c92      0x16c .\CortexM3\ARM_GCC_541\Debug\EX 6 standard 20160818_1.a(CySpc.o)

.debug_line     0x00000000     0x3424
 *(.debug_line)
 .debug_line    0x00000000      0x199 .\CortexM3\ARM_GCC_541\Debug\main.o
 .debug_line    0x00000199      0x232 .\CortexM3\ARM_GCC_541\Debug\functions.o
 .debug_line    0x000003cb      0x233 .\CortexM3\ARM_GCC_541\Debug\cyfitter_cfg.o
 .debug_line    0x000005fe      0x1db .\CortexM3\ARM_GCC_541\Debug\Cm3Start.o
 .debug_line    0x000007d9      0x141 .\CortexM3\ARM_GCC_541\Debug\cymetadata.o
 .debug_line    0x0000091a      0x2b6 .\CortexM3\ARM_GCC_541\Debug\EX 6 standard 20160818_1.a(CyDmac.o)
 .debug_line    0x00000bd0      0x883 .\CortexM3\ARM_GCC_541\Debug\EX 6 standard 20160818_1.a(CyLib.o)
 .debug_line    0x00001453      0x38e .\CortexM3\ARM_GCC_541\Debug\EX 6 standard 20160818_1.a(cyPm.o)
 .debug_line    0x000017e1      0x3cb .\CortexM3\ARM_GCC_541\Debug\EX 6 standard 20160818_1.a(ADC_DelSig_1.o)
 .debug_line    0x00001bac       0x95 .\CortexM3\ARM_GCC_541\Debug\EX 6 standard 20160818_1.a(ADC_DelSig_1_INT.o)
 .debug_line    0x00001c41       0x78 .\CortexM3\ARM_GCC_541\Debug\EX 6 standard 20160818_1.a(DMA_1_dma.o)
 .debug_line    0x00001cb9      0x19d .\CortexM3\ARM_GCC_541\Debug\EX 6 standard 20160818_1.a(Filter_1.o)
 .debug_line    0x00001e56       0x78 .\CortexM3\ARM_GCC_541\Debug\EX 6 standard 20160818_1.a(Filter_1_PVT.o)
 .debug_line    0x00001ece       0x58 .\CortexM3\ARM_GCC_541\Debug\EX 6 standard 20160818_1.a(Filter_1_RAM_Data.o)
 .debug_line    0x00001f26       0x78 .\CortexM3\ARM_GCC_541\Debug\EX 6 standard 20160818_1.a(DMA_2_dma.o)
 .debug_line    0x00001f9e      0x140 .\CortexM3\ARM_GCC_541\Debug\EX 6 standard 20160818_1.a(isr_2.o)
 .debug_line    0x000020de       0xe2 .\CortexM3\ARM_GCC_541\Debug\EX 6 standard 20160818_1.a(TIA_1.o)
 .debug_line    0x000021c0       0xc6 .\CortexM3\ARM_GCC_541\Debug\EX 6 standard 20160818_1.a(Mixer_1.o)
 .debug_line    0x00002286      0x1a6 .\CortexM3\ARM_GCC_541\Debug\EX 6 standard 20160818_1.a(Clock_1.o)
 .debug_line    0x0000242c      0x1d7 .\CortexM3\ARM_GCC_541\Debug\EX 6 standard 20160818_1.a(ADC_DelSig_1_theACLK.o)
 .debug_line    0x00002603      0x1b6 .\CortexM3\ARM_GCC_541\Debug\EX 6 standard 20160818_1.a(ADC_DelSig_1_Ext_CP_Clk.o)
 .debug_line    0x000027b9      0x1cf .\CortexM3\ARM_GCC_541\Debug\EX 6 standard 20160818_1.a(Mixer_1_aclk.o)
 .debug_line    0x00002988      0x2e4 .\CortexM3\ARM_GCC_541\Debug\EX 6 standard 20160818_1.a(UART_1.o)
 .debug_line    0x00002c6c       0xaf .\CortexM3\ARM_GCC_541\Debug\EX 6 standard 20160818_1.a(Opamp_1.o)
 .debug_line    0x00002d1b      0x1ae .\CortexM3\ARM_GCC_541\Debug\EX 6 standard 20160818_1.a(UART_1_IntClock.o)
 .debug_line    0x00002ec9       0x95 .\CortexM3\ARM_GCC_541\Debug\EX 6 standard 20160818_1.a(Point.o)
 .debug_line    0x00002f5e       0x66 .\CortexM3\ARM_GCC_541\Debug\EX 6 standard 20160818_1.a(CyBootAsmGnu.o)
 .debug_line    0x00002fc4      0x22f .\CortexM3\ARM_GCC_541\Debug\EX 6 standard 20160818_1.a(CyFlash.o)
 .debug_line    0x000031f3      0x231 .\CortexM3\ARM_GCC_541\Debug\EX 6 standard 20160818_1.a(CySpc.o)

.debug_frame    0x00000000     0x3d84
 *(.debug_frame)
 .debug_frame   0x00000000       0x34 .\CortexM3\ARM_GCC_541\Debug\main.o
 .debug_frame   0x00000034       0xe8 .\CortexM3\ARM_GCC_541\Debug\functions.o
 .debug_frame   0x0000011c      0x16c .\CortexM3\ARM_GCC_541\Debug\cyfitter_cfg.o
 .debug_frame   0x00000288       0xd8 .\CortexM3\ARM_GCC_541\Debug\Cm3Start.o
 .debug_frame   0x00000360      0x3d0 .\CortexM3\ARM_GCC_541\Debug\EX 6 standard 20160818_1.a(CyDmac.o)
 .debug_frame   0x00000730      0xc0c .\CortexM3\ARM_GCC_541\Debug\EX 6 standard 20160818_1.a(CyLib.o)
 .debug_frame   0x0000133c      0x234 .\CortexM3\ARM_GCC_541\Debug\EX 6 standard 20160818_1.a(cyPm.o)
 .debug_frame   0x00001570      0x40c .\CortexM3\ARM_GCC_541\Debug\EX 6 standard 20160818_1.a(ADC_DelSig_1.o)
 .debug_frame   0x0000197c       0xa0 .\CortexM3\ARM_GCC_541\Debug\EX 6 standard 20160818_1.a(ADC_DelSig_1_INT.o)
 .debug_frame   0x00001a1c       0x58 .\CortexM3\ARM_GCC_541\Debug\EX 6 standard 20160818_1.a(DMA_1_dma.o)
 .debug_frame   0x00001a74      0x204 .\CortexM3\ARM_GCC_541\Debug\EX 6 standard 20160818_1.a(Filter_1.o)
 .debug_frame   0x00001c78       0x60 .\CortexM3\ARM_GCC_541\Debug\EX 6 standard 20160818_1.a(Filter_1_PVT.o)
 .debug_frame   0x00001cd8       0x58 .\CortexM3\ARM_GCC_541\Debug\EX 6 standard 20160818_1.a(DMA_2_dma.o)
 .debug_frame   0x00001d30      0x1e8 .\CortexM3\ARM_GCC_541\Debug\EX 6 standard 20160818_1.a(isr_2.o)
 .debug_frame   0x00001f18      0x108 .\CortexM3\ARM_GCC_541\Debug\EX 6 standard 20160818_1.a(TIA_1.o)
 .debug_frame   0x00002020       0xb4 .\CortexM3\ARM_GCC_541\Debug\EX 6 standard 20160818_1.a(Mixer_1.o)
 .debug_frame   0x000020d4      0x1b4 .\CortexM3\ARM_GCC_541\Debug\EX 6 standard 20160818_1.a(Clock_1.o)
 .debug_frame   0x00002288      0x200 .\CortexM3\ARM_GCC_541\Debug\EX 6 standard 20160818_1.a(ADC_DelSig_1_theACLK.o)
 .debug_frame   0x00002488      0x1b4 .\CortexM3\ARM_GCC_541\Debug\EX 6 standard 20160818_1.a(ADC_DelSig_1_Ext_CP_Clk.o)
 .debug_frame   0x0000263c      0x200 .\CortexM3\ARM_GCC_541\Debug\EX 6 standard 20160818_1.a(Mixer_1_aclk.o)
 .debug_frame   0x0000283c      0x42c .\CortexM3\ARM_GCC_541\Debug\EX 6 standard 20160818_1.a(UART_1.o)
 .debug_frame   0x00002c68       0xb8 .\CortexM3\ARM_GCC_541\Debug\EX 6 standard 20160818_1.a(Opamp_1.o)
 .debug_frame   0x00002d20      0x1b4 .\CortexM3\ARM_GCC_541\Debug\EX 6 standard 20160818_1.a(UART_1_IntClock.o)
 .debug_frame   0x00002ed4       0xa8 .\CortexM3\ARM_GCC_541\Debug\EX 6 standard 20160818_1.a(Point.o)
 .debug_frame   0x00002f7c      0x238 .\CortexM3\ARM_GCC_541\Debug\EX 6 standard 20160818_1.a(CyFlash.o)
 .debug_frame   0x000031b4      0x228 .\CortexM3\ARM_GCC_541\Debug\EX 6 standard 20160818_1.a(CySpc.o)
 .debug_frame   0x000033dc       0x20 c:/program files (x86)/cypress/psoc creator/4.2/psoc creator/import/gnu/arm/5.4.1/bin/../lib/gcc/arm-none-eabi/5.4.1/../../../../arm-none-eabi/lib/armv7-m\libg.a(lib_a-errno.o)
 .debug_frame   0x000033fc       0x28 c:/program files (x86)/cypress/psoc creator/4.2/psoc creator/import/gnu/arm/5.4.1/bin/../lib/gcc/arm-none-eabi/5.4.1/../../../../arm-none-eabi/lib/armv7-m\libg.a(lib_a-exit.o)
 .debug_frame   0x00003424       0x2c c:/program files (x86)/cypress/psoc creator/4.2/psoc creator/import/gnu/arm/5.4.1/bin/../lib/gcc/arm-none-eabi/5.4.1/../../../../arm-none-eabi/lib/armv7-m\libg.a(lib_a-init.o)
 .debug_frame   0x00003450       0x34 c:/program files (x86)/cypress/psoc creator/4.2/psoc creator/import/gnu/arm/5.4.1/bin/../lib/gcc/arm-none-eabi/5.4.1/../../../../arm-none-eabi/lib/armv7-m\libg.a(lib_a-memset.o)
 .debug_frame   0x00003484       0xd0 c:/program files (x86)/cypress/psoc creator/4.2/psoc creator/import/gnu/arm/5.4.1/bin/../lib/gcc/arm-none-eabi/5.4.1/../../../../arm-none-eabi/lib/armv7-m\libg.a(lib_a-snprintf.o)
 .debug_frame   0x00003554       0x44 c:/program files (x86)/cypress/psoc creator/4.2/psoc creator/import/gnu/arm/5.4.1/bin/../lib/gcc/arm-none-eabi/5.4.1/../../../../arm-none-eabi/lib/armv7-m\libg.a(lib_a-svfprintf.o)
 .debug_frame   0x00003598       0x50 c:/program files (x86)/cypress/psoc creator/4.2/psoc creator/import/gnu/arm/5.4.1/bin/../lib/gcc/arm-none-eabi/5.4.1/../../../../arm-none-eabi/lib/armv7-m\libg.a(lib_a-__call_atexit.o)
 .debug_frame   0x000035e8       0x20 c:/program files (x86)/cypress/psoc creator/4.2/psoc creator/import/gnu/arm/5.4.1/bin/../lib/gcc/arm-none-eabi/5.4.1/../../../../arm-none-eabi/lib/armv7-m\libg.a(lib_a-atexit.o)
 .debug_frame   0x00003608       0x84 c:/program files (x86)/cypress/psoc creator/4.2/psoc creator/import/gnu/arm/5.4.1/bin/../lib/gcc/arm-none-eabi/5.4.1/../../../../arm-none-eabi/lib/armv7-m\libg.a(lib_a-dtoa.o)
 .debug_frame   0x0000368c       0x34 c:/program files (x86)/cypress/psoc creator/4.2/psoc creator/import/gnu/arm/5.4.1/bin/../lib/gcc/arm-none-eabi/5.4.1/../../../../arm-none-eabi/lib/armv7-m\libg.a(lib_a-fini.o)
 .debug_frame   0x000036c0       0x9c c:/program files (x86)/cypress/psoc creator/4.2/psoc creator/import/gnu/arm/5.4.1/bin/../lib/gcc/arm-none-eabi/5.4.1/../../../../arm-none-eabi/lib/armv7-m\libg.a(lib_a-locale.o)
 .debug_frame   0x0000375c       0x54 c:/program files (x86)/cypress/psoc creator/4.2/psoc creator/import/gnu/arm/5.4.1/bin/../lib/gcc/arm-none-eabi/5.4.1/../../../../arm-none-eabi/lib/armv7-m\libg.a(lib_a-mallocr.o)
 .debug_frame   0x000037b0       0x34 c:/program files (x86)/cypress/psoc creator/4.2/psoc creator/import/gnu/arm/5.4.1/bin/../lib/gcc/arm-none-eabi/5.4.1/../../../../arm-none-eabi/lib/armv7-m\libg.a(lib_a-memchr-stub.o)
 .debug_frame   0x000037e4       0x30 c:/program files (x86)/cypress/psoc creator/4.2/psoc creator/import/gnu/arm/5.4.1/bin/../lib/gcc/arm-none-eabi/5.4.1/../../../../arm-none-eabi/lib/armv7-m\libg.a(lib_a-mlock.o)
 .debug_frame   0x00003814      0x264 c:/program files (x86)/cypress/psoc creator/4.2/psoc creator/import/gnu/arm/5.4.1/bin/../lib/gcc/arm-none-eabi/5.4.1/../../../../arm-none-eabi/lib/armv7-m\libg.a(lib_a-mprec.o)
 .debug_frame   0x00003a78       0x2c c:/program files (x86)/cypress/psoc creator/4.2/psoc creator/import/gnu/arm/5.4.1/bin/../lib/gcc/arm-none-eabi/5.4.1/../../../../arm-none-eabi/lib/armv7-m\libg.a(lib_a-sbrkr.o)
 .debug_frame   0x00003aa4       0x34 c:/program files (x86)/cypress/psoc creator/4.2/psoc creator/import/gnu/arm/5.4.1/bin/../lib/gcc/arm-none-eabi/5.4.1/../../../../arm-none-eabi/lib/armv7-m\libg.a(lib_a-strcmp.o)
 .debug_frame   0x00003ad8       0x20 c:/program files (x86)/cypress/psoc creator/4.2/psoc creator/import/gnu/arm/5.4.1/bin/../lib/gcc/arm-none-eabi/5.4.1/../../../../arm-none-eabi/lib/armv7-m\libg.a(lib_a-strlen-stub.o)
 .debug_frame   0x00003af8       0x78 c:/program files (x86)/cypress/psoc creator/4.2/psoc creator/import/gnu/arm/5.4.1/bin/../lib/gcc/arm-none-eabi/5.4.1/../../../../arm-none-eabi/lib/armv7-m\libg.a(lib_a-svfiprintf.o)
 .debug_frame   0x00003b70       0x34 c:/program files (x86)/cypress/psoc creator/4.2/psoc creator/import/gnu/arm/5.4.1/bin/../lib/gcc/arm-none-eabi/5.4.1/../../../../arm-none-eabi/lib/armv7-m\libg.a(lib_a-__atexit.o)
 .debug_frame   0x00003ba4       0x28 c:/program files (x86)/cypress/psoc creator/4.2/psoc creator/import/gnu/arm/5.4.1/bin/../lib/gcc/arm-none-eabi/5.4.1/../../../../arm-none-eabi/lib/armv7-m\libg.a(lib_a-callocr.o)
 .debug_frame   0x00003bcc       0x74 c:/program files (x86)/cypress/psoc creator/4.2/psoc creator/import/gnu/arm/5.4.1/bin/../lib/gcc/arm-none-eabi/5.4.1/../../../../arm-none-eabi/lib/armv7-m\libg.a(lib_a-freer.o)
 .debug_frame   0x00003c40       0x30 c:/program files (x86)/cypress/psoc creator/4.2/psoc creator/import/gnu/arm/5.4.1/bin/../lib/gcc/arm-none-eabi/5.4.1/../../../../arm-none-eabi/lib/armv7-m\libg.a(lib_a-memmove.o)
 .debug_frame   0x00003c70       0x58 c:/program files (x86)/cypress/psoc creator/4.2/psoc creator/import/gnu/arm/5.4.1/bin/../lib/gcc/arm-none-eabi/5.4.1/../../../../arm-none-eabi/lib/armv7-m\libg.a(lib_a-reallocr.o)
 .debug_frame   0x00003cc8       0x58 c:/program files (x86)/cypress/psoc creator/4.2/psoc creator/import/gnu/arm/5.4.1/bin/../lib/gcc/arm-none-eabi/5.4.1/../../../../arm-none-eabi/lib/armv7-m\libg.a(lib_a-reent.o)
 .debug_frame   0x00003d20       0x2c c:/program files (x86)/cypress/psoc creator/4.2/psoc creator/import/gnu/arm/5.4.1/bin/../lib/gcc/arm-none-eabi/5.4.1/armv7-m\libgcc.a(_aeabi_uldivmod.o)
 .debug_frame   0x00003d4c       0x38 c:/program files (x86)/cypress/psoc creator/4.2/psoc creator/import/gnu/arm/5.4.1/bin/../lib/gcc/arm-none-eabi/5.4.1/armv7-m\libgcc.a(_udivmoddi4.o)

.debug_str      0x00000000     0x2c59
 *(.debug_str)
 .debug_str     0x00000000      0x1f9 .\CortexM3\ARM_GCC_541\Debug\main.o
                                0x259 (size before relaxing)
 .debug_str     0x000001f9       0x81 .\CortexM3\ARM_GCC_541\Debug\functions.o
                                0x2d3 (size before relaxing)
 .debug_str     0x0000027a      0x191 .\CortexM3\ARM_GCC_541\Debug\cyfitter_cfg.o
                                0x338 (size before relaxing)
 .debug_str     0x0000040b      0x123 .\CortexM3\ARM_GCC_541\Debug\Cm3Start.o
                                0x2d7 (size before relaxing)
 .debug_str     0x0000052e       0x7f .\CortexM3\ARM_GCC_541\Debug\cymetadata.o
                                0x1e4 (size before relaxing)
 .debug_str     0x000005ad      0x375 .\CortexM3\ARM_GCC_541\Debug\EX 6 standard 20160818_1.a(CyDmac.o)
                                0x51d (size before relaxing)
 .debug_str     0x00000922      0x7de .\CortexM3\ARM_GCC_541\Debug\EX 6 standard 20160818_1.a(CyLib.o)
                                0x9ea (size before relaxing)
 .debug_str     0x00001100      0x371 .\CortexM3\ARM_GCC_541\Debug\EX 6 standard 20160818_1.a(cyPm.o)
                                0x543 (size before relaxing)
 .debug_str     0x00001471      0x43e .\CortexM3\ARM_GCC_541\Debug\EX 6 standard 20160818_1.a(ADC_DelSig_1.o)
                                0x623 (size before relaxing)
 .debug_str     0x000018af       0x72 .\CortexM3\ARM_GCC_541\Debug\EX 6 standard 20160818_1.a(ADC_DelSig_1_INT.o)
                                0x1ed (size before relaxing)
 .debug_str     0x00001921       0x93 .\CortexM3\ARM_GCC_541\Debug\EX 6 standard 20160818_1.a(DMA_1_dma.o)
                                0x21b (size before relaxing)
 .debug_str     0x000019b4      0x17f .\CortexM3\ARM_GCC_541\Debug\EX 6 standard 20160818_1.a(Filter_1.o)
                                0x333 (size before relaxing)
 .debug_str     0x00001b33       0x5b .\CortexM3\ARM_GCC_541\Debug\EX 6 standard 20160818_1.a(Filter_1_PVT.o)
                                0x1e1 (size before relaxing)
 .debug_str     0x00001b8e       0x2b .\CortexM3\ARM_GCC_541\Debug\EX 6 standard 20160818_1.a(Filter_1_RAM_Data.o)
                                0x1f8 (size before relaxing)
 .debug_str     0x00001bb9       0x58 .\CortexM3\ARM_GCC_541\Debug\EX 6 standard 20160818_1.a(DMA_2_dma.o)
                                0x21b (size before relaxing)
 .debug_str     0x00001c11       0xe6 .\CortexM3\ARM_GCC_541\Debug\EX 6 standard 20160818_1.a(isr_2.o)
                                0x2a6 (size before relaxing)
 .debug_str     0x00001cf7       0xaf .\CortexM3\ARM_GCC_541\Debug\EX 6 standard 20160818_1.a(TIA_1.o)
                                0x235 (size before relaxing)
 .debug_str     0x00001da6       0x79 .\CortexM3\ARM_GCC_541\Debug\EX 6 standard 20160818_1.a(Mixer_1.o)
                                0x20b (size before relaxing)
 .debug_str     0x00001e1f      0x15a .\CortexM3\ARM_GCC_541\Debug\EX 6 standard 20160818_1.a(Clock_1.o)
                                0x2ee (size before relaxing)
 .debug_str     0x00001f79      0x208 .\CortexM3\ARM_GCC_541\Debug\EX 6 standard 20160818_1.a(ADC_DelSig_1_theACLK.o)
                                0x3df (size before relaxing)
 .debug_str     0x00002181      0x1d7 .\CortexM3\ARM_GCC_541\Debug\EX 6 standard 20160818_1.a(ADC_DelSig_1_Ext_CP_Clk.o)
                                0x3ae (size before relaxing)
 .debug_str     0x00002358      0x18f .\CortexM3\ARM_GCC_541\Debug\EX 6 standard 20160818_1.a(Mixer_1_aclk.o)
                                0x36f (size before relaxing)
 .debug_str     0x000024e7      0x299 .\CortexM3\ARM_GCC_541\Debug\EX 6 standard 20160818_1.a(UART_1.o)
                                0x45b (size before relaxing)
 .debug_str     0x00002780       0x79 .\CortexM3\ARM_GCC_541\Debug\EX 6 standard 20160818_1.a(Opamp_1.o)
                                0x205 (size before relaxing)
 .debug_str     0x000027f9      0x177 .\CortexM3\ARM_GCC_541\Debug\EX 6 standard 20160818_1.a(UART_1_IntClock.o)
                                0x34e (size before relaxing)
 .debug_str     0x00002970       0x66 .\CortexM3\ARM_GCC_541\Debug\EX 6 standard 20160818_1.a(Point.o)
                                0x1e2 (size before relaxing)
 .debug_str     0x000029d6      0x156 .\CortexM3\ARM_GCC_541\Debug\EX 6 standard 20160818_1.a(CyFlash.o)
                                0x307 (size before relaxing)
 .debug_str     0x00002b2c      0x12d .\CortexM3\ARM_GCC_541\Debug\EX 6 standard 20160818_1.a(CySpc.o)
                                0x301 (size before relaxing)

.debug_loc
 *(.debug_loc)

.debug_macinfo
 *(.debug_macinfo)

.debug_ranges   0x00000000      0xb68
 *(.debug_ranges)
 .debug_ranges  0x00000000       0x10 .\CortexM3\ARM_GCC_541\Debug\main.o
 .debug_ranges  0x00000010       0x38 .\CortexM3\ARM_GCC_541\Debug\functions.o
 .debug_ranges  0x00000048       0x50 .\CortexM3\ARM_GCC_541\Debug\cyfitter_cfg.o
 .debug_ranges  0x00000098       0x38 .\CortexM3\ARM_GCC_541\Debug\Cm3Start.o
 .debug_ranges  0x000000d0       0xc8 .\CortexM3\ARM_GCC_541\Debug\EX 6 standard 20160818_1.a(CyDmac.o)
 .debug_ranges  0x00000198      0x290 .\CortexM3\ARM_GCC_541\Debug\EX 6 standard 20160818_1.a(CyLib.o)
 .debug_ranges  0x00000428       0x88 .\CortexM3\ARM_GCC_541\Debug\EX 6 standard 20160818_1.a(cyPm.o)
 .debug_ranges  0x000004b0       0xd8 .\CortexM3\ARM_GCC_541\Debug\EX 6 standard 20160818_1.a(ADC_DelSig_1.o)
 .debug_ranges  0x00000588       0x28 .\CortexM3\ARM_GCC_541\Debug\EX 6 standard 20160818_1.a(ADC_DelSig_1_INT.o)
 .debug_ranges  0x000005b0       0x18 .\CortexM3\ARM_GCC_541\Debug\EX 6 standard 20160818_1.a(DMA_1_dma.o)
 .debug_ranges  0x000005c8       0x70 .\CortexM3\ARM_GCC_541\Debug\EX 6 standard 20160818_1.a(Filter_1.o)
 .debug_ranges  0x00000638       0x18 .\CortexM3\ARM_GCC_541\Debug\EX 6 standard 20160818_1.a(Filter_1_PVT.o)
 .debug_ranges  0x00000650       0x18 .\CortexM3\ARM_GCC_541\Debug\EX 6 standard 20160818_1.a(DMA_2_dma.o)
 .debug_ranges  0x00000668       0x70 .\CortexM3\ARM_GCC_541\Debug\EX 6 standard 20160818_1.a(isr_2.o)
 .debug_ranges  0x000006d8       0x40 .\CortexM3\ARM_GCC_541\Debug\EX 6 standard 20160818_1.a(TIA_1.o)
 .debug_ranges  0x00000718       0x30 .\CortexM3\ARM_GCC_541\Debug\EX 6 standard 20160818_1.a(Mixer_1.o)
 .debug_ranges  0x00000748       0x60 .\CortexM3\ARM_GCC_541\Debug\EX 6 standard 20160818_1.a(Clock_1.o)
 .debug_ranges  0x000007a8       0x70 .\CortexM3\ARM_GCC_541\Debug\EX 6 standard 20160818_1.a(ADC_DelSig_1_theACLK.o)
 .debug_ranges  0x00000818       0x60 .\CortexM3\ARM_GCC_541\Debug\EX 6 standard 20160818_1.a(ADC_DelSig_1_Ext_CP_Clk.o)
 .debug_ranges  0x00000878       0x70 .\CortexM3\ARM_GCC_541\Debug\EX 6 standard 20160818_1.a(Mixer_1_aclk.o)
 .debug_ranges  0x000008e8       0xe0 .\CortexM3\ARM_GCC_541\Debug\EX 6 standard 20160818_1.a(UART_1.o)
 .debug_ranges  0x000009c8       0x30 .\CortexM3\ARM_GCC_541\Debug\EX 6 standard 20160818_1.a(Opamp_1.o)
 .debug_ranges  0x000009f8       0x60 .\CortexM3\ARM_GCC_541\Debug\EX 6 standard 20160818_1.a(UART_1_IntClock.o)
 .debug_ranges  0x00000a58       0x28 .\CortexM3\ARM_GCC_541\Debug\EX 6 standard 20160818_1.a(Point.o)
 .debug_ranges  0x00000a80       0x78 .\CortexM3\ARM_GCC_541\Debug\EX 6 standard 20160818_1.a(CyFlash.o)
 .debug_ranges  0x00000af8       0x70 .\CortexM3\ARM_GCC_541\Debug\EX 6 standard 20160818_1.a(CySpc.o)

.comment        0x00000000       0x6e
 .comment       0x00000000       0x6e .\CortexM3\ARM_GCC_541\Debug\main.o
                                 0x6f (size before relaxing)
 .comment       0x0000006e       0x6f .\CortexM3\ARM_GCC_541\Debug\functions.o
 .comment       0x0000006e       0x6f .\CortexM3\ARM_GCC_541\Debug\cyfitter_cfg.o
 .comment       0x0000006e       0x6f .\CortexM3\ARM_GCC_541\Debug\Cm3Start.o
 .comment       0x0000006e       0x6f .\CortexM3\ARM_GCC_541\Debug\cymetadata.o
 .comment       0x0000006e       0x6f .\CortexM3\ARM_GCC_541\Debug\EX 6 standard 20160818_1.a(CyDmac.o)
 .comment       0x0000006e       0x6f .\CortexM3\ARM_GCC_541\Debug\EX 6 standard 20160818_1.a(CyLib.o)
 .comment       0x0000006e       0x6f .\CortexM3\ARM_GCC_541\Debug\EX 6 standard 20160818_1.a(cyPm.o)
 .comment       0x0000006e       0x6f .\CortexM3\ARM_GCC_541\Debug\EX 6 standard 20160818_1.a(ADC_DelSig_1.o)
 .comment       0x0000006e       0x6f .\CortexM3\ARM_GCC_541\Debug\EX 6 standard 20160818_1.a(ADC_DelSig_1_INT.o)
 .comment       0x0000006e       0x6f .\CortexM3\ARM_GCC_541\Debug\EX 6 standard 20160818_1.a(DMA_1_dma.o)
 .comment       0x0000006e       0x6f .\CortexM3\ARM_GCC_541\Debug\EX 6 standard 20160818_1.a(Filter_1.o)
 .comment       0x0000006e       0x6f .\CortexM3\ARM_GCC_541\Debug\EX 6 standard 20160818_1.a(Filter_1_PVT.o)
 .comment       0x0000006e       0x6f .\CortexM3\ARM_GCC_541\Debug\EX 6 standard 20160818_1.a(Filter_1_RAM_Data.o)
 .comment       0x0000006e       0x6f .\CortexM3\ARM_GCC_541\Debug\EX 6 standard 20160818_1.a(DMA_2_dma.o)
 .comment       0x0000006e       0x6f .\CortexM3\ARM_GCC_541\Debug\EX 6 standard 20160818_1.a(isr_2.o)
 .comment       0x0000006e       0x6f .\CortexM3\ARM_GCC_541\Debug\EX 6 standard 20160818_1.a(TIA_1.o)
 .comment       0x0000006e       0x6f .\CortexM3\ARM_GCC_541\Debug\EX 6 standard 20160818_1.a(Mixer_1.o)
 .comment       0x0000006e       0x6f .\CortexM3\ARM_GCC_541\Debug\EX 6 standard 20160818_1.a(Clock_1.o)
 .comment       0x0000006e       0x6f .\CortexM3\ARM_GCC_541\Debug\EX 6 standard 20160818_1.a(ADC_DelSig_1_theACLK.o)
 .comment       0x0000006e       0x6f .\CortexM3\ARM_GCC_541\Debug\EX 6 standard 20160818_1.a(ADC_DelSig_1_Ext_CP_Clk.o)
 .comment       0x0000006e       0x6f .\CortexM3\ARM_GCC_541\Debug\EX 6 standard 20160818_1.a(Mixer_1_aclk.o)
 .comment       0x0000006e       0x6f .\CortexM3\ARM_GCC_541\Debug\EX 6 standard 20160818_1.a(UART_1.o)
 .comment       0x0000006e       0x6f .\CortexM3\ARM_GCC_541\Debug\EX 6 standard 20160818_1.a(Opamp_1.o)
 .comment       0x0000006e       0x6f .\CortexM3\ARM_GCC_541\Debug\EX 6 standard 20160818_1.a(UART_1_IntClock.o)
 .comment       0x0000006e       0x6f .\CortexM3\ARM_GCC_541\Debug\EX 6 standard 20160818_1.a(Point.o)
 .comment       0x0000006e       0x6f .\CortexM3\ARM_GCC_541\Debug\EX 6 standard 20160818_1.a(CyFlash.o)
 .comment       0x0000006e       0x6f .\CortexM3\ARM_GCC_541\Debug\EX 6 standard 20160818_1.a(CySpc.o)

.debug_weaknames
 *(.debug_weaknames)

.debug_funcnames
 *(.debug_funcnames)

.debug_typenames
 *(.debug_typenames)

.debug_varnames
 *(.debug_varnames)

.note.gnu.arm.ident
 *(.note.gnu.arm.ident)

.ARM.attributes
                0x00000000       0x29
 *(.ARM.attributes)
 .ARM.attributes
                0x00000000       0x1d c:/program files (x86)/cypress/psoc creator/4.2/psoc creator/import/gnu/arm/5.4.1/bin/../lib/gcc/arm-none-eabi/5.4.1/armv7-m/crti.o
 .ARM.attributes
                0x0000001d       0x2d c:/program files (x86)/cypress/psoc creator/4.2/psoc creator/import/gnu/arm/5.4.1/bin/../lib/gcc/arm-none-eabi/5.4.1/armv7-m/crtbegin.o
 .ARM.attributes
                0x0000004a       0x1b c:/program files (x86)/cypress/psoc creator/4.2/psoc creator/import/gnu/arm/5.4.1/bin/../lib/gcc/arm-none-eabi/5.4.1/../../../../arm-none-eabi/lib/armv7-m/crt0.o
 .ARM.attributes
                0x00000065       0x33 .\CortexM3\ARM_GCC_541\Debug\main.o
 .ARM.attributes
                0x00000098       0x33 .\CortexM3\ARM_GCC_541\Debug\functions.o
 .ARM.attributes
                0x000000cb       0x33 .\CortexM3\ARM_GCC_541\Debug\cyfitter_cfg.o
 .ARM.attributes
                0x000000fe       0x33 .\CortexM3\ARM_GCC_541\Debug\Cm3Start.o
 .ARM.attributes
                0x00000131       0x33 .\CortexM3\ARM_GCC_541\Debug\cymetadata.o
 .ARM.attributes
                0x00000164       0x33 .\CortexM3\ARM_GCC_541\Debug\EX 6 standard 20160818_1.a(CyDmac.o)
 .ARM.attributes
                0x00000197       0x33 .\CortexM3\ARM_GCC_541\Debug\EX 6 standard 20160818_1.a(CyLib.o)
 .ARM.attributes
                0x000001ca       0x33 .\CortexM3\ARM_GCC_541\Debug\EX 6 standard 20160818_1.a(cyPm.o)
 .ARM.attributes
                0x000001fd       0x33 .\CortexM3\ARM_GCC_541\Debug\EX 6 standard 20160818_1.a(ADC_DelSig_1.o)
 .ARM.attributes
                0x00000230       0x33 .\CortexM3\ARM_GCC_541\Debug\EX 6 standard 20160818_1.a(ADC_DelSig_1_INT.o)
 .ARM.attributes
                0x00000263       0x33 .\CortexM3\ARM_GCC_541\Debug\EX 6 standard 20160818_1.a(DMA_1_dma.o)
 .ARM.attributes
                0x00000296       0x33 .\CortexM3\ARM_GCC_541\Debug\EX 6 standard 20160818_1.a(Filter_1.o)
 .ARM.attributes
                0x000002c9       0x33 .\CortexM3\ARM_GCC_541\Debug\EX 6 standard 20160818_1.a(Filter_1_PVT.o)
 .ARM.attributes
                0x000002fc       0x33 .\CortexM3\ARM_GCC_541\Debug\EX 6 standard 20160818_1.a(Filter_1_RAM_Data.o)
 .ARM.attributes
                0x0000032f       0x33 .\CortexM3\ARM_GCC_541\Debug\EX 6 standard 20160818_1.a(DMA_2_dma.o)
 .ARM.attributes
                0x00000362       0x33 .\CortexM3\ARM_GCC_541\Debug\EX 6 standard 20160818_1.a(isr_2.o)
 .ARM.attributes
                0x00000395       0x33 .\CortexM3\ARM_GCC_541\Debug\EX 6 standard 20160818_1.a(TIA_1.o)
 .ARM.attributes
                0x000003c8       0x33 .\CortexM3\ARM_GCC_541\Debug\EX 6 standard 20160818_1.a(Mixer_1.o)
 .ARM.attributes
                0x000003fb       0x33 .\CortexM3\ARM_GCC_541\Debug\EX 6 standard 20160818_1.a(Clock_1.o)
 .ARM.attributes
                0x0000042e       0x33 .\CortexM3\ARM_GCC_541\Debug\EX 6 standard 20160818_1.a(ADC_DelSig_1_theACLK.o)
 .ARM.attributes
                0x00000461       0x33 .\CortexM3\ARM_GCC_541\Debug\EX 6 standard 20160818_1.a(ADC_DelSig_1_Ext_CP_Clk.o)
 .ARM.attributes
                0x00000494       0x33 .\CortexM3\ARM_GCC_541\Debug\EX 6 standard 20160818_1.a(Mixer_1_aclk.o)
 .ARM.attributes
                0x000004c7       0x33 .\CortexM3\ARM_GCC_541\Debug\EX 6 standard 20160818_1.a(UART_1.o)
 .ARM.attributes
                0x000004fa       0x33 .\CortexM3\ARM_GCC_541\Debug\EX 6 standard 20160818_1.a(Opamp_1.o)
 .ARM.attributes
                0x0000052d       0x33 .\CortexM3\ARM_GCC_541\Debug\EX 6 standard 20160818_1.a(UART_1_IntClock.o)
 .ARM.attributes
                0x00000560       0x33 .\CortexM3\ARM_GCC_541\Debug\EX 6 standard 20160818_1.a(Point.o)
 .ARM.attributes
                0x00000593       0x21 .\CortexM3\ARM_GCC_541\Debug\EX 6 standard 20160818_1.a(CyBootAsmGnu.o)
 .ARM.attributes
                0x000005b4       0x33 .\CortexM3\ARM_GCC_541\Debug\EX 6 standard 20160818_1.a(CyFlash.o)
 .ARM.attributes
                0x000005e7       0x33 .\CortexM3\ARM_GCC_541\Debug\EX 6 standard 20160818_1.a(CySpc.o)
 .ARM.attributes
                0x0000061a       0x1d c:/program files (x86)/cypress/psoc creator/4.2/psoc creator/import/gnu/arm/5.4.1/bin/../lib/gcc/arm-none-eabi/5.4.1/armv7-m\libgcc.a(_arm_addsubdf3.o)
 .ARM.attributes
                0x00000637       0x1d c:/program files (x86)/cypress/psoc creator/4.2/psoc creator/import/gnu/arm/5.4.1/bin/../lib/gcc/arm-none-eabi/5.4.1/armv7-m\libgcc.a(_arm_cmpdf2.o)
 .ARM.attributes