Archive member included to satisfy reference by file (symbol)

.\CortexM3\ARM_GCC_541\Debug\NeoPixel.a(CyDmac.o)
                              .\CortexM3\ARM_GCC_541\Debug\Cm3Start.o (CyDmacConfigure)
.\CortexM3\ARM_GCC_541\Debug\NeoPixel.a(CyLib.o)
                              .\CortexM3\ARM_GCC_541\Debug\Cm3Start.o (CyHalt)
.\CortexM3\ARM_GCC_541\Debug\NeoPixel.a(cyPm.o)
                              .\CortexM3\ARM_GCC_541\Debug\NeoPixel.a(CyLib.o) (CyPmReadStatus)
.\CortexM3\ARM_GCC_541\Debug\NeoPixel.a(NP_funcs.o)
                              .\CortexM3\ARM_GCC_541\Debug\main.o (NP_Start)
.\CortexM3\ARM_GCC_541\Debug\NeoPixel.a(NP_Neo_BITCNT.o)
                              .\CortexM3\ARM_GCC_541\Debug\NeoPixel.a(NP_funcs.o) (NP_Neo_BITCNT_Start)
.\CortexM3\ARM_GCC_541\Debug\NeoPixel.a(NP_Neo_ONTime.o)
                              .\CortexM3\ARM_GCC_541\Debug\NeoPixel.a(NP_funcs.o) (NP_Neo_ONTime_Start)
.\CortexM3\ARM_GCC_541\Debug\NeoPixel.a(NP_Neo_OFFTime.o)
                              .\CortexM3\ARM_GCC_541\Debug\NeoPixel.a(NP_funcs.o) (NP_Neo_OFFTime_Start)
.\CortexM3\ARM_GCC_541\Debug\NeoPixel.a(NP_DMA_dma.o)
                              .\CortexM3\ARM_GCC_541\Debug\NeoPixel.a(NP_funcs.o) (NP_DMA_DmaInitialize)
.\CortexM3\ARM_GCC_541\Debug\NeoPixel.a(pulseInt.o)
                              .\CortexM3\ARM_GCC_541\Debug\edgeSensorApp.o (pulseInt_StartEx)
.\CortexM3\ARM_GCC_541\Debug\NeoPixel.a(pulseCounter.o)
                              .\CortexM3\ARM_GCC_541\Debug\edgeSensorApp.o (pulseCounter_ReadStatusRegister)
.\CortexM3\ARM_GCC_541\Debug\NeoPixel.a(echoInt_1.o)
                              .\CortexM3\ARM_GCC_541\Debug\edgeSensorApp.o (echoInt_1_StartEx)
.\CortexM3\ARM_GCC_541\Debug\NeoPixel.a(echoInt_2.o)
                              .\CortexM3\ARM_GCC_541\Debug\edgeSensorApp.o (echoInt_2_StartEx)
.\CortexM3\ARM_GCC_541\Debug\NeoPixel.a(echoInt_3.o)
                              .\CortexM3\ARM_GCC_541\Debug\edgeSensorApp.o (echoInt_3_StartEx)
.\CortexM3\ARM_GCC_541\Debug\NeoPixel.a(echoInt_4.o)
                              .\CortexM3\ARM_GCC_541\Debug\edgeSensorApp.o (echoInt_4_StartEx)
.\CortexM3\ARM_GCC_541\Debug\NeoPixel.a(CLK_500kHz.o)
                              .\CortexM3\ARM_GCC_541\Debug\edgeSensorApp.o (CLK_500kHz_Start)
.\CortexM3\ARM_GCC_541\Debug\NeoPixel.a(triggerPWM.o)
                              .\CortexM3\ARM_GCC_541\Debug\edgeSensorApp.o (triggerPWM_Stop)
.\CortexM3\ARM_GCC_541\Debug\NeoPixel.a(CLK_24MHz.o)
                              .\CortexM3\ARM_GCC_541\Debug\edgeSensorApp.o (CLK_24MHz_Start)
.\CortexM3\ARM_GCC_541\Debug\NeoPixel.a(Pin1_dir2.o)
                              .\CortexM3\ARM_GCC_541\Debug\MotorApp.o (Pin1_dir2_Write)
.\CortexM3\ARM_GCC_541\Debug\NeoPixel.a(Pin1_dir1.o)
                              .\CortexM3\ARM_GCC_541\Debug\MotorApp.o (Pin1_dir1_Write)
.\CortexM3\ARM_GCC_541\Debug\NeoPixel.a(Pin2_dir1.o)
                              .\CortexM3\ARM_GCC_541\Debug\MotorApp.o (Pin2_dir1_Write)
.\CortexM3\ARM_GCC_541\Debug\NeoPixel.a(Pin2_dir2.o)
                              .\CortexM3\ARM_GCC_541\Debug\MotorApp.o (Pin2_dir2_Write)
.\CortexM3\ARM_GCC_541\Debug\NeoPixel.a(motorPWM_1.o)
                              .\CortexM3\ARM_GCC_541\Debug\MotorApp.o (motorPWM_1_Stop)
.\CortexM3\ARM_GCC_541\Debug\NeoPixel.a(ball_int.o)
                              .\CortexM3\ARM_GCC_541\Debug\main.o (ball_int_StartEx)
.\CortexM3\ARM_GCC_541\Debug\NeoPixel.a(isr_rpi_start.o)
                              .\CortexM3\ARM_GCC_541\Debug\main.o (isr_rpi_start_StartEx)
.\CortexM3\ARM_GCC_541\Debug\NeoPixel.a(Pin_score.o)
                              .\CortexM3\ARM_GCC_541\Debug\rpiCommunication.o (Pin_score_Write)
.\CortexM3\ARM_GCC_541\Debug\NeoPixel.a(isr_rpi_stop.o)
                              .\CortexM3\ARM_GCC_541\Debug\main.o (isr_rpi_stop_StartEx)
.\CortexM3\ARM_GCC_541\Debug\NeoPixel.a(ADC_SAR_1.o)
                              .\CortexM3\ARM_GCC_541\Debug\main.o (ADC_SAR_1_Start)
.\CortexM3\ARM_GCC_541\Debug\NeoPixel.a(ADC_SAR_1_INT.o)
                              .\CortexM3\ARM_GCC_541\Debug\NeoPixel.a(ADC_SAR_1.o) (ADC_SAR_1_ISR)
.\CortexM3\ARM_GCC_541\Debug\NeoPixel.a(motorPWM_2.o)
                              .\CortexM3\ARM_GCC_541\Debug\MotorApp.o (motorPWM_2_Stop)
.\CortexM3\ARM_GCC_541\Debug\NeoPixel.a(soundUART.o)
                              .\CortexM3\ARM_GCC_541\Debug\soundApp.o (soundUART_Start)
.\CortexM3\ARM_GCC_541\Debug\NeoPixel.a(ADC_SAR_1_theACLK.o)
                              .\CortexM3\ARM_GCC_541\Debug\NeoPixel.a(ADC_SAR_1.o) (ADC_SAR_1_theACLK_SetModeRegister)
.\CortexM3\ARM_GCC_541\Debug\NeoPixel.a(soundUART_IntClock.o)
                              .\CortexM3\ARM_GCC_541\Debug\NeoPixel.a(soundUART.o) (soundUART_IntClock_Start)
.\CortexM3\ARM_GCC_541\Debug\NeoPixel.a(CyBootAsmGnu.o)
                              .\CortexM3\ARM_GCC_541\Debug\cyfitter_cfg.o (CyDelayCycles)
.\CortexM3\ARM_GCC_541\Debug\NeoPixel.a(CyFlash.o)
[...]
Memory Configuration

Name             Origin             Length             Attributes
rom              0x00000000         0x00040000         xr
ram              0x1fff8000         0x00010000         xrw
*default*        0x00000000         0xffffffff

Linker script and memory map

LOAD c:/program files (x86)/cypress/psoc creator/4.2/psoc creator/import/gnu/arm/5.4.1/bin/../lib/gcc/arm-none-eabi/5.4.1/armv7-m/crti.o
LOAD c:/program files (x86)/cypress/psoc creator/4.2/psoc creator/import/gnu/arm/5.4.1/bin/../lib/gcc/arm-none-eabi/5.4.1/armv7-m/crtbegin.o
LOAD c:/program files (x86)/cypress/psoc creator/4.2/psoc creator/import/gnu/arm/5.4.1/bin/../lib/gcc/arm-none-eabi/5.4.1/../../../../arm-none-eabi/lib/armv7-m/crt0.o
START GROUP
LOAD .\CortexM3\ARM_GCC_541\Debug\main.o
LOAD .\CortexM3\ARM_GCC_541\Debug\LedHandler.o
LOAD .\CortexM3\ARM_GCC_541\Debug\edgeSensorApp.o
LOAD .\CortexM3\ARM_GCC_541\Debug\MotorApp.o
LOAD .\CortexM3\ARM_GCC_541\Debug\rpiCommunication.o
LOAD .\CortexM3\ARM_GCC_541\Debug\scale.o
LOAD .\CortexM3\ARM_GCC_541\Debug\soundApp.o
LOAD .\CortexM3\ARM_GCC_541\Debug\waitingState.o
LOAD .\CortexM3\ARM_GCC_541\Debug\cyfitter_cfg.o
LOAD .\CortexM3\ARM_GCC_541\Debug\cymetadata.o
LOAD .\CortexM3\ARM_GCC_541\Debug\Cm3Start.o
LOAD .\CortexM3\ARM_GCC_541\Debug\NeoPixel.a
LOAD C:\Program Files (x86)\Cypress\PSoC Creator\4.2\PSoC Creator\psoc\content\cycomponentlibrary\CyComponentLibrary.cylib\CortexM3\ARM_GCC_541\Debug\CyComponentLibrary.a
LOAD c:/program files (x86)/cypress/psoc creator/4.2/psoc creator/import/gnu/arm/5.4.1/bin/../lib/gcc/arm-none-eabi/5.4.1/../../../../arm-none-eabi/lib/armv7-m\libm.a
END GROUP
START GROUP
LOAD c:/program files (x86)/cypress/psoc creator/4.2/psoc creator/import/gnu/arm/5.4.1/bin/../lib/gcc/arm-none-eabi/5.4.1/armv7-m\libgcc.a
LOAD c:/program files (x86)/cypress/psoc creator/4.2/psoc creator/import/gnu/arm/5.4.1/bin/../lib/gcc/arm-none-eabi/5.4.1/../../../../arm-none-eabi/lib/armv7-m\libg_nano.a
LOAD c:/program files (x86)/cypress/psoc creator/4.2/psoc creator/import/gnu/arm/5.4.1/bin/../lib/gcc/arm-none-eabi/5.4.1/../../../../arm-none-eabi/lib/armv7-m\libc_nano.a
END GROUP
START GROUP
LOAD c:/program files (x86)/cypress/psoc creator/4.2/psoc creator/import/gnu/arm/5.4.1/bin/../lib/gcc/arm-none-eabi/5.4.1/armv7-m\libgcc.a
LOAD c:/program files (x86)/cypress/psoc creator/4.2/psoc creator/import/gnu/arm/5.4.1/bin/../lib/gcc/arm-none-eabi/5.4.1/../../../../arm-none-eabi/lib/armv7-m\libc_nano.a
END GROUP
LOAD c:/program files (x86)/cypress/psoc creator/4.2/psoc creator/import/gnu/arm/5.4.1/bin/../lib/gcc/arm-none-eabi/5.4.1/armv7-m/crtend.o
LOAD c:/program files (x86)/cypress/psoc creator/4.2/psoc creator/import/gnu/arm/5.4.1/bin/../lib/gcc/arm-none-eabi/5.4.1/armv7-m/crtn.o
START GROUP
LOAD c:/program files (x86)/cypress/psoc creator/4.2/psoc creator/import/gnu/arm/5.4.1/bin/../lib/gcc/arm-none-eabi/5.4.1/armv7-m\libgcc.a
LOAD c:/program files (x86)/cypress/psoc creator/4.2/psoc creator/import/gnu/arm/5.4.1/bin/../lib/gcc/arm-none-eabi/5.4.1/../../../../arm-none-eabi/lib/armv7-m\libc.a
LOAD c:/program files (x86)/cypress/psoc creator/4.2/psoc creator/import/gnu/arm/5.4.1/bin/../lib/gcc/arm-none-eabi/5.4.1/../../../../arm-none-eabi/lib/armv7-m\libnosys.a
END GROUP
                0x00000000                CY_APPL_ORIGIN = 0x0
                0x00000100                CY_FLASH_ROW_SIZE = 0x100
                0x00000020                CY_ECC_ROW_SIZE = 0x20
                0x00000000                CY_EE_IN_BTLDR = 0x0
                0x00000000                CY_APPL_LOADABLE = 0x0
                0x00000800                CY_EE_SIZE = 0x800
                0x00000001                CY_APPL_NUM = 0x1
                0x00000001                CY_APPL_MAX = 0x1
                0x00000040                CY_METADATA_SIZE = 0x40
                0x00000000                CY_APPL_LOADABLE = 0x0
                0x00000000                CY_CHECKSUM_EXCLUDE_SIZE = ALIGN (0x0, CY_FLASH_ROW_SIZE)
                [!provide]                PROVIDE (__cy_heap_start, _end)
                0x00000001                PROVIDE (__cy_region_num, ((__cy_regions_end - __cy_regions) / 0x10))
                0x20008000                PROVIDE (__cy_stack, (ORIGIN (ram) + LENGTH (ram)))
                [!provide]                PROVIDE (__cy_heap_end, (__cy_stack - 0x800))

.cybootloader   0x00000000        0x0
 *(.cybootloader)
                0x00000000                appl1_start = CY_APPL_ORIGIN?CY_APPL_ORIGIN:ALIGN (CY_FLASH_ROW_SIZE)
                0x0001ff00                appl2_start = (appl1_start + ALIGN ((((LENGTH (rom) - appl1_start) - (0x2 * CY_FLASH_ROW_SIZE)) / 0x2), CY_FLASH_ROW_SIZE))
                0x00000000                appl_start = (CY_APPL_NUM == 0x1)?appl1_start:appl2_start
                0x00000000                ecc_offset = ((appl_start / CY_FLASH_ROW_SIZE) * CY_ECC_ROW_SIZE)
                0x00000000                ee_offset = (CY_APPL_LOADABLE && ! (CY_EE_IN_BTLDR))?((CY_EE_SIZE / CY_APPL_MAX) * (CY_APPL_NUM - 0x1)):0x0
                0x00000800                ee_size = (CY_APPL_LOADABLE && ! (CY_EE_IN_BTLDR))?(CY_EE_SIZE / CY_APPL_MAX):CY_EE_SIZE
                [!provide]                PROVIDE (CY_ECC_OFFSET, ecc_offset)

.text           0x00000000     0x235c
 CREATE_OBJECT_SYMBOLS
                0x00000000                PROVIDE (__cy_interrupt_vector, RomVectors)
 *(.romvectors)
 .romvectors    0x00000000       0x10 .\CortexM3\ARM_GCC_541\Debug\Cm3Start.o
                0x00000000                RomVectors
                0x00000001                ASSERT ((. != __cy_interrupt_vector), No interrupt vector)
                0x00000001                ASSERT (CY_APPL_ORIGIN?(SIZEOF (.cybootloader) <= CY_APPL_ORIGIN):0x1, Wrong image location)
                0x00000010                PROVIDE (__cy_reset, Reset)
 *(.text.Reset)
 .text.Reset    0x00000010       0x18 .\CortexM3\ARM_GCC_541\Debug\Cm3Start.o
                0x00000010                Reset
                0x00000001                ASSERT ((. != __cy_reset), No reset code)
 *(.dma_init)
                0x00000001                ASSERT ((((appl_start + .) <= 0x10000) || 0x1), DMA Init must be within the first 64k of flash)
 *(.text .text.* .gnu.linkonce.t.*)
 .text          0x00000028       0x5c c:/program files (x86)/cypress/psoc creator/4.2/psoc creator/import/gnu/arm/5.4.1/bin/../lib/gcc/arm-none-eabi/5.4.1/armv7-m/crtbegin.o
 .text.ball_int_handler
                0x00000084       0x38 .\CortexM3\ARM_GCC_541\Debug\main.o
                0x00000084                ball_int_handler
 *fill*         0x000000bc        0x4 
 .text.main     0x000000c0       0x8c .\CortexM3\ARM_GCC_541\Debug\main.o
                0x000000c0                main
 .text.TurnOff  0x0000014c       0x28 .\CortexM3\ARM_GCC_541\Debug\LedHandler.o
                0x0000014c                TurnOff
 .text.TurnOn   0x00000174       0x2c .\CortexM3\ARM_GCC_541\Debug\LedHandler.o
                0x00000174                TurnOn
 .text.StopSequence
                0x000001a0       0x3c .\CortexM3\ARM_GCC_541\Debug\LedHandler.o
                0x000001a0                StopSequence
 .text.WeightOffSequence
                0x000001dc       0x1c .\CortexM3\ARM_GCC_541\Debug\LedHandler.o
                0x000001dc                WeightOffSequence
 .text.WeightOnSequence
                0x000001f8       0x1c .\CortexM3\ARM_GCC_541\Debug\LedHandler.o
                0x000001f8                WeightOnSequence
 .text.CupHitSequence
                0x00000214       0x9c .\CortexM3\ARM_GCC_541\Debug\LedHandler.o
                0x00000214                CupHitSequence
 .text.StartSequence
                0x000002b0       0xc8 .\CortexM3\ARM_GCC_541\Debug\LedHandler.o
                0x000002b0                StartSequence
 .text.ledHandler
                0x00000378       0x30 .\CortexM3\ARM_GCC_541\Debug\LedHandler.o
                0x00000378                ledHandler
 .text.echoInt1_handler
                0x000003a8       0x24 .\CortexM3\ARM_GCC_541\Debug\edgeSensorApp.o
                0x000003a8                echoInt1_handler
 .text.echoInt2_handler
                0x000003cc       0x24 .\CortexM3\ARM_GCC_541\Debug\edgeSensorApp.o
                0x000003cc                echoInt2_handler
 .text.echoInt3_handler
                0x000003f0       0x24 .\CortexM3\ARM_GCC_541\Debug\edgeSensorApp.o
                0x000003f0                echoInt3_handler
 .text.echoInt4_handler
                0x00000414       0x24 .\CortexM3\ARM_GCC_541\Debug\edgeSensorApp.o
                0x00000414                echoInt4_handler
 .text.edgeSensorInit
                0x00000438       0x48 .\CortexM3\ARM_GCC_541\Debug\edgeSensorApp.o
                0x00000438                edgeSensorInit
 .text.getStatus
                0x00000480       0x18 .\CortexM3\ARM_GCC_541\Debug\edgeSensorApp.o
                0x00000480                getStatus
 .text.pulseInt_handler
                0x00000498       0x80 .\CortexM3\ARM_GCC_541\Debug\edgeSensorApp.o
                0x00000498                pulseInt_handler
 .text.driveForwards
                0x00000518       0x44 .\CortexM3\ARM_GCC_541\Debug\MotorApp.o
                0x00000518                driveForwards
 .text.driveBackwards
                0x0000055c       0x44 .\CortexM3\ARM_GCC_541\Debug\MotorApp.o
                0x0000055c                driveBackwards
 .text.motorStop
                0x000005a0        0xc .\CortexM3\ARM_GCC_541\Debug\MotorApp.o
                0x000005a0                motorStop
 .text.changeSpeed
                0x000005ac       0x68 .\CortexM3\ARM_GCC_541\Debug\MotorApp.o
                0x000005ac                changeSpeed
 .text.changeState
                0x00000614       0x40 .\CortexM3\ARM_GCC_541\Debug\MotorApp.o
                0x00000614                changeState
 .text.speedSelect
                0x00000654       0x64 .\CortexM3\ARM_GCC_541\Debug\MotorApp.o
                0x00000654                speedSelect
 .text.DelayBased180Turn
                0x000006b8       0x80 .\CortexM3\ARM_GCC_541\Debug\MotorApp.o
                0x000006b8                DelayBased180Turn
 .text.score    0x00000738       0x18 .\CortexM3\ARM_GCC_541\Debug\rpiCommunication.o
                0x00000738                score
 .text.rpiStart
                0x00000750        0xc .\CortexM3\ARM_GCC_541\Debug\rpiCommunication.o
                0x00000750                rpiStart
 .text.isr_rpi_start
                0x0000075c        0x8 .\CortexM3\ARM_GCC_541\Debug\rpiCommunication.o
                0x0000075c                isr_rpi_start
 .text.rpiStop  0x00000764       0x1c .\CortexM3\ARM_GCC_541\Debug\rpiCommunication.o
                0x00000764                rpiStop
 .text.isr_rpi_stop
                0x00000780       0x14 .\CortexM3\ARM_GCC_541\Debug\rpiCommunication.o
                0x00000780                isr_rpi_stop
 .text.rpiInit  0x00000794        0xc .\CortexM3\ARM_GCC_541\Debug\rpiCommunication.o
                0x00000794                rpiInit
 .text.clearScaleVariables
                0x000007a0       0x2c .\CortexM3\ARM_GCC_541\Debug\scale.o
                0x000007a0                clearScaleVariables
 .text.readScaleStatus
                0x000007cc       0x94 .\CortexM3\ARM_GCC_541\Debug\scale.o
                0x000007cc                readScaleStatus
 .text.soundInit
                0x00000860       0x2c .\CortexM3\ARM_GCC_541\Debug\soundApp.o
                0x00000860                soundInit
 .text.sendToSOMO
                0x0000088c       0x38 .\CortexM3\ARM_GCC_541\Debug\soundApp.o
                0x0000088c                sendToSOMO
 .text.waitingStateStart
                0x000008c4       0x44 .\CortexM3\ARM_GCC_541\Debug\waitingState.o
                0x000008c4                waitingStateStart
 .text.waitingStateDrink
                0x00000908       0x40 .\CortexM3\ARM_GCC_541\Debug\waitingState.o
                0x00000908                waitingStateDrink
 .text.CyClockStartupError
                0x00000948        0x4 .\CortexM3\ARM_GCC_541\Debug\cyfitter_cfg.o
 .text.cfg_write_bytes32
                0x0000094c       0x34 .\CortexM3\ARM_GCC_541\Debug\cyfitter_cfg.o
 .text.CYMEMZERO
                0x00000980        0xc .\CortexM3\ARM_GCC_541\Debug\cyfitter_cfg.o
 .text.AnalogSetDefault
                0x0000098c       0x7c .\CortexM3\ARM_GCC_541\Debug\cyfitter_cfg.o
 .text.CYCONFIGCPY
                0x00000a08        0x8 .\CortexM3\ARM_GCC_541\Debug\cyfitter_cfg.o
 .text.ClockSetup
                0x00000a10      0x114 .\CortexM3\ARM_GCC_541\Debug\cyfitter_cfg.o
 .text.cyfitter_cfg
                0x00000b24      0x128 .\CortexM3\ARM_GCC_541\Debug\cyfitter_cfg.o
                0x00000b24                cyfitter_cfg
 .text.IntDefaultHandler
                0x00000c4c        0x4 .\CortexM3\ARM_GCC_541\Debug\Cm3Start.o
                0x00000c4c                IntDefaultHandler
 .text._sbrk    0x00000c50       0x30 .\CortexM3\ARM_GCC_541\Debug\Cm3Start.o
                0x00000c50                _sbrk
 .text.Start_c  0x00000c80       0x4c .\CortexM3\ARM_GCC_541\Debug\Cm3Start.o
                0x00000c80                Start_c
 .text.initialize_psoc
                0x00000ccc       0x6c .\CortexM3\ARM_GCC_541\Debug\Cm3Start.o
                0x00000ccc                initialize_psoc
 .text.CyDmacConfigure
                0x00000d38       0x34 .\CortexM3\ARM_GCC_541\Debug\NeoPixel.a(CyDmac.o)
                0x00000d38                CyDmacConfigure
 .text.CyDmaChEnable
                0x00000d6c       0x38 .\CortexM3\ARM_GCC_541\Debug\NeoPixel.a(CyDmac.o)
                0x00000d6c                CyDmaChEnable
 .text.CyDmaChPriority
                0x00000da4       0x24 .\CortexM3\ARM_GCC_541\Debug\NeoPixel.a(CyDmac.o)
                0x00000da4                CyDmaChPriority
 .text.CyDmaChSetExtendedAddress
                0x00000dc8       0x34 .\CortexM3\ARM_GCC_541\Debug\NeoPixel.a(CyDmac.o)
                0x00000dc8                CyDmaChSetExtendedAddress
 .text.CyDmaChSetInitialTd
                0x00000dfc       0x18 .\CortexM3\ARM_GCC_541\Debug\NeoPixel.a(CyDmac.o)
                0x00000dfc                CyDmaChSetInitialTd
 .text.CyDmaChSetConfiguration
                0x00000e14       0x44 .\CortexM3\ARM_GCC_541\Debug\NeoPixel.a(CyDmac.o)
                0x00000e14                CyDmaChSetConfiguration
 .text.CyDmaTdAllocate
                0x00000e58       0x34 .\CortexM3\ARM_GCC_541\Debug\NeoPixel.a(CyDmac.o)
                0x00000e58                CyDmaTdAllocate
 .text.CyDmaTdSetConfiguration
                0x00000e8c       0x28 .\CortexM3\ARM_GCC_541\Debug\NeoPixel.a(CyDmac.o)
                0x00000e8c                CyDmaTdSetConfiguration
 .text.CyDmaTdSetAddress
                0x00000eb4       0x1c .\CortexM3\ARM_GCC_541\Debug\NeoPixel.a(CyDmac.o)
                0x00000eb4                CyDmaTdSetAddress
 .text.CyHalt   0x00000ed0        0x4 .\CortexM3\ARM_GCC_541\Debug\NeoPixel.a(CyLib.o)
                0x00000ed0                CyHalt
 .text.CyDelay  0x00000ed4       0x2c .\CortexM3\ARM_GCC_541\Debug\NeoPixel.a(CyLib.o)
                0x00000ed4                CyDelay
 .text.CyDelayUs
                0x00000f00       0x14 .\CortexM3\ARM_GCC_541\Debug\NeoPixel.a(CyLib.o)
                0x00000f00                CyDelayUs
 .text.CyIntSetVector
                0x00000f14       0x28 .\CortexM3\ARM_GCC_541\Debug\NeoPixel.a(CyLib.o)
                0x00000f14                CyIntSetVector
 .text.CyIntSetPriority
                0x00000f3c       0x30 .\CortexM3\ARM_GCC_541\Debug\NeoPixel.a(CyLib.o)
                0x00000f3c                CyIntSetPriority
 *fill*         0x00000f6c        0x4 
 .text.NP_Start
                0x00000f70      0x11c .\CortexM3\ARM_GCC_541\Debug\NeoPixel.a(NP_funcs.o)
                0x00000f70                NP_Start
 .text.NP_Update
                0x0000108c       0x50 .\CortexM3\ARM_GCC_541\Debug\NeoPixel.a(NP_funcs.o)
                0x0000108c                NP_Update
 .text.NP_Neo_BITCNT_Init
                0x000010dc        0xc .\CortexM3\ARM_GCC_541\Debug\NeoPixel.a(NP_Neo_BITCNT.o)
                0x000010dc                NP_Neo_BITCNT_Init
 .text.NP_Neo_BITCNT_Enable
                0x000010e8       0x1c .\CortexM3\ARM_GCC_541\Debug\NeoPixel.a(NP_Neo_BITCNT.o)
                0x000010e8                NP_Neo_BITCNT_Enable
 .text.NP_Neo_BITCNT_Start
                0x00001104       0x1c .\CortexM3\ARM_GCC_541\Debug\NeoPixel.a(NP_Neo_BITCNT.o)
                0x00001104                NP_Neo_BITCNT_Start
 .text.NP_Neo_ONTime_Init
                0x00001120        0xc .\CortexM3\ARM_GCC_541\Debug\NeoPixel.a(NP_Neo_ONTime.o)
                0x00001120                NP_Neo_ONTime_Init
 .text.NP_Neo_ONTime_Enable
                0x0000112c       0x1c .\CortexM3\ARM_GCC_541\Debug\NeoPixel.a(NP_Neo_ONTime.o)
                0x0000112c                NP_Neo_ONTime_Enable
 .text.NP_Neo_ONTime_Start
                0x00001148       0x1c .\CortexM3\ARM_GCC_541\Debug\NeoPixel.a(NP_Neo_ONTime.o)
                0x00001148                NP_Neo_ONTime_Start
 .text.NP_Neo_ONTime_WritePeriod
                0x00001164        0xc .\CortexM3\ARM_GCC_541\Debug\NeoPixel.a(NP_Neo_ONTime.o)
                0x00001164                NP_Neo_ONTime_WritePeriod
 .text.NP_Neo_OFFTime_Init
                0x00001170        0xc .\CortexM3\ARM_GCC_541\Debug\NeoPixel.a(NP_Neo_OFFTime.o)
                0x00001170                NP_Neo_OFFTime_Init
 .text.NP_Neo_OFFTime_Enable
                0x0000117c       0x1c .\CortexM3\ARM_GCC_541\Debug\NeoPixel.a(NP_Neo_OFFTime.o)
                0x0000117c                NP_Neo_OFFTime_Enable
 .text.NP_Neo_OFFTime_Start
                0x00001198       0x1c .\CortexM3\ARM_GCC_541\Debug\NeoPixel.a(NP_Neo_OFFTime.o)
                0x00001198                NP_Neo_OFFTime_Start
 .text.NP_Neo_OFFTime_WritePeriod
                0x000011b4        0xc .\CortexM3\ARM_GCC_541\Debug\NeoPixel.a(NP_Neo_OFFTime.o)
                0x000011b4                NP_Neo_OFFTime_WritePeriod
 .text.NP_DMA_DmaInitialize
                0x000011c0       0x3c .\CortexM3\ARM_GCC_541\Debug\NeoPixel.a(NP_DMA_dma.o)
                0x000011c0                NP_DMA_DmaInitialize
 .text.pulseInt_SetVector
                0x000011fc        0xc .\CortexM3\ARM_GCC_541\Debug\NeoPixel.a(pulseInt.o)
                0x000011fc                pulseInt_SetVector
 .text.pulseInt_SetPriority
                0x00001208       0x10 .\CortexM3\ARM_GCC_541\Debug\NeoPixel.a(pulseInt.o)
                0x00001208                pulseInt_SetPriority
 .text.pulseInt_Enable
                0x00001218       0x10 .\CortexM3\ARM_GCC_541\Debug\NeoPixel.a(pulseInt.o)
                0x00001218                pulseInt_Enable
 .text.pulseInt_Disable
                0x00001228       0x10 .\CortexM3\ARM_GCC_541\Debug\NeoPixel.a(pulseInt.o)
                0x00001228                pulseInt_Disable
 .text.pulseInt_StartEx
                0x00001238       0x1c .\CortexM3\ARM_GCC_541\Debug\NeoPixel.a(pulseInt.o)
                0x00001238                pulseInt_StartEx
 .text.pulseCounter_Enable
                0x00001254       0x10 .\CortexM3\ARM_GCC_541\Debug\NeoPixel.a(pulseCounter.o)
                0x00001254                pulseCounter_Enable
 .text.pulseCounter_SetInterruptMode
                0x00001264        0xc .\CortexM3\ARM_GCC_541\Debug\NeoPixel.a(pulseCounter.o)
                0x00001264                pulseCounter_SetInterruptMode
 .text.pulseCounter_ReadStatusRegister
                0x00001270        0xc .\CortexM3\ARM_GCC_541\Debug\NeoPixel.a(pulseCounter.o)
                0x00001270                pulseCounter_ReadStatusRegister
 .text.pulseCounter_WriteCounter
                0x0000127c        0xc .\CortexM3\ARM_GCC_541\Debug\NeoPixel.a(pulseCounter.o)
                0x0000127c                pulseCounter_WriteCounter
 .text.pulseCounter_ReadCapture
                0x00001288        0xc .\CortexM3\ARM_GCC_541\Debug\NeoPixel.a(pulseCounter.o)
                0x00001288                pulseCounter_ReadCapture
 .text.pulseCounter_WritePeriod
                0x00001294        0xc .\CortexM3\ARM_GCC_541\Debug\NeoPixel.a(pulseCounter.o)
                0x00001294                pulseCounter_WritePeriod
 .text.pulseCounter_WriteCompare
                0x000012a0        0xc .\CortexM3\ARM_GCC_541\Debug\NeoPixel.a(pulseCounter.o)
                0x000012a0                pulseCounter_WriteCompare
 .text.pulseCounter_ClearFIFO
                0x000012ac       0x14 .\CortexM3\ARM_GCC_541\Debug\NeoPixel.a(pulseCounter.o)
                0x000012ac                pulseCounter_ClearFIFO
 .text.pulseCounter_Init
                0x000012c0       0x5c .\CortexM3\ARM_GCC_541\Debug\NeoPixel.a(pulseCounter.o)
                0x000012c0                pulseCounter_Init
 .text.pulseCounter_Start
                0x0000131c       0x1c .\CortexM3\ARM_GCC_541\Debug\NeoPixel.a(pulseCounter.o)
                0x0000131c                pulseCounter_Start
 .text.echoInt_1_SetVector
                0x00001338        0xc .\CortexM3\ARM_GCC_541\Debug\NeoPixel.a(echoInt_1.o)
                0x00001338                echoInt_1_SetVector
 .text.echoInt_1_SetPriority
                0x00001344       0x10 .\CortexM3\ARM_GCC_541\Debug\NeoPixel.a(echoInt_1.o)
                0x00001344                echoInt_1_SetPriority
 .text.echoInt_1_Enable
                0x00001354        0xc .\CortexM3\ARM_GCC_541\Debug\NeoPixel.a(echoInt_1.o)
                0x00001354                echoInt_1_Enable
 .text.echoInt_1_Disable
                0x00001360        0xc .\CortexM3\ARM_GCC_541\Debug\NeoPixel.a(echoInt_1.o)
                0x00001360                echoInt_1_Disable
 .text.echoInt_1_StartEx
                0x0000136c       0x1c .\CortexM3\ARM_GCC_541\Debug\NeoPixel.a(echoInt_1.o)
                0x0000136c                echoInt_1_StartEx
 .text.echoInt_2_SetVector
                0x00001388        0xc .\CortexM3\ARM_GCC_541\Debug\NeoPixel.a(echoInt_2.o)
                0x00001388                echoInt_2_SetVector
 .text.echoInt_2_SetPriority
                0x00001394       0x10 .\CortexM3\ARM_GCC_541\Debug\NeoPixel.a(echoInt_2.o)
                0x00001394                echoInt_2_SetPriority
 .text.echoInt_2_Enable
                0x000013a4        0xc .\CortexM3\ARM_GCC_541\Debug\NeoPixel.a(echoInt_2.o)
                0x000013a4                echoInt_2_Enable
 .text.echoInt_2_Disable
                0x000013b0        0xc .\CortexM3\ARM_GCC_541\Debug\NeoPixel.a(echoInt_2.o)
                0x000013b0                echoInt_2_Disable
 .text.echoInt_2_StartEx
                0x000013bc       0x1c .\CortexM3\ARM_GCC_541\Debug\NeoPixel.a(echoInt_2.o)
                0x000013bc                echoInt_2_StartEx
 .text.echoInt_3_SetVector
                0x000013d8        0xc .\CortexM3\ARM_GCC_541\Debug\NeoPixel.a(echoInt_3.o)
                0x000013d8                echoInt_3_SetVector
 .text.echoInt_3_SetPriority
                0x000013e4       0x10 .\CortexM3\ARM_GCC_541\Debug\NeoPixel.a(echoInt_3.o)
                0x000013e4                echoInt_3_SetPriority
 .text.echoInt_3_Enable
                0x000013f4        0xc .\CortexM3\ARM_GCC_541\Debug\NeoPixel.a(echoInt_3.o)
                0x000013f4                echoInt_3_Enable
 .text.echoInt_3_Disable
                0x00001400        0xc .\CortexM3\ARM_GCC_541\Debug\NeoPixel.a(echoInt_3.o)
                0x00001400                echoInt_3_Disable
 .text.echoInt_3_StartEx
                0x0000140c       0x1c .\CortexM3\ARM_GCC_541\Debug\NeoPixel.a(echoInt_3.o)
                0x0000140c                echoInt_3_StartEx
 .text.echoInt_4_SetVector
                0x00001428        0xc .\CortexM3\ARM_GCC_541\Debug\NeoPixel.a(echoInt_4.o)
                0x00001428                echoInt_4_SetVector
 .text.echoInt_4_SetPriority
                0x00001434       0x10 .\CortexM3\ARM_GCC_541\Debug\NeoPixel.a(echoInt_4.o)
                0x00001434                echoInt_4_SetPriority
 .text.echoInt_4_Enable
                0x00001444        0xc .\CortexM3\ARM_GCC_541\Debug\NeoPixel.a(echoInt_4.o)
                0x00001444                echoInt_4_Enable
 .text.echoInt_4_Disable
                0x00001450        0xc .\CortexM3\ARM_GCC_541\Debug\NeoPixel.a(echoInt_4.o)
                0x00001450                echoInt_4_Disable
 .text.echoInt_4_StartEx
                0x0000145c       0x1c .\CortexM3\ARM_GCC_541\Debug\NeoPixel.a(echoInt_4.o)
                0x0000145c                echoInt_4_StartEx
 .text.CLK_500kHz_Start
                0x00001478       0x1c .\CortexM3\ARM_GCC_541\Debug\NeoPixel.a(CLK_500kHz.o)
                0x00001478                CLK_500kHz_Start
 .text.triggerPWM_Enable
                0x00001494       0x10 .\CortexM3\ARM_GCC_541\Debug\NeoPixel.a(triggerPWM.o)
                0x00001494                triggerPWM_Enable
 .text.triggerPWM_Stop
                0x000014a4       0x10 .\CortexM3\ARM_GCC_541\Debug\NeoPixel.a(triggerPWM.o)
                0x000014a4                triggerPWM_Stop
 .text.triggerPWM_WriteCounter
                0x000014b4        0xc .\CortexM3\ARM_GCC_541\Debug\NeoPixel.a(triggerPWM.o)
                0x000014b4                triggerPWM_WriteCounter
 .text.triggerPWM_WritePeriod
                0x000014c0        0xc .\CortexM3\ARM_GCC_541\Debug\NeoPixel.a(triggerPWM.o)
                0x000014c0                triggerPWM_WritePeriod
 .text.triggerPWM_WriteCompare
                0x000014cc        0xc .\CortexM3\ARM_GCC_541\Debug\NeoPixel.a(triggerPWM.o)
                0x000014cc                triggerPWM_WriteCompare
 .text.triggerPWM_Init
                0x000014d8       0x40 .\CortexM3\ARM_GCC_541\Debug\NeoPixel.a(triggerPWM.o)
                0x000014d8                triggerPWM_Init
 .text.triggerPWM_Start
                0x00001518       0x1c .\CortexM3\ARM_GCC_541\Debug\NeoPixel.a(triggerPWM.o)
                0x00001518                triggerPWM_Start
 .text.CLK_24MHz_Start
                0x00001534       0x1c .\CortexM3\ARM_GCC_541\Debug\NeoPixel.a(CLK_24MHz.o)
                0x00001534                CLK_24MHz_Start
 .text.Pin1_dir2_Write
                0x00001550       0x18 .\CortexM3\ARM_GCC_541\Debug\NeoPixel.a(Pin1_dir2.o)
                0x00001550                Pin1_dir2_Write
 .text.Pin1_dir1_Write
                0x00001568       0x18 .\CortexM3\ARM_GCC_541\Debug\NeoPixel.a(Pin1_dir1.o)
                0x00001568                Pin1_dir1_Write
 .text.Pin2_dir1_Write
                0x00001580       0x18 .\CortexM3\ARM_GCC_541\Debug\NeoPixel.a(Pin2_dir1.o)
                0x00001580                Pin2_dir1_Write
 .text.Pin2_dir2_Write
                0x00001598       0x18 .\CortexM3\ARM_GCC_541\Debug\NeoPixel.a(Pin2_dir2.o)
                0x00001598                Pin2_dir2_Write
 .text.motorPWM_1_Enable
                0x000015b0       0x10 .\CortexM3\ARM_GCC_541\Debug\NeoPixel.a(motorPWM_1.o)
                0x000015b0                motorPWM_1_Enable
 .text.motorPWM_1_Stop
                0x000015c0       0x10 .\CortexM3\ARM_GCC_541\Debug\NeoPixel.a(motorPWM_1.o)
                0x000015c0                motorPWM_1_Stop
 .text.motorPWM_1_WriteCounter
                0x000015d0        0xc .\CortexM3\ARM_GCC_541\Debug\NeoPixel.a(motorPWM_1.o)
                0x000015d0                motorPWM_1_WriteCounter
 .text.motorPWM_1_WritePeriod
                0x000015dc        0xc .\CortexM3\ARM_GCC_541\Debug\NeoPixel.a(motorPWM_1.o)
                0x000015dc                motorPWM_1_WritePeriod
 .text.motorPWM_1_WriteCompare
                0x000015e8        0xc .\CortexM3\ARM_GCC_541\Debug\NeoPixel.a(motorPWM_1.o)
                0x000015e8                motorPWM_1_WriteCompare
 .text.motorPWM_1_SetInterruptMode
                0x000015f4        0xc .\CortexM3\ARM_GCC_541\Debug\NeoPixel.a(motorPWM_1.o)
                0x000015f4                motorPWM_1_SetInterruptMode
 .text.motorPWM_1_ReadStatusRegister
                0x00001600        0xc .\CortexM3\ARM_GCC_541\Debug\NeoPixel.a(motorPWM_1.o)
                0x00001600                motorPWM_1_ReadStatusRegister
 .text.motorPWM_1_ReadCapture
                0x0000160c        0xc .\CortexM3\ARM_GCC_541\Debug\NeoPixel.a(motorPWM_1.o)
                0x0000160c                motorPWM_1_ReadCapture
 .text.motorPWM_1_ClearFIFO
                0x00001618       0x14 .\CortexM3\ARM_GCC_541\Debug\NeoPixel.a(motorPWM_1.o)
                0x00001618                motorPWM_1_ClearFIFO
 .text.motorPWM_1_Init
                0x0000162c       0x50 .\CortexM3\ARM_GCC_541\Debug\NeoPixel.a(motorPWM_1.o)
                0x0000162c                motorPWM_1_Init
 .text.motorPWM_1_Start
                0x0000167c       0x1c .\CortexM3\ARM_GCC_541\Debug\NeoPixel.a(motorPWM_1.o)
                0x0000167c                motorPWM_1_Start
 .text.ball_int_SetVector
                0x00001698        0xc .\CortexM3\ARM_GCC_541\Debug\NeoPixel.a(ball_int.o)
                0x00001698                ball_int_SetVector
 .text.ball_int_SetPriority
                0x000016a4       0x10 .\CortexM3\ARM_GCC_541\Debug\NeoPixel.a(ball_int.o)
                0x000016a4                ball_int_SetPriority
 .text.ball_int_Enable
                0x000016b4        0xc .\CortexM3\ARM_GCC_541\Debug\NeoPixel.a(ball_int.o)
                0x000016b4                ball_int_Enable
 .text.ball_int_Disable
                0x000016c0        0xc .\CortexM3\ARM_GCC_541\Debug\NeoPixel.a(ball_int.o)
                0x000016c0                ball_int_Disable
 .text.ball_int_StartEx
                0x000016cc       0x1c .\CortexM3\ARM_GCC_541\Debug\NeoPixel.a(ball_int.o)
                0x000016cc                ball_int_StartEx
 .text.isr_rpi_start_SetVector
                0x000016e8        0xc .\CortexM3\ARM_GCC_541\Debug\NeoPixel.a(isr_rpi_start.o)
                0x000016e8                isr_rpi_start_SetVector
 .text.isr_rpi_start_SetPriority
                0x000016f4       0x10 .\CortexM3\ARM_GCC_541\Debug\NeoPixel.a(isr_rpi_start.o)
                0x000016f4                isr_rpi_start_SetPriority
 .text.isr_rpi_start_Enable
                0x00001704        0xc .\CortexM3\ARM_GCC_541\Debug\NeoPixel.a(isr_rpi_start.o)
                0x00001704                isr_rpi_start_Enable
 .text.isr_rpi_start_Disable
                0x00001710        0xc .\CortexM3\ARM_GCC_541\Debug\NeoPixel.a(isr_rpi_start.o)
                0x00001710                isr_rpi_start_Disable
 .text.isr_rpi_start_StartEx
                0x0000171c       0x1c .\CortexM3\ARM_GCC_541\Debug\NeoPixel.a(isr_rpi_start.o)
                0x0000171c                isr_rpi_start_StartEx
 .text.Pin_score_Write
                0x00001738       0x18 .\CortexM3\ARM_GCC_541\Debug\NeoPixel.a(Pin_score.o)
                0x00001738                Pin_score_Write
 .text.isr_rpi_stop_SetVector
                0x00001750        0xc .\CortexM3\ARM_GCC_541\Debug\NeoPixel.a(isr_rpi_stop.o)
                0x00001750                isr_rpi_stop_SetVector
 .text.isr_rpi_stop_SetPriority
                0x0000175c       0x10 .\CortexM3\ARM_GCC_541\Debug\NeoPixel.a(isr_rpi_stop.o)
                0x0000175c                isr_rpi_stop_SetPriority
 .text.isr_rpi_stop_Enable
                0x0000176c        0xc .\CortexM3\ARM_GCC_541\Debug\NeoPixel.a(isr_rpi_stop.o)
                0x0000176c                isr_rpi_stop_Enable
 .text.isr_rpi_stop_Disable
                0x00001778        0xc .\CortexM3\ARM_GCC_541\Debug\NeoPixel.a(isr_rpi_stop.o)
                0x00001778                isr_rpi_stop_Disable
 .text.isr_rpi_stop_StartEx
                0x00001784       0x1c .\CortexM3\ARM_GCC_541\Debug\NeoPixel.a(isr_rpi_stop.o)
                0x00001784                isr_rpi_stop_StartEx
 .text.ADC_SAR_1_CalcGain
                0x000017a0       0x64 .\CortexM3\ARM_GCC_541\Debug\NeoPixel.a(ADC_SAR_1.o)
 .text.ADC_SAR_1_Enable
                0x00001804       0x94 .\CortexM3\ARM_GCC_541\Debug\NeoPixel.a(ADC_SAR_1.o)
                0x00001804                ADC_SAR_1_Enable
 .text.ADC_SAR_1_SetResolution
                0x00001898       0x38 .\CortexM3\ARM_GCC_541\Debug\NeoPixel.a(ADC_SAR_1.o)
                0x00001898                ADC_SAR_1_SetResolution
 .text.ADC_SAR_1_Init
                0x000018d0       0x3c .\CortexM3\ARM_GCC_541\Debug\NeoPixel.a(ADC_SAR_1.o)
                0x000018d0                ADC_SAR_1_Init
 .text.ADC_SAR_1_Start
                0x0000190c       0x1c .\CortexM3\ARM_GCC_541\Debug\NeoPixel.a(ADC_SAR_1.o)
                0x0000190c                ADC_SAR_1_Start
 .text.ADC_SAR_1_StartConvert
                0x00001928       0x10 .\CortexM3\ARM_GCC_541\Debug\NeoPixel.a(ADC_SAR_1.o)
                0x00001928                ADC_SAR_1_StartConvert
 .text.ADC_SAR_1_StopConvert
                0x00001938       0x10 .\CortexM3\ARM_GCC_541\Debug\NeoPixel.a(ADC_SAR_1.o)
                0x00001938                ADC_SAR_1_StopConvert
 .text.ADC_SAR_1_IsEndConversion
                0x00001948       0x24 .\CortexM3\ARM_GCC_541\Debug\NeoPixel.a(ADC_SAR_1.o)
                0x00001948                ADC_SAR_1_IsEndConversion
 .text.ADC_SAR_1_GetResult16
                0x0000196c       0x18 .\CortexM3\ARM_GCC_541\Debug\NeoPixel.a(ADC_SAR_1.o)
                0x0000196c                ADC_SAR_1_GetResult16
 .text.ADC_SAR_1_ISR
                0x00001984        0x4 .\CortexM3\ARM_GCC_541\Debug\NeoPixel.a(ADC_SAR_1_INT.o)
                0x00001984                ADC_SAR_1_ISR
 .text.motorPWM_2_Enable
                0x00001988       0x10 .\CortexM3\ARM_GCC_541\Debug\NeoPixel.a(motorPWM_2.o)
                0x00001988                motorPWM_2_Enable
 .text.motorPWM_2_Stop
                0x00001998       0x10 .\CortexM3\ARM_GCC_541\Debug\NeoPixel.a(motorPWM_2.o)
                0x00001998                motorPWM_2_Stop
 .text.motorPWM_2_WriteCounter
                0x000019a8        0xc .\CortexM3\ARM_GCC_541\Debug\NeoPixel.a(motorPWM_2.o)
                0x000019a8                motorPWM_2_WriteCounter
 .text.motorPWM_2_WritePeriod
                0x000019b4        0xc .\CortexM3\ARM_GCC_541\Debug\NeoPixel.a(motorPWM_2.o)
                0x000019b4                motorPWM_2_WritePeriod
 .text.motorPWM_2_WriteCompare
                0x000019c0        0xc .\CortexM3\ARM_GCC_541\Debug\NeoPixel.a(motorPWM_2.o)
                0x000019c0                motorPWM_2_WriteCompare
 .text.motorPWM_2_SetInterruptMode
                0x000019cc        0xc .\CortexM3\ARM_GCC_541\Debug\NeoPixel.a(motorPWM_2.o)
                0x000019cc                motorPWM_2_SetInterruptMode
 .text.motorPWM_2_ReadStatusRegister
                0x000019d8        0xc .\CortexM3\ARM_GCC_541\Debug\NeoPixel.a(motorPWM_2.o)
                0x000019d8                motorPWM_2_ReadStatusRegister
 .text.motorPWM_2_ReadCapture
                0x000019e4        0xc .\CortexM3\ARM_GCC_541\Debug\NeoPixel.a(motorPWM_2.o)
                0x000019e4                motorPWM_2_ReadCapture
 .text.motorPWM_2_ClearFIFO
                0x000019f0       0x14 .\CortexM3\ARM_GCC_541\Debug\NeoPixel.a(motorPWM_2.o)
                0x000019f0                motorPWM_2_ClearFIFO
 .text.motorPWM_2_Init
                0x00001a04       0x50 .\CortexM3\ARM_GCC_541\Debug\NeoPixel.a(motorPWM_2.o)
                0x00001a04                motorPWM_2_Init
 .text.motorPWM_2_Start
                0x00001a54       0x1c .\CortexM3\ARM_GCC_541\Debug\NeoPixel.a(motorPWM_2.o)
                0x00001a54                motorPWM_2_Start
 .text.soundUART_Init
                0x00001a70       0x18 .\CortexM3\ARM_GCC_541\Debug\NeoPixel.a(soundUART.o)
                0x00001a70                soundUART_Init
 .text.soundUART_Enable
                0x00001a88       0x24 .\CortexM3\ARM_GCC_541\Debug\NeoPixel.a(soundUART.o)
                0x00001a88                soundUART_Enable
 .text.soundUART_Start
                0x00001aac       0x1c .\CortexM3\ARM_GCC_541\Debug\NeoPixel.a(soundUART.o)
                0x00001aac                soundUART_Start
 .text.soundUART_PutChar
                0x00001ac8       0x18 .\CortexM3\ARM_GCC_541\Debug\NeoPixel.a(soundUART.o)
                0x00001ac8                soundUART_PutChar
 .text.soundUART_PutArray
                0x00001ae0       0x28 .\CortexM3\ARM_GCC_541\Debug\NeoPixel.a(soundUART.o)
                0x00001ae0                soundUART_PutArray
 .text.ADC_SAR_1_theACLK_SetModeRegister
                0x00001b08       0x14 .\CortexM3\ARM_GCC_541\Debug\NeoPixel.a(ADC_SAR_1_theACLK.o)
                0x00001b08                ADC_SAR_1_theACLK_SetModeRegister
 .text.soundUART_IntClock_Start
                0x00001b1c       0x1c .\CortexM3\ARM_GCC_541\Debug\NeoPixel.a(soundUART_IntClock.o)
                0x00001b1c                soundUART_IntClock_Start
 .text          0x00001b38       0x20 .\CortexM3\ARM_GCC_541\Debug\NeoPixel.a(CyBootAsmGnu.o)
                0x00001b38                CyDelayCycles
                0x00001b48                CyEnterCriticalSection
                0x00001b50                CyExitCriticalSection
 .text          0x00001b58      0x424 c:/program files (x86)/cypress/psoc creator/4.2/psoc creator/import/gnu/arm/5.4.1/bin/../lib/gcc/arm-none-eabi/5.4.1/armv7-m\libgcc.a(_arm_muldivdf3.o)
                0x00001b58                __aeabi_dmul
                0x00001b58                __muldf3
                0x00001dac                __divdf3
                0x00001dac                __aeabi_ddiv
 .text          0x00001f7c      0x110 c:/program files (x86)/cypress/psoc creator/4.2/psoc creator/import/gnu/arm/5.4.1/bin/../lib/gcc/arm-none-eabi/5.4.1/armv7-m\libgcc.a(_arm_cmpdf2.o)
                0x00001f7c                __gtdf2
                0x00001f7c                __gedf2
                0x00001f84                __ltdf2
                0x00001f84                __ledf2
                0x00001f8c                __nedf2
                0x00001f8c                __eqdf2
                0x00001f8c                __cmpdf2
                0x00002008                __aeabi_cdrcmple
                0x00002018                __aeabi_cdcmpeq
                0x00002018                __aeabi_cdcmple
                0x00002028                __aeabi_dcmpeq
                0x0000203c                __aeabi_dcmplt
                0x00002050                __aeabi_dcmple
                0x00002064                __aeabi_dcmpge
                0x00002078                __aeabi_dcmpgt
 .text          0x0000208c       0x40 c:/program files (x86)/cypress/psoc creator/4.2/psoc creator/import/gnu/arm/5.4.1/bin/../lib/gcc/arm-none-eabi/5.4.1/armv7-m\libgcc.a(_arm_fixunsdfsi.o)
                0x0000208c                __aeabi_d2uiz
                0x0000208c                __fixunsdfsi
 .text.__errno  0x000020cc        0xc c:/program files (x86)/cypress/psoc creator/4.2/psoc creator/import/gnu/arm/5.4.1/bin/../lib/gcc/arm-none-eabi/5.4.1/../../../../arm-none-eabi/lib/armv7-m\libg_nano.a(lib_a-errno.o)
                0x000020cc                __errno
 .text.__libc_init_array
                0x000020d8       0x4c c:/program files (x86)/cypress/psoc creator/4.2/psoc creator/import/gnu/arm/5.4.1/bin/../lib/gcc/arm-none-eabi/5.4.1/../../../../arm-none-eabi/lib/armv7-m\libg_nano.a(lib_a-init.o)
                0x000020d8                __libc_init_array
 .text.malloc   0x00002124       0x10 c:/program files (x86)/cypress/psoc creator/4.2/psoc creator/import/gnu/arm/5.4.1/bin/../lib/gcc/arm-none-eabi/5.4.1/../../../../arm-none-eabi/lib/armv7-m\libg_nano.a(lib_a-malloc.o)
                0x00002124                malloc
 .text.memcpy   0x00002134       0x16 c:/program files (x86)/cypress/psoc creator/4.2/psoc creator/import/gnu/arm/5.4.1/bin/../lib/gcc/arm-none-eabi/5.4.1/../../../../arm-none-eabi/lib/armv7-m\libg_nano.a(lib_a-memcpy-stub.o)
                0x00002134                memcpy
 .text.memset   0x0000214a       0x10 c:/program files (x86)/cypress/psoc creator/4.2/psoc creator/import/gnu/arm/5.4.1/bin/../lib/gcc/arm-none-eabi/5.4.1/../../../../arm-none-eabi/lib/armv7-m\libg_nano.a(lib_a-memset.o)
                0x0000214a                memset
 *fill*         0x0000215a        0x2 
 .text._malloc_r
                0x0000215c       0xbc c:/program files (x86)/cypress/psoc creator/4.2/psoc creator/import/gnu/arm/5.4.1/bin/../lib/gcc/arm-none-eabi/5.4.1/../../../../arm-none-eabi/lib/armv7-m\libg_nano.a(lib_a-nano-mallocr.o)
                0x0000215c                _malloc_r
 .text.srand    0x00002218       0x50 c:/program files (x86)/cypress/psoc creator/4.2/psoc creator/import/gnu/arm/5.4.1/bin/../lib/gcc/arm-none-eabi/5.4.1/../../../../arm-none-eabi/lib/armv7-m\libg_nano.a(lib_a-rand.o)
                0x00002218                srand
 .text.rand     0x00002268       0x74 c:/program files (x86)/cypress/psoc creator/4.2/psoc creator/import/gnu/arm/5.4.1/bin/../lib/gcc/arm-none-eabi/5.4.1/../../../../arm-none-eabi/lib/armv7-m\libg_nano.a(lib_a-rand.o)
                0x00002268                rand
 .text._sbrk_r  0x000022dc       0x20 c:/program files (x86)/cypress/psoc creator/4.2/psoc creator/import/gnu/arm/5.4.1/bin/../lib/gcc/arm-none-eabi/5.4.1/../../../../arm-none-eabi/lib/armv7-m\libg_nano.a(lib_a-sbrkr.o)
                0x000022dc                _sbrk_r
 .text.time     0x000022fc       0x28 c:/program files (x86)/cypress/psoc creator/4.2/psoc creator/import/gnu/arm/5.4.1/bin/../lib/gcc/arm-none-eabi/5.4.1/../../../../arm-none-eabi/lib/armv7-m\libg_nano.a(lib_a-time.o)
                0x000022fc                time
 .text._gettimeofday_r
                0x00002324       0x24 c:/program files (x86)/cypress/psoc creator/4.2/psoc creator/import/gnu/arm/5.4.1/bin/../lib/gcc/arm-none-eabi/5.4.1/../../../../arm-none-eabi/lib/armv7-m\libg_nano.a(lib_a-gettimeofdayr.o)
                0x00002324                _gettimeofday_r
 .text.__malloc_lock
                0x00002348        0x2 c:/program files (x86)/cypress/psoc creator/4.2/psoc creator/import/gnu/arm/5.4.1/bin/../lib/gcc/arm-none-eabi/5.4.1/../../../../arm-none-eabi/lib/armv7-m\libg_nano.a(lib_a-mlock.o)
                0x00002348                __malloc_lock
 .text.__malloc_unlock
                0x0000234a        0x2 c:/program files (x86)/cypress/psoc creator/4.2/psoc creator/import/gnu/arm/5.4.1/bin/../lib/gcc/arm-none-eabi/5.4.1/../../../../arm-none-eabi/lib/armv7-m\libg_nano.a(lib_a-mlock.o)
                0x0000234a                __malloc_unlock
 .text._gettimeofday
                0x0000234c       0x10 c:/program files (x86)/cypress/psoc creator/4.2/psoc creator/import/gnu/arm/5.4.1/bin/../lib/gcc/arm-none-eabi/5.4.1/../../../../arm-none-eabi/lib/armv7-m\libnosys.a(gettod.o)
                0x0000234c                _gettimeofday
 *(.plt)
 *(.gnu.warning)
 *(.glue_7t)
 .glue_7t       0x0000235c        0x0 linker stubs
 *(.glue_7)
 .glue_7        0x0000235c        0x0 linker stubs
 *(.vfp11_veneer)
 .vfp11_veneer  0x0000235c        0x0 linker stubs
 *(.bootloader)
 *(.ARM.extab* .gnu.linkonce.armextab.*)
 *(.gcc_except_table)

.v4_bx          0x0000235c        0x0
 .v4_bx         0x0000235c        0x0 linker stubs

.iplt           0x0000235c        0x0
 .iplt          0x0000235c        0x0 c:/program files (x86)/cypress/psoc creator/4.2/psoc creator/import/gnu/arm/5.4.1/bin/../lib/gcc/arm-none-eabi/5.4.1/armv7-m/crtbegin.o

.eh_frame_hdr
 *(.eh_frame_hdr)

.eh_frame       0x0000235c        0x4
 *(.eh_frame)
 .eh_frame      0x0000235c        0x0 c:/program files (x86)/cypress/psoc creator/4.2/psoc creator/import/gnu/arm/5.4.1/bin/../lib/gcc/arm-none-eabi/5.4.1/armv7-m/crtbegin.o
 .eh_frame      0x0000235c        0x4 c:/program files (x86)/cypress/psoc creator/4.2/psoc creator/import/gnu/arm/5.4.1/bin/../lib/gcc/arm-none-eabi/5.4.1/armv7-m/crtend.o
                [!provide]                PROVIDE (__exidx_start, .)

.ARM.exidx
 *(.ARM.exidx* .gnu.linkonce.armexidx.*)
                0x00002360                __exidx_end = .

.rodata         0x00002360       0x88
 *(.rodata .rodata.* .gnu.linkonce.r.*)
 .rodata        0x00002360       0x28 .\CortexM3\ARM_GCC_541\Debug\soundApp.o
                0x00002360                setSource
                0x00002368                volume
                0x00002370                playStart
                0x00002378                playStop
                0x00002380                playPoint
 .rodata        0x00002388       0x24 .\CortexM3\ARM_GCC_541\Debug\cyfitter_cfg.o
 .rodata.str1.1
                0x000023ac        0x2 c:/program files (x86)/cypress/psoc creator/4.2/psoc creator/import/gnu/arm/5.4.1/bin/../lib/gcc/arm-none-eabi/5.4.1/../../../../arm-none-eabi/lib/armv7-m\libg_nano.a(lib_a-impure.o)
                0x000023b0                . = ALIGN (0x4)
 *fill*         0x000023ae        0x2 
 *(.init)
 .init          0x000023b0        0x4 c:/program files (x86)/cypress/psoc creator/4.2/psoc creator/import/gnu/arm/5.4.1/bin/../lib/gcc/arm-none-eabi/5.4.1/armv7-m/crti.o
                0x000023b0                _init
 .init          0x000023b4        0x8 c:/program files (x86)/cypress/psoc creator/4.2/psoc creator/import/gnu/arm/5.4.1/bin/../lib/gcc/arm-none-eabi/5.4.1/armv7-m/crtn.o
                0x000023bc                . = ALIGN (0x4)
                0x000023bc                __preinit_array_start = .
 *(.preinit_array)
                0x000023bc                __preinit_array_end = .
                0x000023bc                . = ALIGN (0x4)
                0x000023bc                __init_array_start = .
 *(SORT(.init_array.*))
 *(.init_array)
 .init_array    0x000023bc        0x4 c:/program files (x86)/cypress/psoc creator/4.2/psoc creator/import/gnu/arm/5.4.1/bin/../lib/gcc/arm-none-eabi/5.4.1/armv7-m/crtbegin.o
 .init_array    0x000023c0        0x4 .\CortexM3\ARM_GCC_541\Debug\Cm3Start.o
                0x000023c4                __init_array_end = .
                0x000023c4                . = ALIGN (0x4)
 *(.fini)
 .fini          0x000023c4        0x4 c:/program files (x86)/cypress/psoc creator/4.2/psoc creator/import/gnu/arm/5.4.1/bin/../lib/gcc/arm-none-eabi/5.4.1/armv7-m/crti.o
                0x000023c4                _fini
 .fini          0x000023c8        0x8 c:/program files (x86)/cypress/psoc creator/4.2/psoc creator/import/gnu/arm/5.4.1/bin/../lib/gcc/arm-none-eabi/5.4.1/armv7-m/crtn.o
                0x000023d0                . = ALIGN (0x4)
                0x000023d0                __fini_array_start = .
 *(.fini_array)
 .fini_array    0x000023d0        0x4 c:/program files (x86)/cypress/psoc creator/4.2/psoc creator/import/gnu/arm/5.4.1/bin/../lib/gcc/arm-none-eabi/5.4.1/armv7-m/crtbegin.o
 *(SORT(.fini_array.*))
                0x000023d4                __fini_array_end = .
                0x000023d4                . = ALIGN (0x4)
 *crtbegin.o(.ctors)
 *(EXCLUDE_FILE(*crtend.o) .ctors)
 *(SORT(.ctors.*))
 *crtend.o(.ctors)
                0x000023d4                . = ALIGN (0x4)
 *crtbegin.o(.dtors)
 *(EXCLUDE_FILE(*crtend.o) .dtors)
 *(SORT(.dtors.*))
 *crtend.o(.dtors)
                0x000023d4                . = ALIGN (0x4)
                0x000023d4                __cy_regions = .
                0x000023d4        0x4 LONG 0x23e8 __cy_region_init_ram
                0x000023d8        0x4 LONG 0x1fff80c8 __cy_region_start_data
                0x000023dc        0x4 LONG 0xc0 __cy_region_init_size_ram
                0x000023e0        0x4 LONG 0x1c8 __cy_region_zero_size_ram
                0x000023e4                __cy_regions_end = .
                0x000023e8                . = ALIGN (0x8)
 *fill*         0x000023e4        0x4 
                0x000023e8                _etext = .

.cy_checksum_exclude
                0x000023e8        0x0
 *(.cy_checksum_exclude)

.ramvectors     0x1fff8000       0xc0
                0x1fff8000                __cy_region_start_ram = .
 *(.ramvectors)
 .ramvectors    0x1fff8000       0xc0 .\CortexM3\ARM_GCC_541\Debug\Cm3Start.o
                0x1fff8000                CyRamVectors

.noinit         0x1fff80c0        0x1
 *(.noinit)
 .noinit        0x1fff80c0        0x1 .\CortexM3\ARM_GCC_541\Debug\NeoPixel.a(CyLib.o)
                0x1fff80c0                CyResetStatus

.data           0x1fff80c8       0xc0 load address 0x000023e8
                0x1fff80c8                __cy_region_start_data = .
 *(.jcr)
 .jcr           0x1fff80c8        0x0 c:/program files (x86)/cypress/psoc creator/4.2/psoc creator/import/gnu/arm/5.4.1/bin/../lib/gcc/arm-none-eabi/5.4.1/armv7-m/crtbegin.o
 .jcr           0x1fff80c8        0x4 c:/program files (x86)/cypress/psoc creator/4.2/psoc creator/import/gnu/arm/5.4.1/bin/../lib/gcc/arm-none-eabi/5.4.1/armv7-m/crtend.o
 *(.got.plt)
 *(.got)
 *(.shdata)
 *(.data .data.* .gnu.linkonce.d.*)
 .data          0x1fff80cc       0x38 .\CortexM3\ARM_GCC_541\Debug\MotorApp.o
                0x1fff80cc                driveState
 .data          0x1fff8104        0x4 .\CortexM3\ARM_GCC_541\Debug\Cm3Start.o
 .data          0x1fff8108        0x8 .\CortexM3\ARM_GCC_541\Debug\NeoPixel.a(CyDmac.o)
 .data          0x1fff8110       0x10 .\CortexM3\ARM_GCC_541\Debug\NeoPixel.a(CyLib.o)
                0x1fff8110                cydelay_32k_ms
                0x1fff8114                cydelay_freq_khz
                0x1fff8118                cydelay_freq_mhz
                0x1fff811c                cydelay_freq_hz
 .data          0x1fff8120        0x1 .\CortexM3\ARM_GCC_541\Debug\NeoPixel.a(NP_DMA_dma.o)
                0x1fff8120                NP_DMA_DmaHandle
 *fill*         0x1fff8121        0x3 
 .data.impure_data
                0x1fff8124       0x60 c:/program files (x86)/cypress/psoc creator/4.2/psoc creator/import/gnu/arm/5.4.1/bin/../lib/gcc/arm-none-eabi/5.4.1/../../../../arm-none-eabi/lib/armv7-m\libg_nano.a(lib_a-impure.o)
 .data._impure_ptr
                0x1fff8184        0x4 c:/program files (x86)/cypress/psoc creator/4.2/psoc creator/import/gnu/arm/5.4.1/bin/../lib/gcc/arm-none-eabi/5.4.1/../../../../arm-none-eabi/lib/armv7-m\libg_nano.a(lib_a-impure.o)
                0x1fff8184                _impure_ptr
                0x1fff8188                . = ALIGN (0x8)
 *(.ram)
                0x1fff8188                _edata = .

.igot.plt       0x1fff8188        0x0 load address 0x000024a8
 .igot.plt      0x1fff8188        0x0 c:/program files (x86)/cypress/psoc creator/4.2/psoc creator/import/gnu/arm/5.4.1/bin/../lib/gcc/arm-none-eabi/5.4.1/armv7-m/crtbegin.o

.bss            0x1fff8188      0x1c8 load address 0x000024a8
                0x1fff8188                PROVIDE (__bss_start__, .)
 *(.shbss)
 *(.bss .bss.* .gnu.linkonce.b.*)
 .bss           0x1fff8188       0x1c c:/program files (x86)/cypress/psoc creator/4.2/psoc creator/import/gnu/arm/5.4.1/bin/../lib/gcc/arm-none-eabi/5.4.1/armv7-m/crtbegin.o
 .bss           0x1fff81a4       0x14 .\CortexM3\ARM_GCC_541\Debug\edgeSensorApp.o
                0x1fff81a4                e1
                0x1fff81a8                e2
                0x1fff81ac                e3
                0x1fff81b0                e4
                0x1fff81b4                status
 .bss           0x1fff81b8        0x1 .\CortexM3\ARM_GCC_541\Debug\NeoPixel.a(NP_Neo_BITCNT.o)
                0x1fff81b8                NP_Neo_BITCNT_initVar
 .bss           0x1fff81b9        0x1 .\CortexM3\ARM_GCC_541\Debug\NeoPixel.a(NP_Neo_ONTime.o)
                0x1fff81b9                NP_Neo_ONTime_initVar
 .bss           0x1fff81ba        0x1 .\CortexM3\ARM_GCC_541\Debug\NeoPixel.a(NP_Neo_OFFTime.o)
                0x1fff81ba                NP_Neo_OFFTime_initVar
 .bss           0x1fff81bb        0x1 .\CortexM3\ARM_GCC_541\Debug\NeoPixel.a(pulseCounter.o)
                0x1fff81bb                pulseCounter_initVar
 .bss           0x1fff81bc        0x1 .\CortexM3\ARM_GCC_541\Debug\NeoPixel.a(triggerPWM.o)
                0x1fff81bc                triggerPWM_initVar
 .bss           0x1fff81bd        0x1 .\CortexM3\ARM_GCC_541\Debug\NeoPixel.a(motorPWM_1.o)
                0x1fff81bd                motorPWM_1_initVar
 .bss           0x1fff81be        0x1 .\CortexM3\ARM_GCC_541\Debug\NeoPixel.a(ADC_SAR_1.o)
                0x1fff81be                ADC_SAR_1_initVar
 .bss           0x1fff81bf        0x1 .\CortexM3\ARM_GCC_541\Debug\NeoPixel.a(motorPWM_2.o)
                0x1fff81bf                motorPWM_2_initVar
 .bss           0x1fff81c0        0x2 .\CortexM3\ARM_GCC_541\Debug\NeoPixel.a(soundUART.o)
                0x1fff81c0                soundUART_initVar
 *fill*         0x1fff81c2        0x2 
 .bss.__malloc_sbrk_start
                0x1fff81c4        0x4 c:/program files (x86)/cypress/psoc creator/4.2/psoc creator/import/gnu/arm/5.4.1/bin/../lib/gcc/arm-none-eabi/5.4.1/../../../../arm-none-eabi/lib/armv7-m\libg_nano.a(lib_a-nano-mallocr.o)
                0x1fff81c4                __malloc_sbrk_start
 .bss.__malloc_free_list
                0x1fff81c8        0x4 c:/program files (x86)/cypress/psoc creator/4.2/psoc creator/import/gnu/arm/5.4.1/bin/../lib/gcc/arm-none-eabi/5.4.1/../../../../arm-none-eabi/lib/armv7-m\libg_nano.a(lib_a-nano-mallocr.o)
                0x1fff81c8                __malloc_free_list
 *(COMMON)
 COMMON         0x1fff81cc      0x166 .\CortexM3\ARM_GCC_541\Debug\main.o
                0x1fff81cc                NP_g_nFrameBufferSize
                0x1fff81d0                count_ok
                0x1fff81d4                pPixelArray
                0x1fff8207                NP_g_bOwnsBuffer
                0x1fff8208                state
                0x1fff820c                NP_g_nDMA_TD
                0x1fff8210                NP_g_nNumberOfPixels
                0x1fff8214                status_scale
                0x1fff8218                randState
                0x1fff821c                count_not_ok
                0x1fff8220                rpiRunning
                0x1fff8224                NP_g_pFrameBuffer
                0x1fff8228                running_
                0x1fff822c                NP_g_nDMA_Chan
                0x1fff822e                result
                0x1fff8230                uartBuffer
                0x1fff8330                measurement
 *fill*         0x1fff8332        0x2 
 COMMON         0x1fff8334        0x8 .\CortexM3\ARM_GCC_541\Debug\edgeSensorApp.o
                0x1fff8334                pulseWidth
                0x1fff8338                time_us
 COMMON         0x1fff833c        0xa .\CortexM3\ARM_GCC_541\Debug\NeoPixel.a(ADC_SAR_1.o)
                0x1fff833c                ADC_SAR_1_countsPerVolt
                0x1fff833e                ADC_SAR_1_shift
                0x1fff8340                ADC_SAR_1_countsPer10Volt
                0x1fff8344                ADC_SAR_1_offset
 *fill*         0x1fff8346        0x2 
 COMMON         0x1fff8348        0x4 c:/program files (x86)/cypress/psoc creator/4.2/psoc creator/import/gnu/arm/5.4.1/bin/../lib/gcc/arm-none-eabi/5.4.1/../../../../arm-none-eabi/lib/armv7-m\libg_nano.a(lib_a-reent.o)
                0x1fff8348                errno
                0x1fff8350                . = ALIGN (0x8)
 *fill*         0x1fff834c        0x4 
 *(.ram.b)
                0x1fff8350                _end = .
                0x1fff8350                __end = .
                0x1fff8350                PROVIDE (end, .)
                0x1fff8350                PROVIDE (__bss_end__, .)
                0x000023e8                __cy_region_init_ram = LOADADDR (.data)
                0x000000c0                __cy_region_init_size_ram = (_edata - ADDR (.data))
                0x000001c8                __cy_region_zero_size_ram = (_end - _edata)

.heap           0x1fff8350       0x80 load address 0x000024a8
                0x1fff8350                . = _end
                0x1fff83d0                . = (. + 0x80)
 *fill*         0x1fff8350       0x80 
                0x1fff83d0                __cy_heap_limit = .

.stack          0x20007800      0x800
                0x20007800                __cy_stack_limit = .
                0x20008000                . = (. + 0x800)
 *fill*         0x20007800      0x800 
                0x00000001                ASSERT ((__cy_stack_limit >= __cy_heap_limit), region RAM overflowed with stack)
                0x00000000                cy_checksum_exclude_size = (CY_APPL_LOADABLE == 0x1)?SIZEOF (.cy_checksum_exclude):0x0
                0x00000001                ASSERT ((cy_checksum_exclude_size <= CY_CHECKSUM_EXCLUDE_SIZE), CY_BOOT: Section .cy_checksum_exclude size exceedes specified limit.)

.cyloadermeta
 *(.cyloadermeta)

.cyloadablemeta
 *(.cyloadablemeta)

.cyconfigecc    0x80000000      0x7ac
 *(.cyconfigecc)
 .cyconfigecc   0x80000000      0x7ac .\CortexM3\ARM_GCC_541\Debug\cymetadata.o
                0x80000000                cy_meta_configecc

.cycustnvl      0x90000000        0x4
 *(.cycustnvl)
 .cycustnvl     0x90000000        0x4 .\CortexM3\ARM_GCC_541\Debug\cymetadata.o
                0x90000000                cy_meta_custnvl

.cywolatch      0x90100000        0x4
 *(.cywolatch)
 .cywolatch     0x90100000        0x4 .\CortexM3\ARM_GCC_541\Debug\cymetadata.o
                0x90100000                cy_meta_wonvl

.cyeeprom       0x90200000        0x0
 *(.cyeeprom)
                0x00000001                ASSERT ((. <= ((0x90200000 + ee_offset) + ee_size)), .cyeeprom data will not fit in EEPROM)

.cyflashprotect
                0x90400000      0x100
 *(.cyflashprotect)
 .cyflashprotect
                0x90400000      0x100 .\CortexM3\ARM_GCC_541\Debug\cymetadata.o
                0x90400000                cy_meta_flashprotect

.cymeta         0x90500000        0xc
 *(.cymeta)
 .cymeta        0x90500000        0xc .\CortexM3\ARM_GCC_541\Debug\cymetadata.o
                0x90500000                cy_metadata

.rel.dyn        0x000024a8        0x0 load address 0x9050000c
 .rel.iplt      0x000024a8        0x0 c:/program files (x86)/cypress/psoc creator/4.2/psoc creator/import/gnu/arm/5.4.1/bin/../lib/gcc/arm-none-eabi/5.4.1/armv7-m/crtbegin.o

.stab           0x00000000       0x24
 *(.stab)
 .stab          0x00000000       0x24 c:/program files (x86)/cypress/psoc creator/4.2/psoc creator/import/gnu/arm/5.4.1/bin/../lib/gcc/arm-none-eabi/5.4.1/../../../../arm-none-eabi/lib/armv7-m\libnosys.a(gettod.o)

.stabstr        0x00000000       0x4e
 *(.stabstr)
 .stabstr       0x00000000       0x4e c:/program files (x86)/cypress/psoc creator/4.2/psoc creator/import/gnu/arm/5.4.1/bin/../lib/gcc/arm-none-eabi/5.4.1/../../../../arm-none-eabi/lib/armv7-m\libnosys.a(gettod.o)

.debug
 *(.debug)

.line
 *(.line)

.debug_srcinfo
 *(.debug_srcinfo)

.debug_sfnames
 *(.debug_sfnames)

.debug_aranges  0x00000000     0x13b8
 *(.debug_aranges)
 .debug_aranges
                0x00000000       0x28 .\CortexM3\ARM_GCC_541\Debug\main.o
 .debug_aranges
                0x00000028       0x58 .\CortexM3\ARM_GCC_541\Debug\LedHandler.o
 .debug_aranges
                0x00000080       0x50 .\CortexM3\ARM_GCC_541\Debug\edgeSensorApp.o
 .debug_aranges
                0x000000d0       0x58 .\CortexM3\ARM_GCC_541\Debug\MotorApp.o
 .debug_aranges
                0x00000128       0x48 .\CortexM3\ARM_GCC_541\Debug\rpiCommunication.o
 .debug_aranges
                0x00000170       0x28 .\CortexM3\ARM_GCC_541\Debug\scale.o
 .debug_aranges
                0x00000198       0x28 .\CortexM3\ARM_GCC_541\Debug\soundApp.o
 .debug_aranges
                0x000001c0       0x28 .\CortexM3\ARM_GCC_541\Debug\waitingState.o
 .debug_aranges
                0x000001e8       0x58 .\CortexM3\ARM_GCC_541\Debug\cyfitter_cfg.o
 .debug_aranges
                0x00000240       0x18 .\CortexM3\ARM_GCC_541\Debug\cymetadata.o
 .debug_aranges
                0x00000258       0x48 .\CortexM3\ARM_GCC_541\Debug\Cm3Start.o
 .debug_aranges
                0x000002a0       0xd8 .\CortexM3\ARM_GCC_541\Debug\NeoPixel.a(CyDmac.o)
 .debug_aranges
                0x00000378      0x298 .\CortexM3\ARM_GCC_541\Debug\NeoPixel.a(CyLib.o)
 .debug_aranges
                0x00000610       0x98 .\CortexM3\ARM_GCC_541\Debug\NeoPixel.a(cyPm.o)
 .debug_aranges
                0x000006a8       0x30 .\CortexM3\ARM_GCC_541\Debug\NeoPixel.a(NP_funcs.o)
 .debug_aranges
                0x000006d8       0x58 .\CortexM3\ARM_GCC_541\Debug\NeoPixel.a(NP_Neo_BITCNT.o)
 .debug_aranges
                0x00000730       0x58 .\CortexM3\ARM_GCC_541\Debug\NeoPixel.a(NP_Neo_ONTime.o)
 .debug_aranges
                0x00000788       0x58 .\CortexM3\ARM_GCC_541\Debug\NeoPixel.a(NP_Neo_OFFTime.o)
 .debug_aranges
                0x000007e0       0x28 .\CortexM3\ARM_GCC_541\Debug\NeoPixel.a(NP_DMA_dma.o)
 .debug_aranges
                0x00000808       0x80 .\CortexM3\ARM_GCC_541\Debug\NeoPixel.a(pulseInt.o)
 .debug_aranges
                0x00000888       0x98 .\CortexM3\ARM_GCC_541\Debug\NeoPixel.a(pulseCounter.o)
 .debug_aranges
                0x00000920       0x80 .\CortexM3\ARM_GCC_541\Debug\NeoPixel.a(echoInt_1.o)
 .debug_aranges
                0x000009a0       0x80 .\CortexM3\ARM_GCC_541\Debug\NeoPixel.a(echoInt_2.o)
 .debug_aranges
                0x00000a20       0x80 .\CortexM3\ARM_GCC_541\Debug\NeoPixel.a(echoInt_3.o)
 .debug_aranges
                0x00000aa0       0x80 .\CortexM3\ARM_GCC_541\Debug\NeoPixel.a(echoInt_4.o)
 .debug_aranges
                0x00000b20       0x70 .\CortexM3\ARM_GCC_541\Debug\NeoPixel.a(CLK_500kHz.o)
 .debug_aranges
                0x00000b90       0x80 .\CortexM3\ARM_GCC_541\Debug\NeoPixel.a(triggerPWM.o)
 .debug_aranges
                0x00000c10       0x70 .\CortexM3\ARM_GCC_541\Debug\NeoPixel.a(CLK_24MHz.o)
 .debug_aranges
                0x00000c80       0x38 .\CortexM3\ARM_GCC_541\Debug\NeoPixel.a(Pin1_dir2.o)
 .debug_aranges
                0x00000cb8       0x38 .\CortexM3\ARM_GCC_541\Debug\NeoPixel.a(Pin1_dir1.o)
 .debug_aranges
                0x00000cf0       0x38 .\CortexM3\ARM_GCC_541\Debug\NeoPixel.a(Pin2_dir1.o)
 .debug_aranges
                0x00000d28       0x38 .\CortexM3\ARM_GCC_541\Debug\NeoPixel.a(Pin2_dir2.o)
 .debug_aranges
                0x00000d60       0x98 .\CortexM3\ARM_GCC_541\Debug\NeoPixel.a(motorPWM_1.o)
 .debug_aranges
                0x00000df8       0x80 .\CortexM3\ARM_GCC_541\Debug\NeoPixel.a(ball_int.o)
 .debug_aranges
                0x00000e78       0x80 .\CortexM3\ARM_GCC_541\Debug\NeoPixel.a(isr_rpi_start.o)
 .debug_aranges
                0x00000ef8       0x38 .\CortexM3\ARM_GCC_541\Debug\NeoPixel.a(Pin_score.o)
 .debug_aranges
                0x00000f30       0x80 .\CortexM3\ARM_GCC_541\Debug\NeoPixel.a(isr_rpi_stop.o)
 .debug_aranges
                0x00000fb0       0xa8 .\CortexM3\ARM_GCC_541\Debug\NeoPixel.a(ADC_SAR_1.o)
 .debug_aranges
                0x00001058       0x20 .\CortexM3\ARM_GCC_541\Debug\NeoPixel.a(ADC_SAR_1_INT.o)
 .debug_aranges
                0x00001078       0x98 .\CortexM3\ARM_GCC_541\Debug\NeoPixel.a(motorPWM_2.o)
 .debug_aranges
                0x00001110       0xa0 .\CortexM3\ARM_GCC_541\Debug\NeoPixel.a(soundUART.o)
 .debug_aranges
                0x000011b0       0x80 .\CortexM3\ARM_GCC_541\Debug\NeoPixel.a(ADC_SAR_1_theACLK.o)
 .debug_aranges
                0x00001230       0x70 .\CortexM3\ARM_GCC_541\Debug\NeoPixel.a(soundUART_IntClock.o)
 .debug_aranges
                0x000012a0       0x20 .\CortexM3\ARM_GCC_541\Debug\NeoPixel.a(CyBootAsmGnu.o)
 .debug_aranges
                0x000012c0       0x80 .\CortexM3\ARM_GCC_541\Debug\NeoPixel.a(CyFlash.o)
 .debug_aranges
                0x00001340       0x78 .\CortexM3\ARM_GCC_541\Debug\NeoPixel.a(CySpc.o)

.debug_pubnames
 *(.debug_pubnames)

.debug_info     0x00000000     0xa6e9
 *(.debug_info .gnu.linkonce.wi.*)
 .debug_info    0x00000000      0x427 .\CortexM3\ARM_GCC_541\Debug\main.o
 .debug_info    0x00000427      0x711 .\CortexM3\ARM_GCC_541\Debug\LedHandler.o
 .debug_info    0x00000b38      0x404 .\CortexM3\ARM_GCC_541\Debug\edgeSensorApp.o
 .debug_info    0x00000f3c      0x774 .\CortexM3\ARM_GCC_541\Debug\MotorApp.o
 .debug_info    0x000016b0      0x2fb .\CortexM3\ARM_GCC_541\Debug\rpiCommunication.o
 .debug_info    0x000019ab      0x28e .\CortexM3\ARM_GCC_541\Debug\scale.o
 .debug_info    0x00001c39      0x2be .\CortexM3\ARM_GCC_541\Debug\soundApp.o
 .debug_info    0x00001ef7      0x352 .\CortexM3\ARM_GCC_541\Debug\waitingState.o
 .debug_info    0x00002249      0x5b0 .\CortexM3\ARM_GCC_541\Debug\cyfitter_cfg.o
 .debug_info    0x000027f9      0x139 .\CortexM3\ARM_GCC_541\Debug\cymetadata.o
 .debug_info    0x00002932      0x3b9 .\CortexM3\ARM_GCC_541\Debug\Cm3Start.o
 .debug_info    0x00002ceb      0x94b .\CortexM3\ARM_GCC_541\Debug\NeoPixel.a(CyDmac.o)
 .debug_info    0x00003636     0x135b .\CortexM3\ARM_GCC_541\Debug\NeoPixel.a(CyLib.o)
 .debug_info    0x00004991      0xa1b .\CortexM3\ARM_GCC_541\Debug\NeoPixel.a(cyPm.o)
 .debug_info    0x000053ac      0x35f .\CortexM3\ARM_GCC_541\Debug\NeoPixel.a(NP_funcs.o)
 .debug_info    0x0000570b      0x1eb .\CortexM3\ARM_GCC_541\Debug\NeoPixel.a(NP_Neo_BITCNT.o)
 .debug_info    0x000058f6      0x1eb .\CortexM3\ARM_GCC_541\Debug\NeoPixel.a(NP_Neo_ONTime.o)
 .debug_info    0x00005ae1      0x1eb .\CortexM3\ARM_GCC_541\Debug\NeoPixel.a(NP_Neo_OFFTime.o)
 .debug_info    0x00005ccc      0x1a8 .\CortexM3\ARM_GCC_541\Debug\NeoPixel.a(NP_DMA_dma.o)
 .debug_info    0x00005e74      0x2d0 .\CortexM3\ARM_GCC_541\Debug\NeoPixel.a(pulseInt.o)
 .debug_info    0x00006144      0x341 .\CortexM3\ARM_GCC_541\Debug\NeoPixel.a(pulseCounter.o)
 .debug_info    0x00006485      0x2d0 .\CortexM3\ARM_GCC_541\Debug\NeoPixel.a(echoInt_1.o)
 .debug_info    0x00006755      0x2d0 .\CortexM3\ARM_GCC_541\Debug\NeoPixel.a(echoInt_2.o)
 .debug_info    0x00006a25      0x2d0 .\CortexM3\ARM_GCC_541\Debug\NeoPixel.a(echoInt_3.o)
 .debug_info    0x00006cf5      0x2d0 .\CortexM3\ARM_GCC_541\Debug\NeoPixel.a(echoInt_4.o)
 .debug_info    0x00006fc5      0x281 .\CortexM3\ARM_GCC_541\Debug\NeoPixel.a(CLK_500kHz.o)
 .debug_info    0x00007246      0x295 .\CortexM3\ARM_GCC_541\Debug\NeoPixel.a(triggerPWM.o)
 .debug_info    0x000074db      0x281 .\CortexM3\ARM_GCC_541\Debug\NeoPixel.a(CLK_24MHz.o)
 .debug_info    0x0000775c      0x11e .\CortexM3\ARM_GCC_541\Debug\NeoPixel.a(Pin1_dir2.o)
 .debug_info    0x0000787a      0x11e .\CortexM3\ARM_GCC_541\Debug\NeoPixel.a(Pin1_dir1.o)
 .debug_info    0x00007998      0x11e .\CortexM3\ARM_GCC_541\Debug\NeoPixel.a(Pin2_dir1.o)
 .debug_info    0x00007ab6      0x11e .\CortexM3\ARM_GCC_541\Debug\NeoPixel.a(Pin2_dir2.o)
 .debug_info    0x00007bd4      0x332 .\CortexM3\ARM_GCC_541\Debug\NeoPixel.a(motorPWM_1.o)
 .debug_info    0x00007f06      0x2d0 .\CortexM3\ARM_GCC_541\Debug\NeoPixel.a(ball_int.o)
 .debug_info    0x000081d6      0x2d0 .\CortexM3\ARM_GCC_541\Debug\NeoPixel.a(isr_rpi_start.o)
 .debug_info    0x000084a6      0x11e .\CortexM3\ARM_GCC_541\Debug\NeoPixel.a(Pin_score.o)
 .debug_info    0x000085c4      0x2d0 .\CortexM3\ARM_GCC_541\Debug\NeoPixel.a(isr_rpi_stop.o)
 .debug_info    0x00008894      0x5b8 .\CortexM3\ARM_GCC_541\Debug\NeoPixel.a(ADC_SAR_1.o)
 .debug_info    0x00008e4c       0x92 .\CortexM3\ARM_GCC_541\Debug\NeoPixel.a(ADC_SAR_1_INT.o)
 .debug_info    0x00008ede      0x332 .\CortexM3\ARM_GCC_541\Debug\NeoPixel.a(motorPWM_2.o)
 .debug_info    0x00009210      0x459 .\CortexM3\ARM_GCC_541\Debug\NeoPixel.a(soundUART.o)
 .debug_info    0x00009669      0x2c2 .\CortexM3\ARM_GCC_541\Debug\NeoPixel.a(ADC_SAR_1_theACLK.o)
 .debug_info    0x0000992b      0x281 .\CortexM3\ARM_GCC_541\Debug\NeoPixel.a(soundUART_IntClock.o)
 .debug_info    0x00009bac       0x99 .\CortexM3\ARM_GCC_541\Debug\NeoPixel.a(CyBootAsmGnu.o)
 .debug_info    0x00009c45      0x5b8 .\CortexM3\ARM_GCC_541\Debug\NeoPixel.a(CyFlash.o)
 .debug_info    0x0000a1fd      0x4ec .\CortexM3\ARM_GCC_541\Debug\NeoPixel.a(CySpc.o)

.debug_abbrev   0x00000000     0x371c
 *(.debug_abbrev)
 .debug_abbrev  0x00000000      0x101 .\CortexM3\ARM_GCC_541\Debug\main.o
 .debug_abbrev  0x00000101      0x14c .\CortexM3\ARM_GCC_541\Debug\LedHandler.o
 .debug_abbrev  0x0000024d      0x12d .\CortexM3\ARM_GCC_541\Debug\edgeSensorApp.o
 .debug_abbrev  0x0000037a      0x10b .\CortexM3\ARM_GCC_541\Debug\MotorApp.o
 .debug_abbrev  0x00000485      0x11b .\CortexM3\ARM_GCC_541\Debug\rpiCommunication.o
 .debug_abbrev  0x000005a0       0xfc .\CortexM3\ARM_GCC_541\Debug\scale.o
 .debug_abbrev  0x0000069c      0x103 .\CortexM3\ARM_GCC_541\Debug\soundApp.o
 .debug_abbrev  0x0000079f       0xfa .\CortexM3\ARM_GCC_541\Debug\waitingState.o
 .debug_abbrev  0x00000899      0x1fe .\CortexM3\ARM_GCC_541\Debug\cyfitter_cfg.o
 .debug_abbrev  0x00000a97       0x77 .\CortexM3\ARM_GCC_541\Debug\cymetadata.o
 .debug_abbrev  0x00000b0e      0x203 .\CortexM3\ARM_GCC_541\Debug\Cm3Start.o
 .debug_abbrev  0x00000d11      0x1b2 .\CortexM3\ARM_GCC_541\Debug\NeoPixel.a(CyDmac.o)
 .debug_abbrev  0x00000ec3      0x254 .\CortexM3\ARM_GCC_541\Debug\NeoPixel.a(CyLib.o)
 .debug_abbrev  0x00001117      0x1b8 .\CortexM3\ARM_GCC_541\Debug\NeoPixel.a(cyPm.o)
 .debug_abbrev  0x000012cf      0x103 .\CortexM3\ARM_GCC_541\Debug\NeoPixel.a(NP_funcs.o)
 .debug_abbrev  0x000013d2       0xf1 .\CortexM3\ARM_GCC_541\Debug\NeoPixel.a(NP_Neo_BITCNT.o)
 .debug_abbrev  0x000014c3       0xf1 .\CortexM3\ARM_GCC_541\Debug\NeoPixel.a(NP_Neo_ONTime.o)
 .debug_abbrev  0x000015b4       0xf1 .\CortexM3\ARM_GCC_541\Debug\NeoPixel.a(NP_Neo_OFFTime.o)
 .debug_abbrev  0x000016a5       0xcd .\CortexM3\ARM_GCC_541\Debug\NeoPixel.a(NP_DMA_dma.o)
 .debug_abbrev  0x00001772      0x180 .\CortexM3\ARM_GCC_541\Debug\NeoPixel.a(pulseInt.o)
 .debug_abbrev  0x000018f2      0x124 .\CortexM3\ARM_GCC_541\Debug\NeoPixel.a(pulseCounter.o)
 .debug_abbrev  0x00001a16      0x180 .\CortexM3\ARM_GCC_541\Debug\NeoPixel.a(echoInt_1.o)
 .debug_abbrev  0x00001b96      0x180 .\CortexM3\ARM_GCC_541\Debug\NeoPixel.a(echoInt_2.o)
 .debug_abbrev  0x00001d16      0x180 .\CortexM3\ARM_GCC_541\Debug\NeoPixel.a(echoInt_3.o)
 .debug_abbrev  0x00001e96      0x180 .\CortexM3\ARM_GCC_541\Debug\NeoPixel.a(echoInt_4.o)
 .debug_abbrev  0x00002016      0x146 .\CortexM3\ARM_GCC_541\Debug\NeoPixel.a(CLK_500kHz.o)
 .debug_abbrev  0x0000215c      0x13a .\CortexM3\ARM_GCC_541\Debug\NeoPixel.a(triggerPWM.o)
 .debug_abbrev  0x00002296      0x146 .\CortexM3\ARM_GCC_541\Debug\NeoPixel.a(CLK_24MHz.o)
 .debug_abbrev  0x000023dc       0x9d .\CortexM3\ARM_GCC_541\Debug\NeoPixel.a(Pin1_dir2.o)
 .debug_abbrev  0x00002479       0x9d .\CortexM3\ARM_GCC_541\Debug\NeoPixel.a(Pin1_dir1.o)
 .debug_abbrev  0x00002516       0x9d .\CortexM3\ARM_GCC_541\Debug\NeoPixel.a(Pin2_dir1.o)
 .debug_abbrev  0x000025b3       0x9d .\CortexM3\ARM_GCC_541\Debug\NeoPixel.a(Pin2_dir2.o)
 .debug_abbrev  0x00002650      0x140 .\CortexM3\ARM_GCC_541\Debug\NeoPixel.a(motorPWM_1.o)
 .debug_abbrev  0x00002790      0x180 .\CortexM3\ARM_GCC_541\Debug\NeoPixel.a(ball_int.o)
 .debug_abbrev  0x00002910      0x180 .\CortexM3\ARM_GCC_541\Debug\NeoPixel.a(isr_rpi_start.o)
 .debug_abbrev  0x00002a90       0x9d .\CortexM3\ARM_GCC_541\Debug\NeoPixel.a(Pin_score.o)
 .debug_abbrev  0x00002b2d      0x180 .\CortexM3\ARM_GCC_541\Debug\NeoPixel.a(isr_rpi_stop.o)
 .debug_abbrev  0x00002cad      0x1b9 .\CortexM3\ARM_GCC_541\Debug\NeoPixel.a(ADC_SAR_1.o)
 .debug_abbrev  0x00002e66       0x42 .\CortexM3\ARM_GCC_541\Debug\NeoPixel.a(ADC_SAR_1_INT.o)
 .debug_abbrev  0x00002ea8      0x140 .\CortexM3\ARM_GCC_541\Debug\NeoPixel.a(motorPWM_2.o)
 .debug_abbrev  0x00002fe8      0x182 .\CortexM3\ARM_GCC_541\Debug\NeoPixel.a(soundUART.o)
 .debug_abbrev  0x0000316a      0x12e .\CortexM3\ARM_GCC_541\Debug\NeoPixel.a(ADC_SAR_1_theACLK.o)
 .debug_abbrev  0x00003298      0x146 .\CortexM3\ARM_GCC_541\Debug\NeoPixel.a(soundUART_IntClock.o)
 .debug_abbrev  0x000033de       0x14 .\CortexM3\ARM_GCC_541\Debug\NeoPixel.a(CyBootAsmGnu.o)
 .debug_abbrev  0x000033f2      0x189 .\CortexM3\ARM_GCC_541\Debug\NeoPixel.a(CyFlash.o)
 .debug_abbrev  0x0000357b      0x1a1 .\CortexM3\ARM_GCC_541\Debug\NeoPixel.a(CySpc.o)

.debug_line     0x00000000     0x4d5f
 *(.debug_line)
 .debug_line    0x00000000      0x25a .\CortexM3\ARM_GCC_541\Debug\main.o
 .debug_line    0x0000025a      0x318 .\CortexM3\ARM_GCC_541\Debug\LedHandler.o
 .debug_line    0x00000572      0x2ae .\CortexM3\ARM_GCC_541\Debug\edgeSensorApp.o
 .debug_line    0x00000820      0x35f .\CortexM3\ARM_GCC_541\Debug\MotorApp.o
 .debug_line    0x00000b7f      0x242 .\CortexM3\ARM_GCC_541\Debug\rpiCommunication.o
 .debug_line    0x00000dc1      0x1d0 .\CortexM3\ARM_GCC_541\Debug\scale.o
 .debug_line    0x00000f91      0x1ab .\CortexM3\ARM_GCC_541\Debug\soundApp.o
 .debug_line    0x0000113c      0x1fc .\CortexM3\ARM_GCC_541\Debug\waitingState.o
 .debug_line    0x00001338      0x1f3 .\CortexM3\ARM_GCC_541\Debug\cyfitter_cfg.o
 .debug_line    0x0000152b      0x141 .\CortexM3\ARM_GCC_541\Debug\cymetadata.o
 .debug_line    0x0000166c      0x241 .\CortexM3\ARM_GCC_541\Debug\Cm3Start.o
 .debug_line    0x000018ad      0x2e4 .\CortexM3\ARM_GCC_541\Debug\NeoPixel.a(CyDmac.o)
 .debug_line    0x00001b91      0x804 .\CortexM3\ARM_GCC_541\Debug\NeoPixel.a(CyLib.o)
 .debug_line    0x00002395      0x364 .\CortexM3\ARM_GCC_541\Debug\NeoPixel.a(cyPm.o)
 .debug_line    0x000026f9      0x17e .\CortexM3\ARM_GCC_541\Debug\NeoPixel.a(NP_funcs.o)
 .debug_line    0x00002877       0xef .\CortexM3\ARM_GCC_541\Debug\NeoPixel.a(NP_Neo_BITCNT.o)
 .debug_line    0x00002966       0xef .\CortexM3\ARM_GCC_541\Debug\NeoPixel.a(NP_Neo_ONTime.o)
 .debug_line    0x00002a55       0xf0 .\CortexM3\ARM_GCC_541\Debug\NeoPixel.a(NP_Neo_OFFTime.o)
 .debug_line    0x00002b45       0x83 .\CortexM3\ARM_GCC_541\Debug\NeoPixel.a(NP_DMA_dma.o)
 .debug_line    0x00002bc8      0x135 .\CortexM3\ARM_GCC_541\Debug\NeoPixel.a(pulseInt.o)
 .debug_line    0x00002cfd      0x18e .\CortexM3\ARM_GCC_541\Debug\NeoPixel.a(pulseCounter.o)
 .debug_line    0x00002e8b      0x136 .\CortexM3\ARM_GCC_541\Debug\NeoPixel.a(echoInt_1.o)
 .debug_line    0x00002fc1      0x136 .\CortexM3\ARM_GCC_541\Debug\NeoPixel.a(echoInt_2.o)
 .debug_line    0x000030f7      0x136 .\CortexM3\ARM_GCC_541\Debug\NeoPixel.a(echoInt_3.o)
 .debug_line    0x0000322d      0x136 .\CortexM3\ARM_GCC_541\Debug\NeoPixel.a(echoInt_4.o)
 .debug_line    0x00003363      0x179 .\CortexM3\ARM_GCC_541\Debug\NeoPixel.a(CLK_500kHz.o)
 .debug_line    0x000034dc      0x142 .\CortexM3\ARM_GCC_541\Debug\NeoPixel.a(triggerPWM.o)
 .debug_line    0x0000361e      0x178 .\CortexM3\ARM_GCC_541\Debug\NeoPixel.a(CLK_24MHz.o)
 .debug_line    0x00003796       0x96 .\CortexM3\ARM_GCC_541\Debug\NeoPixel.a(Pin1_dir2.o)
 .debug_line    0x0000382c       0x96 .\CortexM3\ARM_GCC_541\Debug\NeoPixel.a(Pin1_dir1.o)
 .debug_line    0x000038c2       0x96 .\CortexM3\ARM_GCC_541\Debug\NeoPixel.a(Pin2_dir1.o)
 .debug_line    0x00003958       0x96 .\CortexM3\ARM_GCC_541\Debug\NeoPixel.a(Pin2_dir2.o)
 .debug_line    0x000039ee      0x18a .\CortexM3\ARM_GCC_541\Debug\NeoPixel.a(motorPWM_1.o)
 .debug_line    0x00003b78      0x135 .\CortexM3\ARM_GCC_541\Debug\NeoPixel.a(ball_int.o)
 .debug_line    0x00003cad      0x13a .\CortexM3\ARM_GCC_541\Debug\NeoPixel.a(isr_rpi_start.o)
 .debug_line    0x00003de7       0x96 .\CortexM3\ARM_GCC_541\Debug\NeoPixel.a(Pin_score.o)
 .debug_line    0x00003e7d      0x139 .\CortexM3\ARM_GCC_541\Debug\NeoPixel.a(isr_rpi_stop.o)
 .debug_line    0x00003fb6      0x220 .\CortexM3\ARM_GCC_541\Debug\NeoPixel.a(ADC_SAR_1.o)
 .debug_line    0x000041d6       0x56 .\CortexM3\ARM_GCC_541\Debug\NeoPixel.a(ADC_SAR_1_INT.o)
 .debug_line    0x0000422c      0x18a .\CortexM3\ARM_GCC_541\Debug\NeoPixel.a(motorPWM_2.o)
 .debug_line    0x000043b6      0x1fa .\CortexM3\ARM_GCC_541\Debug\NeoPixel.a(soundUART.o)
 .debug_line    0x000045b0      0x1a3 .\CortexM3\ARM_GCC_541\Debug\NeoPixel.a(ADC_SAR_1_theACLK.o)
 .debug_line    0x00004753      0x181 .\CortexM3\ARM_GCC_541\Debug\NeoPixel.a(soundUART_IntClock.o)
 .debug_line    0x000048d4       0x66 .\CortexM3\ARM_GCC_541\Debug\NeoPixel.a(CyBootAsmGnu.o)
 .debug_line    0x0000493a      0x1e9 .\CortexM3\ARM_GCC_541\Debug\NeoPixel.a(CyFlash.o)
 .debug_line    0x00004b23      0x23c .\CortexM3\ARM_GCC_541\Debug\NeoPixel.a(CySpc.o)

.debug_frame    0x00000000     0x2f68
 *(.debug_frame)
 .debug_frame   0x00000000       0x48 .\CortexM3\ARM_GCC_541\Debug\main.o
 .debug_frame   0x00000048      0x110 .\CortexM3\ARM_GCC_541\Debug\LedHandler.o
 .debug_frame   0x00000158       0x98 .\CortexM3\ARM_GCC_541\Debug\edgeSensorApp.o
 .debug_frame   0x000001f0       0xf4 .\CortexM3\ARM_GCC_541\Debug\MotorApp.o
 .debug_frame   0x000002e4       0xac .\CortexM3\ARM_GCC_541\Debug\rpiCommunication.o
 .debug_frame   0x00000390       0x40 .\CortexM3\ARM_GCC_541\Debug\scale.o
 .debug_frame   0x000003d0       0x48 .\CortexM3\ARM_GCC_541\Debug\soundApp.o
 .debug_frame   0x00000418       0x48 .\CortexM3\ARM_GCC_541\Debug\waitingState.o
 .debug_frame   0x00000460       0xfc .\CortexM3\ARM_GCC_541\Debug\cyfitter_cfg.o
 .debug_frame   0x0000055c       0xac .\CortexM3\ARM_GCC_541\Debug\Cm3Start.o
 .debug_frame   0x00000608      0x1f8 .\CortexM3\ARM_GCC_541\Debug\NeoPixel.a(CyDmac.o)
 .debug_frame   0x00000800      0x728 .\CortexM3\ARM_GCC_541\Debug\NeoPixel.a(CyLib.o)
 .debug_frame   0x00000f28      0x1f8 .\CortexM3\ARM_GCC_541\Debug\NeoPixel.a(cyPm.o)
 .debug_frame   0x00001120       0x78 .\CortexM3\ARM_GCC_541\Debug\NeoPixel.a(NP_funcs.o)
 .debug_frame   0x00001198       0xb4 .\CortexM3\ARM_GCC_541\Debug\NeoPixel.a(NP_Neo_BITCNT.o)
 .debug_frame   0x0000124c       0xb4 .\CortexM3\ARM_GCC_541\Debug\NeoPixel.a(NP_Neo_ONTime.o)
 .debug_frame   0x00001300       0xb4 .\CortexM3\ARM_GCC_541\Debug\NeoPixel.a(NP_Neo_OFFTime.o)
 .debug_frame   0x000013b4       0x54 .\CortexM3\ARM_GCC_541\Debug\NeoPixel.a(NP_DMA_dma.o)
 .debug_frame   0x00001408      0x104 .\CortexM3\ARM_GCC_541\Debug\NeoPixel.a(pulseInt.o)
 .debug_frame   0x0000150c      0x134 .\CortexM3\ARM_GCC_541\Debug\NeoPixel.a(pulseCounter.o)
 .debug_frame   0x00001640      0x104 .\CortexM3\ARM_GCC_541\Debug\NeoPixel.a(echoInt_1.o)
 .debug_frame   0x00001744      0x104 .\CortexM3\ARM_GCC_541\Debug\NeoPixel.a(echoInt_2.o)
 .debug_frame   0x00001848      0x104 .\CortexM3\ARM_GCC_541\Debug\NeoPixel.a(echoInt_3.o)
 .debug_frame   0x0000194c      0x104 .\CortexM3\ARM_GCC_541\Debug\NeoPixel.a(echoInt_4.o)
 .debug_frame   0x00001a50       0xe0 .\CortexM3\ARM_GCC_541\Debug\NeoPixel.a(CLK_500kHz.o)
 .debug_frame   0x00001b30       0xf8 .\CortexM3\ARM_GCC_541\Debug\NeoPixel.a(triggerPWM.o)
 .debug_frame   0x00001c28       0xe0 .\CortexM3\ARM_GCC_541\Debug\NeoPixel.a(CLK_24MHz.o)
 .debug_frame   0x00001d08       0x50 .\CortexM3\ARM_GCC_541\Debug\NeoPixel.a(Pin1_dir2.o)
 .debug_frame   0x00001d58       0x50 .\CortexM3\ARM_GCC_541\Debug\NeoPixel.a(Pin1_dir1.o)
 .debug_frame   0x00001da8       0x50 .\CortexM3\ARM_GCC_541\Debug\NeoPixel.a(Pin2_dir1.o)
 .debug_frame   0x00001df8       0x50 .\CortexM3\ARM_GCC_541\Debug\NeoPixel.a(Pin2_dir2.o)
 .debug_frame   0x00001e48      0x134 .\CortexM3\ARM_GCC_541\Debug\NeoPixel.a(motorPWM_1.o)
 .debug_frame   0x00001f7c      0x104 .\CortexM3\ARM_GCC_541\Debug\NeoPixel.a(ball_int.o)
 .debug_frame   0x00002080      0x104 .\CortexM3\ARM_GCC_541\Debug\NeoPixel.a(isr_rpi_start.o)
 .debug_frame   0x00002184       0x50 .\CortexM3\ARM_GCC_541\Debug\NeoPixel.a(Pin_score.o)
 .debug_frame   0x000021d4      0x104 .\CortexM3\ARM_GCC_541\Debug\NeoPixel.a(isr_rpi_stop.o)
 .debug_frame   0x000022d8      0x1b0 .\CortexM3\ARM_GCC_541\Debug\NeoPixel.a(ADC_SAR_1.o)
 .debug_frame   0x00002488       0x20 .\CortexM3\ARM_GCC_541\Debug\NeoPixel.a(ADC_SAR_1_INT.o)
 .debug_frame   0x000024a8      0x134 .\CortexM3\ARM_GCC_541\Debug\NeoPixel.a(motorPWM_2.o)
 .debug_frame   0x000025dc      0x198 .\CortexM3\ARM_GCC_541\Debug\NeoPixel.a(soundUART.o)
 .debug_frame   0x00002774      0x100 .\CortexM3\ARM_GCC_541\Debug\NeoPixel.a(ADC_SAR_1_theACLK.o)
 .debug_frame   0x00002874       0xe0 .\CortexM3\ARM_GCC_541\Debug\NeoPixel.a(soundUART_IntClock.o)
 .debug_frame   0x00002954      0x174 .\CortexM3\ARM_GCC_541\Debug\NeoPixel.a(CyFlash.o)
 .debug_frame   0x00002ac8      0x160 .\CortexM3\ARM_GCC_541\Debug\NeoPixel.a(CySpc.o)
 .debug_frame   0x00002c28       0x44 c:/program files (x86)/cypress/psoc creator/4.2/psoc creator/import/gnu/arm/5.4.1/bin/../lib/gcc/arm-none-eabi/5.4.1/armv7-m\libgcc.a(_aeabi_ldivmod.o)
 .debug_frame   0x00002c6c       0x38 c:/program files (x86)/cypress/psoc creator/4.2/psoc creator/import/gnu/arm/5.4.1/bin/../lib/gcc/arm-none-eabi/5.4.1/armv7-m\libgcc.a(_udivmoddi4.o)
 .debug_frame   0x00002ca4       0x20 c:/program files (x86)/cypress/psoc creator/4.2/psoc creator/import/gnu/arm/5.4.1/bin/../lib/gcc/arm-none-eabi/5.4.1/../../../../arm-none-eabi/lib/armv7-m\libg_nano.a(lib_a-errno.o)
 .debug_frame   0x00002cc4       0x28 c:/program files (x86)/cypress/psoc creator/4.2/psoc creator/import/gnu/arm/5.4.1/bin/../lib/gcc/arm-none-eabi/5.4.1/../../../../arm-none-eabi/lib/armv7-m\libg_nano.a(lib_a-exit.o)
 .debug_frame   0x00002cec       0x2c c:/program files (x86)/cypress/psoc creator/4.2/psoc creator/import/gnu/arm/5.4.1/bin/../lib/gcc/arm-none-eabi/5.4.1/../../../../arm-none-eabi/lib/armv7-m\libg_nano.a(lib_a-init.o)
 .debug_frame   0x00002d18       0x30 c:/program files (x86)/cypress/psoc creator/4.2/psoc creator/import/gnu/arm/5.4.1/bin/../lib/gcc/arm-none-eabi/5.4.1/../../../../arm-none-eabi/lib/armv7-m\libg_nano.a(lib_a-malloc.o)
 .debug_frame   0x00002d48       0x28 c:/program files (x86)/cypress/psoc creator/4.2/psoc creator/import/gnu/arm/5.4.1/bin/../lib/gcc/arm-none-eabi/5.4.1/../../../../arm-none-eabi/lib/armv7-m\libg_nano.a(lib_a-memcpy-stub.o)
 .debug_frame   0x00002d70       0x20 c:/program files (x86)/cypress/psoc creator/4.2/psoc creator/import/gnu/arm/5.4.1/bin/../lib/gcc/arm-none-eabi/5.4.1/../../../../arm-none-eabi/lib/armv7-m\libg_nano.a(lib_a-memset.o)
 .debug_frame   0x00002d90       0x38 c:/program files (x86)/cypress/psoc creator/4.2/psoc creator/import/gnu/arm/5.4.1/bin/../lib/gcc/arm-none-eabi/5.4.1/../../../../arm-none-eabi/lib/armv7-m\libg_nano.a(lib_a-nano-freer.o)
 .debug_frame   0x00002dc8       0x2c c:/program files (x86)/cypress/psoc creator/4.2/psoc creator/import/gnu/arm/5.4.1/bin/../lib/gcc/arm-none-eabi/5.4.1/../../../../arm-none-eabi/lib/armv7-m\libg_nano.a(lib_a-nano-mallocr.o)
 .debug_frame   0x00002df4       0x44 c:/program files (x86)/cypress/psoc creator/4.2/psoc creator/import/gnu/arm/5.4.1/bin/../lib/gcc/arm-none-eabi/5.4.1/../../../../arm-none-eabi/lib/armv7-m\libg_nano.a(lib_a-rand.o)
 .debug_frame   0x00002e38       0x2c c:/program files (x86)/cypress/psoc creator/4.2/psoc creator/import/gnu/arm/5.4.1/bin/../lib/gcc/arm-none-eabi/5.4.1/../../../../arm-none-eabi/lib/armv7-m\libg_nano.a(lib_a-sbrkr.o)
 .debug_frame   0x00002e64       0x2c c:/program files (x86)/cypress/psoc creator/4.2/psoc creator/import/gnu/arm/5.4.1/bin/../lib/gcc/arm-none-eabi/5.4.1/../../../../arm-none-eabi/lib/armv7-m\libg_nano.a(lib_a-time.o)
 .debug_frame   0x00002e90       0x2c c:/program files (x86)/cypress/psoc creator/4.2/psoc creator/import/gnu/arm/5.4.1/bin/../lib/gcc/arm-none-eabi/5.4.1/../../../../arm-none-eabi/lib/armv7-m\libg_nano.a(lib_a-gettimeofdayr.o)
 .debug_frame   0x00002ebc       0x30 c:/program files (x86)/cypress/psoc creator/4.2/psoc creator/import/gnu/arm/5.4.1/bin/../lib/gcc/arm-none-eabi/5.4.1/../../../../arm-none-eabi/lib/armv7-m\libg_nano.a(lib_a-mlock.o)
 .debug_frame   0x00002eec       0x5c c:/program files (x86)/cypress/psoc creator/4.2/psoc creator/import/gnu/arm/5.4.1/bin/../lib/gcc/arm-none-eabi/5.4.1/../../../../arm-none-eabi/lib/armv7-m\libg_nano.a(lib_a-reent.o)
 .debug_frame   0x00002f48       0x20 c:/program files (x86)/cypress/psoc creator/4.2/psoc creator/import/gnu/arm/5.4.1/bin/../lib/gcc/arm-none-eabi/5.4.1/../../../../arm-none-eabi/lib/armv7-m\libnosys.a(gettod.o)

.debug_str      0x00000000     0x3b8a
 *(.debug_str)
 .debug_str     0x00000000      0x36e .\CortexM3\ARM_GCC_541\Debug\main.o
                                0x3bf (size before relaxing)
 .debug_str     0x0000036e       0x93 .\CortexM3\ARM_GCC_541\Debug\LedHandler.o
                                0x2e3 (size before relaxing)
 .debug_str     0x00000401      0x19f .\CortexM3\ARM_GCC_541\Debug\edgeSensorApp.o
                                0x3fb (size before relaxing)
 .debug_str     0x000005a0      0x140 .\CortexM3\ARM_GCC_541\Debug\MotorApp.o
                                0x3c0 (size before relaxing)
 .debug_str     0x000006e0       0x4f .\CortexM3\ARM_GCC_541\Debug\rpiCommunication.o
                                0x2fe (size before relaxing)
 .debug_str     0x0000072f       0x89 .\CortexM3\ARM_GCC_541\Debug\scale.o
                                0x30a (size before relaxing)
 .debug_str     0x000007b8       0x62 .\CortexM3\ARM_GCC_541\Debug\soundApp.o
                                0x2a3 (size before relaxing)
 .debug_str     0x0000081a       0x18 .\CortexM3\ARM_GCC_541\Debug\waitingState.o
                                0x328 (size before relaxing)
 .debug_str     0x00000832      0x1cf .\CortexM3\ARM_GCC_541\Debug\cyfitter_cfg.o
                                0x322 (size before relaxing)
 .debug_str     0x00000a01       0xbe .\CortexM3\ARM_GCC_541\Debug\cymetadata.o
                                0x1e1 (size before relaxing)
 .debug_str     0x00000abf      0x154 .\CortexM3\ARM_GCC_541\Debug\Cm3Start.o
                                0x323 (size before relaxing)
 .debug_str     0x00000c13      0x37d .\CortexM3\ARM_GCC_541\Debug\NeoPixel.a(CyDmac.o)
                                0x553 (size before relaxing)
 .debug_str     0x00000f90      0x7cf .\CortexM3\ARM_GCC_541\Debug\NeoPixel.a(CyLib.o)
                                0xa38 (size before relaxing)
 .debug_str     0x0000175f      0x359 .\CortexM3\ARM_GCC_541\Debug\NeoPixel.a(cyPm.o)
                                0x730 (size before relaxing)
 .debug_str     0x00001ab8      0x104 .\CortexM3\ARM_GCC_541\Debug\NeoPixel.a(NP_funcs.o)
                                0x392 (size before relaxing)
 .debug_str     0x00001bbc       0xe7 .\CortexM3\ARM_GCC_541\Debug\NeoPixel.a(NP_Neo_BITCNT.o)
                                0x2cc (size before relaxing)
 .debug_str     0x00001ca3       0xc6 .\CortexM3\ARM_GCC_541\Debug\NeoPixel.a(NP_Neo_ONTime.o)
                                0x2cc (size before relaxing)
 .debug_str     0x00001d69       0xce .\CortexM3\ARM_GCC_541\Debug\NeoPixel.a(NP_Neo_OFFTime.o)
                                0x2d6 (size before relaxing)
 .debug_str     0x00001e37       0x82 .\CortexM3\ARM_GCC_541\Debug\NeoPixel.a(NP_DMA_dma.o)
                                0x279 (size before relaxing)
 .debug_str     0x00001eb9       0xff .\CortexM3\ARM_GCC_541\Debug\NeoPixel.a(pulseInt.o)
                                0x2d9 (size before relaxing)
 .debug_str     0x00001fb8      0x1ca .\CortexM3\ARM_GCC_541\Debug\NeoPixel.a(pulseCounter.o)
                                0x3e6 (size before relaxing)
 .debug_str     0x00002182      0x10c .\CortexM3\ARM_GCC_541\Debug\NeoPixel.a(echoInt_1.o)
                                0x2e7 (size before relaxing)
 .debug_str     0x0000228e      0x10c .\CortexM3\ARM_GCC_541\Debug\NeoPixel.a(echoInt_2.o)
                                0x2e7 (size before relaxing)
 .debug_str     0x0000239a      0x10c .\CortexM3\ARM_GCC_541\Debug\NeoPixel.a(echoInt_3.o)
                                0x2e7 (size before relaxing)
 .debug_str     0x000024a6      0x10c .\CortexM3\ARM_GCC_541\Debug\NeoPixel.a(echoInt_4.o)
                                0x2e7 (size before relaxing)
 .debug_str     0x000025b2      0x175 .\CortexM3\ARM_GCC_541\Debug\NeoPixel.a(CLK_500kHz.o)
                                0x31b (size before relaxing)
 .debug_str     0x00002727      0x13a .\CortexM3\ARM_GCC_541\Debug\NeoPixel.a(triggerPWM.o)
                                0x322 (size before relaxing)
 .debug_str     0x00002861      0x11f .\CortexM3\ARM_GCC_541\Debug\NeoPixel.a(CLK_24MHz.o)
                                0x30f (size before relaxing)
 .debug_str     0x00002980       0x6a .\CortexM3\ARM_GCC_541\Debug\NeoPixel.a(Pin1_dir2.o)
                                0x1ff (size before relaxing)
 .debug_str     0x000029ea       0x5f .\CortexM3\ARM_GCC_541\Debug\NeoPixel.a(Pin1_dir1.o)
                                0x1ff (size before relaxing)
 .debug_str     0x00002a49       0x5f .\CortexM3\ARM_GCC_541\Debug\NeoPixel.a(Pin2_dir1.o)
                                0x1ff (size before relaxing)
 .debug_str     0x00002aa8       0x5f .\CortexM3\ARM_GCC_541\Debug\NeoPixel.a(Pin2_dir2.o)
                                0x1ff (size before relaxing)
 .debug_str     0x00002b07      0x182 .\CortexM3\ARM_GCC_541\Debug\NeoPixel.a(motorPWM_1.o)
                                0x3b9 (size before relaxing)
 .debug_str     0x00002c89       0xff .\CortexM3\ARM_GCC_541\Debug\NeoPixel.a(ball_int.o)
                                0x2d9 (size before relaxing)
 .debug_str     0x00002d88      0x140 .\CortexM3\ARM_GCC_541\Debug\NeoPixel.a(isr_rpi_start.o)
                                0x31f (size before relaxing)
 .debug_str     0x00002ec8       0x5f .\CortexM3\ARM_GCC_541\Debug\NeoPixel.a(Pin_score.o)
                                0x1ff (size before relaxing)
 .debug_str     0x00002f27      0x133 .\CortexM3\ARM_GCC_541\Debug\NeoPixel.a(isr_rpi_stop.o)
                                0x311 (size before relaxing)
 .debug_str     0x0000305a      0x215 .\CortexM3\ARM_GCC_541\Debug\NeoPixel.a(ADC_SAR_1.o)
                                0x4c6 (size before relaxing)
 .debug_str     0x0000326f       0x35 .\CortexM3\ARM_GCC_541\Debug\NeoPixel.a(ADC_SAR_1_INT.o)
                                0x1a4 (size before relaxing)
 .debug_str     0x000032a4      0x174 .\CortexM3\ARM_GCC_541\Debug\NeoPixel.a(motorPWM_2.o)
                                0x3b9 (size before relaxing)
 .debug_str     0x00003418      0x204 .\CortexM3\ARM_GCC_541\Debug\NeoPixel.a(soundUART.o)
                                0x410 (size before relaxing)
 .debug_str     0x0000361c      0x1bc .\CortexM3\ARM_GCC_541\Debug\NeoPixel.a(ADC_SAR_1_theACLK.o)
                                0x3be (size before relaxing)
 .debug_str     0x000037d8      0x16a .\CortexM3\ARM_GCC_541\Debug\NeoPixel.a(soundUART_IntClock.o)
                                0x37b (size before relaxing)
 .debug_str     0x00003942      0x19c .\CortexM3\ARM_GCC_541\Debug\NeoPixel.a(CyFlash.o)
                                0x3aa (size before relaxing)
 .debug_str     0x00003ade       0xac .\CortexM3\ARM_GCC_541\Debug\NeoPixel.a(CySpc.o)
                                0x333 (size before relaxing)

.debug_loc      0x00000000     0x363d
 *(.debug_loc)
 .debug_loc     0x00000000      0x15b .\CortexM3\ARM_GCC_541\Debug\LedHandler.o
 .debug_loc     0x0000015b       0x63 .\CortexM3\ARM_GCC_541\Debug\MotorApp.o
 .debug_loc     0x000001be       0x1f .\CortexM3\ARM_GCC_541\Debug\scale.o
 .debug_loc     0x000001dd       0x53 .\CortexM3\ARM_GCC_541\Debug\soundApp.o
 .debug_loc     0x00000230      0x1fd .\CortexM3\ARM_GCC_541\Debug\cyfitter_cfg.o
 .debug_loc     0x0000042d      0x144 .\CortexM3\ARM_GCC_541\Debug\Cm3Start.o
 .debug_loc     0x00000571      0xb8e .\CortexM3\ARM_GCC_541\Debug\NeoPixel.a(CyDmac.o)
 .debug_loc     0x000010ff      0xa11 .\CortexM3\ARM_GCC_541\Debug\NeoPixel.a(CyLib.o)
 .debug_loc     0x00001b10      0x1e4 .\CortexM3\ARM_GCC_541\Debug\NeoPixel.a(cyPm.o)
 .debug_loc     0x00001cf4       0xd2 .\CortexM3\ARM_GCC_541\Debug\NeoPixel.a(NP_funcs.o)
 .debug_loc     0x00001dc6       0x47 .\CortexM3\ARM_GCC_541\Debug\NeoPixel.a(NP_Neo_BITCNT.o)
 .debug_loc     0x00001e0d       0x47 .\CortexM3\ARM_GCC_541\Debug\NeoPixel.a(NP_Neo_ONTime.o)
 .debug_loc     0x00001e54       0x47 .\CortexM3\ARM_GCC_541\Debug\NeoPixel.a(NP_Neo_OFFTime.o)
 .debug_loc     0x00001e9b       0x84 .\CortexM3\ARM_GCC_541\Debug\NeoPixel.a(NP_DMA_dma.o)
 .debug_loc     0x00001f1f       0x56 .\CortexM3\ARM_GCC_541\Debug\NeoPixel.a(pulseInt.o)
 .debug_loc     0x00001f75       0x31 .\CortexM3\ARM_GCC_541\Debug\NeoPixel.a(pulseCounter.o)
 .debug_loc     0x00001fa6       0x56 .\CortexM3\ARM_GCC_541\Debug\NeoPixel.a(echoInt_1.o)
 .debug_loc     0x00001ffc       0x56 .\CortexM3\ARM_GCC_541\Debug\NeoPixel.a(echoInt_2.o)
 .debug_loc     0x00002052       0x56 .\CortexM3\ARM_GCC_541\Debug\NeoPixel.a(echoInt_3.o)
 .debug_loc     0x000020a8       0x56 .\CortexM3\ARM_GCC_541\Debug\NeoPixel.a(echoInt_4.o)
 .debug_loc     0x000020fe      0x128 .\CortexM3\ARM_GCC_541\Debug\NeoPixel.a(CLK_500kHz.o)
 .debug_loc     0x00002226       0x13 .\CortexM3\ARM_GCC_541\Debug\NeoPixel.a(triggerPWM.o)
 .debug_loc     0x00002239      0x12c .\CortexM3\ARM_GCC_541\Debug\NeoPixel.a(CLK_24MHz.o)
 .debug_loc     0x00002365       0x42 .\CortexM3\ARM_GCC_541\Debug\NeoPixel.a(Pin1_dir2.o)
 .debug_loc     0x000023a7       0x42 .\CortexM3\ARM_GCC_541\Debug\NeoPixel.a(Pin1_dir1.o)
 .debug_loc     0x000023e9       0x42 .\CortexM3\ARM_GCC_541\Debug\NeoPixel.a(Pin2_dir1.o)
 .debug_loc     0x0000242b       0x42 .\CortexM3\ARM_GCC_541\Debug\NeoPixel.a(Pin2_dir2.o)
 .debug_loc     0x0000246d       0x26 .\CortexM3\ARM_GCC_541\Debug\NeoPixel.a(motorPWM_1.o)
 .debug_loc     0x00002493       0x56 .\CortexM3\ARM_GCC_541\Debug\NeoPixel.a(ball_int.o)
 .debug_loc     0x000024e9       0x56 .\CortexM3\ARM_GCC_541\Debug\NeoPixel.a(isr_rpi_start.o)
 .debug_loc     0x0000253f       0x42 .\CortexM3\ARM_GCC_541\Debug\NeoPixel.a(Pin_score.o)
 .debug_loc     0x00002581       0x56 .\CortexM3\ARM_GCC_541\Debug\NeoPixel.a(isr_rpi_stop.o)
 .debug_loc     0x000025d7      0x295 .\CortexM3\ARM_GCC_541\Debug\NeoPixel.a(ADC_SAR_1.o)
 .debug_loc     0x0000286c       0x26 .\CortexM3\ARM_GCC_541\Debug\NeoPixel.a(motorPWM_2.o)
 .debug_loc     0x00002892      0x1f7 .\CortexM3\ARM_GCC_541\Debug\NeoPixel.a(soundUART.o)
 .debug_loc     0x00002a89      0x14d .\CortexM3\ARM_GCC_541\Debug\NeoPixel.a(ADC_SAR_1_theACLK.o)
 .debug_loc     0x00002bd6      0x128 .\CortexM3\ARM_GCC_541\Debug\NeoPixel.a(soundUART_IntClock.o)
 .debug_loc     0x00002cfe      0x2f2 .\CortexM3\ARM_GCC_541\Debug\NeoPixel.a(CyFlash.o)
 .debug_loc     0x00002ff0      0x64d .\CortexM3\ARM_GCC_541\Debug\NeoPixel.a(CySpc.o)

.debug_macinfo
 *(.debug_macinfo)

.debug_ranges   0x00000000     0x10c0
 *(.debug_ranges)
 .debug_ranges  0x00000000       0x18 .\CortexM3\ARM_GCC_541\Debug\main.o
 .debug_ranges  0x00000018       0x48 .\CortexM3\ARM_GCC_541\Debug\LedHandler.o
 .debug_ranges  0x00000060       0x40 .\CortexM3\ARM_GCC_541\Debug\edgeSensorApp.o
 .debug_ranges  0x000000a0       0x48 .\CortexM3\ARM_GCC_541\Debug\MotorApp.o
 .debug_ranges  0x000000e8       0x38 .\CortexM3\ARM_GCC_541\Debug\rpiCommunication.o
 .debug_ranges  0x00000120       0x18 .\CortexM3\ARM_GCC_541\Debug\scale.o
 .debug_ranges  0x00000138       0x18 .\CortexM3\ARM_GCC_541\Debug\soundApp.o