Archive member included to satisfy reference by file (symbol)

.\CortexM3\ARM_GCC_541\Debug\NeoPixel.a(CyDmac.o)
                              .\CortexM3\ARM_GCC_541\Debug\Cm3Start.o (CyDmacConfigure)
.\CortexM3\ARM_GCC_541\Debug\NeoPixel.a(CyLib.o)
                              .\CortexM3\ARM_GCC_541\Debug\Cm3Start.o (CyHalt)
.\CortexM3\ARM_GCC_541\Debug\NeoPixel.a(cyPm.o)
                              .\CortexM3\ARM_GCC_541\Debug\NeoPixel.a(CyLib.o) (CyPmReadStatus)
.\CortexM3\ARM_GCC_541\Debug\NeoPixel.a(NP_funcs.o)
                              .\CortexM3\ARM_GCC_541\Debug\main.o (NP_Start)
.\CortexM3\ARM_GCC_541\Debug\NeoPixel.a(NP_Neo_BITCNT.o)
                              .\CortexM3\ARM_GCC_541\Debug\NeoPixel.a(NP_funcs.o) (NP_Neo_BITCNT_Start)
.\CortexM3\ARM_GCC_541\Debug\NeoPixel.a(NP_Neo_ONTime.o)
                              .\CortexM3\ARM_GCC_541\Debug\NeoPixel.a(NP_funcs.o) (NP_Neo_ONTime_Start)
.\CortexM3\ARM_GCC_541\Debug\NeoPixel.a(NP_Neo_OFFTime.o)
                              .\CortexM3\ARM_GCC_541\Debug\NeoPixel.a(NP_funcs.o) (NP_Neo_OFFTime_Start)
.\CortexM3\ARM_GCC_541\Debug\NeoPixel.a(NP_DMA_dma.o)
                              .\CortexM3\ARM_GCC_541\Debug\NeoPixel.a(NP_funcs.o) (NP_DMA_DmaInitialize)
.\CortexM3\ARM_GCC_541\Debug\NeoPixel.a(pulseInt.o)
                              .\CortexM3\ARM_GCC_541\Debug\edgeSensorApp.o (pulseInt_StartEx)
.\CortexM3\ARM_GCC_541\Debug\NeoPixel.a(pulseCounter.o)
                              .\CortexM3\ARM_GCC_541\Debug\edgeSensorApp.o (pulseCounter_ReadStatusRegister)
.\CortexM3\ARM_GCC_541\Debug\NeoPixel.a(echoInt_1.o)
                              .\CortexM3\ARM_GCC_541\Debug\edgeSensorApp.o (echoInt_1_StartEx)
.\CortexM3\ARM_GCC_541\Debug\NeoPixel.a(echoInt_2.o)
                              .\CortexM3\ARM_GCC_541\Debug\edgeSensorApp.o (echoInt_2_StartEx)
.\CortexM3\ARM_GCC_541\Debug\NeoPixel.a(echoInt_3.o)
                              .\CortexM3\ARM_GCC_541\Debug\edgeSensorApp.o (echoInt_3_StartEx)
.\CortexM3\ARM_GCC_541\Debug\NeoPixel.a(echoInt_4.o)
                              .\CortexM3\ARM_GCC_541\Debug\edgeSensorApp.o (echoInt_4_StartEx)
.\CortexM3\ARM_GCC_541\Debug\NeoPixel.a(CLK_500kHz.o)
                              .\CortexM3\ARM_GCC_541\Debug\edgeSensorApp.o (CLK_500kHz_Start)
.\CortexM3\ARM_GCC_541\Debug\NeoPixel.a(triggerPWM.o)
                              .\CortexM3\ARM_GCC_541\Debug\edgeSensorApp.o (triggerPWM_Stop)
.\CortexM3\ARM_GCC_541\Debug\NeoPixel.a(CLK_24MHz.o)
                              .\CortexM3\ARM_GCC_541\Debug\edgeSensorApp.o (CLK_24MHz_Start)
.\CortexM3\ARM_GCC_541\Debug\NeoPixel.a(Pin1_dir2.o)
                              .\CortexM3\ARM_GCC_541\Debug\MotorApp.o (Pin1_dir2_Write)
.\CortexM3\ARM_GCC_541\Debug\NeoPixel.a(Pin1_dir1.o)
                              .\CortexM3\ARM_GCC_541\Debug\MotorApp.o (Pin1_dir1_Write)
.\CortexM3\ARM_GCC_541\Debug\NeoPixel.a(Pin2_dir1.o)
                              .\CortexM3\ARM_GCC_541\Debug\MotorApp.o (Pin2_dir1_Write)
.\CortexM3\ARM_GCC_541\Debug\NeoPixel.a(Pin2_dir2.o)
                              .\CortexM3\ARM_GCC_541\Debug\MotorApp.o (Pin2_dir2_Write)
.\CortexM3\ARM_GCC_541\Debug\NeoPixel.a(motorPWM_1.o)
                              .\CortexM3\ARM_GCC_541\Debug\MotorApp.o (motorPWM_1_Stop)
.\CortexM3\ARM_GCC_541\Debug\NeoPixel.a(ball_int.o)
                              .\CortexM3\ARM_GCC_541\Debug\main.o (ball_int_StartEx)
.\CortexM3\ARM_GCC_541\Debug\NeoPixel.a(isr_rpi_start.o)
                              .\CortexM3\ARM_GCC_541\Debug\main.o (isr_rpi_start_StartEx)
.\CortexM3\ARM_GCC_541\Debug\NeoPixel.a(Pin_score.o)
                              .\CortexM3\ARM_GCC_541\Debug\rpiCommunication.o (Pin_score_Write)
.\CortexM3\ARM_GCC_541\Debug\NeoPixel.a(isr_rpi_stop.o)
                              .\CortexM3\ARM_GCC_541\Debug\main.o (isr_rpi_stop_StartEx)
.\CortexM3\ARM_GCC_541\Debug\NeoPixel.a(ADC_SAR_1.o)
                              .\CortexM3\ARM_GCC_541\Debug\main.o (ADC_SAR_1_Start)
.\CortexM3\ARM_GCC_541\Debug\NeoPixel.a(ADC_SAR_1_INT.o)
                              .\CortexM3\ARM_GCC_541\Debug\NeoPixel.a(ADC_SAR_1.o) (ADC_SAR_1_ISR)
.\CortexM3\ARM_GCC_541\Debug\NeoPixel.a(motorPWM_2.o)
                              .\CortexM3\ARM_GCC_541\Debug\MotorApp.o (motorPWM_2_Stop)
.\CortexM3\ARM_GCC_541\Debug\NeoPixel.a(soundUART.o)
                              .\CortexM3\ARM_GCC_541\Debug\soundApp.o (soundUART_Start)
.\CortexM3\ARM_GCC_541\Debug\NeoPixel.a(ADC_SAR_1_theACLK.o)
                              .\CortexM3\ARM_GCC_541\Debug\NeoPixel.a(ADC_SAR_1.o) (ADC_SAR_1_theACLK_SetModeRegister)
.\CortexM3\ARM_GCC_541\Debug\NeoPixel.a(soundUART_IntClock.o)
                              .\CortexM3\ARM_GCC_541\Debug\NeoPixel.a(soundUART.o) (soundUART_IntClock_Start)
.\CortexM3\ARM_GCC_541\Debug\NeoPixel.a(CyBootAsmGnu.o)
                              .\CortexM3\ARM_GCC_541\Debug\cyfitter_cfg.o (CyDelayCycles)
.\CortexM3\ARM_GCC_541\Debug\NeoPixel.a(CyFlash.o)
[...]
Memory Configuration

Name             Origin             Length             Attributes
rom              0x00000000         0x00040000         xr
ram              0x1fff8000         0x00010000         xrw
*default*        0x00000000         0xffffffff

Linker script and memory map

LOAD c:/program files (x86)/cypress/psoc creator/4.2/psoc creator/import/gnu/arm/5.4.1/bin/../lib/gcc/arm-none-eabi/5.4.1/armv7-m/crti.o
LOAD c:/program files (x86)/cypress/psoc creator/4.2/psoc creator/import/gnu/arm/5.4.1/bin/../lib/gcc/arm-none-eabi/5.4.1/armv7-m/crtbegin.o
LOAD c:/program files (x86)/cypress/psoc creator/4.2/psoc creator/import/gnu/arm/5.4.1/bin/../lib/gcc/arm-none-eabi/5.4.1/../../../../arm-none-eabi/lib/armv7-m/crt0.o
START GROUP
LOAD .\CortexM3\ARM_GCC_541\Debug\main.o
LOAD .\CortexM3\ARM_GCC_541\Debug\LedHandler.o
LOAD .\CortexM3\ARM_GCC_541\Debug\edgeSensorApp.o
LOAD .\CortexM3\ARM_GCC_541\Debug\MotorApp.o
LOAD .\CortexM3\ARM_GCC_541\Debug\rpiCommunication.o
LOAD .\CortexM3\ARM_GCC_541\Debug\scale.o
LOAD .\CortexM3\ARM_GCC_541\Debug\soundApp.o
LOAD .\CortexM3\ARM_GCC_541\Debug\waitingState.o
LOAD .\CortexM3\ARM_GCC_541\Debug\cyfitter_cfg.o
LOAD .\CortexM3\ARM_GCC_541\Debug\cymetadata.o
LOAD .\CortexM3\ARM_GCC_541\Debug\Cm3Start.o
LOAD .\CortexM3\ARM_GCC_541\Debug\NeoPixel.a
LOAD C:\Program Files (x86)\Cypress\PSoC Creator\4.2\PSoC Creator\psoc\content\cycomponentlibrary\CyComponentLibrary.cylib\CortexM3\ARM_GCC_541\Debug\CyComponentLibrary.a
LOAD c:/program files (x86)/cypress/psoc creator/4.2/psoc creator/import/gnu/arm/5.4.1/bin/../lib/gcc/arm-none-eabi/5.4.1/../../../../arm-none-eabi/lib/armv7-m\libm.a
END GROUP
START GROUP
LOAD c:/program files (x86)/cypress/psoc creator/4.2/psoc creator/import/gnu/arm/5.4.1/bin/../lib/gcc/arm-none-eabi/5.4.1/armv7-m\libgcc.a
LOAD c:/program files (x86)/cypress/psoc creator/4.2/psoc creator/import/gnu/arm/5.4.1/bin/../lib/gcc/arm-none-eabi/5.4.1/../../../../arm-none-eabi/lib/armv7-m\libg_nano.a
LOAD c:/program files (x86)/cypress/psoc creator/4.2/psoc creator/import/gnu/arm/5.4.1/bin/../lib/gcc/arm-none-eabi/5.4.1/../../../../arm-none-eabi/lib/armv7-m\libc_nano.a
END GROUP
START GROUP
LOAD c:/program files (x86)/cypress/psoc creator/4.2/psoc creator/import/gnu/arm/5.4.1/bin/../lib/gcc/arm-none-eabi/5.4.1/armv7-m\libgcc.a
LOAD c:/program files (x86)/cypress/psoc creator/4.2/psoc creator/import/gnu/arm/5.4.1/bin/../lib/gcc/arm-none-eabi/5.4.1/../../../../arm-none-eabi/lib/armv7-m\libc_nano.a
END GROUP
LOAD c:/program files (x86)/cypress/psoc creator/4.2/psoc creator/import/gnu/arm/5.4.1/bin/../lib/gcc/arm-none-eabi/5.4.1/armv7-m/crtend.o
LOAD c:/program files (x86)/cypress/psoc creator/4.2/psoc creator/import/gnu/arm/5.4.1/bin/../lib/gcc/arm-none-eabi/5.4.1/armv7-m/crtn.o
START GROUP
LOAD c:/program files (x86)/cypress/psoc creator/4.2/psoc creator/import/gnu/arm/5.4.1/bin/../lib/gcc/arm-none-eabi/5.4.1/armv7-m\libgcc.a
LOAD c:/program files (x86)/cypress/psoc creator/4.2/psoc creator/import/gnu/arm/5.4.1/bin/../lib/gcc/arm-none-eabi/5.4.1/../../../../arm-none-eabi/lib/armv7-m\libc.a
LOAD c:/program files (x86)/cypress/psoc creator/4.2/psoc creator/import/gnu/arm/5.4.1/bin/../lib/gcc/arm-none-eabi/5.4.1/../../../../arm-none-eabi/lib/armv7-m\libnosys.a
END GROUP
                0x00000000                CY_APPL_ORIGIN = 0x0
                0x00000100                CY_FLASH_ROW_SIZE = 0x100
                0x00000020                CY_ECC_ROW_SIZE = 0x20
                0x00000000                CY_EE_IN_BTLDR = 0x0
                0x00000000                CY_APPL_LOADABLE = 0x0
                0x00000800                CY_EE_SIZE = 0x800
                0x00000001                CY_APPL_NUM = 0x1
                0x00000001                CY_APPL_MAX = 0x1
                0x00000040                CY_METADATA_SIZE = 0x40
                0x00000000                CY_APPL_LOADABLE = 0x0
                0x00000000                CY_CHECKSUM_EXCLUDE_SIZE = ALIGN (0x0, CY_FLASH_ROW_SIZE)
                [!provide]                PROVIDE (__cy_heap_start, _end)
                0x00000001                PROVIDE (__cy_region_num, ((__cy_regions_end - __cy_regions) / 0x10))
                0x20008000                PROVIDE (__cy_stack, (ORIGIN (ram) + LENGTH (ram)))
                [!provide]                PROVIDE (__cy_heap_end, (__cy_stack - 0x800))

.cybootloader   0x00000000        0x0
 *(.cybootloader)
                0x00000000                appl1_start = CY_APPL_ORIGIN?CY_APPL_ORIGIN:ALIGN (CY_FLASH_ROW_SIZE)
                0x0001ff00                appl2_start = (appl1_start + ALIGN ((((LENGTH (rom) - appl1_start) - (0x2 * CY_FLASH_ROW_SIZE)) / 0x2), CY_FLASH_ROW_SIZE))
                0x00000000                appl_start = (CY_APPL_NUM == 0x1)?appl1_start:appl2_start
                0x00000000                ecc_offset = ((appl_start / CY_FLASH_ROW_SIZE) * CY_ECC_ROW_SIZE)
                0x00000000                ee_offset = (CY_APPL_LOADABLE && ! (CY_EE_IN_BTLDR))?((CY_EE_SIZE / CY_APPL_MAX) * (CY_APPL_NUM - 0x1)):0x0
                0x00000800                ee_size = (CY_APPL_LOADABLE && ! (CY_EE_IN_BTLDR))?(CY_EE_SIZE / CY_APPL_MAX):CY_EE_SIZE
                [!provide]                PROVIDE (CY_ECC_OFFSET, ecc_offset)

.text           0x00000000     0x22e0
 CREATE_OBJECT_SYMBOLS
                0x00000000                PROVIDE (__cy_interrupt_vector, RomVectors)
 *(.romvectors)
 .romvectors    0x00000000       0x10 .\CortexM3\ARM_GCC_541\Debug\Cm3Start.o
                0x00000000                RomVectors
                0x00000001                ASSERT ((. != __cy_interrupt_vector), No interrupt vector)
                0x00000001                ASSERT (CY_APPL_ORIGIN?(SIZEOF (.cybootloader) <= CY_APPL_ORIGIN):0x1, Wrong image location)
                0x00000010                PROVIDE (__cy_reset, Reset)
 *(.text.Reset)
 .text.Reset    0x00000010       0x18 .\CortexM3\ARM_GCC_541\Debug\Cm3Start.o
                0x00000010                Reset
                0x00000001                ASSERT ((. != __cy_reset), No reset code)
 *(.dma_init)
                0x00000001                ASSERT ((((appl_start + .) <= 0x10000) || 0x1), DMA Init must be within the first 64k of flash)
 *(.text .text.* .gnu.linkonce.t.*)
 .text          0x00000028       0x5c c:/program files (x86)/cypress/psoc creator/4.2/psoc creator/import/gnu/arm/5.4.1/bin/../lib/gcc/arm-none-eabi/5.4.1/armv7-m/crtbegin.o
 .text.ball_int_handler
                0x00000084       0x38 .\CortexM3\ARM_GCC_541\Debug\main.o
                0x00000084                ball_int_handler
 *fill*         0x000000bc        0x4 
 .text.main     0x000000c0       0x88 .\CortexM3\ARM_GCC_541\Debug\main.o
                0x000000c0                main
 .text.TurnOff  0x00000148       0x28 .\CortexM3\ARM_GCC_541\Debug\LedHandler.o
                0x00000148                TurnOff
 .text.TurnOn   0x00000170       0x2c .\CortexM3\ARM_GCC_541\Debug\LedHandler.o
                0x00000170                TurnOn
 .text.StopSequence
                0x0000019c       0x3c .\CortexM3\ARM_GCC_541\Debug\LedHandler.o
                0x0000019c                StopSequence
 .text.WeightSequence
                0x000001d8       0x40 .\CortexM3\ARM_GCC_541\Debug\LedHandler.o
                0x000001d8                WeightSequence
 .text.CupHitSequence
                0x00000218       0x9c .\CortexM3\ARM_GCC_541\Debug\LedHandler.o
                0x00000218                CupHitSequence
 .text.StartSequence
                0x000002b4       0xc8 .\CortexM3\ARM_GCC_541\Debug\LedHandler.o
                0x000002b4                StartSequence
 .text.ledHandler
                0x0000037c       0x28 .\CortexM3\ARM_GCC_541\Debug\LedHandler.o
                0x0000037c                ledHandler
 .text.echoInt1_handler
                0x000003a4       0x24 .\CortexM3\ARM_GCC_541\Debug\edgeSensorApp.o
                0x000003a4                echoInt1_handler
 .text.echoInt2_handler
                0x000003c8       0x24 .\CortexM3\ARM_GCC_541\Debug\edgeSensorApp.o
                0x000003c8                echoInt2_handler
 .text.echoInt3_handler
                0x000003ec       0x24 .\CortexM3\ARM_GCC_541\Debug\edgeSensorApp.o
                0x000003ec                echoInt3_handler
 .text.echoInt4_handler
                0x00000410       0x24 .\CortexM3\ARM_GCC_541\Debug\edgeSensorApp.o
                0x00000410                echoInt4_handler
 .text.edgeSensorInit
                0x00000434       0x48 .\CortexM3\ARM_GCC_541\Debug\edgeSensorApp.o
                0x00000434                edgeSensorInit
 .text.getStatus
                0x0000047c       0x18 .\CortexM3\ARM_GCC_541\Debug\edgeSensorApp.o
                0x0000047c                getStatus
 .text.pulseInt_handler
                0x00000494       0x90 .\CortexM3\ARM_GCC_541\Debug\edgeSensorApp.o
                0x00000494                pulseInt_handler
 .text.driveForwards
                0x00000524       0x44 .\CortexM3\ARM_GCC_541\Debug\MotorApp.o
                0x00000524                driveForwards
 .text.driveBackwards
                0x00000568       0x44 .\CortexM3\ARM_GCC_541\Debug\MotorApp.o
                0x00000568                driveBackwards
 .text.motorStop
                0x000005ac        0xc .\CortexM3\ARM_GCC_541\Debug\MotorApp.o
                0x000005ac                motorStop
 .text.changeSpeed
                0x000005b8       0x68 .\CortexM3\ARM_GCC_541\Debug\MotorApp.o
                0x000005b8                changeSpeed
 .text.changeState
                0x00000620       0x40 .\CortexM3\ARM_GCC_541\Debug\MotorApp.o
                0x00000620                changeState
 .text.speedSelect
                0x00000660       0x5c .\CortexM3\ARM_GCC_541\Debug\MotorApp.o
                0x00000660                speedSelect
 .text.DelayBased90Turn
                0x000006bc       0x8c .\CortexM3\ARM_GCC_541\Debug\MotorApp.o
                0x000006bc                DelayBased90Turn
 .text.DelayBased180Turn
                0x00000748       0x80 .\CortexM3\ARM_GCC_541\Debug\MotorApp.o
                0x00000748                DelayBased180Turn
 .text.isr_rpi_start
                0x000007c8        0x4 .\CortexM3\ARM_GCC_541\Debug\rpiCommunication.o
                0x000007c8                isr_rpi_start
 .text.isr_rpi_stop
                0x000007cc        0xc .\CortexM3\ARM_GCC_541\Debug\rpiCommunication.o
                0x000007cc                isr_rpi_stop
 .text.score    0x000007d8       0x18 .\CortexM3\ARM_GCC_541\Debug\rpiCommunication.o
                0x000007d8                score
 .text.rpiInit  0x000007f0        0xc .\CortexM3\ARM_GCC_541\Debug\rpiCommunication.o
                0x000007f0                rpiInit
 .text.clearScaleVariables
                0x000007fc       0x2c .\CortexM3\ARM_GCC_541\Debug\scale.o
                0x000007fc                clearScaleVariables
 .text.readScaleStatus
                0x00000828       0x94 .\CortexM3\ARM_GCC_541\Debug\scale.o
                0x00000828                readScaleStatus
 .text.soundInit
                0x000008bc       0x2c .\CortexM3\ARM_GCC_541\Debug\soundApp.o
                0x000008bc                soundInit
 .text.sendToSOMO
                0x000008e8       0x38 .\CortexM3\ARM_GCC_541\Debug\soundApp.o
                0x000008e8                sendToSOMO
 .text.waitingStateStart
                0x00000920       0x30 .\CortexM3\ARM_GCC_541\Debug\waitingState.o
                0x00000920                waitingStateStart
 .text.waitingStateDrink
                0x00000950       0x2c .\CortexM3\ARM_GCC_541\Debug\waitingState.o
                0x00000950                waitingStateDrink
 .text.CyClockStartupError
                0x0000097c        0x4 .\CortexM3\ARM_GCC_541\Debug\cyfitter_cfg.o
 .text.cfg_write_bytes32
                0x00000980       0x34 .\CortexM3\ARM_GCC_541\Debug\cyfitter_cfg.o
 .text.CYMEMZERO
                0x000009b4        0xc .\CortexM3\ARM_GCC_541\Debug\cyfitter_cfg.o
 .text.AnalogSetDefault
                0x000009c0       0x7c .\CortexM3\ARM_GCC_541\Debug\cyfitter_cfg.o
 .text.CYCONFIGCPY
                0x00000a3c        0x8 .\CortexM3\ARM_GCC_541\Debug\cyfitter_cfg.o
 .text.ClockSetup
                0x00000a44      0x114 .\CortexM3\ARM_GCC_541\Debug\cyfitter_cfg.o
 .text.cyfitter_cfg
                0x00000b58      0x128 .\CortexM3\ARM_GCC_541\Debug\cyfitter_cfg.o
                0x00000b58                cyfitter_cfg
 .text.IntDefaultHandler
                0x00000c80        0x4 .\CortexM3\ARM_GCC_541\Debug\Cm3Start.o
                0x00000c80                IntDefaultHandler
 .text._sbrk    0x00000c84       0x30 .\CortexM3\ARM_GCC_541\Debug\Cm3Start.o
                0x00000c84                _sbrk
 .text.Start_c  0x00000cb4       0x4c .\CortexM3\ARM_GCC_541\Debug\Cm3Start.o
                0x00000cb4                Start_c
 .text.initialize_psoc
                0x00000d00       0x6c .\CortexM3\ARM_GCC_541\Debug\Cm3Start.o
                0x00000d00                initialize_psoc
 .text.CyDmacConfigure
                0x00000d6c       0x34 .\CortexM3\ARM_GCC_541\Debug\NeoPixel.a(CyDmac.o)
                0x00000d6c                CyDmacConfigure
 .text.CyDmaChEnable
                0x00000da0       0x38 .\CortexM3\ARM_GCC_541\Debug\NeoPixel.a(CyDmac.o)
                0x00000da0                CyDmaChEnable
 .text.CyDmaChPriority
                0x00000dd8       0x24 .\CortexM3\ARM_GCC_541\Debug\NeoPixel.a(CyDmac.o)
                0x00000dd8                CyDmaChPriority
 .text.CyDmaChSetExtendedAddress
                0x00000dfc       0x34 .\CortexM3\ARM_GCC_541\Debug\NeoPixel.a(CyDmac.o)
                0x00000dfc                CyDmaChSetExtendedAddress
 .text.CyDmaChSetInitialTd
                0x00000e30       0x18 .\CortexM3\ARM_GCC_541\Debug\NeoPixel.a(CyDmac.o)
                0x00000e30                CyDmaChSetInitialTd
 .text.CyDmaChSetConfiguration
                0x00000e48       0x44 .\CortexM3\ARM_GCC_541\Debug\NeoPixel.a(CyDmac.o)
                0x00000e48                CyDmaChSetConfiguration
 .text.CyDmaTdAllocate
                0x00000e8c       0x34 .\CortexM3\ARM_GCC_541\Debug\NeoPixel.a(CyDmac.o)
                0x00000e8c                CyDmaTdAllocate
 .text.CyDmaTdSetConfiguration
                0x00000ec0       0x28 .\CortexM3\ARM_GCC_541\Debug\NeoPixel.a(CyDmac.o)
                0x00000ec0                CyDmaTdSetConfiguration
 .text.CyDmaTdSetAddress
                0x00000ee8       0x1c .\CortexM3\ARM_GCC_541\Debug\NeoPixel.a(CyDmac.o)
                0x00000ee8                CyDmaTdSetAddress
 .text.CyHalt   0x00000f04        0x4 .\CortexM3\ARM_GCC_541\Debug\NeoPixel.a(CyLib.o)
                0x00000f04                CyHalt
 .text.CyDelay  0x00000f08       0x2c .\CortexM3\ARM_GCC_541\Debug\NeoPixel.a(CyLib.o)
                0x00000f08                CyDelay
 .text.CyDelayUs
                0x00000f34       0x14 .\CortexM3\ARM_GCC_541\Debug\NeoPixel.a(CyLib.o)
                0x00000f34                CyDelayUs
 .text.CyIntSetVector
                0x00000f48       0x28 .\CortexM3\ARM_GCC_541\Debug\NeoPixel.a(CyLib.o)
                0x00000f48                CyIntSetVector
 .text.CyIntSetPriority
                0x00000f70       0x30 .\CortexM3\ARM_GCC_541\Debug\NeoPixel.a(CyLib.o)
                0x00000f70                CyIntSetPriority
 .text.NP_Start
                0x00000fa0      0x11c .\CortexM3\ARM_GCC_541\Debug\NeoPixel.a(NP_funcs.o)
                0x00000fa0                NP_Start
 .text.NP_Update
                0x000010bc       0x50 .\CortexM3\ARM_GCC_541\Debug\NeoPixel.a(NP_funcs.o)
                0x000010bc                NP_Update
 .text.NP_Neo_BITCNT_Init
                0x0000110c        0xc .\CortexM3\ARM_GCC_541\Debug\NeoPixel.a(NP_Neo_BITCNT.o)
                0x0000110c                NP_Neo_BITCNT_Init
 .text.NP_Neo_BITCNT_Enable
                0x00001118       0x1c .\CortexM3\ARM_GCC_541\Debug\NeoPixel.a(NP_Neo_BITCNT.o)
                0x00001118                NP_Neo_BITCNT_Enable
 .text.NP_Neo_BITCNT_Start
                0x00001134       0x1c .\CortexM3\ARM_GCC_541\Debug\NeoPixel.a(NP_Neo_BITCNT.o)
                0x00001134                NP_Neo_BITCNT_Start
 .text.NP_Neo_ONTime_Init
                0x00001150        0xc .\CortexM3\ARM_GCC_541\Debug\NeoPixel.a(NP_Neo_ONTime.o)
                0x00001150                NP_Neo_ONTime_Init
 .text.NP_Neo_ONTime_Enable
                0x0000115c       0x1c .\CortexM3\ARM_GCC_541\Debug\NeoPixel.a(NP_Neo_ONTime.o)
                0x0000115c                NP_Neo_ONTime_Enable
 .text.NP_Neo_ONTime_Start
                0x00001178       0x1c .\CortexM3\ARM_GCC_541\Debug\NeoPixel.a(NP_Neo_ONTime.o)
                0x00001178                NP_Neo_ONTime_Start
 .text.NP_Neo_ONTime_WritePeriod
                0x00001194        0xc .\CortexM3\ARM_GCC_541\Debug\NeoPixel.a(NP_Neo_ONTime.o)
                0x00001194                NP_Neo_ONTime_WritePeriod
 .text.NP_Neo_OFFTime_Init
                0x000011a0        0xc .\CortexM3\ARM_GCC_541\Debug\NeoPixel.a(NP_Neo_OFFTime.o)
                0x000011a0                NP_Neo_OFFTime_Init
 .text.NP_Neo_OFFTime_Enable
                0x000011ac       0x1c .\CortexM3\ARM_GCC_541\Debug\NeoPixel.a(NP_Neo_OFFTime.o)
                0x000011ac                NP_Neo_OFFTime_Enable
 .text.NP_Neo_OFFTime_Start
                0x000011c8       0x1c .\CortexM3\ARM_GCC_541\Debug\NeoPixel.a(NP_Neo_OFFTime.o)
                0x000011c8                NP_Neo_OFFTime_Start
 .text.NP_Neo_OFFTime_WritePeriod
                0x000011e4        0xc .\CortexM3\ARM_GCC_541\Debug\NeoPixel.a(NP_Neo_OFFTime.o)
                0x000011e4                NP_Neo_OFFTime_WritePeriod
 .text.NP_DMA_DmaInitialize
                0x000011f0       0x3c .\CortexM3\ARM_GCC_541\Debug\NeoPixel.a(NP_DMA_dma.o)
                0x000011f0                NP_DMA_DmaInitialize
 .text.pulseInt_SetVector
                0x0000122c        0xc .\CortexM3\ARM_GCC_541\Debug\NeoPixel.a(pulseInt.o)
                0x0000122c                pulseInt_SetVector
 .text.pulseInt_SetPriority
                0x00001238       0x10 .\CortexM3\ARM_GCC_541\Debug\NeoPixel.a(pulseInt.o)
                0x00001238                pulseInt_SetPriority
 .text.pulseInt_Enable
                0x00001248       0x10 .\CortexM3\ARM_GCC_541\Debug\NeoPixel.a(pulseInt.o)
                0x00001248                pulseInt_Enable
 .text.pulseInt_Disable
                0x00001258       0x10 .\CortexM3\ARM_GCC_541\Debug\NeoPixel.a(pulseInt.o)
                0x00001258                pulseInt_Disable
 .text.pulseInt_StartEx
                0x00001268       0x1c .\CortexM3\ARM_GCC_541\Debug\NeoPixel.a(pulseInt.o)
                0x00001268                pulseInt_StartEx
 .text.pulseCounter_Enable
                0x00001284       0x10 .\CortexM3\ARM_GCC_541\Debug\NeoPixel.a(pulseCounter.o)
                0x00001284                pulseCounter_Enable
 .text.pulseCounter_SetInterruptMode
                0x00001294        0xc .\CortexM3\ARM_GCC_541\Debug\NeoPixel.a(pulseCounter.o)
                0x00001294                pulseCounter_SetInterruptMode
 .text.pulseCounter_ReadStatusRegister
                0x000012a0        0xc .\CortexM3\ARM_GCC_541\Debug\NeoPixel.a(pulseCounter.o)
                0x000012a0                pulseCounter_ReadStatusRegister
 .text.pulseCounter_WriteCounter
                0x000012ac        0xc .\CortexM3\ARM_GCC_541\Debug\NeoPixel.a(pulseCounter.o)
                0x000012ac                pulseCounter_WriteCounter
 .text.pulseCounter_ReadCapture
                0x000012b8        0xc .\CortexM3\ARM_GCC_541\Debug\NeoPixel.a(pulseCounter.o)
                0x000012b8                pulseCounter_ReadCapture
 .text.pulseCounter_WritePeriod
                0x000012c4        0xc .\CortexM3\ARM_GCC_541\Debug\NeoPixel.a(pulseCounter.o)
                0x000012c4                pulseCounter_WritePeriod
 .text.pulseCounter_WriteCompare
                0x000012d0        0xc .\CortexM3\ARM_GCC_541\Debug\NeoPixel.a(pulseCounter.o)
                0x000012d0                pulseCounter_WriteCompare
 .text.pulseCounter_ClearFIFO
                0x000012dc       0x14 .\CortexM3\ARM_GCC_541\Debug\NeoPixel.a(pulseCounter.o)
                0x000012dc                pulseCounter_ClearFIFO
 .text.pulseCounter_Init
                0x000012f0       0x5c .\CortexM3\ARM_GCC_541\Debug\NeoPixel.a(pulseCounter.o)
                0x000012f0                pulseCounter_Init
 .text.pulseCounter_Start
                0x0000134c       0x1c .\CortexM3\ARM_GCC_541\Debug\NeoPixel.a(pulseCounter.o)
                0x0000134c                pulseCounter_Start
 .text.echoInt_1_SetVector
                0x00001368        0xc .\CortexM3\ARM_GCC_541\Debug\NeoPixel.a(echoInt_1.o)
                0x00001368                echoInt_1_SetVector
 .text.echoInt_1_SetPriority
                0x00001374       0x10 .\CortexM3\ARM_GCC_541\Debug\NeoPixel.a(echoInt_1.o)
                0x00001374                echoInt_1_SetPriority
 .text.echoInt_1_Enable
                0x00001384        0xc .\CortexM3\ARM_GCC_541\Debug\NeoPixel.a(echoInt_1.o)
                0x00001384                echoInt_1_Enable
 .text.echoInt_1_Disable
                0x00001390        0xc .\CortexM3\ARM_GCC_541\Debug\NeoPixel.a(echoInt_1.o)
                0x00001390                echoInt_1_Disable
 .text.echoInt_1_StartEx
                0x0000139c       0x1c .\CortexM3\ARM_GCC_541\Debug\NeoPixel.a(echoInt_1.o)
                0x0000139c                echoInt_1_StartEx
 .text.echoInt_2_SetVector
                0x000013b8        0xc .\CortexM3\ARM_GCC_541\Debug\NeoPixel.a(echoInt_2.o)
                0x000013b8                echoInt_2_SetVector
 .text.echoInt_2_SetPriority
                0x000013c4       0x10 .\CortexM3\ARM_GCC_541\Debug\NeoPixel.a(echoInt_2.o)
                0x000013c4                echoInt_2_SetPriority
 .text.echoInt_2_Enable
                0x000013d4        0xc .\CortexM3\ARM_GCC_541\Debug\NeoPixel.a(echoInt_2.o)
                0x000013d4                echoInt_2_Enable
 .text.echoInt_2_Disable
                0x000013e0        0xc .\CortexM3\ARM_GCC_541\Debug\NeoPixel.a(echoInt_2.o)
                0x000013e0                echoInt_2_Disable
 .text.echoInt_2_StartEx
                0x000013ec       0x1c .\CortexM3\ARM_GCC_541\Debug\NeoPixel.a(echoInt_2.o)
                0x000013ec                echoInt_2_StartEx
 .text.echoInt_3_SetVector
                0x00001408        0xc .\CortexM3\ARM_GCC_541\Debug\NeoPixel.a(echoInt_3.o)
                0x00001408                echoInt_3_SetVector
 .text.echoInt_3_SetPriority
                0x00001414       0x10 .\CortexM3\ARM_GCC_541\Debug\NeoPixel.a(echoInt_3.o)
                0x00001414                echoInt_3_SetPriority
 .text.echoInt_3_Enable
                0x00001424        0xc .\CortexM3\ARM_GCC_541\Debug\NeoPixel.a(echoInt_3.o)
                0x00001424                echoInt_3_Enable
 .text.echoInt_3_Disable
                0x00001430        0xc .\CortexM3\ARM_GCC_541\Debug\NeoPixel.a(echoInt_3.o)
                0x00001430                echoInt_3_Disable
 .text.echoInt_3_StartEx
                0x0000143c       0x1c .\CortexM3\ARM_GCC_541\Debug\NeoPixel.a(echoInt_3.o)
                0x0000143c                echoInt_3_StartEx
 .text.echoInt_4_SetVector
                0x00001458        0xc .\CortexM3\ARM_GCC_541\Debug\NeoPixel.a(echoInt_4.o)
                0x00001458                echoInt_4_SetVector
 .text.echoInt_4_SetPriority
                0x00001464       0x10 .\CortexM3\ARM_GCC_541\Debug\NeoPixel.a(echoInt_4.o)
                0x00001464                echoInt_4_SetPriority
 .text.echoInt_4_Enable
                0x00001474        0xc .\CortexM3\ARM_GCC_541\Debug\NeoPixel.a(echoInt_4.o)
                0x00001474                echoInt_4_Enable
 .text.echoInt_4_Disable
                0x00001480        0xc .\CortexM3\ARM_GCC_541\Debug\NeoPixel.a(echoInt_4.o)
                0x00001480                echoInt_4_Disable
 .text.echoInt_4_StartEx
                0x0000148c       0x1c .\CortexM3\ARM_GCC_541\Debug\NeoPixel.a(echoInt_4.o)
                0x0000148c                echoInt_4_StartEx
 .text.CLK_500kHz_Start
                0x000014a8       0x1c .\CortexM3\ARM_GCC_541\Debug\NeoPixel.a(CLK_500kHz.o)
                0x000014a8                CLK_500kHz_Start
 .text.triggerPWM_Enable
                0x000014c4       0x10 .\CortexM3\ARM_GCC_541\Debug\NeoPixel.a(triggerPWM.o)
                0x000014c4                triggerPWM_Enable
 .text.triggerPWM_Stop
                0x000014d4       0x10 .\CortexM3\ARM_GCC_541\Debug\NeoPixel.a(triggerPWM.o)
                0x000014d4                triggerPWM_Stop
 .text.triggerPWM_WriteCounter
                0x000014e4        0xc .\CortexM3\ARM_GCC_541\Debug\NeoPixel.a(triggerPWM.o)
                0x000014e4                triggerPWM_WriteCounter
 .text.triggerPWM_WritePeriod
                0x000014f0        0xc .\CortexM3\ARM_GCC_541\Debug\NeoPixel.a(triggerPWM.o)
                0x000014f0                triggerPWM_WritePeriod
 .text.triggerPWM_WriteCompare
                0x000014fc        0xc .\CortexM3\ARM_GCC_541\Debug\NeoPixel.a(triggerPWM.o)
                0x000014fc                triggerPWM_WriteCompare
 .text.triggerPWM_Init
                0x00001508       0x40 .\CortexM3\ARM_GCC_541\Debug\NeoPixel.a(triggerPWM.o)
                0x00001508                triggerPWM_Init
 .text.triggerPWM_Start
                0x00001548       0x1c .\CortexM3\ARM_GCC_541\Debug\NeoPixel.a(triggerPWM.o)
                0x00001548                triggerPWM_Start
 .text.CLK_24MHz_Start
                0x00001564       0x1c .\CortexM3\ARM_GCC_541\Debug\NeoPixel.a(CLK_24MHz.o)
                0x00001564                CLK_24MHz_Start
 .text.Pin1_dir2_Write
                0x00001580       0x18 .\CortexM3\ARM_GCC_541\Debug\NeoPixel.a(Pin1_dir2.o)
                0x00001580                Pin1_dir2_Write
 .text.Pin1_dir1_Write
                0x00001598       0x18 .\CortexM3\ARM_GCC_541\Debug\NeoPixel.a(Pin1_dir1.o)
                0x00001598                Pin1_dir1_Write
 .text.Pin2_dir1_Write
                0x000015b0       0x18 .\CortexM3\ARM_GCC_541\Debug\NeoPixel.a(Pin2_dir1.o)
                0x000015b0                Pin2_dir1_Write
 .text.Pin2_dir2_Write
                0x000015c8       0x18 .\CortexM3\ARM_GCC_541\Debug\NeoPixel.a(Pin2_dir2.o)
                0x000015c8                Pin2_dir2_Write
 .text.motorPWM_1_Enable
                0x000015e0       0x10 .\CortexM3\ARM_GCC_541\Debug\NeoPixel.a(motorPWM_1.o)
                0x000015e0                motorPWM_1_Enable
 .text.motorPWM_1_Stop
                0x000015f0       0x10 .\CortexM3\ARM_GCC_541\Debug\NeoPixel.a(motorPWM_1.o)
                0x000015f0                motorPWM_1_Stop
 .text.motorPWM_1_WriteCounter
                0x00001600        0xc .\CortexM3\ARM_GCC_541\Debug\NeoPixel.a(motorPWM_1.o)
                0x00001600                motorPWM_1_WriteCounter
 .text.motorPWM_1_WritePeriod
                0x0000160c        0xc .\CortexM3\ARM_GCC_541\Debug\NeoPixel.a(motorPWM_1.o)
                0x0000160c                motorPWM_1_WritePeriod
 .text.motorPWM_1_WriteCompare
                0x00001618        0xc .\CortexM3\ARM_GCC_541\Debug\NeoPixel.a(motorPWM_1.o)
                0x00001618                motorPWM_1_WriteCompare
 .text.motorPWM_1_SetInterruptMode
                0x00001624        0xc .\CortexM3\ARM_GCC_541\Debug\NeoPixel.a(motorPWM_1.o)
                0x00001624                motorPWM_1_SetInterruptMode
 .text.motorPWM_1_ReadStatusRegister
                0x00001630        0xc .\CortexM3\ARM_GCC_541\Debug\NeoPixel.a(motorPWM_1.o)
                0x00001630                motorPWM_1_ReadStatusRegister
 .text.motorPWM_1_ReadCapture
                0x0000163c        0xc .\CortexM3\ARM_GCC_541\Debug\NeoPixel.a(motorPWM_1.o)
                0x0000163c                motorPWM_1_ReadCapture
 .text.motorPWM_1_ClearFIFO
                0x00001648       0x14 .\CortexM3\ARM_GCC_541\Debug\NeoPixel.a(motorPWM_1.o)
                0x00001648                motorPWM_1_ClearFIFO
 .text.motorPWM_1_Init
                0x0000165c       0x50 .\CortexM3\ARM_GCC_541\Debug\NeoPixel.a(motorPWM_1.o)
                0x0000165c                motorPWM_1_Init
 .text.motorPWM_1_Start
                0x000016ac       0x1c .\CortexM3\ARM_GCC_541\Debug\NeoPixel.a(motorPWM_1.o)
                0x000016ac                motorPWM_1_Start
 .text.ball_int_SetVector
                0x000016c8        0xc .\CortexM3\ARM_GCC_541\Debug\NeoPixel.a(ball_int.o)
                0x000016c8                ball_int_SetVector
 .text.ball_int_SetPriority
                0x000016d4       0x10 .\CortexM3\ARM_GCC_541\Debug\NeoPixel.a(ball_int.o)
                0x000016d4                ball_int_SetPriority
 .text.ball_int_Enable
                0x000016e4        0xc .\CortexM3\ARM_GCC_541\Debug\NeoPixel.a(ball_int.o)
                0x000016e4                ball_int_Enable
 .text.ball_int_Disable
                0x000016f0        0xc .\CortexM3\ARM_GCC_541\Debug\NeoPixel.a(ball_int.o)
                0x000016f0                ball_int_Disable
 .text.ball_int_StartEx
                0x000016fc       0x1c .\CortexM3\ARM_GCC_541\Debug\NeoPixel.a(ball_int.o)
                0x000016fc                ball_int_StartEx
 .text.isr_rpi_start_SetVector
                0x00001718        0xc .\CortexM3\ARM_GCC_541\Debug\NeoPixel.a(isr_rpi_start.o)
                0x00001718                isr_rpi_start_SetVector
 .text.isr_rpi_start_SetPriority
                0x00001724       0x10 .\CortexM3\ARM_GCC_541\Debug\NeoPixel.a(isr_rpi_start.o)
                0x00001724                isr_rpi_start_SetPriority
 .text.isr_rpi_start_Enable
                0x00001734        0xc .\CortexM3\ARM_GCC_541\Debug\NeoPixel.a(isr_rpi_start.o)
                0x00001734                isr_rpi_start_Enable
 .text.isr_rpi_start_Disable
                0x00001740        0xc .\CortexM3\ARM_GCC_541\Debug\NeoPixel.a(isr_rpi_start.o)
                0x00001740                isr_rpi_start_Disable
 .text.isr_rpi_start_StartEx
                0x0000174c       0x1c .\CortexM3\ARM_GCC_541\Debug\NeoPixel.a(isr_rpi_start.o)
                0x0000174c                isr_rpi_start_StartEx
 .text.Pin_score_Write
                0x00001768       0x18 .\CortexM3\ARM_GCC_541\Debug\NeoPixel.a(Pin_score.o)
                0x00001768                Pin_score_Write
 .text.isr_rpi_stop_SetVector
                0x00001780        0xc .\CortexM3\ARM_GCC_541\Debug\NeoPixel.a(isr_rpi_stop.o)
                0x00001780                isr_rpi_stop_SetVector
 .text.isr_rpi_stop_SetPriority
                0x0000178c       0x10 .\CortexM3\ARM_GCC_541\Debug\NeoPixel.a(isr_rpi_stop.o)
                0x0000178c                isr_rpi_stop_SetPriority
 .text.isr_rpi_stop_Enable
                0x0000179c        0xc .\CortexM3\ARM_GCC_541\Debug\NeoPixel.a(isr_rpi_stop.o)
                0x0000179c                isr_rpi_stop_Enable
 .text.isr_rpi_stop_Disable
                0x000017a8        0xc .\CortexM3\ARM_GCC_541\Debug\NeoPixel.a(isr_rpi_stop.o)
                0x000017a8                isr_rpi_stop_Disable
 .text.isr_rpi_stop_StartEx
                0x000017b4       0x1c .\CortexM3\ARM_GCC_541\Debug\NeoPixel.a(isr_rpi_stop.o)
                0x000017b4                isr_rpi_stop_StartEx
 .text.ADC_SAR_1_CalcGain
                0x000017d0       0x64 .\CortexM3\ARM_GCC_541\Debug\NeoPixel.a(ADC_SAR_1.o)
 .text.ADC_SAR_1_Enable
                0x00001834       0x94 .\CortexM3\ARM_GCC_541\Debug\NeoPixel.a(ADC_SAR_1.o)
                0x00001834                ADC_SAR_1_Enable
 .text.ADC_SAR_1_SetResolution
                0x000018c8       0x38 .\CortexM3\ARM_GCC_541\Debug\NeoPixel.a(ADC_SAR_1.o)
                0x000018c8                ADC_SAR_1_SetResolution
 .text.ADC_SAR_1_Init
                0x00001900       0x3c .\CortexM3\ARM_GCC_541\Debug\NeoPixel.a(ADC_SAR_1.o)
                0x00001900                ADC_SAR_1_Init
 .text.ADC_SAR_1_Start
                0x0000193c       0x1c .\CortexM3\ARM_GCC_541\Debug\NeoPixel.a(ADC_SAR_1.o)
                0x0000193c                ADC_SAR_1_Start
 .text.ADC_SAR_1_StartConvert
                0x00001958       0x10 .\CortexM3\ARM_GCC_541\Debug\NeoPixel.a(ADC_SAR_1.o)
                0x00001958                ADC_SAR_1_StartConvert
 .text.ADC_SAR_1_StopConvert
                0x00001968       0x10 .\CortexM3\ARM_GCC_541\Debug\NeoPixel.a(ADC_SAR_1.o)
                0x00001968                ADC_SAR_1_StopConvert
 .text.ADC_SAR_1_IsEndConversion
                0x00001978       0x24 .\CortexM3\ARM_GCC_541\Debug\NeoPixel.a(ADC_SAR_1.o)
                0x00001978                ADC_SAR_1_IsEndConversion
 .text.ADC_SAR_1_GetResult16
                0x0000199c       0x18 .\CortexM3\ARM_GCC_541\Debug\NeoPixel.a(ADC_SAR_1.o)
                0x0000199c                ADC_SAR_1_GetResult16
 .text.ADC_SAR_1_ISR
                0x000019b4        0x4 .\CortexM3\ARM_GCC_541\Debug\NeoPixel.a(ADC_SAR_1_INT.o)
                0x000019b4                ADC_SAR_1_ISR
 .text.motorPWM_2_Enable
                0x000019b8       0x10 .\CortexM3\ARM_GCC_541\Debug\NeoPixel.a(motorPWM_2.o)
                0x000019b8                motorPWM_2_Enable
 .text.motorPWM_2_Stop
                0x000019c8       0x10 .\CortexM3\ARM_GCC_541\Debug\NeoPixel.a(motorPWM_2.o)
                0x000019c8                motorPWM_2_Stop
 .text.motorPWM_2_WriteCounter
                0x000019d8        0xc .\CortexM3\ARM_GCC_541\Debug\NeoPixel.a(motorPWM_2.o)
                0x000019d8                motorPWM_2_WriteCounter
 .text.motorPWM_2_WritePeriod
                0x000019e4        0xc .\CortexM3\ARM_GCC_541\Debug\NeoPixel.a(motorPWM_2.o)
                0x000019e4                motorPWM_2_WritePeriod
 .text.motorPWM_2_WriteCompare
                0x000019f0        0xc .\CortexM3\ARM_GCC_541\Debug\NeoPixel.a(motorPWM_2.o)
                0x000019f0                motorPWM_2_WriteCompare
 .text.motorPWM_2_SetInterruptMode
                0x000019fc        0xc .\CortexM3\ARM_GCC_541\Debug\NeoPixel.a(motorPWM_2.o)
                0x000019fc                motorPWM_2_SetInterruptMode
 .text.motorPWM_2_ReadStatusRegister
                0x00001a08        0xc .\CortexM3\ARM_GCC_541\Debug\NeoPixel.a(motorPWM_2.o)
                0x00001a08                motorPWM_2_ReadStatusRegister
 .text.motorPWM_2_ReadCapture
                0x00001a14        0xc .\CortexM3\ARM_GCC_541\Debug\NeoPixel.a(motorPWM_2.o)
                0x00001a14                motorPWM_2_ReadCapture
 .text.motorPWM_2_ClearFIFO
                0x00001a20       0x14 .\CortexM3\ARM_GCC_541\Debug\NeoPixel.a(motorPWM_2.o)
                0x00001a20                motorPWM_2_ClearFIFO
 .text.motorPWM_2_Init
                0x00001a34       0x50 .\CortexM3\ARM_GCC_541\Debug\NeoPixel.a(motorPWM_2.o)
                0x00001a34                motorPWM_2_Init
 .text.motorPWM_2_Start
                0x00001a84       0x1c .\CortexM3\ARM_GCC_541\Debug\NeoPixel.a(motorPWM_2.o)
                0x00001a84                motorPWM_2_Start
 .text.soundUART_Init
                0x00001aa0       0x18 .\CortexM3\ARM_GCC_541\Debug\NeoPixel.a(soundUART.o)
                0x00001aa0                soundUART_Init
 .text.soundUART_Enable
                0x00001ab8       0x24 .\CortexM3\ARM_GCC_541\Debug\NeoPixel.a(soundUART.o)
                0x00001ab8                soundUART_Enable
 .text.soundUART_Start
                0x00001adc       0x1c .\CortexM3\ARM_GCC_541\Debug\NeoPixel.a(soundUART.o)
                0x00001adc                soundUART_Start
 .text.soundUART_PutChar
                0x00001af8       0x18 .\CortexM3\ARM_GCC_541\Debug\NeoPixel.a(soundUART.o)
                0x00001af8                soundUART_PutChar
 .text.soundUART_PutArray
                0x00001b10       0x28 .\CortexM3\ARM_GCC_541\Debug\NeoPixel.a(soundUART.o)
                0x00001b10                soundUART_PutArray
 .text.ADC_SAR_1_theACLK_SetModeRegister
                0x00001b38       0x14 .\CortexM3\ARM_GCC_541\Debug\NeoPixel.a(ADC_SAR_1_theACLK.o)
                0x00001b38                ADC_SAR_1_theACLK_SetModeRegister
 .text.soundUART_IntClock_Start
                0x00001b4c       0x1c .\CortexM3\ARM_GCC_541\Debug\NeoPixel.a(soundUART_IntClock.o)
                0x00001b4c                soundUART_IntClock_Start
 .text          0x00001b68       0x20 .\CortexM3\ARM_GCC_541\Debug\NeoPixel.a(CyBootAsmGnu.o)
                0x00001b68                CyDelayCycles
                0x00001b78                CyEnterCriticalSection
                0x00001b80                CyExitCriticalSection
 .text          0x00001b88      0x424 c:/program files (x86)/cypress/psoc creator/4.2/psoc creator/import/gnu/arm/5.4.1/bin/../lib/gcc/arm-none-eabi/5.4.1/armv7-m\libgcc.a(_arm_muldivdf3.o)
                0x00001b88                __aeabi_dmul
                0x00001b88                __muldf3
                0x00001ddc                __divdf3
                0x00001ddc                __aeabi_ddiv
 .text          0x00001fac      0x110 c:/program files (x86)/cypress/psoc creator/4.2/psoc creator/import/gnu/arm/5.4.1/bin/../lib/gcc/arm-none-eabi/5.4.1/armv7-m\libgcc.a(_arm_cmpdf2.o)
                0x00001fac                __gtdf2
                0x00001fac                __gedf2
                0x00001fb4                __ltdf2
                0x00001fb4                __ledf2
                0x00001fbc                __nedf2
                0x00001fbc                __eqdf2
                0x00001fbc                __cmpdf2
                0x00002038                __aeabi_cdrcmple
                0x00002048                __aeabi_cdcmpeq
                0x00002048                __aeabi_cdcmple
                0x00002058                __aeabi_dcmpeq
                0x0000206c                __aeabi_dcmplt
                0x00002080                __aeabi_dcmple
                0x00002094                __aeabi_dcmpge
                0x000020a8                __aeabi_dcmpgt
 .text          0x000020bc       0x40 c:/program files (x86)/cypress/psoc creator/4.2/psoc creator/import/gnu/arm/5.4.1/bin/../lib/gcc/arm-none-eabi/5.4.1/armv7-m\libgcc.a(_arm_fixunsdfsi.o)
                0x000020bc                __aeabi_d2uiz
                0x000020bc                __fixunsdfsi
 .text.__errno  0x000020fc        0xc c:/program files (x86)/cypress/psoc creator/4.2/psoc creator/import/gnu/arm/5.4.1/bin/../lib/gcc/arm-none-eabi/5.4.1/../../../../arm-none-eabi/lib/armv7-m\libg_nano.a(lib_a-errno.o)
                0x000020fc                __errno
 .text.__libc_init_array
                0x00002108       0x4c c:/program files (x86)/cypress/psoc creator/4.2/psoc creator/import/gnu/arm/5.4.1/bin/../lib/gcc/arm-none-eabi/5.4.1/../../../../arm-none-eabi/lib/armv7-m\libg_nano.a(lib_a-init.o)
                0x00002108                __libc_init_array
 .text.malloc   0x00002154       0x10 c:/program files (x86)/cypress/psoc creator/4.2/psoc creator/import/gnu/arm/5.4.1/bin/../lib/gcc/arm-none-eabi/5.4.1/../../../../arm-none-eabi/lib/armv7-m\libg_nano.a(lib_a-malloc.o)
                0x00002154                malloc
 .text.memcpy   0x00002164       0x16 c:/program files (x86)/cypress/psoc creator/4.2/psoc creator/import/gnu/arm/5.4.1/bin/../lib/gcc/arm-none-eabi/5.4.1/../../../../arm-none-eabi/lib/armv7-m\libg_nano.a(lib_a-memcpy-stub.o)
                0x00002164                memcpy
 .text.memset   0x0000217a       0x10 c:/program files (x86)/cypress/psoc creator/4.2/psoc creator/import/gnu/arm/5.4.1/bin/../lib/gcc/arm-none-eabi/5.4.1/../../../../arm-none-eabi/lib/armv7-m\libg_nano.a(lib_a-memset.o)
                0x0000217a                memset
 *fill*         0x0000218a        0x2 
 .text._malloc_r
                0x0000218c       0xbc c:/program files (x86)/cypress/psoc creator/4.2/psoc creator/import/gnu/arm/5.4.1/bin/../lib/gcc/arm-none-eabi/5.4.1/../../../../arm-none-eabi/lib/armv7-m\libg_nano.a(lib_a-nano-mallocr.o)
                0x0000218c                _malloc_r
 .text.rand     0x00002248       0x74 c:/program files (x86)/cypress/psoc creator/4.2/psoc creator/import/gnu/arm/5.4.1/bin/../lib/gcc/arm-none-eabi/5.4.1/../../../../arm-none-eabi/lib/armv7-m\libg_nano.a(lib_a-rand.o)
                0x00002248                rand
 .text._sbrk_r  0x000022bc       0x20 c:/program files (x86)/cypress/psoc creator/4.2/psoc creator/import/gnu/arm/5.4.1/bin/../lib/gcc/arm-none-eabi/5.4.1/../../../../arm-none-eabi/lib/armv7-m\libg_nano.a(lib_a-sbrkr.o)
                0x000022bc                _sbrk_r
 .text.__malloc_lock
                0x000022dc        0x2 c:/program files (x86)/cypress/psoc creator/4.2/psoc creator/import/gnu/arm/5.4.1/bin/../lib/gcc/arm-none-eabi/5.4.1/../../../../arm-none-eabi/lib/armv7-m\libg_nano.a(lib_a-mlock.o)
                0x000022dc                __malloc_lock
 .text.__malloc_unlock
                0x000022de        0x2 c:/program files (x86)/cypress/psoc creator/4.2/psoc creator/import/gnu/arm/5.4.1/bin/../lib/gcc/arm-none-eabi/5.4.1/../../../../arm-none-eabi/lib/armv7-m\libg_nano.a(lib_a-mlock.o)
                0x000022de                __malloc_unlock
 *(.plt)
 *(.gnu.warning)
 *(.glue_7t)
 .glue_7t       0x000022e0        0x0 linker stubs
 *(.glue_7)
 .glue_7        0x000022e0        0x0 linker stubs
 *(.vfp11_veneer)
 .vfp11_veneer  0x000022e0        0x0 linker stubs
 *(.bootloader)
 *(.ARM.extab* .gnu.linkonce.armextab.*)
 *(.gcc_except_table)

.v4_bx          0x000022e0        0x0
 .v4_bx         0x000022e0        0x0 linker stubs

.iplt           0x000022e0        0x0
 .iplt          0x000022e0        0x0 c:/program files (x86)/cypress/psoc creator/4.2/psoc creator/import/gnu/arm/5.4.1/bin/../lib/gcc/arm-none-eabi/5.4.1/armv7-m/crtbegin.o

.eh_frame_hdr
 *(.eh_frame_hdr)

.eh_frame       0x000022e0        0x4
 *(.eh_frame)
 .eh_frame      0x000022e0        0x0 c:/program files (x86)/cypress/psoc creator/4.2/psoc creator/import/gnu/arm/5.4.1/bin/../lib/gcc/arm-none-eabi/5.4.1/armv7-m/crtbegin.o
 .eh_frame      0x000022e0        0x4 c:/program files (x86)/cypress/psoc creator/4.2/psoc creator/import/gnu/arm/5.4.1/bin/../lib/gcc/arm-none-eabi/5.4.1/armv7-m/crtend.o
                [!provide]                PROVIDE (__exidx_start, .)

.ARM.exidx
 *(.ARM.exidx* .gnu.linkonce.armexidx.*)
                0x000022e4                __exidx_end = .

.rodata         0x000022e4       0x84
 *(.rodata .rodata.* .gnu.linkonce.r.*)
 .rodata        0x000022e4       0x28 .\CortexM3\ARM_GCC_541\Debug\soundApp.o
                0x000022e4                setSource
                0x000022ec                volume
                0x000022f4                playStart
                0x000022fc                playStop
                0x00002304                playPoint
 .rodata        0x0000230c       0x24 .\CortexM3\ARM_GCC_541\Debug\cyfitter_cfg.o
 .rodata.str1.1
                0x00002330        0x2 c:/program files (x86)/cypress/psoc creator/4.2/psoc creator/import/gnu/arm/5.4.1/bin/../lib/gcc/arm-none-eabi/5.4.1/../../../../arm-none-eabi/lib/armv7-m\libg_nano.a(lib_a-impure.o)
                0x00002334                . = ALIGN (0x4)
 *fill*         0x00002332        0x2 
 *(.init)
 .init          0x00002334        0x4 c:/program files (x86)/cypress/psoc creator/4.2/psoc creator/import/gnu/arm/5.4.1/bin/../lib/gcc/arm-none-eabi/5.4.1/armv7-m/crti.o
                0x00002334                _init
 .init          0x00002338        0x8 c:/program files (x86)/cypress/psoc creator/4.2/psoc creator/import/gnu/arm/5.4.1/bin/../lib/gcc/arm-none-eabi/5.4.1/armv7-m/crtn.o
                0x00002340                . = ALIGN (0x4)
                0x00002340                __preinit_array_start = .
 *(.preinit_array)
                0x00002340                __preinit_array_end = .
                0x00002340                . = ALIGN (0x4)
                0x00002340                __init_array_start = .
 *(SORT(.init_array.*))
 *(.init_array)
 .init_array    0x00002340        0x4 c:/program files (x86)/cypress/psoc creator/4.2/psoc creator/import/gnu/arm/5.4.1/bin/../lib/gcc/arm-none-eabi/5.4.1/armv7-m/crtbegin.o
 .init_array    0x00002344        0x4 .\CortexM3\ARM_GCC_541\Debug\Cm3Start.o
                0x00002348                __init_array_end = .
                0x00002348                . = ALIGN (0x4)
 *(.fini)
 .fini          0x00002348        0x4 c:/program files (x86)/cypress/psoc creator/4.2/psoc creator/import/gnu/arm/5.4.1/bin/../lib/gcc/arm-none-eabi/5.4.1/armv7-m/crti.o
                0x00002348                _fini
 .fini          0x0000234c        0x8 c:/program files (x86)/cypress/psoc creator/4.2/psoc creator/import/gnu/arm/5.4.1/bin/../lib/gcc/arm-none-eabi/5.4.1/armv7-m/crtn.o
                0x00002354                . = ALIGN (0x4)
                0x00002354                __fini_array_start = .
 *(.fini_array)
 .fini_array    0x00002354        0x4 c:/program files (x86)/cypress/psoc creator/4.2/psoc creator/import/gnu/arm/5.4.1/bin/../lib/gcc/arm-none-eabi/5.4.1/armv7-m/crtbegin.o
 *(SORT(.fini_array.*))
                0x00002358                __fini_array_end = .
                0x00002358                . = ALIGN (0x4)
 *crtbegin.o(.ctors)
 *(EXCLUDE_FILE(*crtend.o) .ctors)
 *(SORT(.ctors.*))
 *crtend.o(.ctors)
                0x00002358                . = ALIGN (0x4)
 *crtbegin.o(.dtors)
 *(EXCLUDE_FILE(*crtend.o) .dtors)
 *(SORT(.dtors.*))
 *crtend.o(.dtors)
                0x00002358                . = ALIGN (0x4)
                0x00002358                __cy_regions = .
                0x00002358        0x4 LONG 0x2368 __cy_region_init_ram
                0x0000235c        0x4 LONG 0x1fff80c8 __cy_region_start_data
                0x00002360        0x4 LONG 0xc0 __cy_region_init_size_ram
                0x00002364        0x4 LONG 0x2c8 __cy_region_zero_size_ram
                0x00002368                __cy_regions_end = .
                0x00002368                . = ALIGN (0x8)
                0x00002368                _etext = .

.cy_checksum_exclude
                0x00002368        0x0
 *(.cy_checksum_exclude)

.ramvectors     0x1fff8000       0xc0
                0x1fff8000                __cy_region_start_ram = .
 *(.ramvectors)
 .ramvectors    0x1fff8000       0xc0 .\CortexM3\ARM_GCC_541\Debug\Cm3Start.o
                0x1fff8000                CyRamVectors

.noinit         0x1fff80c0        0x1
 *(.noinit)
 .noinit        0x1fff80c0        0x1 .\CortexM3\ARM_GCC_541\Debug\NeoPixel.a(CyLib.o)
                0x1fff80c0                CyResetStatus

.data           0x1fff80c8       0xc0 load address 0x00002368
                0x1fff80c8                __cy_region_start_data = .
 *(.jcr)
 .jcr           0x1fff80c8        0x0 c:/program files (x86)/cypress/psoc creator/4.2/psoc creator/import/gnu/arm/5.4.1/bin/../lib/gcc/arm-none-eabi/5.4.1/armv7-m/crtbegin.o
 .jcr           0x1fff80c8        0x4 c:/program files (x86)/cypress/psoc creator/4.2/psoc creator/import/gnu/arm/5.4.1/bin/../lib/gcc/arm-none-eabi/5.4.1/armv7-m/crtend.o
 *(.got.plt)
 *(.got)
 *(.shdata)
 *(.data .data.* .gnu.linkonce.d.*)
 .data          0x1fff80cc       0x38 .\CortexM3\ARM_GCC_541\Debug\MotorApp.o
                0x1fff80cc                driveState
 .data          0x1fff8104        0x4 .\CortexM3\ARM_GCC_541\Debug\Cm3Start.o
 .data          0x1fff8108        0x8 .\CortexM3\ARM_GCC_541\Debug\NeoPixel.a(CyDmac.o)
 .data          0x1fff8110       0x10 .\CortexM3\ARM_GCC_541\Debug\NeoPixel.a(CyLib.o)
                0x1fff8110                cydelay_32k_ms
                0x1fff8114                cydelay_freq_khz
                0x1fff8118                cydelay_freq_mhz
                0x1fff811c                cydelay_freq_hz
 .data          0x1fff8120        0x1 .\CortexM3\ARM_GCC_541\Debug\NeoPixel.a(NP_DMA_dma.o)
                0x1fff8120                NP_DMA_DmaHandle
 *fill*         0x1fff8121        0x3 
 .data.impure_data
                0x1fff8124       0x60 c:/program files (x86)/cypress/psoc creator/4.2/psoc creator/import/gnu/arm/5.4.1/bin/../lib/gcc/arm-none-eabi/5.4.1/../../../../arm-none-eabi/lib/armv7-m\libg_nano.a(lib_a-impure.o)
 .data._impure_ptr
                0x1fff8184        0x4 c:/program files (x86)/cypress/psoc creator/4.2/psoc creator/import/gnu/arm/5.4.1/bin/../lib/gcc/arm-none-eabi/5.4.1/../../../../arm-none-eabi/lib/armv7-m\libg_nano.a(lib_a-impure.o)
                0x1fff8184                _impure_ptr
                0x1fff8188                . = ALIGN (0x8)
 *(.ram)
                0x1fff8188                _edata = .

.igot.plt       0x1fff8188        0x0 load address 0x00002428
 .igot.plt      0x1fff8188        0x0 c:/program files (x86)/cypress/psoc creator/4.2/psoc creator/import/gnu/arm/5.4.1/bin/../lib/gcc/arm-none-eabi/5.4.1/armv7-m/crtbegin.o

.bss            0x1fff8188      0x2c8 load address 0x00002428
                0x1fff8188                PROVIDE (__bss_start__, .)
 *(.shbss)
 *(.bss .bss.* .gnu.linkonce.b.*)
 .bss           0x1fff8188       0x1c c:/program files (x86)/cypress/psoc creator/4.2/psoc creator/import/gnu/arm/5.4.1/bin/../lib/gcc/arm-none-eabi/5.4.1/armv7-m/crtbegin.o
 .bss           0x1fff81a4       0x14 .\CortexM3\ARM_GCC_541\Debug\edgeSensorApp.o
                0x1fff81a4                e1
                0x1fff81a8                e2
                0x1fff81ac                e3
                0x1fff81b0                e4
                0x1fff81b4                status
 .bss           0x1fff81b8        0x1 .\CortexM3\ARM_GCC_541\Debug\NeoPixel.a(NP_Neo_BITCNT.o)
                0x1fff81b8                NP_Neo_BITCNT_initVar
 .bss           0x1fff81b9        0x1 .\CortexM3\ARM_GCC_541\Debug\NeoPixel.a(NP_Neo_ONTime.o)
                0x1fff81b9                NP_Neo_ONTime_initVar
 .bss           0x1fff81ba        0x1 .\CortexM3\ARM_GCC_541\Debug\NeoPixel.a(NP_Neo_OFFTime.o)
                0x1fff81ba                NP_Neo_OFFTime_initVar
 .bss           0x1fff81bb        0x1 .\CortexM3\ARM_GCC_541\Debug\NeoPixel.a(pulseCounter.o)
                0x1fff81bb                pulseCounter_initVar
 .bss           0x1fff81bc        0x1 .\CortexM3\ARM_GCC_541\Debug\NeoPixel.a(triggerPWM.o)
                0x1fff81bc                triggerPWM_initVar
 .bss           0x1fff81bd        0x1 .\CortexM3\ARM_GCC_541\Debug\NeoPixel.a(motorPWM_1.o)
                0x1fff81bd                motorPWM_1_initVar
 .bss           0x1fff81be        0x1 .\CortexM3\ARM_GCC_541\Debug\NeoPixel.a(ADC_SAR_1.o)
                0x1fff81be                ADC_SAR_1_initVar
 .bss           0x1fff81bf        0x1 .\CortexM3\ARM_GCC_541\Debug\NeoPixel.a(motorPWM_2.o)
                0x1fff81bf                motorPWM_2_initVar
 .bss           0x1fff81c0        0x2 .\CortexM3\ARM_GCC_541\Debug\NeoPixel.a(soundUART.o)
                0x1fff81c0                soundUART_initVar
 *fill*         0x1fff81c2        0x2 
 .bss.__malloc_sbrk_start
                0x1fff81c4        0x4 c:/program files (x86)/cypress/psoc creator/4.2/psoc creator/import/gnu/arm/5.4.1/bin/../lib/gcc/arm-none-eabi/5.4.1/../../../../arm-none-eabi/lib/armv7-m\libg_nano.a(lib_a-nano-mallocr.o)
                0x1fff81c4                __malloc_sbrk_start
 .bss.__malloc_free_list
                0x1fff81c8        0x4 c:/program files (x86)/cypress/psoc creator/4.2/psoc creator/import/gnu/arm/5.4.1/bin/../lib/gcc/arm-none-eabi/5.4.1/../../../../arm-none-eabi/lib/armv7-m\libg_nano.a(lib_a-nano-mallocr.o)
                0x1fff81c8                __malloc_free_list
 *(COMMON)
 COMMON         0x1fff81cc      0x26a .\CortexM3\ARM_GCC_541\Debug\main.o
                0x1fff81cc                NP_g_nFrameBufferSize
                0x1fff81d0                randturn
                0x1fff81d4                count_ok
                0x1fff81d8                pPixelArray
                0x1fff820b                NP_g_bOwnsBuffer
                0x1fff820c                state
                0x1fff8210                NP_g_nDMA_TD
                0x1fff8214                NP_g_nNumberOfPixels
                0x1fff8218                status_scale
                0x1fff821c                randState
                0x1fff8220                count_not_ok
                0x1fff8224                rpiRunning
                0x1fff8228                buffer
                0x1fff8324                NP_g_pFrameBuffer
                0x1fff8328                running_
                0x1fff832c                NP_g_nDMA_Chan
                0x1fff832e                result
                0x1fff8330                uartBuffer
                0x1fff8430                difficulty
                0x1fff8434                measurement
 *fill*         0x1fff8436        0x2 
 COMMON         0x1fff8438        0x8 .\CortexM3\ARM_GCC_541\Debug\edgeSensorApp.o
                0x1fff8438                pulseWidth
                0x1fff843c                time_us
 COMMON         0x1fff8440        0xa .\CortexM3\ARM_GCC_541\Debug\NeoPixel.a(ADC_SAR_1.o)
                0x1fff8440                ADC_SAR_1_countsPerVolt
                0x1fff8442                ADC_SAR_1_shift
                0x1fff8444                ADC_SAR_1_countsPer10Volt
                0x1fff8448                ADC_SAR_1_offset
 *fill*         0x1fff844a        0x2 
 COMMON         0x1fff844c        0x4 c:/program files (x86)/cypress/psoc creator/4.2/psoc creator/import/gnu/arm/5.4.1/bin/../lib/gcc/arm-none-eabi/5.4.1/../../../../arm-none-eabi/lib/armv7-m\libg_nano.a(lib_a-reent.o)
                0x1fff844c                errno
                0x1fff8450                . = ALIGN (0x8)
 *(.ram.b)
                0x1fff8450                _end = .
                0x1fff8450                __end = .
                0x1fff8450                PROVIDE (end, .)
                0x1fff8450                PROVIDE (__bss_end__, .)
                0x00002368                __cy_region_init_ram = LOADADDR (.data)
                0x000000c0                __cy_region_init_size_ram = (_edata - ADDR (.data))
                0x000002c8                __cy_region_zero_size_ram = (_end - _edata)

.heap           0x1fff8450       0x80 load address 0x00002428
                0x1fff8450                . = _end
                0x1fff84d0                . = (. + 0x80)
 *fill*         0x1fff8450       0x80 
                0x1fff84d0                __cy_heap_limit = .

.stack          0x20007800      0x800
                0x20007800                __cy_stack_limit = .
                0x20008000                . = (. + 0x800)
 *fill*         0x20007800      0x800 
                0x00000001                ASSERT ((__cy_stack_limit >= __cy_heap_limit), region RAM overflowed with stack)
                0x00000000                cy_checksum_exclude_size = (CY_APPL_LOADABLE == 0x1)?SIZEOF (.cy_checksum_exclude):0x0
                0x00000001                ASSERT ((cy_checksum_exclude_size <= CY_CHECKSUM_EXCLUDE_SIZE), CY_BOOT: Section .cy_checksum_exclude size exceedes specified limit.)

.cyloadermeta
 *(.cyloadermeta)

.cyloadablemeta
 *(.cyloadablemeta)

.cyconfigecc    0x80000000      0x7ac
 *(.cyconfigecc)
 .cyconfigecc   0x80000000      0x7ac .\CortexM3\ARM_GCC_541\Debug\cymetadata.o
                0x80000000                cy_meta_configecc

.cycustnvl      0x90000000        0x4
 *(.cycustnvl)
 .cycustnvl     0x90000000        0x4 .\CortexM3\ARM_GCC_541\Debug\cymetadata.o
                0x90000000                cy_meta_custnvl

.cywolatch      0x90100000        0x4
 *(.cywolatch)
 .cywolatch     0x90100000        0x4 .\CortexM3\ARM_GCC_541\Debug\cymetadata.o
                0x90100000                cy_meta_wonvl

.cyeeprom       0x90200000        0x0
 *(.cyeeprom)
                0x00000001                ASSERT ((. <= ((0x90200000 + ee_offset) + ee_size)), .cyeeprom data will not fit in EEPROM)

.cyflashprotect
                0x90400000      0x100
 *(.cyflashprotect)
 .cyflashprotect
                0x90400000      0x100 .\CortexM3\ARM_GCC_541\Debug\cymetadata.o
                0x90400000                cy_meta_flashprotect

.cymeta         0x90500000        0xc
 *(.cymeta)
 .cymeta        0x90500000        0xc .\CortexM3\ARM_GCC_541\Debug\cymetadata.o
                0x90500000                cy_metadata

.rel.dyn        0x00002428        0x0 load address 0x9050000c
 .rel.iplt      0x00002428        0x0 c:/program files (x86)/cypress/psoc creator/4.2/psoc creator/import/gnu/arm/5.4.1/bin/../lib/gcc/arm-none-eabi/5.4.1/armv7-m/crtbegin.o

.stab
 *(.stab)

.stabstr
 *(.stabstr)

.debug
 *(.debug)

.line
 *(.line)

.debug_srcinfo
 *(.debug_srcinfo)

.debug_sfnames
 *(.debug_sfnames)

.debug_aranges  0x00000000     0x13b0
 *(.debug_aranges)
 .debug_aranges
                0x00000000       0x28 .\CortexM3\ARM_GCC_541\Debug\main.o
 .debug_aranges
                0x00000028       0x50 .\CortexM3\ARM_GCC_541\Debug\LedHandler.o
 .debug_aranges
                0x00000078       0x50 .\CortexM3\ARM_GCC_541\Debug\edgeSensorApp.o
 .debug_aranges
                0x000000c8       0x58 .\CortexM3\ARM_GCC_541\Debug\MotorApp.o
 .debug_aranges
                0x00000120       0x48 .\CortexM3\ARM_GCC_541\Debug\rpiCommunication.o
 .debug_aranges
                0x00000168       0x28 .\CortexM3\ARM_GCC_541\Debug\scale.o
 .debug_aranges
                0x00000190       0x28 .\CortexM3\ARM_GCC_541\Debug\soundApp.o
 .debug_aranges
                0x000001b8       0x28 .\CortexM3\ARM_GCC_541\Debug\waitingState.o
 .debug_aranges
                0x000001e0       0x58 .\CortexM3\ARM_GCC_541\Debug\cyfitter_cfg.o
 .debug_aranges
                0x00000238       0x18 .\CortexM3\ARM_GCC_541\Debug\cymetadata.o
 .debug_aranges
                0x00000250       0x48 .\CortexM3\ARM_GCC_541\Debug\Cm3Start.o
 .debug_aranges
                0x00000298       0xd8 .\CortexM3\ARM_GCC_541\Debug\NeoPixel.a(CyDmac.o)
 .debug_aranges
                0x00000370      0x298 .\CortexM3\ARM_GCC_541\Debug\NeoPixel.a(CyLib.o)
 .debug_aranges
                0x00000608       0x98 .\CortexM3\ARM_GCC_541\Debug\NeoPixel.a(cyPm.o)
 .debug_aranges
                0x000006a0       0x30 .\CortexM3\ARM_GCC_541\Debug\NeoPixel.a(NP_funcs.o)
 .debug_aranges
                0x000006d0       0x58 .\CortexM3\ARM_GCC_541\Debug\NeoPixel.a(NP_Neo_BITCNT.o)
 .debug_aranges
                0x00000728       0x58 .\CortexM3\ARM_GCC_541\Debug\NeoPixel.a(NP_Neo_ONTime.o)
 .debug_aranges
                0x00000780       0x58 .\CortexM3\ARM_GCC_541\Debug\NeoPixel.a(NP_Neo_OFFTime.o)
 .debug_aranges
                0x000007d8       0x28 .\CortexM3\ARM_GCC_541\Debug\NeoPixel.a(NP_DMA_dma.o)
 .debug_aranges
                0x00000800       0x80 .\CortexM3\ARM_GCC_541\Debug\NeoPixel.a(pulseInt.o)
 .debug_aranges
                0x00000880       0x98 .\CortexM3\ARM_GCC_541\Debug\NeoPixel.a(pulseCounter.o)
 .debug_aranges
                0x00000918       0x80 .\CortexM3\ARM_GCC_541\Debug\NeoPixel.a(echoInt_1.o)
 .debug_aranges
                0x00000998       0x80 .\CortexM3\ARM_GCC_541\Debug\NeoPixel.a(echoInt_2.o)
 .debug_aranges
                0x00000a18       0x80 .\CortexM3\ARM_GCC_541\Debug\NeoPixel.a(echoInt_3.o)
 .debug_aranges
                0x00000a98       0x80 .\CortexM3\ARM_GCC_541\Debug\NeoPixel.a(echoInt_4.o)
 .debug_aranges
                0x00000b18       0x70 .\CortexM3\ARM_GCC_541\Debug\NeoPixel.a(CLK_500kHz.o)
 .debug_aranges
                0x00000b88       0x80 .\CortexM3\ARM_GCC_541\Debug\NeoPixel.a(triggerPWM.o)
 .debug_aranges
                0x00000c08       0x70 .\CortexM3\ARM_GCC_541\Debug\NeoPixel.a(CLK_24MHz.o)
 .debug_aranges
                0x00000c78       0x38 .\CortexM3\ARM_GCC_541\Debug\NeoPixel.a(Pin1_dir2.o)
 .debug_aranges
                0x00000cb0       0x38 .\CortexM3\ARM_GCC_541\Debug\NeoPixel.a(Pin1_dir1.o)
 .debug_aranges
                0x00000ce8       0x38 .\CortexM3\ARM_GCC_541\Debug\NeoPixel.a(Pin2_dir1.o)
 .debug_aranges
                0x00000d20       0x38 .\CortexM3\ARM_GCC_541\Debug\NeoPixel.a(Pin2_dir2.o)
 .debug_aranges
                0x00000d58       0x98 .\CortexM3\ARM_GCC_541\Debug\NeoPixel.a(motorPWM_1.o)
 .debug_aranges
                0x00000df0       0x80 .\CortexM3\ARM_GCC_541\Debug\NeoPixel.a(ball_int.o)
 .debug_aranges
                0x00000e70       0x80 .\CortexM3\ARM_GCC_541\Debug\NeoPixel.a(isr_rpi_start.o)
 .debug_aranges
                0x00000ef0       0x38 .\CortexM3\ARM_GCC_541\Debug\NeoPixel.a(Pin_score.o)
 .debug_aranges
                0x00000f28       0x80 .\CortexM3\ARM_GCC_541\Debug\NeoPixel.a(isr_rpi_stop.o)
 .debug_aranges
                0x00000fa8       0xa8 .\CortexM3\ARM_GCC_541\Debug\NeoPixel.a(ADC_SAR_1.o)
 .debug_aranges
                0x00001050       0x20 .\CortexM3\ARM_GCC_541\Debug\NeoPixel.a(ADC_SAR_1_INT.o)
 .debug_aranges
                0x00001070       0x98 .\CortexM3\ARM_GCC_541\Debug\NeoPixel.a(motorPWM_2.o)
 .debug_aranges
                0x00001108       0xa0 .\CortexM3\ARM_GCC_541\Debug\NeoPixel.a(soundUART.o)
 .debug_aranges
                0x000011a8       0x80 .\CortexM3\ARM_GCC_541\Debug\NeoPixel.a(ADC_SAR_1_theACLK.o)
 .debug_aranges
                0x00001228       0x70 .\CortexM3\ARM_GCC_541\Debug\NeoPixel.a(soundUART_IntClock.o)
 .debug_aranges
                0x00001298       0x20 .\CortexM3\ARM_GCC_541\Debug\NeoPixel.a(CyBootAsmGnu.o)
 .debug_aranges
                0x000012b8       0x80 .\CortexM3\ARM_GCC_541\Debug\NeoPixel.a(CyFlash.o)
 .debug_aranges
                0x00001338       0x78 .\CortexM3\ARM_GCC_541\Debug\NeoPixel.a(CySpc.o)

.debug_pubnames
 *(.debug_pubnames)

.debug_info     0x00000000     0xa5fb
 *(.debug_info .gnu.linkonce.wi.*)
 .debug_info    0x00000000      0x464 .\CortexM3\ARM_GCC_541\Debug\main.o
 .debug_info    0x00000464      0x714 .\CortexM3\ARM_GCC_541\Debug\LedHandler.o
 .debug_info    0x00000b78      0x467 .\CortexM3\ARM_GCC_541\Debug\edgeSensorApp.o
 .debug_info    0x00000fdf      0x785 .\CortexM3\ARM_GCC_541\Debug\MotorApp.o
 .debug_info    0x00001764      0x22e .\CortexM3\ARM_GCC_541\Debug\rpiCommunication.o
 .debug_info    0x00001992      0x28e .\CortexM3\ARM_GCC_541\Debug\scale.o
 .debug_info    0x00001c20      0x2be .\CortexM3\ARM_GCC_541\Debug\soundApp.o
 .debug_info    0x00001ede      0x27d .\CortexM3\ARM_GCC_541\Debug\waitingState.o
 .debug_info    0x0000215b      0x5b0 .\CortexM3\ARM_GCC_541\Debug\cyfitter_cfg.o
 .debug_info    0x0000270b      0x139 .\CortexM3\ARM_GCC_541\Debug\cymetadata.o
 .debug_info    0x00002844      0x3b9 .\CortexM3\ARM_GCC_541\Debug\Cm3Start.o
 .debug_info    0x00002bfd      0x94b .\CortexM3\ARM_GCC_541\Debug\NeoPixel.a(CyDmac.o)
 .debug_info    0x00003548     0x135b .\CortexM3\ARM_GCC_541\Debug\NeoPixel.a(CyLib.o)
 .debug_info    0x000048a3      0xa1b .\CortexM3\ARM_GCC_541\Debug\NeoPixel.a(cyPm.o)
 .debug_info    0x000052be      0x35f .\CortexM3\ARM_GCC_541\Debug\NeoPixel.a(NP_funcs.o)
 .debug_info    0x0000561d      0x1eb .\CortexM3\ARM_GCC_541\Debug\NeoPixel.a(NP_Neo_BITCNT.o)
 .debug_info    0x00005808      0x1eb .\CortexM3\ARM_GCC_541\Debug\NeoPixel.a(NP_Neo_ONTime.o)
 .debug_info    0x000059f3      0x1eb .\CortexM3\ARM_GCC_541\Debug\NeoPixel.a(NP_Neo_OFFTime.o)
 .debug_info    0x00005bde      0x1a8 .\CortexM3\ARM_GCC_541\Debug\NeoPixel.a(NP_DMA_dma.o)
 .debug_info    0x00005d86      0x2d0 .\CortexM3\ARM_GCC_541\Debug\NeoPixel.a(pulseInt.o)
 .debug_info    0x00006056      0x341 .\CortexM3\ARM_GCC_541\Debug\NeoPixel.a(pulseCounter.o)
 .debug_info    0x00006397      0x2d0 .\CortexM3\ARM_GCC_541\Debug\NeoPixel.a(echoInt_1.o)
 .debug_info    0x00006667      0x2d0 .\CortexM3\ARM_GCC_541\Debug\NeoPixel.a(echoInt_2.o)
 .debug_info    0x00006937      0x2d0 .\CortexM3\ARM_GCC_541\Debug\NeoPixel.a(echoInt_3.o)
 .debug_info    0x00006c07      0x2d0 .\CortexM3\ARM_GCC_541\Debug\NeoPixel.a(echoInt_4.o)
 .debug_info    0x00006ed7      0x281 .\CortexM3\ARM_GCC_541\Debug\NeoPixel.a(CLK_500kHz.o)
 .debug_info    0x00007158      0x295 .\CortexM3\ARM_GCC_541\Debug\NeoPixel.a(triggerPWM.o)
 .debug_info    0x000073ed      0x281 .\CortexM3\ARM_GCC_541\Debug\NeoPixel.a(CLK_24MHz.o)
 .debug_info    0x0000766e      0x11e .\CortexM3\ARM_GCC_541\Debug\NeoPixel.a(Pin1_dir2.o)
 .debug_info    0x0000778c      0x11e .\CortexM3\ARM_GCC_541\Debug\NeoPixel.a(Pin1_dir1.o)
 .debug_info    0x000078aa      0x11e .\CortexM3\ARM_GCC_541\Debug\NeoPixel.a(Pin2_dir1.o)
 .debug_info    0x000079c8      0x11e .\CortexM3\ARM_GCC_541\Debug\NeoPixel.a(Pin2_dir2.o)
 .debug_info    0x00007ae6      0x332 .\CortexM3\ARM_GCC_541\Debug\NeoPixel.a(motorPWM_1.o)
 .debug_info    0x00007e18      0x2d0 .\CortexM3\ARM_GCC_541\Debug\NeoPixel.a(ball_int.o)
 .debug_info    0x000080e8      0x2d0 .\CortexM3\ARM_GCC_541\Debug\NeoPixel.a(isr_rpi_start.o)
 .debug_info    0x000083b8      0x11e .\CortexM3\ARM_GCC_541\Debug\NeoPixel.a(Pin_score.o)
 .debug_info    0x000084d6      0x2d0 .\CortexM3\ARM_GCC_541\Debug\NeoPixel.a(isr_rpi_stop.o)
 .debug_info    0x000087a6      0x5b8 .\CortexM3\ARM_GCC_541\Debug\NeoPixel.a(ADC_SAR_1.o)
 .debug_info    0x00008d5e       0x92 .\CortexM3\ARM_GCC_541\Debug\NeoPixel.a(ADC_SAR_1_INT.o)
 .debug_info    0x00008df0      0x332 .\CortexM3\ARM_GCC_541\Debug\NeoPixel.a(motorPWM_2.o)
 .debug_info    0x00009122      0x459 .\CortexM3\ARM_GCC_541\Debug\NeoPixel.a(soundUART.o)
 .debug_info    0x0000957b      0x2c2 .\CortexM3\ARM_GCC_541\Debug\NeoPixel.a(ADC_SAR_1_theACLK.o)
 .debug_info    0x0000983d      0x281 .\CortexM3\ARM_GCC_541\Debug\NeoPixel.a(soundUART_IntClock.o)
 .debug_info    0x00009abe       0x99 .\CortexM3\ARM_GCC_541\Debug\NeoPixel.a(CyBootAsmGnu.o)
 .debug_info    0x00009b57      0x5b8 .\CortexM3\ARM_GCC_541\Debug\NeoPixel.a(CyFlash.o)
 .debug_info    0x0000a10f      0x4ec .\CortexM3\ARM_GCC_541\Debug\NeoPixel.a(CySpc.o)

.debug_abbrev   0x00000000     0x36ea
 *(.debug_abbrev)
 .debug_abbrev  0x00000000      0x101 .\CortexM3\ARM_GCC_541\Debug\main.o
 .debug_abbrev  0x00000101      0x14c .\CortexM3\ARM_GCC_541\Debug\LedHandler.o
 .debug_abbrev  0x0000024d      0x13f .\CortexM3\ARM_GCC_541\Debug\edgeSensorApp.o
 .debug_abbrev  0x0000038c      0x10b .\CortexM3\ARM_GCC_541\Debug\MotorApp.o
 .debug_abbrev  0x00000497       0xfe .\CortexM3\ARM_GCC_541\Debug\rpiCommunication.o
 .debug_abbrev  0x00000595       0xfc .\CortexM3\ARM_GCC_541\Debug\scale.o
 .debug_abbrev  0x00000691      0x103 .\CortexM3\ARM_GCC_541\Debug\soundApp.o
 .debug_abbrev  0x00000794       0xd3 .\CortexM3\ARM_GCC_541\Debug\waitingState.o
 .debug_abbrev  0x00000867      0x1fe .\CortexM3\ARM_GCC_541\Debug\cyfitter_cfg.o
 .debug_abbrev  0x00000a65       0x77 .\CortexM3\ARM_GCC_541\Debug\cymetadata.o
 .debug_abbrev  0x00000adc      0x203 .\CortexM3\ARM_GCC_541\Debug\Cm3Start.o
 .debug_abbrev  0x00000cdf      0x1b2 .\CortexM3\ARM_GCC_541\Debug\NeoPixel.a(CyDmac.o)
 .debug_abbrev  0x00000e91      0x254 .\CortexM3\ARM_GCC_541\Debug\NeoPixel.a(CyLib.o)
 .debug_abbrev  0x000010e5      0x1b8 .\CortexM3\ARM_GCC_541\Debug\NeoPixel.a(cyPm.o)
 .debug_abbrev  0x0000129d      0x103 .\CortexM3\ARM_GCC_541\Debug\NeoPixel.a(NP_funcs.o)
 .debug_abbrev  0x000013a0       0xf1 .\CortexM3\ARM_GCC_541\Debug\NeoPixel.a(NP_Neo_BITCNT.o)
 .debug_abbrev  0x00001491       0xf1 .\CortexM3\ARM_GCC_541\Debug\NeoPixel.a(NP_Neo_ONTime.o)
 .debug_abbrev  0x00001582       0xf1 .\CortexM3\ARM_GCC_541\Debug\NeoPixel.a(NP_Neo_OFFTime.o)
 .debug_abbrev  0x00001673       0xcd .\CortexM3\ARM_GCC_541\Debug\NeoPixel.a(NP_DMA_dma.o)
 .debug_abbrev  0x00001740      0x180 .\CortexM3\ARM_GCC_541\Debug\NeoPixel.a(pulseInt.o)
 .debug_abbrev  0x000018c0      0x124 .\CortexM3\ARM_GCC_541\Debug\NeoPixel.a(pulseCounter.o)
 .debug_abbrev  0x000019e4      0x180 .\CortexM3\ARM_GCC_541\Debug\NeoPixel.a(echoInt_1.o)
 .debug_abbrev  0x00001b64      0x180 .\CortexM3\ARM_GCC_541\Debug\NeoPixel.a(echoInt_2.o)
 .debug_abbrev  0x00001ce4      0x180 .\CortexM3\ARM_GCC_541\Debug\NeoPixel.a(echoInt_3.o)
 .debug_abbrev  0x00001e64      0x180 .\CortexM3\ARM_GCC_541\Debug\NeoPixel.a(echoInt_4.o)
 .debug_abbrev  0x00001fe4      0x146 .\CortexM3\ARM_GCC_541\Debug\NeoPixel.a(CLK_500kHz.o)
 .debug_abbrev  0x0000212a      0x13a .\CortexM3\ARM_GCC_541\Debug\NeoPixel.a(triggerPWM.o)
 .debug_abbrev  0x00002264      0x146 .\CortexM3\ARM_GCC_541\Debug\NeoPixel.a(CLK_24MHz.o)
 .debug_abbrev  0x000023aa       0x9d .\CortexM3\ARM_GCC_541\Debug\NeoPixel.a(Pin1_dir2.o)
 .debug_abbrev  0x00002447       0x9d .\CortexM3\ARM_GCC_541\Debug\NeoPixel.a(Pin1_dir1.o)
 .debug_abbrev  0x000024e4       0x9d .\CortexM3\ARM_GCC_541\Debug\NeoPixel.a(Pin2_dir1.o)
 .debug_abbrev  0x00002581       0x9d .\CortexM3\ARM_GCC_541\Debug\NeoPixel.a(Pin2_dir2.o)
 .debug_abbrev  0x0000261e      0x140 .\CortexM3\ARM_GCC_541\Debug\NeoPixel.a(motorPWM_1.o)
 .debug_abbrev  0x0000275e      0x180 .\CortexM3\ARM_GCC_541\Debug\NeoPixel.a(ball_int.o)
 .debug_abbrev  0x000028de      0x180 .\CortexM3\ARM_GCC_541\Debug\NeoPixel.a(isr_rpi_start.o)
 .debug_abbrev  0x00002a5e       0x9d .\CortexM3\ARM_GCC_541\Debug\NeoPixel.a(Pin_score.o)
 .debug_abbrev  0x00002afb      0x180 .\CortexM3\ARM_GCC_541\Debug\NeoPixel.a(isr_rpi_stop.o)
 .debug_abbrev  0x00002c7b      0x1b9 .\CortexM3\ARM_GCC_541\Debug\NeoPixel.a(ADC_SAR_1.o)
 .debug_abbrev  0x00002e34       0x42 .\CortexM3\ARM_GCC_541\Debug\NeoPixel.a(ADC_SAR_1_INT.o)
 .debug_abbrev  0x00002e76      0x140 .\CortexM3\ARM_GCC_541\Debug\NeoPixel.a(motorPWM_2.o)
 .debug_abbrev  0x00002fb6      0x182 .\CortexM3\ARM_GCC_541\Debug\NeoPixel.a(soundUART.o)
 .debug_abbrev  0x00003138      0x12e .\CortexM3\ARM_GCC_541\Debug\NeoPixel.a(ADC_SAR_1_theACLK.o)
 .debug_abbrev  0x00003266      0x146 .\CortexM3\ARM_GCC_541\Debug\NeoPixel.a(soundUART_IntClock.o)
 .debug_abbrev  0x000033ac       0x14 .\CortexM3\ARM_GCC_541\Debug\NeoPixel.a(CyBootAsmGnu.o)
 .debug_abbrev  0x000033c0      0x189 .\CortexM3\ARM_GCC_541\Debug\NeoPixel.a(CyFlash.o)
 .debug_abbrev  0x00003549      0x1a1 .\CortexM3\ARM_GCC_541\Debug\NeoPixel.a(CySpc.o)

.debug_line     0x00000000     0x4ceb
 *(.debug_line)
 .debug_line    0x00000000      0x25b .\CortexM3\ARM_GCC_541\Debug\main.o
 .debug_line    0x0000025b      0x307 .\CortexM3\ARM_GCC_541\Debug\LedHandler.o
 .debug_line    0x00000562      0x2a0 .\CortexM3\ARM_GCC_541\Debug\edgeSensorApp.o
 .debug_line    0x00000802      0x354 .\CortexM3\ARM_GCC_541\Debug\MotorApp.o
 .debug_line    0x00000b56      0x20d .\CortexM3\ARM_GCC_541\Debug\rpiCommunication.o
 .debug_line    0x00000d63      0x1d0 .\CortexM3\ARM_GCC_541\Debug\scale.o
 .debug_line    0x00000f33      0x1ab .\CortexM3\ARM_GCC_541\Debug\soundApp.o
 .debug_line    0x000010de      0x1e6 .\CortexM3\ARM_GCC_541\Debug\waitingState.o
 .debug_line    0x000012c4      0x1f3 .\CortexM3\ARM_GCC_541\Debug\cyfitter_cfg.o
 .debug_line    0x000014b7      0x141 .\CortexM3\ARM_GCC_541\Debug\cymetadata.o
 .debug_line    0x000015f8      0x241 .\CortexM3\ARM_GCC_541\Debug\Cm3Start.o
 .debug_line    0x00001839      0x2e4 .\CortexM3\ARM_GCC_541\Debug\NeoPixel.a(CyDmac.o)
 .debug_line    0x00001b1d      0x804 .\CortexM3\ARM_GCC_541\Debug\NeoPixel.a(CyLib.o)
 .debug_line    0x00002321      0x364 .\CortexM3\ARM_GCC_541\Debug\NeoPixel.a(cyPm.o)
 .debug_line    0x00002685      0x17e .\CortexM3\ARM_GCC_541\Debug\NeoPixel.a(NP_funcs.o)
 .debug_line    0x00002803       0xef .\CortexM3\ARM_GCC_541\Debug\NeoPixel.a(NP_Neo_BITCNT.o)
 .debug_line    0x000028f2       0xef .\CortexM3\ARM_GCC_541\Debug\NeoPixel.a(NP_Neo_ONTime.o)
 .debug_line    0x000029e1       0xf0 .\CortexM3\ARM_GCC_541\Debug\NeoPixel.a(NP_Neo_OFFTime.o)
 .debug_line    0x00002ad1       0x83 .\CortexM3\ARM_GCC_541\Debug\NeoPixel.a(NP_DMA_dma.o)
 .debug_line    0x00002b54      0x135 .\CortexM3\ARM_GCC_541\Debug\NeoPixel.a(pulseInt.o)
 .debug_line    0x00002c89      0x18e .\CortexM3\ARM_GCC_541\Debug\NeoPixel.a(pulseCounter.o)
 .debug_line    0x00002e17      0x136 .\CortexM3\ARM_GCC_541\Debug\NeoPixel.a(echoInt_1.o)
 .debug_line    0x00002f4d      0x136 .\CortexM3\ARM_GCC_541\Debug\NeoPixel.a(echoInt_2.o)
 .debug_line    0x00003083      0x136 .\CortexM3\ARM_GCC_541\Debug\NeoPixel.a(echoInt_3.o)
 .debug_line    0x000031b9      0x136 .\CortexM3\ARM_GCC_541\Debug\NeoPixel.a(echoInt_4.o)
 .debug_line    0x000032ef      0x179 .\CortexM3\ARM_GCC_541\Debug\NeoPixel.a(CLK_500kHz.o)
 .debug_line    0x00003468      0x142 .\CortexM3\ARM_GCC_541\Debug\NeoPixel.a(triggerPWM.o)
 .debug_line    0x000035aa      0x178 .\CortexM3\ARM_GCC_541\Debug\NeoPixel.a(CLK_24MHz.o)
 .debug_line    0x00003722       0x96 .\CortexM3\ARM_GCC_541\Debug\NeoPixel.a(Pin1_dir2.o)
 .debug_line    0x000037b8       0x96 .\CortexM3\ARM_GCC_541\Debug\NeoPixel.a(Pin1_dir1.o)
 .debug_line    0x0000384e       0x96 .\CortexM3\ARM_GCC_541\Debug\NeoPixel.a(Pin2_dir1.o)
 .debug_line    0x000038e4       0x96 .\CortexM3\ARM_GCC_541\Debug\NeoPixel.a(Pin2_dir2.o)
 .debug_line    0x0000397a      0x18a .\CortexM3\ARM_GCC_541\Debug\NeoPixel.a(motorPWM_1.o)
 .debug_line    0x00003b04      0x135 .\CortexM3\ARM_GCC_541\Debug\NeoPixel.a(ball_int.o)
 .debug_line    0x00003c39      0x13a .\CortexM3\ARM_GCC_541\Debug\NeoPixel.a(isr_rpi_start.o)
 .debug_line    0x00003d73       0x96 .\CortexM3\ARM_GCC_541\Debug\NeoPixel.a(Pin_score.o)
 .debug_line    0x00003e09      0x139 .\CortexM3\ARM_GCC_541\Debug\NeoPixel.a(isr_rpi_stop.o)
 .debug_line    0x00003f42      0x220 .\CortexM3\ARM_GCC_541\Debug\NeoPixel.a(ADC_SAR_1.o)
 .debug_line    0x00004162       0x56 .\CortexM3\ARM_GCC_541\Debug\NeoPixel.a(ADC_SAR_1_INT.o)
 .debug_line    0x000041b8      0x18a .\CortexM3\ARM_GCC_541\Debug\NeoPixel.a(motorPWM_2.o)
 .debug_line    0x00004342      0x1fa .\CortexM3\ARM_GCC_541\Debug\NeoPixel.a(soundUART.o)
 .debug_line    0x0000453c      0x1a3 .\CortexM3\ARM_GCC_541\Debug\NeoPixel.a(ADC_SAR_1_theACLK.o)
 .debug_line    0x000046df      0x181 .\CortexM3\ARM_GCC_541\Debug\NeoPixel.a(soundUART_IntClock.o)
 .debug_line    0x00004860       0x66 .\CortexM3\ARM_GCC_541\Debug\NeoPixel.a(CyBootAsmGnu.o)
 .debug_line    0x000048c6      0x1e9 .\CortexM3\ARM_GCC_541\Debug\NeoPixel.a(CyFlash.o)
 .debug_line    0x00004aaf      0x23c .\CortexM3\ARM_GCC_541\Debug\NeoPixel.a(CySpc.o)

.debug_frame    0x00000000     0x2ebc
 *(.debug_frame)
 .debug_frame   0x00000000       0x48 .\CortexM3\ARM_GCC_541\Debug\main.o
 .debug_frame   0x00000048       0xf4 .\CortexM3\ARM_GCC_541\Debug\LedHandler.o
 .debug_frame   0x0000013c       0x98 .\CortexM3\ARM_GCC_541\Debug\edgeSensorApp.o
 .debug_frame   0x000001d4       0xf4 .\CortexM3\ARM_GCC_541\Debug\MotorApp.o
 .debug_frame   0x000002c8       0x94 .\CortexM3\ARM_GCC_541\Debug\rpiCommunication.o
 .debug_frame   0x0000035c       0x40 .\CortexM3\ARM_GCC_541\Debug\scale.o
 .debug_frame   0x0000039c       0x48 .\CortexM3\ARM_GCC_541\Debug\soundApp.o
 .debug_frame   0x000003e4       0x48 .\CortexM3\ARM_GCC_541\Debug\waitingState.o
 .debug_frame   0x0000042c       0xfc .\CortexM3\ARM_GCC_541\Debug\cyfitter_cfg.o
 .debug_frame   0x00000528       0xac .\CortexM3\ARM_GCC_541\Debug\Cm3Start.o
 .debug_frame   0x000005d4      0x1f8 .\CortexM3\ARM_GCC_541\Debug\NeoPixel.a(CyDmac.o)
 .debug_frame   0x000007cc      0x728 .\CortexM3\ARM_GCC_541\Debug\NeoPixel.a(CyLib.o)
 .debug_frame   0x00000ef4      0x1f8 .\CortexM3\ARM_GCC_541\Debug\NeoPixel.a(cyPm.o)
 .debug_frame   0x000010ec       0x78 .\CortexM3\ARM_GCC_541\Debug\NeoPixel.a(NP_funcs.o)
 .debug_frame   0x00001164       0xb4 .\CortexM3\ARM_GCC_541\Debug\NeoPixel.a(NP_Neo_BITCNT.o)
 .debug_frame   0x00001218       0xb4 .\CortexM3\ARM_GCC_541\Debug\NeoPixel.a(NP_Neo_ONTime.o)
 .debug_frame   0x000012cc       0xb4 .\CortexM3\ARM_GCC_541\Debug\NeoPixel.a(NP_Neo_OFFTime.o)
 .debug_frame   0x00001380       0x54 .\CortexM3\ARM_GCC_541\Debug\NeoPixel.a(NP_DMA_dma.o)
 .debug_frame   0x000013d4      0x104 .\CortexM3\ARM_GCC_541\Debug\NeoPixel.a(pulseInt.o)
 .debug_frame   0x000014d8      0x134 .\CortexM3\ARM_GCC_541\Debug\NeoPixel.a(pulseCounter.o)
 .debug_frame   0x0000160c      0x104 .\CortexM3\ARM_GCC_541\Debug\NeoPixel.a(echoInt_1.o)
 .debug_frame   0x00001710      0x104 .\CortexM3\ARM_GCC_541\Debug\NeoPixel.a(echoInt_2.o)
 .debug_frame   0x00001814      0x104 .\CortexM3\ARM_GCC_541\Debug\NeoPixel.a(echoInt_3.o)
 .debug_frame   0x00001918      0x104 .\CortexM3\ARM_GCC_541\Debug\NeoPixel.a(echoInt_4.o)
 .debug_frame   0x00001a1c       0xe0 .\CortexM3\ARM_GCC_541\Debug\NeoPixel.a(CLK_500kHz.o)
 .debug_frame   0x00001afc       0xf8 .\CortexM3\ARM_GCC_541\Debug\NeoPixel.a(triggerPWM.o)
 .debug_frame   0x00001bf4       0xe0 .\CortexM3\ARM_GCC_541\Debug\NeoPixel.a(CLK_24MHz.o)
 .debug_frame   0x00001cd4       0x50 .\CortexM3\ARM_GCC_541\Debug\NeoPixel.a(Pin1_dir2.o)
 .debug_frame   0x00001d24       0x50 .\CortexM3\ARM_GCC_541\Debug\NeoPixel.a(Pin1_dir1.o)
 .debug_frame   0x00001d74       0x50 .\CortexM3\ARM_GCC_541\Debug\NeoPixel.a(Pin2_dir1.o)
 .debug_frame   0x00001dc4       0x50 .\CortexM3\ARM_GCC_541\Debug\NeoPixel.a(Pin2_dir2.o)
 .debug_frame   0x00001e14      0x134 .\CortexM3\ARM_GCC_541\Debug\NeoPixel.a(motorPWM_1.o)
 .debug_frame   0x00001f48      0x104 .\CortexM3\ARM_GCC_541\Debug\NeoPixel.a(ball_int.o)
 .debug_frame   0x0000204c      0x104 .\CortexM3\ARM_GCC_541\Debug\NeoPixel.a(isr_rpi_start.o)
 .debug_frame   0x00002150       0x50 .\CortexM3\ARM_GCC_541\Debug\NeoPixel.a(Pin_score.o)
 .debug_frame   0x000021a0      0x104 .\CortexM3\ARM_GCC_541\Debug\NeoPixel.a(isr_rpi_stop.o)
 .debug_frame   0x000022a4      0x1b0 .\CortexM3\ARM_GCC_541\Debug\NeoPixel.a(ADC_SAR_1.o)
 .debug_frame   0x00002454       0x20 .\CortexM3\ARM_GCC_541\Debug\NeoPixel.a(ADC_SAR_1_INT.o)
 .debug_frame   0x00002474      0x134 .\CortexM3\ARM_GCC_541\Debug\NeoPixel.a(motorPWM_2.o)
 .debug_frame   0x000025a8      0x198 .\CortexM3\ARM_GCC_541\Debug\NeoPixel.a(soundUART.o)
 .debug_frame   0x00002740      0x100 .\CortexM3\ARM_GCC_541\Debug\NeoPixel.a(ADC_SAR_1_theACLK.o)
 .debug_frame   0x00002840       0xe0 .\CortexM3\ARM_GCC_541\Debug\NeoPixel.a(soundUART_IntClock.o)
 .debug_frame   0x00002920      0x174 .\CortexM3\ARM_GCC_541\Debug\NeoPixel.a(CyFlash.o)
 .debug_frame   0x00002a94      0x160 .\CortexM3\ARM_GCC_541\Debug\NeoPixel.a(CySpc.o)
 .debug_frame   0x00002bf4       0x44 c:/program files (x86)/cypress/psoc creator/4.2/psoc creator/import/gnu/arm/5.4.1/bin/../lib/gcc/arm-none-eabi/5.4.1/armv7-m\libgcc.a(_aeabi_ldivmod.o)
 .debug_frame   0x00002c38       0x38 c:/program files (x86)/cypress/psoc creator/4.2/psoc creator/import/gnu/arm/5.4.1/bin/../lib/gcc/arm-none-eabi/5.4.1/armv7-m\libgcc.a(_udivmoddi4.o)
 .debug_frame   0x00002c70       0x20 c:/program files (x86)/cypress/psoc creator/4.2/psoc creator/import/gnu/arm/5.4.1/bin/../lib/gcc/arm-none-eabi/5.4.1/../../../../arm-none-eabi/lib/armv7-m\libg_nano.a(lib_a-errno.o)
 .debug_frame   0x00002c90       0x28 c:/program files (x86)/cypress/psoc creator/4.2/psoc creator/import/gnu/arm/5.4.1/bin/../lib/gcc/arm-none-eabi/5.4.1/../../../../arm-none-eabi/lib/armv7-m\libg_nano.a(lib_a-exit.o)
 .debug_frame   0x00002cb8       0x2c c:/program files (x86)/cypress/psoc creator/4.2/psoc creator/import/gnu/arm/5.4.1/bin/../lib/gcc/arm-none-eabi/5.4.1/../../../../arm-none-eabi/lib/armv7-m\libg_nano.a(lib_a-init.o)
 .debug_frame   0x00002ce4       0x30 c:/program files (x86)/cypress/psoc creator/4.2/psoc creator/import/gnu/arm/5.4.1/bin/../lib/gcc/arm-none-eabi/5.4.1/../../../../arm-none-eabi/lib/armv7-m\libg_nano.a(lib_a-malloc.o)
 .debug_frame   0x00002d14       0x28 c:/program files (x86)/cypress/psoc creator/4.2/psoc creator/import/gnu/arm/5.4.1/bin/../lib/gcc/arm-none-eabi/5.4.1/../../../../arm-none-eabi/lib/armv7-m\libg_nano.a(lib_a-memcpy-stub.o)
 .debug_frame   0x00002d3c       0x20 c:/program files (x86)/cypress/psoc creator/4.2/psoc creator/import/gnu/arm/5.4.1/bin/../lib/gcc/arm-none-eabi/5.4.1/../../../../arm-none-eabi/lib/armv7-m\libg_nano.a(lib_a-memset.o)
 .debug_frame   0x00002d5c       0x38 c:/program files (x86)/cypress/psoc creator/4.2/psoc creator/import/gnu/arm/5.4.1/bin/../lib/gcc/arm-none-eabi/5.4.1/../../../../arm-none-eabi/lib/armv7-m\libg_nano.a(lib_a-nano-freer.o)
 .debug_frame   0x00002d94       0x2c c:/program files (x86)/cypress/psoc creator/4.2/psoc creator/import/gnu/arm/5.4.1/bin/../lib/gcc/arm-none-eabi/5.4.1/../../../../arm-none-eabi/lib/armv7-m\libg_nano.a(lib_a-nano-mallocr.o)
 .debug_frame   0x00002dc0       0x44 c:/program files (x86)/cypress/psoc creator/4.2/psoc creator/import/gnu/arm/5.4.1/bin/../lib/gcc/arm-none-eabi/5.4.1/../../../../arm-none-eabi/lib/armv7-m\libg_nano.a(lib_a-rand.o)
 .debug_frame   0x00002e04       0x2c c:/program files (x86)/cypress/psoc creator/4.2/psoc creator/import/gnu/arm/5.4.1/bin/../lib/gcc/arm-none-eabi/5.4.1/../../../../arm-none-eabi/lib/armv7-m\libg_nano.a(lib_a-sbrkr.o)
 .debug_frame   0x00002e30       0x30 c:/program files (x86)/cypress/psoc creator/4.2/psoc creator/import/gnu/arm/5.4.1/bin/../lib/gcc/arm-none-eabi/5.4.1/../../../../arm-none-eabi/lib/armv7-m\libg_nano.a(lib_a-mlock.o)
 .debug_frame   0x00002e60       0x5c c:/program files (x86)/cypress/psoc creator/4.2/psoc creator/import/gnu/arm/5.4.1/bin/../lib/gcc/arm-none-eabi/5.4.1/../../../../arm-none-eabi/lib/armv7-m\libg_nano.a(lib_a-reent.o)

.debug_str      0x00000000     0x3b6f
 *(.debug_str)
 .debug_str     0x00000000      0x36c .\CortexM3\ARM_GCC_541\Debug\main.o
                                0x3bd (size before relaxing)
 .debug_str     0x0000036c       0x7f .\CortexM3\ARM_GCC_541\Debug\LedHandler.o
                                0x2be (size before relaxing)
 .debug_str     0x000003eb      0x20c .\CortexM3\ARM_GCC_541\Debug\edgeSensorApp.o
                                0x41e (size before relaxing)
 .debug_str     0x000005f7      0x129 .\CortexM3\ARM_GCC_541\Debug\MotorApp.o
                                0x3d0 (size before relaxing)
 .debug_str     0x00000720       0x4f .\CortexM3\ARM_GCC_541\Debug\rpiCommunication.o
                                0x29f (size before relaxing)
 .debug_str     0x0000076f       0x89 .\CortexM3\ARM_GCC_541\Debug\scale.o
                                0x30a (size before relaxing)
 .debug_str     0x000007f8       0x62 .\CortexM3\ARM_GCC_541\Debug\soundApp.o
                                0x2a3 (size before relaxing)
 .debug_str     0x0000085a        0xf .\CortexM3\ARM_GCC_541\Debug\waitingState.o
                                0x2e3 (size before relaxing)
 .debug_str     0x00000869      0x184 .\CortexM3\ARM_GCC_541\Debug\cyfitter_cfg.o
                                0x322 (size before relaxing)
 .debug_str     0x000009ed       0xbe .\CortexM3\ARM_GCC_541\Debug\cymetadata.o
                                0x1e1 (size before relaxing)
 .debug_str     0x00000aab      0x154 .\CortexM3\ARM_GCC_541\Debug\Cm3Start.o
                                0x323 (size before relaxing)
 .debug_str     0x00000bff      0x37d .\CortexM3\ARM_GCC_541\Debug\NeoPixel.a(CyDmac.o)
                                0x553 (size before relaxing)
 .debug_str     0x00000f7c      0x7cf .\CortexM3\ARM_GCC_541\Debug\NeoPixel.a(CyLib.o)
                                0xa38 (size before relaxing)
 .debug_str     0x0000174b      0x359 .\CortexM3\ARM_GCC_541\Debug\NeoPixel.a(cyPm.o)
                                0x730 (size before relaxing)
 .debug_str     0x00001aa4      0x104 .\CortexM3\ARM_GCC_541\Debug\NeoPixel.a(NP_funcs.o)
                                0x392 (size before relaxing)
 .debug_str     0x00001ba8       0xe7 .\CortexM3\ARM_GCC_541\Debug\NeoPixel.a(NP_Neo_BITCNT.o)
                                0x2cc (size before relaxing)
 .debug_str     0x00001c8f       0xc6 .\CortexM3\ARM_GCC_541\Debug\NeoPixel.a(NP_Neo_ONTime.o)
                                0x2cc (size before relaxing)
 .debug_str     0x00001d55       0xce .\CortexM3\ARM_GCC_541\Debug\NeoPixel.a(NP_Neo_OFFTime.o)
                                0x2d6 (size before relaxing)
 .debug_str     0x00001e23       0x82 .\CortexM3\ARM_GCC_541\Debug\NeoPixel.a(NP_DMA_dma.o)
                                0x279 (size before relaxing)
 .debug_str     0x00001ea5       0xff .\CortexM3\ARM_GCC_541\Debug\NeoPixel.a(pulseInt.o)
                                0x2d9 (size before relaxing)
 .debug_str     0x00001fa4      0x1ca .\CortexM3\ARM_GCC_541\Debug\NeoPixel.a(pulseCounter.o)
                                0x3e6 (size before relaxing)
 .debug_str     0x0000216e      0x10c .\CortexM3\ARM_GCC_541\Debug\NeoPixel.a(echoInt_1.o)
                                0x2e7 (size before relaxing)
 .debug_str     0x0000227a      0x10c .\CortexM3\ARM_GCC_541\Debug\NeoPixel.a(echoInt_2.o)
                                0x2e7 (size before relaxing)
 .debug_str     0x00002386      0x10c .\CortexM3\ARM_GCC_541\Debug\NeoPixel.a(echoInt_3.o)
                                0x2e7 (size before relaxing)
 .debug_str     0x00002492      0x10c .\CortexM3\ARM_GCC_541\Debug\NeoPixel.a(echoInt_4.o)
                                0x2e7 (size before relaxing)
 .debug_str     0x0000259e      0x175 .\CortexM3\ARM_GCC_541\Debug\NeoPixel.a(CLK_500kHz.o)
                                0x31b (size before relaxing)
 .debug_str     0x00002713      0x13a .\CortexM3\ARM_GCC_541\Debug\NeoPixel.a(triggerPWM.o)
                                0x322 (size before relaxing)
 .debug_str     0x0000284d      0x11f .\CortexM3\ARM_GCC_541\Debug\NeoPixel.a(CLK_24MHz.o)
                                0x30f (size before relaxing)
 .debug_str     0x0000296c       0x6a .\CortexM3\ARM_GCC_541\Debug\NeoPixel.a(Pin1_dir2.o)
                                0x1ff (size before relaxing)
 .debug_str     0x000029d6       0x5f .\CortexM3\ARM_GCC_541\Debug\NeoPixel.a(Pin1_dir1.o)
                                0x1ff (size before relaxing)
 .debug_str     0x00002a35       0x5f .\CortexM3\ARM_GCC_541\Debug\NeoPixel.a(Pin2_dir1.o)
                                0x1ff (size before relaxing)
 .debug_str     0x00002a94       0x5f .\CortexM3\ARM_GCC_541\Debug\NeoPixel.a(Pin2_dir2.o)
                                0x1ff (size before relaxing)
 .debug_str     0x00002af3      0x182 .\CortexM3\ARM_GCC_541\Debug\NeoPixel.a(motorPWM_1.o)
                                0x3b9 (size before relaxing)
 .debug_str     0x00002c75       0xff .\CortexM3\ARM_GCC_541\Debug\NeoPixel.a(ball_int.o)
                                0x2d9 (size before relaxing)
 .debug_str     0x00002d74      0x140 .\CortexM3\ARM_GCC_541\Debug\NeoPixel.a(isr_rpi_start.o)
                                0x31f (size before relaxing)
 .debug_str     0x00002eb4       0x5f .\CortexM3\ARM_GCC_541\Debug\NeoPixel.a(Pin_score.o)
                                0x1ff (size before relaxing)
 .debug_str     0x00002f13      0x133 .\CortexM3\ARM_GCC_541\Debug\NeoPixel.a(isr_rpi_stop.o)
                                0x311 (size before relaxing)
 .debug_str     0x00003046      0x215 .\CortexM3\ARM_GCC_541\Debug\NeoPixel.a(ADC_SAR_1.o)
                                0x4c6 (size before relaxing)
 .debug_str     0x0000325b       0x35 .\CortexM3\ARM_GCC_541\Debug\NeoPixel.a(ADC_SAR_1_INT.o)
                                0x1a4 (size before relaxing)
 .debug_str     0x00003290      0x174 .\CortexM3\ARM_GCC_541\Debug\NeoPixel.a(motorPWM_2.o)
                                0x3b9 (size before relaxing)
 .debug_str     0x00003404      0x204 .\CortexM3\ARM_GCC_541\Debug\NeoPixel.a(soundUART.o)
                                0x410 (size before relaxing)
 .debug_str     0x00003608      0x1bc .\CortexM3\ARM_GCC_541\Debug\NeoPixel.a(ADC_SAR_1_theACLK.o)
                                0x3be (size before relaxing)
 .debug_str     0x000037c4      0x16a .\CortexM3\ARM_GCC_541\Debug\NeoPixel.a(soundUART_IntClock.o)
                                0x37b (size before relaxing)
 .debug_str     0x0000392e      0x195 .\CortexM3\ARM_GCC_541\Debug\NeoPixel.a(CyFlash.o)
                                0x3aa (size before relaxing)
 .debug_str     0x00003ac3       0xac .\CortexM3\ARM_GCC_541\Debug\NeoPixel.a(CySpc.o)
                                0x333 (size before relaxing)

.debug_loc      0x00000000     0x3624
 *(.debug_loc)
 .debug_loc     0x00000000      0x142 .\CortexM3\ARM_GCC_541\Debug\LedHandler.o
 .debug_loc     0x00000142       0x63 .\CortexM3\ARM_GCC_541\Debug\MotorApp.o
 .debug_loc     0x000001a5       0x1f .\CortexM3\ARM_GCC_541\Debug\scale.o
 .debug_loc     0x000001c4       0x53 .\CortexM3\ARM_GCC_541\Debug\soundApp.o
 .debug_loc     0x00000217      0x1fd .\CortexM3\ARM_GCC_541\Debug\cyfitter_cfg.o
 .debug_loc     0x00000414      0x144 .\CortexM3\ARM_GCC_541\Debug\Cm3Start.o
 .debug_loc     0x00000558      0xb8e .\CortexM3\ARM_GCC_541\Debug\NeoPixel.a(CyDmac.o)
 .debug_loc     0x000010e6      0xa11 .\CortexM3\ARM_GCC_541\Debug\NeoPixel.a(CyLib.o)
 .debug_loc     0x00001af7      0x1e4 .\CortexM3\ARM_GCC_541\Debug\NeoPixel.a(cyPm.o)
 .debug_loc     0x00001cdb       0xd2 .\CortexM3\ARM_GCC_541\Debug\NeoPixel.a(NP_funcs.o)
 .debug_loc     0x00001dad       0x47 .\CortexM3\ARM_GCC_541\Debug\NeoPixel.a(NP_Neo_BITCNT.o)
 .debug_loc     0x00001df4       0x47 .\CortexM3\ARM_GCC_541\Debug\NeoPixel.a(NP_Neo_ONTime.o)
 .debug_loc     0x00001e3b       0x47 .\CortexM3\ARM_GCC_541\Debug\NeoPixel.a(NP_Neo_OFFTime.o)
 .debug_loc     0x00001e82       0x84 .\CortexM3\ARM_GCC_541\Debug\NeoPixel.a(NP_DMA_dma.o)
 .debug_loc     0x00001f06       0x56 .\CortexM3\ARM_GCC_541\Debug\NeoPixel.a(pulseInt.o)
 .debug_loc     0x00001f5c       0x31 .\CortexM3\ARM_GCC_541\Debug\NeoPixel.a(pulseCounter.o)
 .debug_loc     0x00001f8d       0x56 .\CortexM3\ARM_GCC_541\Debug\NeoPixel.a(echoInt_1.o)
 .debug_loc     0x00001fe3       0x56 .\CortexM3\ARM_GCC_541\Debug\NeoPixel.a(echoInt_2.o)
 .debug_loc     0x00002039       0x56 .\CortexM3\ARM_GCC_541\Debug\NeoPixel.a(echoInt_3.o)
 .debug_loc     0x0000208f       0x56 .\CortexM3\ARM_GCC_541\Debug\NeoPixel.a(echoInt_4.o)
 .debug_loc     0x000020e5      0x128 .\CortexM3\ARM_GCC_541\Debug\NeoPixel.a(CLK_500kHz.o)
 .debug_loc     0x0000220d       0x13 .\CortexM3\ARM_GCC_541\Debug\NeoPixel.a(triggerPWM.o)
 .debug_loc     0x00002220      0x12c .\CortexM3\ARM_GCC_541\Debug\NeoPixel.a(CLK_24MHz.o)
 .debug_loc     0x0000234c       0x42 .\CortexM3\ARM_GCC_541\Debug\NeoPixel.a(Pin1_dir2.o)
 .debug_loc     0x0000238e       0x42 .\CortexM3\ARM_GCC_541\Debug\NeoPixel.a(Pin1_dir1.o)
 .debug_loc     0x000023d0       0x42 .\CortexM3\ARM_GCC_541\Debug\NeoPixel.a(Pin2_dir1.o)
 .debug_loc     0x00002412       0x42 .\CortexM3\ARM_GCC_541\Debug\NeoPixel.a(Pin2_dir2.o)
 .debug_loc     0x00002454       0x26 .\CortexM3\ARM_GCC_541\Debug\NeoPixel.a(motorPWM_1.o)
 .debug_loc     0x0000247a       0x56 .\CortexM3\ARM_GCC_541\Debug\NeoPixel.a(ball_int.o)
 .debug_loc     0x000024d0       0x56 .\CortexM3\ARM_GCC_541\Debug\NeoPixel.a(isr_rpi_start.o)
 .debug_loc     0x00002526       0x42 .\CortexM3\ARM_GCC_541\Debug\NeoPixel.a(Pin_score.o)
 .debug_loc     0x00002568       0x56 .\CortexM3\ARM_GCC_541\Debug\NeoPixel.a(isr_rpi_stop.o)
 .debug_loc     0x000025be      0x295 .\CortexM3\ARM_GCC_541\Debug\NeoPixel.a(ADC_SAR_1.o)
 .debug_loc     0x00002853       0x26 .\CortexM3\ARM_GCC_541\Debug\NeoPixel.a(motorPWM_2.o)
 .debug_loc     0x00002879      0x1f7 .\CortexM3\ARM_GCC_541\Debug\NeoPixel.a(soundUART.o)
 .debug_loc     0x00002a70      0x14d .\CortexM3\ARM_GCC_541\Debug\NeoPixel.a(ADC_SAR_1_theACLK.o)
 .debug_loc     0x00002bbd      0x128 .\CortexM3\ARM_GCC_541\Debug\NeoPixel.a(soundUART_IntClock.o)
 .debug_loc     0x00002ce5      0x2f2 .\CortexM3\ARM_GCC_541\Debug\NeoPixel.a(CyFlash.o)
 .debug_loc     0x00002fd7      0x64d .\CortexM3\ARM_GCC_541\Debug\NeoPixel.a(CySpc.o)

.debug_macinfo
 *(.debug_macinfo)

.debug_ranges   0x00000000     0x10b8
 *(.debug_ranges)
 .debug_ranges  0x00000000       0x18 .\CortexM3\ARM_GCC_541\Debug\main.o
 .debug_ranges  0x00000018       0x40 .\CortexM3\ARM_GCC_541\Debug\LedHandler.o
 .debug_ranges  0x00000058       0x40 .\CortexM3\ARM_GCC_541\Debug\edgeSensorApp.o
 .debug_ranges  0x00000098       0x48 .\CortexM3\ARM_GCC_541\Debug\MotorApp.o
 .debug_ranges  0x000000e0       0x38 .\CortexM3\ARM_GCC_541\Debug\rpiCommunication.o
 .debug_ranges  0x00000118       0x18 .\CortexM3\ARM_GCC_541\Debug\scale.o
 .debug_ranges  0x00000130       0x18 .\CortexM3\ARM_GCC_541\Debug\soundApp.o
 .debug_ranges  0x00000148       0x18 .\CortexM3\ARM_GCC_541\Debug\waitingState.o
 .debug_ranges  0x00000160       0x48 .\CortexM3\ARM_GCC_541\Debug\cyfitter_cfg.o
 .debug_ranges  0x000001a8       0x38 .\CortexM3\ARM_GCC_541\Debug\Cm3Start.o
 .debug_ranges  0x000001e0       0xc8 .\CortexM3\ARM_GCC_541\Debug\NeoPixel.a(CyDmac.o)
 .debug_ranges  0x000002a8      0x288 .\CortexM3\ARM_GCC_541\Debug\NeoPixel.a(CyLib.o)
 .debug_ranges  0x00000530       0x88 .\CortexM3\ARM_GCC_541\Debug\NeoPixel.a(cyPm.o)
 .debug_ranges  0x000005b8       0x20 .\CortexM3\ARM_GCC_541\Debug\NeoPixel.a(NP_funcs.o)
 .debug_ranges  0x000005d8       0x48 .\CortexM3\ARM_GCC_541\Debug\NeoPixel.a(NP_Neo_BITCNT.o)
 .debug_ranges  0x00000620       0x48 .\CortexM3\ARM_GCC_541\Debug\NeoPixel.a(NP_Neo_ONTime.o)
 .debug_ranges  0x00000668       0x48 .\CortexM3\ARM_GCC_541\Debug\NeoPixel.a(NP_Neo_OFFTime.o)
 .debug_ranges  0x000006b0       0x18 .\CortexM3\ARM_GCC_541\Debug\NeoPixel.a(NP_DMA_dma.o)
 .debug_ranges  0x000006c8       0x70 .\CortexM3\ARM_GCC_541\Debug\NeoPixel.a(pulseInt.o)
 .debug_ranges  0x00000738       0x88 .\CortexM3\ARM_GCC_541\Debug\NeoPixel.a(pulseCounter.o)
 .debug_ranges  0x000007c0       0x70 .\CortexM3\ARM_GCC_541\Debug\NeoPixel.a(echoInt_1.o)
 .debug_ranges  0x00000830       0x70 .\CortexM3\ARM_GCC_541\Debug\NeoPixel.a(echoInt_2.o)
 .debug_ranges  0x000008a0       0x70 .\CortexM3\ARM_GCC_541\Debug\NeoPixel.a(echoInt_3.o)
 .debug_ranges  0x00000910       0x70 .\CortexM3\ARM_GCC_541\Debug\NeoPixel.a(echoInt_4.o)
 .debug_ranges  0x00000980       0x60 .\CortexM3\ARM_GCC_541\Debug\NeoPixel.a(CLK_500kHz.o)
 .debug_ranges  0x000009e0       0x70 .\CortexM3\ARM_GCC_541\Debug\NeoPixel.a(triggerPWM.o)
 .debug_ranges  0x00000a50       0x60 .\CortexM3\ARM_GCC_541\Debug\NeoPixel.a(CLK_24MHz.o)
 .debug_ranges  0x00000ab0       0x28 .\CortexM3\ARM_GCC_541\Debug\NeoPixel.a(Pin1_dir2.o)
 .debug_ranges  0x00000ad8       0x28 .\CortexM3\ARM_GCC_541\Debug\NeoPixel.a(Pin1_dir1.o)
 .debug_ranges  0x00000b00       0x28 .\CortexM3\ARM_GCC_541\Debug\NeoPixel.a(Pin2_dir1.o)
 .debug_ranges  0x00000b28       0x28 .\CortexM3\ARM_GCC_541\Debug\NeoPixel.a(Pin2_dir2.o)
 .debug_ranges  0x00000b50       0x88 .\CortexM3\ARM_GCC_541\Debug\NeoPixel.a(motorPWM_1.o)
 .debug_ranges  0x00000bd8       0x70 .\CortexM3\ARM_GCC_541\Debug\NeoPixel.a(ball_int.o)
 .debug_ranges  0x00000c48       0x70 .\CortexM3\ARM_GCC_541\Debug\NeoPixel.a(isr_rpi_start.o)
 .debug_ranges  0x00000cb8       0x28 .\CortexM3\ARM_GCC_541\Debug\NeoPixel.a(Pin_score.o)