Archive member included to satisfy reference by file (symbol)

.\CortexM3\ARM_GCC_541\Debug\Ultrasoundv2.a(CLK_500kHz.o)
                              .\CortexM3\ARM_GCC_541\Debug\edgeSensorApp.o (CLK_500kHz_Start)
.\CortexM3\ARM_GCC_541\Debug\Ultrasoundv2.a(triggerPWM.o)
                              .\CortexM3\ARM_GCC_541\Debug\edgeSensorApp.o (triggerPWM_Stop)
.\CortexM3\ARM_GCC_541\Debug\Ultrasoundv2.a(CLK_24MHz.o)
                              .\CortexM3\ARM_GCC_541\Debug\edgeSensorApp.o (CLK_24MHz_Start)
.\CortexM3\ARM_GCC_541\Debug\Ultrasoundv2.a(CyLib.o)
                              .\CortexM3\ARM_GCC_541\Debug\Cm3Start.o (CyHalt)
.\CortexM3\ARM_GCC_541\Debug\Ultrasoundv2.a(cyPm.o)
                              .\CortexM3\ARM_GCC_541\Debug\Ultrasoundv2.a(CyLib.o) (CyPmReadStatus)
.\CortexM3\ARM_GCC_541\Debug\Ultrasoundv2.a(pulseInt.o)
                              .\CortexM3\ARM_GCC_541\Debug\edgeSensorApp.o (pulseInt_StartEx)
.\CortexM3\ARM_GCC_541\Debug\Ultrasoundv2.a(pulseCounter.o)
                              .\CortexM3\ARM_GCC_541\Debug\edgeSensorApp.o (pulseCounter_ReadStatusRegister)
.\CortexM3\ARM_GCC_541\Debug\Ultrasoundv2.a(echoInt_1.o)
                              .\CortexM3\ARM_GCC_541\Debug\edgeSensorApp.o (echoInt_1_StartEx)
.\CortexM3\ARM_GCC_541\Debug\Ultrasoundv2.a(echoInt_2.o)
                              .\CortexM3\ARM_GCC_541\Debug\edgeSensorApp.o (echoInt_2_StartEx)
.\CortexM3\ARM_GCC_541\Debug\Ultrasoundv2.a(echoInt_3.o)
                              .\CortexM3\ARM_GCC_541\Debug\edgeSensorApp.o (echoInt_3_StartEx)
.\CortexM3\ARM_GCC_541\Debug\Ultrasoundv2.a(echoInt_4.o)
                              .\CortexM3\ARM_GCC_541\Debug\edgeSensorApp.o (echoInt_4_StartEx)
.\CortexM3\ARM_GCC_541\Debug\Ultrasoundv2.a(Pin1_dir2.o)
                              .\CortexM3\ARM_GCC_541\Debug\MotorApp.o (Pin1_dir2_Write)
.\CortexM3\ARM_GCC_541\Debug\Ultrasoundv2.a(Pin1_dir1.o)
                              .\CortexM3\ARM_GCC_541\Debug\MotorApp.o (Pin1_dir1_Write)
.\CortexM3\ARM_GCC_541\Debug\Ultrasoundv2.a(Pin2_dir1.o)
                              .\CortexM3\ARM_GCC_541\Debug\MotorApp.o (Pin2_dir1_Write)
.\CortexM3\ARM_GCC_541\Debug\Ultrasoundv2.a(Pin2_dir2.o)
                              .\CortexM3\ARM_GCC_541\Debug\MotorApp.o (Pin2_dir2_Write)
.\CortexM3\ARM_GCC_541\Debug\Ultrasoundv2.a(ball_int.o)
                              .\CortexM3\ARM_GCC_541\Debug\main.o (ball_int_StartEx)
.\CortexM3\ARM_GCC_541\Debug\Ultrasoundv2.a(Pin_score.o)
                              .\CortexM3\ARM_GCC_541\Debug\rpiCommunication.o (Pin_score_Write)
.\CortexM3\ARM_GCC_541\Debug\Ultrasoundv2.a(ADC_SAR_1.o)
                              .\CortexM3\ARM_GCC_541\Debug\main.o (ADC_SAR_1_Start)
.\CortexM3\ARM_GCC_541\Debug\Ultrasoundv2.a(ADC_SAR_1_INT.o)
                              .\CortexM3\ARM_GCC_541\Debug\Ultrasoundv2.a(ADC_SAR_1.o) (ADC_SAR_1_ISR)
.\CortexM3\ARM_GCC_541\Debug\Ultrasoundv2.a(ADC_SAR_1_theACLK.o)
                              .\CortexM3\ARM_GCC_541\Debug\Ultrasoundv2.a(ADC_SAR_1.o) (ADC_SAR_1_theACLK_SetModeRegister)
.\CortexM3\ARM_GCC_541\Debug\Ultrasoundv2.a(motorPWM_1.o)
                              .\CortexM3\ARM_GCC_541\Debug\MotorApp.o (motorPWM_1_Stop)
.\CortexM3\ARM_GCC_541\Debug\Ultrasoundv2.a(motorPWM_2.o)
                              .\CortexM3\ARM_GCC_541\Debug\MotorApp.o (motorPWM_2_Stop)
.\CortexM3\ARM_GCC_541\Debug\Ultrasoundv2.a(soundUART.o)
                              .\CortexM3\ARM_GCC_541\Debug\soundApp.o (soundUART_Start)
.\CortexM3\ARM_GCC_541\Debug\Ultrasoundv2.a(soundUART_IntClock.o)
                              .\CortexM3\ARM_GCC_541\Debug\Ultrasoundv2.a(soundUART.o) (soundUART_IntClock_Start)
.\CortexM3\ARM_GCC_541\Debug\Ultrasoundv2.a(Pin_running.o)
                              .\CortexM3\ARM_GCC_541\Debug\main.o (Pin_running_Write)
.\CortexM3\ARM_GCC_541\Debug\Ultrasoundv2.a(CyBootAsmGnu.o)
                              .\CortexM3\ARM_GCC_541\Debug\cyfitter_cfg.o (CyDelayCycles)
.\CortexM3\ARM_GCC_541\Debug\Ultrasoundv2.a(CyFlash.o)
                              .\CortexM3\ARM_GCC_541\Debug\Ultrasoundv2.a(cyPm.o) (CyFlash_SetWaitCycles)
.\CortexM3\ARM_GCC_541\Debug\Ultrasoundv2.a(CySpc.o)
                              .\CortexM3\ARM_GCC_541\Debug\Ultrasoundv2.a(CyFlash.o) (CySpcStart)
c:/program files (x86)/cypress/psoc creator/4.2/psoc creator/import/gnu/arm/5.4.1/bin/../lib/gcc/arm-none-eabi/5.4.1/armv7-m\libgcc.a(_arm_addsubsf3.o)
                              .\CortexM3\ARM_GCC_541\Debug\Ultrasoundv2.a(ADC_SAR_1.o) (__aeabi_i2f)
c:/program files (x86)/cypress/psoc creator/4.2/psoc creator/import/gnu/arm/5.4.1/bin/../lib/gcc/arm-none-eabi/5.4.1/armv7-m\libgcc.a(_arm_muldivsf3.o)
                              .\CortexM3\ARM_GCC_541\Debug\Ultrasoundv2.a(ADC_SAR_1.o) (__aeabi_fmul)
c:/program files (x86)/cypress/psoc creator/4.2/psoc creator/import/gnu/arm/5.4.1/bin/../lib/gcc/arm-none-eabi/5.4.1/armv7-m\libgcc.a(_aeabi_ldivmod.o)
[...]
Memory Configuration

Name             Origin             Length             Attributes
rom              0x00000000         0x00040000         xr
ram              0x1fff8000         0x00010000         xrw
*default*        0x00000000         0xffffffff

Linker script and memory map

LOAD c:/program files (x86)/cypress/psoc creator/4.2/psoc creator/import/gnu/arm/5.4.1/bin/../lib/gcc/arm-none-eabi/5.4.1/armv7-m/crti.o
LOAD c:/program files (x86)/cypress/psoc creator/4.2/psoc creator/import/gnu/arm/5.4.1/bin/../lib/gcc/arm-none-eabi/5.4.1/armv7-m/crtbegin.o
LOAD c:/program files (x86)/cypress/psoc creator/4.2/psoc creator/import/gnu/arm/5.4.1/bin/../lib/gcc/arm-none-eabi/5.4.1/../../../../arm-none-eabi/lib/armv7-m/crt0.o
START GROUP
LOAD .\CortexM3\ARM_GCC_541\Debug\main.o
LOAD .\CortexM3\ARM_GCC_541\Debug\edgeSensorApp.o
LOAD .\CortexM3\ARM_GCC_541\Debug\MotorApp.o
LOAD .\CortexM3\ARM_GCC_541\Debug\rpiCommunication.o
LOAD .\CortexM3\ARM_GCC_541\Debug\scale.o
LOAD .\CortexM3\ARM_GCC_541\Debug\waitingState.o
LOAD .\CortexM3\ARM_GCC_541\Debug\soundApp.o
LOAD .\CortexM3\ARM_GCC_541\Debug\ballHandle.o
LOAD .\CortexM3\ARM_GCC_541\Debug\cyfitter_cfg.o
LOAD .\CortexM3\ARM_GCC_541\Debug\cymetadata.o
LOAD .\CortexM3\ARM_GCC_541\Debug\Cm3Start.o
LOAD .\CortexM3\ARM_GCC_541\Debug\Ultrasoundv2.a
LOAD C:\Program Files (x86)\Cypress\PSoC Creator\4.2\PSoC Creator\psoc\content\cycomponentlibrary\CyComponentLibrary.cylib\CortexM3\ARM_GCC_541\Debug\CyComponentLibrary.a
END GROUP
START GROUP
LOAD c:/program files (x86)/cypress/psoc creator/4.2/psoc creator/import/gnu/arm/5.4.1/bin/../lib/gcc/arm-none-eabi/5.4.1/armv7-m\libgcc.a
LOAD c:/program files (x86)/cypress/psoc creator/4.2/psoc creator/import/gnu/arm/5.4.1/bin/../lib/gcc/arm-none-eabi/5.4.1/../../../../arm-none-eabi/lib/armv7-m\libg_nano.a
LOAD c:/program files (x86)/cypress/psoc creator/4.2/psoc creator/import/gnu/arm/5.4.1/bin/../lib/gcc/arm-none-eabi/5.4.1/../../../../arm-none-eabi/lib/armv7-m\libc_nano.a
END GROUP
START GROUP
LOAD c:/program files (x86)/cypress/psoc creator/4.2/psoc creator/import/gnu/arm/5.4.1/bin/../lib/gcc/arm-none-eabi/5.4.1/armv7-m\libgcc.a
LOAD c:/program files (x86)/cypress/psoc creator/4.2/psoc creator/import/gnu/arm/5.4.1/bin/../lib/gcc/arm-none-eabi/5.4.1/../../../../arm-none-eabi/lib/armv7-m\libc_nano.a
END GROUP
LOAD c:/program files (x86)/cypress/psoc creator/4.2/psoc creator/import/gnu/arm/5.4.1/bin/../lib/gcc/arm-none-eabi/5.4.1/armv7-m/crtend.o
LOAD c:/program files (x86)/cypress/psoc creator/4.2/psoc creator/import/gnu/arm/5.4.1/bin/../lib/gcc/arm-none-eabi/5.4.1/armv7-m/crtn.o
START GROUP
LOAD c:/program files (x86)/cypress/psoc creator/4.2/psoc creator/import/gnu/arm/5.4.1/bin/../lib/gcc/arm-none-eabi/5.4.1/armv7-m\libgcc.a
LOAD c:/program files (x86)/cypress/psoc creator/4.2/psoc creator/import/gnu/arm/5.4.1/bin/../lib/gcc/arm-none-eabi/5.4.1/../../../../arm-none-eabi/lib/armv7-m\libc.a
LOAD c:/program files (x86)/cypress/psoc creator/4.2/psoc creator/import/gnu/arm/5.4.1/bin/../lib/gcc/arm-none-eabi/5.4.1/../../../../arm-none-eabi/lib/armv7-m\libnosys.a
END GROUP
                0x00000000                CY_APPL_ORIGIN = 0x0
                0x00000100                CY_FLASH_ROW_SIZE = 0x100
                0x00000020                CY_ECC_ROW_SIZE = 0x20
                0x00000000                CY_EE_IN_BTLDR = 0x0
                0x00000000                CY_APPL_LOADABLE = 0x0
                0x00000800                CY_EE_SIZE = 0x800
                0x00000001                CY_APPL_NUM = 0x1
                0x00000001                CY_APPL_MAX = 0x1
                0x00000040                CY_METADATA_SIZE = 0x40
                0x00000000                CY_APPL_LOADABLE = 0x0
                0x00000000                CY_CHECKSUM_EXCLUDE_SIZE = ALIGN (0x0, CY_FLASH_ROW_SIZE)
                [!provide]                PROVIDE (__cy_heap_start, _end)
                0x00000001                PROVIDE (__cy_region_num, ((__cy_regions_end - __cy_regions) / 0x10))
                0x20008000                PROVIDE (__cy_stack, (ORIGIN (ram) + LENGTH (ram)))
                [!provide]                PROVIDE (__cy_heap_end, (__cy_stack - 0x800))

.cybootloader   0x00000000        0x0
 *(.cybootloader)
                0x00000000                appl1_start = CY_APPL_ORIGIN?CY_APPL_ORIGIN:ALIGN (CY_FLASH_ROW_SIZE)
                0x0001ff00                appl2_start = (appl1_start + ALIGN ((((LENGTH (rom) - appl1_start) - (0x2 * CY_FLASH_ROW_SIZE)) / 0x2), CY_FLASH_ROW_SIZE))
                0x00000000                appl_start = (CY_APPL_NUM == 0x1)?appl1_start:appl2_start
                0x00000000                ecc_offset = ((appl_start / CY_FLASH_ROW_SIZE) * CY_ECC_ROW_SIZE)
                0x00000000                ee_offset = (CY_APPL_LOADABLE && ! (CY_EE_IN_BTLDR))?((CY_EE_SIZE / CY_APPL_MAX) * (CY_APPL_NUM - 0x1)):0x0
                0x00000800                ee_size = (CY_APPL_LOADABLE && ! (CY_EE_IN_BTLDR))?(CY_EE_SIZE / CY_APPL_MAX):CY_EE_SIZE
                [!provide]                PROVIDE (CY_ECC_OFFSET, ecc_offset)

.text           0x00000000     0x14ec
 CREATE_OBJECT_SYMBOLS
                0x00000000                PROVIDE (__cy_interrupt_vector, RomVectors)
 *(.romvectors)
 .romvectors    0x00000000       0x10 .\CortexM3\ARM_GCC_541\Debug\Cm3Start.o
                0x00000000                RomVectors
                0x00000001                ASSERT ((. != __cy_interrupt_vector), No interrupt vector)
                0x00000001                ASSERT (CY_APPL_ORIGIN?(SIZEOF (.cybootloader) <= CY_APPL_ORIGIN):0x1, Wrong image location)
                0x00000010                PROVIDE (__cy_reset, Reset)
 *(.text.Reset)
 .text.Reset    0x00000010       0x18 .\CortexM3\ARM_GCC_541\Debug\Cm3Start.o
                0x00000010                Reset
                0x00000001                ASSERT ((. != __cy_reset), No reset code)
 *(.dma_init)
                0x00000001                ASSERT ((((appl_start + .) <= 0x10000) || 0x1), DMA Init must be within the first 64k of flash)
 *(.text .text.* .gnu.linkonce.t.*)
 .text          0x00000028       0x5c c:/program files (x86)/cypress/psoc creator/4.2/psoc creator/import/gnu/arm/5.4.1/bin/../lib/gcc/arm-none-eabi/5.4.1/armv7-m/crtbegin.o
 .text.ball_int_handler
                0x00000084       0x30 .\CortexM3\ARM_GCC_541\Debug\main.o
                0x00000084                ball_int_handler
 .text.main     0x000000b4       0x88 .\CortexM3\ARM_GCC_541\Debug\main.o
                0x000000b4                main
 .text.echoInt1_handler
                0x0000013c       0x24 .\CortexM3\ARM_GCC_541\Debug\edgeSensorApp.o
                0x0000013c                echoInt1_handler
 .text.echoInt2_handler
                0x00000160       0x24 .\CortexM3\ARM_GCC_541\Debug\edgeSensorApp.o
                0x00000160                echoInt2_handler
 .text.echoInt3_handler
                0x00000184       0x24 .\CortexM3\ARM_GCC_541\Debug\edgeSensorApp.o
                0x00000184                echoInt3_handler
 .text.echoInt4_handler
                0x000001a8       0x24 .\CortexM3\ARM_GCC_541\Debug\edgeSensorApp.o
                0x000001a8                echoInt4_handler
 .text.edgeSensorInit
                0x000001cc       0x48 .\CortexM3\ARM_GCC_541\Debug\edgeSensorApp.o
                0x000001cc                edgeSensorInit
 .text.getStatus
                0x00000214       0x18 .\CortexM3\ARM_GCC_541\Debug\edgeSensorApp.o
                0x00000214                getStatus
 .text.pulseInt_handler
                0x0000022c       0x90 .\CortexM3\ARM_GCC_541\Debug\edgeSensorApp.o
                0x0000022c                pulseInt_handler
 .text.driveForwards
                0x000002bc       0x44 .\CortexM3\ARM_GCC_541\Debug\MotorApp.o
                0x000002bc                driveForwards
 .text.driveBackwards
                0x00000300       0x44 .\CortexM3\ARM_GCC_541\Debug\MotorApp.o
                0x00000300                driveBackwards
 .text.motorStop
                0x00000344        0xc .\CortexM3\ARM_GCC_541\Debug\MotorApp.o
                0x00000344                motorStop
 .text.changeSpeed
                0x00000350       0x68 .\CortexM3\ARM_GCC_541\Debug\MotorApp.o
                0x00000350                changeSpeed
 .text.changeState
                0x000003b8       0x40 .\CortexM3\ARM_GCC_541\Debug\MotorApp.o
                0x000003b8                changeState
 .text.speedSelect
                0x000003f8       0x5c .\CortexM3\ARM_GCC_541\Debug\MotorApp.o
                0x000003f8                speedSelect
 .text.DelayBased90Turn
                0x00000454       0x8c .\CortexM3\ARM_GCC_541\Debug\MotorApp.o
                0x00000454                DelayBased90Turn
 .text.DelayBased180Turn
                0x000004e0       0x80 .\CortexM3\ARM_GCC_541\Debug\MotorApp.o
                0x000004e0                DelayBased180Turn
 .text.score    0x00000560       0x18 .\CortexM3\ARM_GCC_541\Debug\rpiCommunication.o
                0x00000560                score
 .text.rpiInit  0x00000578        0xc .\CortexM3\ARM_GCC_541\Debug\rpiCommunication.o
                0x00000578                rpiInit
 .text.waitingStateStart
                0x00000584       0x18 .\CortexM3\ARM_GCC_541\Debug\waitingState.o
                0x00000584                waitingStateStart
 .text.soundInit
                0x0000059c       0x2c .\CortexM3\ARM_GCC_541\Debug\soundApp.o
                0x0000059c                soundInit
 .text.sendToSOMO
                0x000005c8       0x38 .\CortexM3\ARM_GCC_541\Debug\soundApp.o
                0x000005c8                sendToSOMO
 .text.CyClockStartupError
                0x00000600        0x4 .\CortexM3\ARM_GCC_541\Debug\cyfitter_cfg.o
 .text.cfg_write_bytes32
                0x00000604       0x34 .\CortexM3\ARM_GCC_541\Debug\cyfitter_cfg.o
 .text.CYMEMZERO
                0x00000638        0xc .\CortexM3\ARM_GCC_541\Debug\cyfitter_cfg.o
 .text.AnalogSetDefault
                0x00000644       0x7c .\CortexM3\ARM_GCC_541\Debug\cyfitter_cfg.o
 .text.CYCONFIGCPY
                0x000006c0        0x8 .\CortexM3\ARM_GCC_541\Debug\cyfitter_cfg.o
 .text.ClockSetup
                0x000006c8      0x10c .\CortexM3\ARM_GCC_541\Debug\cyfitter_cfg.o
 .text.cyfitter_cfg
                0x000007d4      0x124 .\CortexM3\ARM_GCC_541\Debug\cyfitter_cfg.o
                0x000007d4                cyfitter_cfg
 .text.IntDefaultHandler
                0x000008f8       0x10 .\CortexM3\ARM_GCC_541\Debug\Cm3Start.o
                0x000008f8                IntDefaultHandler
 .text._sbrk    0x00000908       0x30 .\CortexM3\ARM_GCC_541\Debug\Cm3Start.o
                0x00000908                _sbrk
 .text.Start_c  0x00000938       0x4c .\CortexM3\ARM_GCC_541\Debug\Cm3Start.o
                0x00000938                Start_c
 .text.initialize_psoc
                0x00000984       0x68 .\CortexM3\ARM_GCC_541\Debug\Cm3Start.o
                0x00000984                initialize_psoc
 .text.CLK_500kHz_Start
                0x000009ec       0x1c .\CortexM3\ARM_GCC_541\Debug\Ultrasoundv2.a(CLK_500kHz.o)
                0x000009ec                CLK_500kHz_Start
 .text.triggerPWM_Enable
                0x00000a08       0x10 .\CortexM3\ARM_GCC_541\Debug\Ultrasoundv2.a(triggerPWM.o)
                0x00000a08                triggerPWM_Enable
 .text.triggerPWM_Stop
                0x00000a18       0x10 .\CortexM3\ARM_GCC_541\Debug\Ultrasoundv2.a(triggerPWM.o)
                0x00000a18                triggerPWM_Stop
 .text.triggerPWM_WriteCounter
                0x00000a28        0xc .\CortexM3\ARM_GCC_541\Debug\Ultrasoundv2.a(triggerPWM.o)
                0x00000a28                triggerPWM_WriteCounter
 .text.triggerPWM_WritePeriod
                0x00000a34        0xc .\CortexM3\ARM_GCC_541\Debug\Ultrasoundv2.a(triggerPWM.o)
                0x00000a34                triggerPWM_WritePeriod
 .text.triggerPWM_WriteCompare
                0x00000a40        0xc .\CortexM3\ARM_GCC_541\Debug\Ultrasoundv2.a(triggerPWM.o)
                0x00000a40                triggerPWM_WriteCompare
 .text.triggerPWM_Init
                0x00000a4c       0x40 .\CortexM3\ARM_GCC_541\Debug\Ultrasoundv2.a(triggerPWM.o)
                0x00000a4c                triggerPWM_Init
 .text.triggerPWM_Start
                0x00000a8c       0x1c .\CortexM3\ARM_GCC_541\Debug\Ultrasoundv2.a(triggerPWM.o)
                0x00000a8c                triggerPWM_Start
 .text.CLK_24MHz_Start
                0x00000aa8       0x1c .\CortexM3\ARM_GCC_541\Debug\Ultrasoundv2.a(CLK_24MHz.o)
                0x00000aa8                CLK_24MHz_Start
 .text.CyHalt   0x00000ac4        0x4 .\CortexM3\ARM_GCC_541\Debug\Ultrasoundv2.a(CyLib.o)
                0x00000ac4                CyHalt
 .text.CyDelay  0x00000ac8       0x2c .\CortexM3\ARM_GCC_541\Debug\Ultrasoundv2.a(CyLib.o)
                0x00000ac8                CyDelay
 .text.CyDelayUs
                0x00000af4       0x14 .\CortexM3\ARM_GCC_541\Debug\Ultrasoundv2.a(CyLib.o)
                0x00000af4                CyDelayUs
 .text.CyIntSetVector
                0x00000b08       0x28 .\CortexM3\ARM_GCC_541\Debug\Ultrasoundv2.a(CyLib.o)
                0x00000b08                CyIntSetVector
 .text.CyIntSetPriority
                0x00000b30       0x30 .\CortexM3\ARM_GCC_541\Debug\Ultrasoundv2.a(CyLib.o)
                0x00000b30                CyIntSetPriority
 .text.pulseInt_SetVector
                0x00000b60        0xc .\CortexM3\ARM_GCC_541\Debug\Ultrasoundv2.a(pulseInt.o)
                0x00000b60                pulseInt_SetVector
 .text.pulseInt_SetPriority
                0x00000b6c       0x10 .\CortexM3\ARM_GCC_541\Debug\Ultrasoundv2.a(pulseInt.o)
                0x00000b6c                pulseInt_SetPriority
 .text.pulseInt_Enable
                0x00000b7c       0x10 .\CortexM3\ARM_GCC_541\Debug\Ultrasoundv2.a(pulseInt.o)
                0x00000b7c                pulseInt_Enable
 .text.pulseInt_Disable
                0x00000b8c       0x10 .\CortexM3\ARM_GCC_541\Debug\Ultrasoundv2.a(pulseInt.o)
                0x00000b8c                pulseInt_Disable
 .text.pulseInt_StartEx
                0x00000b9c       0x1c .\CortexM3\ARM_GCC_541\Debug\Ultrasoundv2.a(pulseInt.o)
                0x00000b9c                pulseInt_StartEx
 .text.pulseCounter_Enable
                0x00000bb8       0x10 .\CortexM3\ARM_GCC_541\Debug\Ultrasoundv2.a(pulseCounter.o)
                0x00000bb8                pulseCounter_Enable
 .text.pulseCounter_SetInterruptMode
                0x00000bc8        0xc .\CortexM3\ARM_GCC_541\Debug\Ultrasoundv2.a(pulseCounter.o)
                0x00000bc8                pulseCounter_SetInterruptMode
 .text.pulseCounter_ReadStatusRegister
                0x00000bd4        0xc .\CortexM3\ARM_GCC_541\Debug\Ultrasoundv2.a(pulseCounter.o)
                0x00000bd4                pulseCounter_ReadStatusRegister
 .text.pulseCounter_WriteCounter
                0x00000be0        0xc .\CortexM3\ARM_GCC_541\Debug\Ultrasoundv2.a(pulseCounter.o)
                0x00000be0                pulseCounter_WriteCounter
 .text.pulseCounter_ReadCapture
                0x00000bec        0xc .\CortexM3\ARM_GCC_541\Debug\Ultrasoundv2.a(pulseCounter.o)
                0x00000bec                pulseCounter_ReadCapture
 .text.pulseCounter_WritePeriod
                0x00000bf8        0xc .\CortexM3\ARM_GCC_541\Debug\Ultrasoundv2.a(pulseCounter.o)
                0x00000bf8                pulseCounter_WritePeriod
 .text.pulseCounter_WriteCompare
                0x00000c04        0xc .\CortexM3\ARM_GCC_541\Debug\Ultrasoundv2.a(pulseCounter.o)
                0x00000c04                pulseCounter_WriteCompare
 .text.pulseCounter_ClearFIFO
                0x00000c10       0x14 .\CortexM3\ARM_GCC_541\Debug\Ultrasoundv2.a(pulseCounter.o)
                0x00000c10                pulseCounter_ClearFIFO
 .text.pulseCounter_Init
                0x00000c24       0x5c .\CortexM3\ARM_GCC_541\Debug\Ultrasoundv2.a(pulseCounter.o)
                0x00000c24                pulseCounter_Init
 .text.pulseCounter_Start
                0x00000c80       0x1c .\CortexM3\ARM_GCC_541\Debug\Ultrasoundv2.a(pulseCounter.o)
                0x00000c80                pulseCounter_Start
 .text.echoInt_1_SetVector
                0x00000c9c        0xc .\CortexM3\ARM_GCC_541\Debug\Ultrasoundv2.a(echoInt_1.o)
                0x00000c9c                echoInt_1_SetVector
 .text.echoInt_1_SetPriority
                0x00000ca8       0x10 .\CortexM3\ARM_GCC_541\Debug\Ultrasoundv2.a(echoInt_1.o)
                0x00000ca8                echoInt_1_SetPriority
 .text.echoInt_1_Enable
                0x00000cb8        0xc .\CortexM3\ARM_GCC_541\Debug\Ultrasoundv2.a(echoInt_1.o)
                0x00000cb8                echoInt_1_Enable
 .text.echoInt_1_Disable
                0x00000cc4        0xc .\CortexM3\ARM_GCC_541\Debug\Ultrasoundv2.a(echoInt_1.o)
                0x00000cc4                echoInt_1_Disable
 .text.echoInt_1_StartEx
                0x00000cd0       0x1c .\CortexM3\ARM_GCC_541\Debug\Ultrasoundv2.a(echoInt_1.o)
                0x00000cd0                echoInt_1_StartEx
 .text.echoInt_2_SetVector
                0x00000cec        0xc .\CortexM3\ARM_GCC_541\Debug\Ultrasoundv2.a(echoInt_2.o)
                0x00000cec                echoInt_2_SetVector
 .text.echoInt_2_SetPriority
                0x00000cf8       0x10 .\CortexM3\ARM_GCC_541\Debug\Ultrasoundv2.a(echoInt_2.o)
                0x00000cf8                echoInt_2_SetPriority
 .text.echoInt_2_Enable
                0x00000d08        0xc .\CortexM3\ARM_GCC_541\Debug\Ultrasoundv2.a(echoInt_2.o)
                0x00000d08                echoInt_2_Enable
 .text.echoInt_2_Disable
                0x00000d14        0xc .\CortexM3\ARM_GCC_541\Debug\Ultrasoundv2.a(echoInt_2.o)
                0x00000d14                echoInt_2_Disable
 .text.echoInt_2_StartEx
                0x00000d20       0x1c .\CortexM3\ARM_GCC_541\Debug\Ultrasoundv2.a(echoInt_2.o)
                0x00000d20                echoInt_2_StartEx
 .text.echoInt_3_SetVector
                0x00000d3c        0xc .\CortexM3\ARM_GCC_541\Debug\Ultrasoundv2.a(echoInt_3.o)
                0x00000d3c                echoInt_3_SetVector
 .text.echoInt_3_SetPriority
                0x00000d48       0x10 .\CortexM3\ARM_GCC_541\Debug\Ultrasoundv2.a(echoInt_3.o)
                0x00000d48                echoInt_3_SetPriority
 .text.echoInt_3_Enable
                0x00000d58        0xc .\CortexM3\ARM_GCC_541\Debug\Ultrasoundv2.a(echoInt_3.o)
                0x00000d58                echoInt_3_Enable
 .text.echoInt_3_Disable
                0x00000d64        0xc .\CortexM3\ARM_GCC_541\Debug\Ultrasoundv2.a(echoInt_3.o)
                0x00000d64                echoInt_3_Disable
 .text.echoInt_3_StartEx
                0x00000d70       0x1c .\CortexM3\ARM_GCC_541\Debug\Ultrasoundv2.a(echoInt_3.o)
                0x00000d70                echoInt_3_StartEx
 .text.echoInt_4_SetVector
                0x00000d8c        0xc .\CortexM3\ARM_GCC_541\Debug\Ultrasoundv2.a(echoInt_4.o)
                0x00000d8c                echoInt_4_SetVector
 .text.echoInt_4_SetPriority
                0x00000d98       0x10 .\CortexM3\ARM_GCC_541\Debug\Ultrasoundv2.a(echoInt_4.o)
                0x00000d98                echoInt_4_SetPriority
 .text.echoInt_4_Enable
                0x00000da8        0xc .\CortexM3\ARM_GCC_541\Debug\Ultrasoundv2.a(echoInt_4.o)
                0x00000da8                echoInt_4_Enable
 .text.echoInt_4_Disable
                0x00000db4        0xc .\CortexM3\ARM_GCC_541\Debug\Ultrasoundv2.a(echoInt_4.o)
                0x00000db4                echoInt_4_Disable
 .text.echoInt_4_StartEx
                0x00000dc0       0x1c .\CortexM3\ARM_GCC_541\Debug\Ultrasoundv2.a(echoInt_4.o)
                0x00000dc0                echoInt_4_StartEx
 .text.Pin1_dir2_Write
                0x00000ddc       0x18 .\CortexM3\ARM_GCC_541\Debug\Ultrasoundv2.a(Pin1_dir2.o)
                0x00000ddc                Pin1_dir2_Write
 .text.Pin1_dir1_Write
                0x00000df4       0x18 .\CortexM3\ARM_GCC_541\Debug\Ultrasoundv2.a(Pin1_dir1.o)
                0x00000df4                Pin1_dir1_Write
 .text.Pin2_dir1_Write
                0x00000e0c       0x18 .\CortexM3\ARM_GCC_541\Debug\Ultrasoundv2.a(Pin2_dir1.o)
                0x00000e0c                Pin2_dir1_Write
 .text.Pin2_dir2_Write
                0x00000e24       0x18 .\CortexM3\ARM_GCC_541\Debug\Ultrasoundv2.a(Pin2_dir2.o)
                0x00000e24                Pin2_dir2_Write
 .text.ball_int_SetVector
                0x00000e3c        0xc .\CortexM3\ARM_GCC_541\Debug\Ultrasoundv2.a(ball_int.o)
                0x00000e3c                ball_int_SetVector
 .text.ball_int_SetPriority
                0x00000e48       0x10 .\CortexM3\ARM_GCC_541\Debug\Ultrasoundv2.a(ball_int.o)
                0x00000e48                ball_int_SetPriority
 .text.ball_int_Enable
                0x00000e58        0xc .\CortexM3\ARM_GCC_541\Debug\Ultrasoundv2.a(ball_int.o)
                0x00000e58                ball_int_Enable
 .text.ball_int_Disable
                0x00000e64        0xc .\CortexM3\ARM_GCC_541\Debug\Ultrasoundv2.a(ball_int.o)
                0x00000e64                ball_int_Disable
 .text.ball_int_StartEx
                0x00000e70       0x1c .\CortexM3\ARM_GCC_541\Debug\Ultrasoundv2.a(ball_int.o)
                0x00000e70                ball_int_StartEx
 .text.Pin_score_Write
                0x00000e8c       0x18 .\CortexM3\ARM_GCC_541\Debug\Ultrasoundv2.a(Pin_score.o)
                0x00000e8c                Pin_score_Write
 .text.ADC_SAR_1_CalcGain
                0x00000ea4       0x64 .\CortexM3\ARM_GCC_541\Debug\Ultrasoundv2.a(ADC_SAR_1.o)
 .text.ADC_SAR_1_Enable
                0x00000f08       0x94 .\CortexM3\ARM_GCC_541\Debug\Ultrasoundv2.a(ADC_SAR_1.o)
                0x00000f08                ADC_SAR_1_Enable
 .text.ADC_SAR_1_SetResolution
                0x00000f9c       0x38 .\CortexM3\ARM_GCC_541\Debug\Ultrasoundv2.a(ADC_SAR_1.o)
                0x00000f9c                ADC_SAR_1_SetResolution
 .text.ADC_SAR_1_Init
                0x00000fd4       0x3c .\CortexM3\ARM_GCC_541\Debug\Ultrasoundv2.a(ADC_SAR_1.o)
                0x00000fd4                ADC_SAR_1_Init
 .text.ADC_SAR_1_Start
                0x00001010       0x1c .\CortexM3\ARM_GCC_541\Debug\Ultrasoundv2.a(ADC_SAR_1.o)
                0x00001010                ADC_SAR_1_Start
 .text.ADC_SAR_1_ISR
                0x0000102c        0x4 .\CortexM3\ARM_GCC_541\Debug\Ultrasoundv2.a(ADC_SAR_1_INT.o)
                0x0000102c                ADC_SAR_1_ISR
 .text.ADC_SAR_1_theACLK_SetModeRegister
                0x00001030       0x14 .\CortexM3\ARM_GCC_541\Debug\Ultrasoundv2.a(ADC_SAR_1_theACLK.o)
                0x00001030                ADC_SAR_1_theACLK_SetModeRegister
 .text.motorPWM_1_Enable
                0x00001044       0x10 .\CortexM3\ARM_GCC_541\Debug\Ultrasoundv2.a(motorPWM_1.o)
                0x00001044                motorPWM_1_Enable
 .text.motorPWM_1_Stop
                0x00001054       0x10 .\CortexM3\ARM_GCC_541\Debug\Ultrasoundv2.a(motorPWM_1.o)
                0x00001054                motorPWM_1_Stop
 .text.motorPWM_1_WriteCounter
                0x00001064        0xc .\CortexM3\ARM_GCC_541\Debug\Ultrasoundv2.a(motorPWM_1.o)
                0x00001064                motorPWM_1_WriteCounter
 .text.motorPWM_1_WritePeriod
                0x00001070        0xc .\CortexM3\ARM_GCC_541\Debug\Ultrasoundv2.a(motorPWM_1.o)
                0x00001070                motorPWM_1_WritePeriod
 .text.motorPWM_1_WriteCompare
                0x0000107c        0xc .\CortexM3\ARM_GCC_541\Debug\Ultrasoundv2.a(motorPWM_1.o)
                0x0000107c                motorPWM_1_WriteCompare
 .text.motorPWM_1_SetInterruptMode
                0x00001088        0xc .\CortexM3\ARM_GCC_541\Debug\Ultrasoundv2.a(motorPWM_1.o)
                0x00001088                motorPWM_1_SetInterruptMode
 .text.motorPWM_1_ReadStatusRegister
                0x00001094        0xc .\CortexM3\ARM_GCC_541\Debug\Ultrasoundv2.a(motorPWM_1.o)
                0x00001094                motorPWM_1_ReadStatusRegister
 .text.motorPWM_1_ReadCapture
                0x000010a0        0xc .\CortexM3\ARM_GCC_541\Debug\Ultrasoundv2.a(motorPWM_1.o)
                0x000010a0                motorPWM_1_ReadCapture
 .text.motorPWM_1_ClearFIFO
                0x000010ac       0x14 .\CortexM3\ARM_GCC_541\Debug\Ultrasoundv2.a(motorPWM_1.o)
                0x000010ac                motorPWM_1_ClearFIFO
 .text.motorPWM_1_Init
                0x000010c0       0x50 .\CortexM3\ARM_GCC_541\Debug\Ultrasoundv2.a(motorPWM_1.o)
                0x000010c0                motorPWM_1_Init
 .text.motorPWM_1_Start
                0x00001110       0x1c .\CortexM3\ARM_GCC_541\Debug\Ultrasoundv2.a(motorPWM_1.o)
                0x00001110                motorPWM_1_Start
 .text.motorPWM_2_Enable
                0x0000112c       0x10 .\CortexM3\ARM_GCC_541\Debug\Ultrasoundv2.a(motorPWM_2.o)
                0x0000112c                motorPWM_2_Enable
 .text.motorPWM_2_Stop
                0x0000113c       0x10 .\CortexM3\ARM_GCC_541\Debug\Ultrasoundv2.a(motorPWM_2.o)
                0x0000113c                motorPWM_2_Stop
 .text.motorPWM_2_WriteCounter
                0x0000114c        0xc .\CortexM3\ARM_GCC_541\Debug\Ultrasoundv2.a(motorPWM_2.o)
                0x0000114c                motorPWM_2_WriteCounter
 .text.motorPWM_2_WritePeriod
                0x00001158        0xc .\CortexM3\ARM_GCC_541\Debug\Ultrasoundv2.a(motorPWM_2.o)
                0x00001158                motorPWM_2_WritePeriod
 .text.motorPWM_2_WriteCompare
                0x00001164        0xc .\CortexM3\ARM_GCC_541\Debug\Ultrasoundv2.a(motorPWM_2.o)
                0x00001164                motorPWM_2_WriteCompare
 .text.motorPWM_2_SetInterruptMode
                0x00001170        0xc .\CortexM3\ARM_GCC_541\Debug\Ultrasoundv2.a(motorPWM_2.o)
                0x00001170                motorPWM_2_SetInterruptMode
 .text.motorPWM_2_ReadStatusRegister
                0x0000117c        0xc .\CortexM3\ARM_GCC_541\Debug\Ultrasoundv2.a(motorPWM_2.o)
                0x0000117c                motorPWM_2_ReadStatusRegister
 .text.motorPWM_2_ReadCapture
                0x00001188        0xc .\CortexM3\ARM_GCC_541\Debug\Ultrasoundv2.a(motorPWM_2.o)
                0x00001188                motorPWM_2_ReadCapture
 .text.motorPWM_2_ClearFIFO
                0x00001194       0x14 .\CortexM3\ARM_GCC_541\Debug\Ultrasoundv2.a(motorPWM_2.o)
                0x00001194                motorPWM_2_ClearFIFO
 .text.motorPWM_2_Init
                0x000011a8       0x50 .\CortexM3\ARM_GCC_541\Debug\Ultrasoundv2.a(motorPWM_2.o)
                0x000011a8                motorPWM_2_Init
 .text.motorPWM_2_Start
                0x000011f8       0x1c .\CortexM3\ARM_GCC_541\Debug\Ultrasoundv2.a(motorPWM_2.o)
                0x000011f8                motorPWM_2_Start
 .text.soundUART_Init
                0x00001214       0x1c .\CortexM3\ARM_GCC_541\Debug\Ultrasoundv2.a(soundUART.o)
                0x00001214                soundUART_Init
 .text.soundUART_Enable
                0x00001230       0x24 .\CortexM3\ARM_GCC_541\Debug\Ultrasoundv2.a(soundUART.o)
                0x00001230                soundUART_Enable
 .text.soundUART_Start
                0x00001254       0x1c .\CortexM3\ARM_GCC_541\Debug\Ultrasoundv2.a(soundUART.o)
                0x00001254                soundUART_Start
 .text.soundUART_PutChar
                0x00001270       0x18 .\CortexM3\ARM_GCC_541\Debug\Ultrasoundv2.a(soundUART.o)
                0x00001270                soundUART_PutChar
 .text.soundUART_PutArray
                0x00001288       0x28 .\CortexM3\ARM_GCC_541\Debug\Ultrasoundv2.a(soundUART.o)
                0x00001288                soundUART_PutArray
 .text.soundUART_IntClock_Start
                0x000012b0       0x1c .\CortexM3\ARM_GCC_541\Debug\Ultrasoundv2.a(soundUART_IntClock.o)
                0x000012b0                soundUART_IntClock_Start
 .text.Pin_running_Write
                0x000012cc       0x18 .\CortexM3\ARM_GCC_541\Debug\Ultrasoundv2.a(Pin_running.o)
                0x000012cc                Pin_running_Write
 *fill*         0x000012e4        0x4 
 .text          0x000012e8       0x20 .\CortexM3\ARM_GCC_541\Debug\Ultrasoundv2.a(CyBootAsmGnu.o)
                0x000012e8                CyDelayCycles
                0x000012f8                CyEnterCriticalSection
                0x00001300                CyExitCriticalSection
 .text.__errno  0x00001308        0xc c:/program files (x86)/cypress/psoc creator/4.2/psoc creator/import/gnu/arm/5.4.1/bin/../lib/gcc/arm-none-eabi/5.4.1/../../../../arm-none-eabi/lib/armv7-m\libg_nano.a(lib_a-errno.o)
                0x00001308                __errno
 .text.__libc_init_array
                0x00001314       0x4c c:/program files (x86)/cypress/psoc creator/4.2/psoc creator/import/gnu/arm/5.4.1/bin/../lib/gcc/arm-none-eabi/5.4.1/../../../../arm-none-eabi/lib/armv7-m\libg_nano.a(lib_a-init.o)
                0x00001314                __libc_init_array
 .text.memcpy   0x00001360       0x16 c:/program files (x86)/cypress/psoc creator/4.2/psoc creator/import/gnu/arm/5.4.1/bin/../lib/gcc/arm-none-eabi/5.4.1/../../../../arm-none-eabi/lib/armv7-m\libg_nano.a(lib_a-memcpy-stub.o)
                0x00001360                memcpy
 .text.memset   0x00001376       0x10 c:/program files (x86)/cypress/psoc creator/4.2/psoc creator/import/gnu/arm/5.4.1/bin/../lib/gcc/arm-none-eabi/5.4.1/../../../../arm-none-eabi/lib/armv7-m\libg_nano.a(lib_a-memset.o)
                0x00001376                memset
 *fill*         0x00001386        0x2 
 .text.rand     0x00001388       0x74 c:/program files (x86)/cypress/psoc creator/4.2/psoc creator/import/gnu/arm/5.4.1/bin/../lib/gcc/arm-none-eabi/5.4.1/../../../../arm-none-eabi/lib/armv7-m\libg_nano.a(lib_a-rand.o)
                0x00001388                rand
 .text.malloc   0x000013fc       0x10 c:/program files (x86)/cypress/psoc creator/4.2/psoc creator/import/gnu/arm/5.4.1/bin/../lib/gcc/arm-none-eabi/5.4.1/../../../../arm-none-eabi/lib/armv7-m\libg_nano.a(lib_a-malloc.o)
                0x000013fc                malloc
 .text._malloc_r
                0x0000140c       0xbc c:/program files (x86)/cypress/psoc creator/4.2/psoc creator/import/gnu/arm/5.4.1/bin/../lib/gcc/arm-none-eabi/5.4.1/../../../../arm-none-eabi/lib/armv7-m\libg_nano.a(lib_a-nano-mallocr.o)
                0x0000140c                _malloc_r
 .text._sbrk_r  0x000014c8       0x20 c:/program files (x86)/cypress/psoc creator/4.2/psoc creator/import/gnu/arm/5.4.1/bin/../lib/gcc/arm-none-eabi/5.4.1/../../../../arm-none-eabi/lib/armv7-m\libg_nano.a(lib_a-sbrkr.o)
                0x000014c8                _sbrk_r
 .text.__malloc_lock
                0x000014e8        0x2 c:/program files (x86)/cypress/psoc creator/4.2/psoc creator/import/gnu/arm/5.4.1/bin/../lib/gcc/arm-none-eabi/5.4.1/../../../../arm-none-eabi/lib/armv7-m\libg_nano.a(lib_a-mlock.o)
                0x000014e8                __malloc_lock
 .text.__malloc_unlock
                0x000014ea        0x2 c:/program files (x86)/cypress/psoc creator/4.2/psoc creator/import/gnu/arm/5.4.1/bin/../lib/gcc/arm-none-eabi/5.4.1/../../../../arm-none-eabi/lib/armv7-m\libg_nano.a(lib_a-mlock.o)
                0x000014ea                __malloc_unlock
 *(.plt)
 *(.gnu.warning)
 *(.glue_7t)
 .glue_7t       0x000014ec        0x0 linker stubs
 *(.glue_7)
 .glue_7        0x000014ec        0x0 linker stubs
 *(.vfp11_veneer)
 .vfp11_veneer  0x000014ec        0x0 linker stubs
 *(.bootloader)
 *(.ARM.extab* .gnu.linkonce.armextab.*)
 *(.gcc_except_table)

.v4_bx          0x000014ec        0x0
 .v4_bx         0x000014ec        0x0 linker stubs

.iplt           0x000014ec        0x0
 .iplt          0x000014ec        0x0 c:/program files (x86)/cypress/psoc creator/4.2/psoc creator/import/gnu/arm/5.4.1/bin/../lib/gcc/arm-none-eabi/5.4.1/armv7-m/crtbegin.o

.eh_frame_hdr
 *(.eh_frame_hdr)

.eh_frame       0x000014ec        0x4
 *(.eh_frame)
 .eh_frame      0x000014ec        0x0 c:/program files (x86)/cypress/psoc creator/4.2/psoc creator/import/gnu/arm/5.4.1/bin/../lib/gcc/arm-none-eabi/5.4.1/armv7-m/crtbegin.o
 .eh_frame      0x000014ec        0x4 c:/program files (x86)/cypress/psoc creator/4.2/psoc creator/import/gnu/arm/5.4.1/bin/../lib/gcc/arm-none-eabi/5.4.1/armv7-m/crtend.o
                [!provide]                PROVIDE (__exidx_start, .)

.ARM.exidx
 *(.ARM.exidx* .gnu.linkonce.armexidx.*)
                0x000014f0                __exidx_end = .

.rodata         0x000014f0       0x88
 *(.rodata .rodata.* .gnu.linkonce.r.*)
 .rodata        0x000014f0       0x28 .\CortexM3\ARM_GCC_541\Debug\soundApp.o
                0x000014f0                setSource
                0x000014f8                volume
                0x00001500                playStart
                0x00001508                playStop
                0x00001510                playPoint
 .rodata        0x00001518       0x24 .\CortexM3\ARM_GCC_541\Debug\cyfitter_cfg.o
 .rodata.str1.1
                0x0000153c        0x2 c:/program files (x86)/cypress/psoc creator/4.2/psoc creator/import/gnu/arm/5.4.1/bin/../lib/gcc/arm-none-eabi/5.4.1/../../../../arm-none-eabi/lib/armv7-m\libg_nano.a(lib_a-impure.o)
                0x00001540                . = ALIGN (0x4)
 *fill*         0x0000153e        0x2 
 *(.init)
 .init          0x00001540        0x4 c:/program files (x86)/cypress/psoc creator/4.2/psoc creator/import/gnu/arm/5.4.1/bin/../lib/gcc/arm-none-eabi/5.4.1/armv7-m/crti.o
                0x00001540                _init
 .init          0x00001544        0x8 c:/program files (x86)/cypress/psoc creator/4.2/psoc creator/import/gnu/arm/5.4.1/bin/../lib/gcc/arm-none-eabi/5.4.1/armv7-m/crtn.o
                0x0000154c                . = ALIGN (0x4)
                0x0000154c                __preinit_array_start = .
 *(.preinit_array)
                0x0000154c                __preinit_array_end = .
                0x0000154c                . = ALIGN (0x4)
                0x0000154c                __init_array_start = .
 *(SORT(.init_array.*))
 *(.init_array)
 .init_array    0x0000154c        0x4 c:/program files (x86)/cypress/psoc creator/4.2/psoc creator/import/gnu/arm/5.4.1/bin/../lib/gcc/arm-none-eabi/5.4.1/armv7-m/crtbegin.o
 .init_array    0x00001550        0x4 .\CortexM3\ARM_GCC_541\Debug\Cm3Start.o
                0x00001554                __init_array_end = .
                0x00001554                . = ALIGN (0x4)
 *(.fini)
 .fini          0x00001554        0x4 c:/program files (x86)/cypress/psoc creator/4.2/psoc creator/import/gnu/arm/5.4.1/bin/../lib/gcc/arm-none-eabi/5.4.1/armv7-m/crti.o
                0x00001554                _fini
 .fini          0x00001558        0x8 c:/program files (x86)/cypress/psoc creator/4.2/psoc creator/import/gnu/arm/5.4.1/bin/../lib/gcc/arm-none-eabi/5.4.1/armv7-m/crtn.o
                0x00001560                . = ALIGN (0x4)
                0x00001560                __fini_array_start = .
 *(.fini_array)
 .fini_array    0x00001560        0x4 c:/program files (x86)/cypress/psoc creator/4.2/psoc creator/import/gnu/arm/5.4.1/bin/../lib/gcc/arm-none-eabi/5.4.1/armv7-m/crtbegin.o
 *(SORT(.fini_array.*))
                0x00001564                __fini_array_end = .
                0x00001564                . = ALIGN (0x4)
 *crtbegin.o(.ctors)
 *(EXCLUDE_FILE(*crtend.o) .ctors)
 *(SORT(.ctors.*))
 *crtend.o(.ctors)
                0x00001564                . = ALIGN (0x4)
 *crtbegin.o(.dtors)
 *(EXCLUDE_FILE(*crtend.o) .dtors)
 *(SORT(.dtors.*))
 *crtend.o(.dtors)
                0x00001564                . = ALIGN (0x4)
                0x00001564                __cy_regions = .
                0x00001564        0x4 LONG 0x1578 __cy_region_init_ram
                0x00001568        0x4 LONG 0x1fff80c8 __cy_region_start_data
                0x0000156c        0x4 LONG 0xb8 __cy_region_init_size_ram
                0x00001570        0x4 LONG 0x280 __cy_region_zero_size_ram
                0x00001574                __cy_regions_end = .
                0x00001578                . = ALIGN (0x8)
 *fill*         0x00001574        0x4 
                0x00001578                _etext = .

.cy_checksum_exclude
                0x00001578        0x0
 *(.cy_checksum_exclude)

.ramvectors     0x1fff8000       0xc0
                0x1fff8000                __cy_region_start_ram = .
 *(.ramvectors)
 .ramvectors    0x1fff8000       0xc0 .\CortexM3\ARM_GCC_541\Debug\Cm3Start.o
                0x1fff8000                CyRamVectors

.noinit         0x1fff80c0        0x1
 *(.noinit)
 .noinit        0x1fff80c0        0x1 .\CortexM3\ARM_GCC_541\Debug\Ultrasoundv2.a(CyLib.o)
                0x1fff80c0                CyResetStatus

.data           0x1fff80c8       0xb8 load address 0x00001578
                0x1fff80c8                __cy_region_start_data = .
 *(.jcr)
 .jcr           0x1fff80c8        0x0 c:/program files (x86)/cypress/psoc creator/4.2/psoc creator/import/gnu/arm/5.4.1/bin/../lib/gcc/arm-none-eabi/5.4.1/armv7-m/crtbegin.o
 .jcr           0x1fff80c8        0x4 c:/program files (x86)/cypress/psoc creator/4.2/psoc creator/import/gnu/arm/5.4.1/bin/../lib/gcc/arm-none-eabi/5.4.1/armv7-m/crtend.o
 *(.got.plt)
 *(.got)
 *(.shdata)
 *(.data .data.* .gnu.linkonce.d.*)
 .data          0x1fff80cc       0x38 .\CortexM3\ARM_GCC_541\Debug\MotorApp.o
                0x1fff80cc                driveState
 .data          0x1fff8104        0x4 .\CortexM3\ARM_GCC_541\Debug\Cm3Start.o
 .data          0x1fff8108       0x10 .\CortexM3\ARM_GCC_541\Debug\Ultrasoundv2.a(CyLib.o)
                0x1fff8108                cydelay_32k_ms
                0x1fff810c                cydelay_freq_khz
                0x1fff8110                cydelay_freq_mhz
                0x1fff8114                cydelay_freq_hz
 .data.impure_data
                0x1fff8118       0x60 c:/program files (x86)/cypress/psoc creator/4.2/psoc creator/import/gnu/arm/5.4.1/bin/../lib/gcc/arm-none-eabi/5.4.1/../../../../arm-none-eabi/lib/armv7-m\libg_nano.a(lib_a-impure.o)
 .data._impure_ptr
                0x1fff8178        0x4 c:/program files (x86)/cypress/psoc creator/4.2/psoc creator/import/gnu/arm/5.4.1/bin/../lib/gcc/arm-none-eabi/5.4.1/../../../../arm-none-eabi/lib/armv7-m\libg_nano.a(lib_a-impure.o)
                0x1fff8178                _impure_ptr
                0x1fff8180                . = ALIGN (0x8)
 *fill*         0x1fff817c        0x4 
 *(.ram)
                0x1fff8180                _edata = .

.igot.plt       0x1fff8180        0x0 load address 0x00001630
 .igot.plt      0x1fff8180        0x0 c:/program files (x86)/cypress/psoc creator/4.2/psoc creator/import/gnu/arm/5.4.1/bin/../lib/gcc/arm-none-eabi/5.4.1/armv7-m/crtbegin.o

.bss            0x1fff8180      0x280 load address 0x00001630
                0x1fff8180                PROVIDE (__bss_start__, .)
 *(.shbss)
 *(.bss .bss.* .gnu.linkonce.b.*)
 .bss           0x1fff8180       0x1c c:/program files (x86)/cypress/psoc creator/4.2/psoc creator/import/gnu/arm/5.4.1/bin/../lib/gcc/arm-none-eabi/5.4.1/armv7-m/crtbegin.o
 .bss           0x1fff819c       0x14 .\CortexM3\ARM_GCC_541\Debug\edgeSensorApp.o
                0x1fff819c                e1
                0x1fff81a0                e2
                0x1fff81a4                e3
                0x1fff81a8                e4
                0x1fff81ac                status
 .bss           0x1fff81b0        0x1 .\CortexM3\ARM_GCC_541\Debug\Ultrasoundv2.a(triggerPWM.o)
                0x1fff81b0                triggerPWM_initVar
 .bss           0x1fff81b1        0x1 .\CortexM3\ARM_GCC_541\Debug\Ultrasoundv2.a(pulseCounter.o)
                0x1fff81b1                pulseCounter_initVar
 .bss           0x1fff81b2        0x1 .\CortexM3\ARM_GCC_541\Debug\Ultrasoundv2.a(ADC_SAR_1.o)
                0x1fff81b2                ADC_SAR_1_initVar
 .bss           0x1fff81b3        0x1 .\CortexM3\ARM_GCC_541\Debug\Ultrasoundv2.a(motorPWM_1.o)
                0x1fff81b3                motorPWM_1_initVar
 .bss           0x1fff81b4        0x1 .\CortexM3\ARM_GCC_541\Debug\Ultrasoundv2.a(motorPWM_2.o)
                0x1fff81b4                motorPWM_2_initVar
 .bss           0x1fff81b5        0x2 .\CortexM3\ARM_GCC_541\Debug\Ultrasoundv2.a(soundUART.o)
                0x1fff81b5                soundUART_initVar
 *fill*         0x1fff81b7        0x1 
 .bss.__malloc_sbrk_start
                0x1fff81b8        0x4 c:/program files (x86)/cypress/psoc creator/4.2/psoc creator/import/gnu/arm/5.4.1/bin/../lib/gcc/arm-none-eabi/5.4.1/../../../../arm-none-eabi/lib/armv7-m\libg_nano.a(lib_a-nano-mallocr.o)
                0x1fff81b8                __malloc_sbrk_start
 .bss.__malloc_free_list
                0x1fff81bc        0x4 c:/program files (x86)/cypress/psoc creator/4.2/psoc creator/import/gnu/arm/5.4.1/bin/../lib/gcc/arm-none-eabi/5.4.1/../../../../arm-none-eabi/lib/armv7-m\libg_nano.a(lib_a-nano-mallocr.o)
                0x1fff81bc                __malloc_free_list
 *(COMMON)
 COMMON         0x1fff81c0      0x226 .\CortexM3\ARM_GCC_541\Debug\main.o
                0x1fff81c0                randturn
                0x1fff81c4                count_ok
                0x1fff81c8                state
                0x1fff81cc                status_scale
                0x1fff81d0                randState
                0x1fff81d4                count_not_ok
                0x1fff81d8                rpiRunning
                0x1fff81dc                buffer
                0x1fff82d8                running_
                0x1fff82dc                result
                0x1fff82e0                uartBuffer
                0x1fff83e0                difficulty
                0x1fff83e4                measurement
 *fill*         0x1fff83e6        0x2 
 COMMON         0x1fff83e8        0x8 .\CortexM3\ARM_GCC_541\Debug\edgeSensorApp.o
                0x1fff83e8                pulseWidth
                0x1fff83ec                time_us
 COMMON         0x1fff83f0        0xa .\CortexM3\ARM_GCC_541\Debug\Ultrasoundv2.a(ADC_SAR_1.o)
                0x1fff83f0                ADC_SAR_1_countsPerVolt
                0x1fff83f2                ADC_SAR_1_shift
                0x1fff83f4                ADC_SAR_1_countsPer10Volt
                0x1fff83f8                ADC_SAR_1_offset
 *fill*         0x1fff83fa        0x2 
 COMMON         0x1fff83fc        0x4 c:/program files (x86)/cypress/psoc creator/4.2/psoc creator/import/gnu/arm/5.4.1/bin/../lib/gcc/arm-none-eabi/5.4.1/../../../../arm-none-eabi/lib/armv7-m\libg_nano.a(lib_a-reent.o)
                0x1fff83fc                errno
                0x1fff8400                . = ALIGN (0x8)
 *(.ram.b)
                0x1fff8400                _end = .
                0x1fff8400                __end = .
                0x1fff8400                PROVIDE (end, .)
                0x1fff8400                PROVIDE (__bss_end__, .)
                0x00001578                __cy_region_init_ram = LOADADDR (.data)
                0x000000b8                __cy_region_init_size_ram = (_edata - ADDR (.data))
                0x00000280                __cy_region_zero_size_ram = (_end - _edata)

.heap           0x1fff8400       0x80 load address 0x00001630
                0x1fff8400                . = _end
                0x1fff8480                . = (. + 0x80)
 *fill*         0x1fff8400       0x80 
                0x1fff8480                __cy_heap_limit = .

.stack          0x20007800      0x800
                0x20007800                __cy_stack_limit = .
                0x20008000                . = (. + 0x800)
 *fill*         0x20007800      0x800 
                0x00000001                ASSERT ((__cy_stack_limit >= __cy_heap_limit), region RAM overflowed with stack)
                0x00000000                cy_checksum_exclude_size = (CY_APPL_LOADABLE == 0x1)?SIZEOF (.cy_checksum_exclude):0x0
                0x00000001                ASSERT ((cy_checksum_exclude_size <= CY_CHECKSUM_EXCLUDE_SIZE), CY_BOOT: Section .cy_checksum_exclude size exceedes specified limit.)

.cyloadermeta
 *(.cyloadermeta)

.cyloadablemeta
 *(.cyloadablemeta)

.cyconfigecc    0x80000000      0x664
 *(.cyconfigecc)
 .cyconfigecc   0x80000000      0x664 .\CortexM3\ARM_GCC_541\Debug\cymetadata.o
                0x80000000                cy_meta_configecc

.cycustnvl      0x90000000        0x4
 *(.cycustnvl)
 .cycustnvl     0x90000000        0x4 .\CortexM3\ARM_GCC_541\Debug\cymetadata.o
                0x90000000                cy_meta_custnvl

.cywolatch      0x90100000        0x4
 *(.cywolatch)
 .cywolatch     0x90100000        0x4 .\CortexM3\ARM_GCC_541\Debug\cymetadata.o
                0x90100000                cy_meta_wonvl

.cyeeprom       0x90200000        0x0
 *(.cyeeprom)
                0x00000001                ASSERT ((. <= ((0x90200000 + ee_offset) + ee_size)), .cyeeprom data will not fit in EEPROM)

.cyflashprotect
                0x90400000      0x100
 *(.cyflashprotect)
 .cyflashprotect
                0x90400000      0x100 .\CortexM3\ARM_GCC_541\Debug\cymetadata.o
                0x90400000                cy_meta_flashprotect

.cymeta         0x90500000        0xc
 *(.cymeta)
 .cymeta        0x90500000        0xc .\CortexM3\ARM_GCC_541\Debug\cymetadata.o
                0x90500000                cy_metadata

.rel.dyn        0x00001630        0x0 load address 0x9050000c
 .rel.iplt      0x00001630        0x0 c:/program files (x86)/cypress/psoc creator/4.2/psoc creator/import/gnu/arm/5.4.1/bin/../lib/gcc/arm-none-eabi/5.4.1/armv7-m/crtbegin.o

.stab
 *(.stab)

.stabstr
 *(.stabstr)

.debug
 *(.debug)

.line
 *(.line)

.debug_srcinfo
 *(.debug_srcinfo)

.debug_sfnames
 *(.debug_sfnames)

.debug_aranges  0x00000000     0x1078
 *(.debug_aranges)
 .debug_aranges
                0x00000000       0x28 .\CortexM3\ARM_GCC_541\Debug\main.o
 .debug_aranges
                0x00000028       0x50 .\CortexM3\ARM_GCC_541\Debug\edgeSensorApp.o
 .debug_aranges
                0x00000078       0x58 .\CortexM3\ARM_GCC_541\Debug\MotorApp.o
 .debug_aranges
                0x000000d0       0x48 .\CortexM3\ARM_GCC_541\Debug\rpiCommunication.o
 .debug_aranges
                0x00000118       0x28 .\CortexM3\ARM_GCC_541\Debug\scale.o
 .debug_aranges
                0x00000140       0x28 .\CortexM3\ARM_GCC_541\Debug\waitingState.o
 .debug_aranges
                0x00000168       0x28 .\CortexM3\ARM_GCC_541\Debug\soundApp.o
 .debug_aranges
                0x00000190       0x58 .\CortexM3\ARM_GCC_541\Debug\cyfitter_cfg.o
 .debug_aranges
                0x000001e8       0x18 .\CortexM3\ARM_GCC_541\Debug\cymetadata.o
 .debug_aranges
                0x00000200       0x48 .\CortexM3\ARM_GCC_541\Debug\Cm3Start.o
 .debug_aranges
                0x00000248       0x70 .\CortexM3\ARM_GCC_541\Debug\Ultrasoundv2.a(CLK_500kHz.o)
 .debug_aranges
                0x000002b8       0x80 .\CortexM3\ARM_GCC_541\Debug\Ultrasoundv2.a(triggerPWM.o)
 .debug_aranges
                0x00000338       0x70 .\CortexM3\ARM_GCC_541\Debug\Ultrasoundv2.a(CLK_24MHz.o)
 .debug_aranges
                0x000003a8      0x2a0 .\CortexM3\ARM_GCC_541\Debug\Ultrasoundv2.a(CyLib.o)
 .debug_aranges
                0x00000648       0x98 .\CortexM3\ARM_GCC_541\Debug\Ultrasoundv2.a(cyPm.o)
 .debug_aranges
                0x000006e0       0x80 .\CortexM3\ARM_GCC_541\Debug\Ultrasoundv2.a(pulseInt.o)
 .debug_aranges
                0x00000760       0x98 .\CortexM3\ARM_GCC_541\Debug\Ultrasoundv2.a(pulseCounter.o)
 .debug_aranges
                0x000007f8       0x80 .\CortexM3\ARM_GCC_541\Debug\Ultrasoundv2.a(echoInt_1.o)
 .debug_aranges
                0x00000878       0x80 .\CortexM3\ARM_GCC_541\Debug\Ultrasoundv2.a(echoInt_2.o)
 .debug_aranges
                0x000008f8       0x80 .\CortexM3\ARM_GCC_541\Debug\Ultrasoundv2.a(echoInt_3.o)
 .debug_aranges
                0x00000978       0x80 .\CortexM3\ARM_GCC_541\Debug\Ultrasoundv2.a(echoInt_4.o)
 .debug_aranges
                0x000009f8       0x38 .\CortexM3\ARM_GCC_541\Debug\Ultrasoundv2.a(Pin1_dir2.o)
 .debug_aranges
                0x00000a30       0x38 .\CortexM3\ARM_GCC_541\Debug\Ultrasoundv2.a(Pin1_dir1.o)
 .debug_aranges
                0x00000a68       0x38 .\CortexM3\ARM_GCC_541\Debug\Ultrasoundv2.a(Pin2_dir1.o)
 .debug_aranges
                0x00000aa0       0x38 .\CortexM3\ARM_GCC_541\Debug\Ultrasoundv2.a(Pin2_dir2.o)
 .debug_aranges
                0x00000ad8       0x80 .\CortexM3\ARM_GCC_541\Debug\Ultrasoundv2.a(ball_int.o)
 .debug_aranges
                0x00000b58       0x38 .\CortexM3\ARM_GCC_541\Debug\Ultrasoundv2.a(Pin_score.o)
 .debug_aranges
                0x00000b90       0xa8 .\CortexM3\ARM_GCC_541\Debug\Ultrasoundv2.a(ADC_SAR_1.o)
 .debug_aranges
                0x00000c38       0x20 .\CortexM3\ARM_GCC_541\Debug\Ultrasoundv2.a(ADC_SAR_1_INT.o)
 .debug_aranges
                0x00000c58       0x80 .\CortexM3\ARM_GCC_541\Debug\Ultrasoundv2.a(ADC_SAR_1_theACLK.o)
 .debug_aranges
                0x00000cd8       0x98 .\CortexM3\ARM_GCC_541\Debug\Ultrasoundv2.a(motorPWM_1.o)
 .debug_aranges
                0x00000d70       0x98 .\CortexM3\ARM_GCC_541\Debug\Ultrasoundv2.a(motorPWM_2.o)
 .debug_aranges
                0x00000e08       0xa0 .\CortexM3\ARM_GCC_541\Debug\Ultrasoundv2.a(soundUART.o)
 .debug_aranges
                0x00000ea8       0x70 .\CortexM3\ARM_GCC_541\Debug\Ultrasoundv2.a(soundUART_IntClock.o)
 .debug_aranges
                0x00000f18       0x38 .\CortexM3\ARM_GCC_541\Debug\Ultrasoundv2.a(Pin_running.o)
 .debug_aranges
                0x00000f50       0x20 .\CortexM3\ARM_GCC_541\Debug\Ultrasoundv2.a(CyBootAsmGnu.o)
 .debug_aranges
                0x00000f70       0x88 .\CortexM3\ARM_GCC_541\Debug\Ultrasoundv2.a(CyFlash.o)
 .debug_aranges
                0x00000ff8       0x80 .\CortexM3\ARM_GCC_541\Debug\Ultrasoundv2.a(CySpc.o)

.debug_pubnames
 *(.debug_pubnames)

.debug_info     0x00000000     0x8332
 *(.debug_info .gnu.linkonce.wi.*)
 .debug_info    0x00000000      0x33b .\CortexM3\ARM_GCC_541\Debug\main.o
 .debug_info    0x0000033b      0x3eb .\CortexM3\ARM_GCC_541\Debug\edgeSensorApp.o
 .debug_info    0x00000726      0x709 .\CortexM3\ARM_GCC_541\Debug\MotorApp.o
 .debug_info    0x00000e2f      0x1c9 .\CortexM3\ARM_GCC_541\Debug\rpiCommunication.o
 .debug_info    0x00000ff8      0x212 .\CortexM3\ARM_GCC_541\Debug\scale.o
 .debug_info    0x0000120a      0x1a8 .\CortexM3\ARM_GCC_541\Debug\waitingState.o
 .debug_info    0x000013b2      0x24e .\CortexM3\ARM_GCC_541\Debug\soundApp.o
 .debug_info    0x00001600      0x597 .\CortexM3\ARM_GCC_541\Debug\cyfitter_cfg.o
 .debug_info    0x00001b97      0x138 .\CortexM3\ARM_GCC_541\Debug\cymetadata.o
 .debug_info    0x00001ccf      0x3bb .\CortexM3\ARM_GCC_541\Debug\Cm3Start.o
 .debug_info    0x0000208a      0x283 .\CortexM3\ARM_GCC_541\Debug\Ultrasoundv2.a(CLK_500kHz.o)
 .debug_info    0x0000230d      0x297 .\CortexM3\ARM_GCC_541\Debug\Ultrasoundv2.a(triggerPWM.o)
 .debug_info    0x000025a4      0x283 .\CortexM3\ARM_GCC_541\Debug\Ultrasoundv2.a(CLK_24MHz.o)
 .debug_info    0x00002827     0x1374 .\CortexM3\ARM_GCC_541\Debug\Ultrasoundv2.a(CyLib.o)
 .debug_info    0x00003b9b      0xa2a .\CortexM3\ARM_GCC_541\Debug\Ultrasoundv2.a(cyPm.o)
 .debug_info    0x000045c5      0x2d2 .\CortexM3\ARM_GCC_541\Debug\Ultrasoundv2.a(pulseInt.o)
 .debug_info    0x00004897      0x343 .\CortexM3\ARM_GCC_541\Debug\Ultrasoundv2.a(pulseCounter.o)
 .debug_info    0x00004bda      0x2d2 .\CortexM3\ARM_GCC_541\Debug\Ultrasoundv2.a(echoInt_1.o)
 .debug_info    0x00004eac      0x2d2 .\CortexM3\ARM_GCC_541\Debug\Ultrasoundv2.a(echoInt_2.o)
 .debug_info    0x0000517e      0x2d2 .\CortexM3\ARM_GCC_541\Debug\Ultrasoundv2.a(echoInt_3.o)
 .debug_info    0x00005450      0x2d2 .\CortexM3\ARM_GCC_541\Debug\Ultrasoundv2.a(echoInt_4.o)
 .debug_info    0x00005722      0x11f .\CortexM3\ARM_GCC_541\Debug\Ultrasoundv2.a(Pin1_dir2.o)
 .debug_info    0x00005841      0x11f .\CortexM3\ARM_GCC_541\Debug\Ultrasoundv2.a(Pin1_dir1.o)
 .debug_info    0x00005960      0x11f .\CortexM3\ARM_GCC_541\Debug\Ultrasoundv2.a(Pin2_dir1.o)
 .debug_info    0x00005a7f      0x11f .\CortexM3\ARM_GCC_541\Debug\Ultrasoundv2.a(Pin2_dir2.o)
 .debug_info    0x00005b9e      0x2d2 .\CortexM3\ARM_GCC_541\Debug\Ultrasoundv2.a(ball_int.o)
 .debug_info    0x00005e70      0x11f .\CortexM3\ARM_GCC_541\Debug\Ultrasoundv2.a(Pin_score.o)
 .debug_info    0x00005f8f      0x5c0 .\CortexM3\ARM_GCC_541\Debug\Ultrasoundv2.a(ADC_SAR_1.o)
 .debug_info    0x0000654f       0x92 .\CortexM3\ARM_GCC_541\Debug\Ultrasoundv2.a(ADC_SAR_1_INT.o)
 .debug_info    0x000065e1      0x2c4 .\CortexM3\ARM_GCC_541\Debug\Ultrasoundv2.a(ADC_SAR_1_theACLK.o)
 .debug_info    0x000068a5      0x333 .\CortexM3\ARM_GCC_541\Debug\Ultrasoundv2.a(motorPWM_1.o)
 .debug_info    0x00006bd8      0x333 .\CortexM3\ARM_GCC_541\Debug\Ultrasoundv2.a(motorPWM_2.o)
 .debug_info    0x00006f0b      0x45c .\CortexM3\ARM_GCC_541\Debug\Ultrasoundv2.a(soundUART.o)
 .debug_info    0x00007367      0x283 .\CortexM3\ARM_GCC_541\Debug\Ultrasoundv2.a(soundUART_IntClock.o)
 .debug_info    0x000075ea      0x11f .\CortexM3\ARM_GCC_541\Debug\Ultrasoundv2.a(Pin_running.o)
 .debug_info    0x00007709       0x8c .\CortexM3\ARM_GCC_541\Debug\Ultrasoundv2.a(CyBootAsmGnu.o)
 .debug_info    0x00007795      0x64d .\CortexM3\ARM_GCC_541\Debug\Ultrasoundv2.a(CyFlash.o)
 .debug_info    0x00007de2      0x550 .\CortexM3\ARM_GCC_541\Debug\Ultrasoundv2.a(CySpc.o)

.debug_abbrev   0x00000000     0x2b57
 *(.debug_abbrev)
 .debug_abbrev  0x00000000       0xeb .\CortexM3\ARM_GCC_541\Debug\main.o
 .debug_abbrev  0x000000eb      0x136 .\CortexM3\ARM_GCC_541\Debug\edgeSensorApp.o
 .debug_abbrev  0x00000221      0x102 .\CortexM3\ARM_GCC_541\Debug\MotorApp.o
 .debug_abbrev  0x00000323       0xe8 .\CortexM3\ARM_GCC_541\Debug\rpiCommunication.o
 .debug_abbrev  0x0000040b       0xf3 .\CortexM3\ARM_GCC_541\Debug\scale.o
 .debug_abbrev  0x000004fe       0xbc .\CortexM3\ARM_GCC_541\Debug\waitingState.o
 .debug_abbrev  0x000005ba      0x107 .\CortexM3\ARM_GCC_541\Debug\soundApp.o
 .debug_abbrev  0x000006c1      0x1fe .\CortexM3\ARM_GCC_541\Debug\cyfitter_cfg.o
 .debug_abbrev  0x000008bf       0x77 .\CortexM3\ARM_GCC_541\Debug\cymetadata.o
 .debug_abbrev  0x00000936      0x1e8 .\CortexM3\ARM_GCC_541\Debug\Cm3Start.o
 .debug_abbrev  0x00000b1e      0x139 .\CortexM3\ARM_GCC_541\Debug\Ultrasoundv2.a(CLK_500kHz.o)
 .debug_abbrev  0x00000c57      0x12d .\CortexM3\ARM_GCC_541\Debug\Ultrasoundv2.a(triggerPWM.o)
 .debug_abbrev  0x00000d84      0x139 .\CortexM3\ARM_GCC_541\Debug\Ultrasoundv2.a(CLK_24MHz.o)
 .debug_abbrev  0x00000ebd      0x254 .\CortexM3\ARM_GCC_541\Debug\Ultrasoundv2.a(CyLib.o)
 .debug_abbrev  0x00001111      0x1ab .\CortexM3\ARM_GCC_541\Debug\Ultrasoundv2.a(cyPm.o)
 .debug_abbrev  0x000012bc      0x173 .\CortexM3\ARM_GCC_541\Debug\Ultrasoundv2.a(pulseInt.o)
 .debug_abbrev  0x0000142f      0x117 .\CortexM3\ARM_GCC_541\Debug\Ultrasoundv2.a(pulseCounter.o)
 .debug_abbrev  0x00001546      0x173 .\CortexM3\ARM_GCC_541\Debug\Ultrasoundv2.a(echoInt_1.o)
 .debug_abbrev  0x000016b9      0x173 .\CortexM3\ARM_GCC_541\Debug\Ultrasoundv2.a(echoInt_2.o)
 .debug_abbrev  0x0000182c      0x173 .\CortexM3\ARM_GCC_541\Debug\Ultrasoundv2.a(echoInt_3.o)
 .debug_abbrev  0x0000199f      0x173 .\CortexM3\ARM_GCC_541\Debug\Ultrasoundv2.a(echoInt_4.o)
 .debug_abbrev  0x00001b12       0x90 .\CortexM3\ARM_GCC_541\Debug\Ultrasoundv2.a(Pin1_dir2.o)
 .debug_abbrev  0x00001ba2       0x90 .\CortexM3\ARM_GCC_541\Debug\Ultrasoundv2.a(Pin1_dir1.o)
 .debug_abbrev  0x00001c32       0x90 .\CortexM3\ARM_GCC_541\Debug\Ultrasoundv2.a(Pin2_dir1.o)
 .debug_abbrev  0x00001cc2       0x90 .\CortexM3\ARM_GCC_541\Debug\Ultrasoundv2.a(Pin2_dir2.o)
 .debug_abbrev  0x00001d52      0x173 .\CortexM3\ARM_GCC_541\Debug\Ultrasoundv2.a(ball_int.o)
 .debug_abbrev  0x00001ec5       0x90 .\CortexM3\ARM_GCC_541\Debug\Ultrasoundv2.a(Pin_score.o)
 .debug_abbrev  0x00001f55      0x1ac .\CortexM3\ARM_GCC_541\Debug\Ultrasoundv2.a(ADC_SAR_1.o)
 .debug_abbrev  0x00002101       0x42 .\CortexM3\ARM_GCC_541\Debug\Ultrasoundv2.a(ADC_SAR_1_INT.o)
 .debug_abbrev  0x00002143      0x121 .\CortexM3\ARM_GCC_541\Debug\Ultrasoundv2.a(ADC_SAR_1_theACLK.o)
 .debug_abbrev  0x00002264      0x133 .\CortexM3\ARM_GCC_541\Debug\Ultrasoundv2.a(motorPWM_1.o)
 .debug_abbrev  0x00002397      0x133 .\CortexM3\ARM_GCC_541\Debug\Ultrasoundv2.a(motorPWM_2.o)
 .debug_abbrev  0x000024ca      0x175 .\CortexM3\ARM_GCC_541\Debug\Ultrasoundv2.a(soundUART.o)
 .debug_abbrev  0x0000263f      0x139 .\CortexM3\ARM_GCC_541\Debug\Ultrasoundv2.a(soundUART_IntClock.o)
 .debug_abbrev  0x00002778       0x90 .\CortexM3\ARM_GCC_541\Debug\Ultrasoundv2.a(Pin_running.o)
 .debug_abbrev  0x00002808       0x14 .\CortexM3\ARM_GCC_541\Debug\Ultrasoundv2.a(CyBootAsmGnu.o)
 .debug_abbrev  0x0000281c      0x1a7 .\CortexM3\ARM_GCC_541\Debug\Ultrasoundv2.a(CyFlash.o)
 .debug_abbrev  0x000029c3      0x194 .\CortexM3\ARM_GCC_541\Debug\Ultrasoundv2.a(CySpc.o)

.debug_line     0x00000000     0x4037
 *(.debug_line)
 .debug_line    0x00000000      0x292 .\CortexM3\ARM_GCC_541\Debug\main.o
 .debug_line    0x00000292      0x285 .\CortexM3\ARM_GCC_541\Debug\edgeSensorApp.o
 .debug_line    0x00000517      0x339 .\CortexM3\ARM_GCC_541\Debug\MotorApp.o
 .debug_line    0x00000850      0x1f4 .\CortexM3\ARM_GCC_541\Debug\rpiCommunication.o
 .debug_line    0x00000a44      0x1b5 .\CortexM3\ARM_GCC_541\Debug\scale.o
 .debug_line    0x00000bf9      0x1ae .\CortexM3\ARM_GCC_541\Debug\waitingState.o
 .debug_line    0x00000da7      0x19d .\CortexM3\ARM_GCC_541\Debug\soundApp.o
 .debug_line    0x00000f44        0x0 .\CortexM3\ARM_GCC_541\Debug\ballHandle.o
 .debug_line    0x00000f44      0x1f0 .\CortexM3\ARM_GCC_541\Debug\cyfitter_cfg.o
 .debug_line    0x00001134      0x141 .\CortexM3\ARM_GCC_541\Debug\cymetadata.o
 .debug_line    0x00001275      0x234 .\CortexM3\ARM_GCC_541\Debug\Cm3Start.o
 .debug_line    0x000014a9      0x179 .\CortexM3\ARM_GCC_541\Debug\Ultrasoundv2.a(CLK_500kHz.o)
 .debug_line    0x00001622      0x142 .\CortexM3\ARM_GCC_541\Debug\Ultrasoundv2.a(triggerPWM.o)
 .debug_line    0x00001764      0x178 .\CortexM3\ARM_GCC_541\Debug\Ultrasoundv2.a(CLK_24MHz.o)
 .debug_line    0x000018dc      0x816 .\CortexM3\ARM_GCC_541\Debug\Ultrasoundv2.a(CyLib.o)
 .debug_line    0x000020f2      0x367 .\CortexM3\ARM_GCC_541\Debug\Ultrasoundv2.a(cyPm.o)
 .debug_line    0x00002459      0x135 .\CortexM3\ARM_GCC_541\Debug\Ultrasoundv2.a(pulseInt.o)
 .debug_line    0x0000258e      0x18e .\CortexM3\ARM_GCC_541\Debug\Ultrasoundv2.a(pulseCounter.o)
 .debug_line    0x0000271c      0x136 .\CortexM3\ARM_GCC_541\Debug\Ultrasoundv2.a(echoInt_1.o)
 .debug_line    0x00002852      0x136 .\CortexM3\ARM_GCC_541\Debug\Ultrasoundv2.a(echoInt_2.o)
 .debug_line    0x00002988      0x136 .\CortexM3\ARM_GCC_541\Debug\Ultrasoundv2.a(echoInt_3.o)
 .debug_line    0x00002abe      0x136 .\CortexM3\ARM_GCC_541\Debug\Ultrasoundv2.a(echoInt_4.o)
 .debug_line    0x00002bf4       0x96 .\CortexM3\ARM_GCC_541\Debug\Ultrasoundv2.a(Pin1_dir2.o)
 .debug_line    0x00002c8a       0x96 .\CortexM3\ARM_GCC_541\Debug\Ultrasoundv2.a(Pin1_dir1.o)
 .debug_line    0x00002d20       0x96 .\CortexM3\ARM_GCC_541\Debug\Ultrasoundv2.a(Pin2_dir1.o)
 .debug_line    0x00002db6       0x96 .\CortexM3\ARM_GCC_541\Debug\Ultrasoundv2.a(Pin2_dir2.o)
 .debug_line    0x00002e4c      0x135 .\CortexM3\ARM_GCC_541\Debug\Ultrasoundv2.a(ball_int.o)
 .debug_line    0x00002f81       0x96 .\CortexM3\ARM_GCC_541\Debug\Ultrasoundv2.a(Pin_score.o)
 .debug_line    0x00003017      0x220 .\CortexM3\ARM_GCC_541\Debug\Ultrasoundv2.a(ADC_SAR_1.o)
 .debug_line    0x00003237       0x56 .\CortexM3\ARM_GCC_541\Debug\Ultrasoundv2.a(ADC_SAR_1_INT.o)
 .debug_line    0x0000328d      0x1a3 .\CortexM3\ARM_GCC_541\Debug\Ultrasoundv2.a(ADC_SAR_1_theACLK.o)
 .debug_line    0x00003430      0x18a .\CortexM3\ARM_GCC_541\Debug\Ultrasoundv2.a(motorPWM_1.o)
 .debug_line    0x000035ba      0x18a .\CortexM3\ARM_GCC_541\Debug\Ultrasoundv2.a(motorPWM_2.o)
 .debug_line    0x00003744      0x1fa .\CortexM3\ARM_GCC_541\Debug\Ultrasoundv2.a(soundUART.o)
 .debug_line    0x0000393e      0x181 .\CortexM3\ARM_GCC_541\Debug\Ultrasoundv2.a(soundUART_IntClock.o)
 .debug_line    0x00003abf       0x98 .\CortexM3\ARM_GCC_541\Debug\Ultrasoundv2.a(Pin_running.o)
 .debug_line    0x00003b57       0x66 .\CortexM3\ARM_GCC_541\Debug\Ultrasoundv2.a(CyBootAsmGnu.o)
 .debug_line    0x00003bbd      0x21a .\CortexM3\ARM_GCC_541\Debug\Ultrasoundv2.a(CyFlash.o)
 .debug_line    0x00003dd7      0x260 .\CortexM3\ARM_GCC_541\Debug\Ultrasoundv2.a(CySpc.o)

.debug_frame    0x00000000     0x2790
 *(.debug_frame)
 .debug_frame   0x00000000       0x4c .\CortexM3\ARM_GCC_541\Debug\main.o
 .debug_frame   0x0000004c       0x98 .\CortexM3\ARM_GCC_541\Debug\edgeSensorApp.o
 .debug_frame   0x000000e4       0xf4 .\CortexM3\ARM_GCC_541\Debug\MotorApp.o
 .debug_frame   0x000001d8       0xa0 .\CortexM3\ARM_GCC_541\Debug\rpiCommunication.o
 .debug_frame   0x00000278       0x40 .\CortexM3\ARM_GCC_541\Debug\scale.o
 .debug_frame   0x000002b8       0x3c .\CortexM3\ARM_GCC_541\Debug\waitingState.o
 .debug_frame   0x000002f4       0x48 .\CortexM3\ARM_GCC_541\Debug\soundApp.o
 .debug_frame   0x0000033c       0xfc .\CortexM3\ARM_GCC_541\Debug\cyfitter_cfg.o
 .debug_frame   0x00000438       0xb8 .\CortexM3\ARM_GCC_541\Debug\Cm3Start.o
 .debug_frame   0x000004f0       0xe0 .\CortexM3\ARM_GCC_541\Debug\Ultrasoundv2.a(CLK_500kHz.o)
 .debug_frame   0x000005d0       0xf8 .\CortexM3\ARM_GCC_541\Debug\Ultrasoundv2.a(triggerPWM.o)
 .debug_frame   0x000006c8       0xe0 .\CortexM3\ARM_GCC_541\Debug\Ultrasoundv2.a(CLK_24MHz.o)
 .debug_frame   0x000007a8      0x738 .\CortexM3\ARM_GCC_541\Debug\Ultrasoundv2.a(CyLib.o)
 .debug_frame   0x00000ee0      0x1f8 .\CortexM3\ARM_GCC_541\Debug\Ultrasoundv2.a(cyPm.o)
 .debug_frame   0x000010d8      0x104 .\CortexM3\ARM_GCC_541\Debug\Ultrasoundv2.a(pulseInt.o)
 .debug_frame   0x000011dc      0x134 .\CortexM3\ARM_GCC_541\Debug\Ultrasoundv2.a(pulseCounter.o)
 .debug_frame   0x00001310      0x104 .\CortexM3\ARM_GCC_541\Debug\Ultrasoundv2.a(echoInt_1.o)
 .debug_frame   0x00001414      0x104 .\CortexM3\ARM_GCC_541\Debug\Ultrasoundv2.a(echoInt_2.o)
 .debug_frame   0x00001518      0x104 .\CortexM3\ARM_GCC_541\Debug\Ultrasoundv2.a(echoInt_3.o)
 .debug_frame   0x0000161c      0x104 .\CortexM3\ARM_GCC_541\Debug\Ultrasoundv2.a(echoInt_4.o)
 .debug_frame   0x00001720       0x50 .\CortexM3\ARM_GCC_541\Debug\Ultrasoundv2.a(Pin1_dir2.o)
 .debug_frame   0x00001770       0x50 .\CortexM3\ARM_GCC_541\Debug\Ultrasoundv2.a(Pin1_dir1.o)
 .debug_frame   0x000017c0       0x50 .\CortexM3\ARM_GCC_541\Debug\Ultrasoundv2.a(Pin2_dir1.o)
 .debug_frame   0x00001810       0x50 .\CortexM3\ARM_GCC_541\Debug\Ultrasoundv2.a(Pin2_dir2.o)
 .debug_frame   0x00001860      0x104 .\CortexM3\ARM_GCC_541\Debug\Ultrasoundv2.a(ball_int.o)
 .debug_frame   0x00001964       0x50 .\CortexM3\ARM_GCC_541\Debug\Ultrasoundv2.a(Pin_score.o)
 .debug_frame   0x000019b4      0x1b0 .\CortexM3\ARM_GCC_541\Debug\Ultrasoundv2.a(ADC_SAR_1.o)
 .debug_frame   0x00001b64       0x20 .\CortexM3\ARM_GCC_541\Debug\Ultrasoundv2.a(ADC_SAR_1_INT.o)
 .debug_frame   0x00001b84      0x100 .\CortexM3\ARM_GCC_541\Debug\Ultrasoundv2.a(ADC_SAR_1_theACLK.o)
 .debug_frame   0x00001c84      0x134 .\CortexM3\ARM_GCC_541\Debug\Ultrasoundv2.a(motorPWM_1.o)
 .debug_frame   0x00001db8      0x134 .\CortexM3\ARM_GCC_541\Debug\Ultrasoundv2.a(motorPWM_2.o)
 .debug_frame   0x00001eec      0x198 .\CortexM3\ARM_GCC_541\Debug\Ultrasoundv2.a(soundUART.o)
 .debug_frame   0x00002084       0xe0 .\CortexM3\ARM_GCC_541\Debug\Ultrasoundv2.a(soundUART_IntClock.o)
 .debug_frame   0x00002164       0x50 .\CortexM3\ARM_GCC_541\Debug\Ultrasoundv2.a(Pin_running.o)
 .debug_frame   0x000021b4      0x194 .\CortexM3\ARM_GCC_541\Debug\Ultrasoundv2.a(CyFlash.o)
 .debug_frame   0x00002348      0x180 .\CortexM3\ARM_GCC_541\Debug\Ultrasoundv2.a(CySpc.o)
 .debug_frame   0x000024c8       0x44 c:/program files (x86)/cypress/psoc creator/4.2/psoc creator/import/gnu/arm/5.4.1/bin/../lib/gcc/arm-none-eabi/5.4.1/armv7-m\libgcc.a(_aeabi_ldivmod.o)
 .debug_frame   0x0000250c       0x38 c:/program files (x86)/cypress/psoc creator/4.2/psoc creator/import/gnu/arm/5.4.1/bin/../lib/gcc/arm-none-eabi/5.4.1/armv7-m\libgcc.a(_udivmoddi4.o)
 .debug_frame   0x00002544       0x20 c:/program files (x86)/cypress/psoc creator/4.2/psoc creator/import/gnu/arm/5.4.1/bin/../lib/gcc/arm-none-eabi/5.4.1/../../../../arm-none-eabi/lib/armv7-m\libg_nano.a(lib_a-errno.o)
 .debug_frame   0x00002564       0x28 c:/program files (x86)/cypress/psoc creator/4.2/psoc creator/import/gnu/arm/5.4.1/bin/../lib/gcc/arm-none-eabi/5.4.1/../../../../arm-none-eabi/lib/armv7-m\libg_nano.a(lib_a-exit.o)
 .debug_frame   0x0000258c       0x2c c:/program files (x86)/cypress/psoc creator/4.2/psoc creator/import/gnu/arm/5.4.1/bin/../lib/gcc/arm-none-eabi/5.4.1/../../../../arm-none-eabi/lib/armv7-m\libg_nano.a(lib_a-init.o)
 .debug_frame   0x000025b8       0x28 c:/program files (x86)/cypress/psoc creator/4.2/psoc creator/import/gnu/arm/5.4.1/bin/../lib/gcc/arm-none-eabi/5.4.1/../../../../arm-none-eabi/lib/armv7-m\libg_nano.a(lib_a-memcpy-stub.o)
 .debug_frame   0x000025e0       0x20 c:/program files (x86)/cypress/psoc creator/4.2/psoc creator/import/gnu/arm/5.4.1/bin/../lib/gcc/arm-none-eabi/5.4.1/../../../../arm-none-eabi/lib/armv7-m\libg_nano.a(lib_a-memset.o)
 .debug_frame   0x00002600       0x44 c:/program files (x86)/cypress/psoc creator/4.2/psoc creator/import/gnu/arm/5.4.1/bin/../lib/gcc/arm-none-eabi/5.4.1/../../../../arm-none-eabi/lib/armv7-m\libg_nano.a(lib_a-rand.o)
 .debug_frame   0x00002644       0x30 c:/program files (x86)/cypress/psoc creator/4.2/psoc creator/import/gnu/arm/5.4.1/bin/../lib/gcc/arm-none-eabi/5.4.1/../../../../arm-none-eabi/lib/armv7-m\libg_nano.a(lib_a-malloc.o)
 .debug_frame   0x00002674       0x38 c:/program files (x86)/cypress/psoc creator/4.2/psoc creator/import/gnu/arm/5.4.1/bin/../lib/gcc/arm-none-eabi/5.4.1/../../../../arm-none-eabi/lib/armv7-m\libg_nano.a(lib_a-nano-freer.o)
 .debug_frame   0x000026ac       0x2c c:/program files (x86)/cypress/psoc creator/4.2/psoc creator/import/gnu/arm/5.4.1/bin/../lib/gcc/arm-none-eabi/5.4.1/../../../../arm-none-eabi/lib/armv7-m\libg_nano.a(lib_a-nano-mallocr.o)
 .debug_frame   0x000026d8       0x2c c:/program files (x86)/cypress/psoc creator/4.2/psoc creator/import/gnu/arm/5.4.1/bin/../lib/gcc/arm-none-eabi/5.4.1/../../../../arm-none-eabi/lib/armv7-m\libg_nano.a(lib_a-sbrkr.o)
 .debug_frame   0x00002704       0x30 c:/program files (x86)/cypress/psoc creator/4.2/psoc creator/import/gnu/arm/5.4.1/bin/../lib/gcc/arm-none-eabi/5.4.1/../../../../arm-none-eabi/lib/armv7-m\libg_nano.a(lib_a-mlock.o)
 .debug_frame   0x00002734       0x5c c:/program files (x86)/cypress/psoc creator/4.2/psoc creator/import/gnu/arm/5.4.1/bin/../lib/gcc/arm-none-eabi/5.4.1/../../../../arm-none-eabi/lib/armv7-m\libg_nano.a(lib_a-reent.o)

.debug_str      0x00000000     0x308f
 *(.debug_str)
 .debug_str     0x00000000      0x290 .\CortexM3\ARM_GCC_541\Debug\main.o
                                0x2e1 (size before relaxing)
 .debug_str     0x00000290      0x1b0 .\CortexM3\ARM_GCC_541\Debug\edgeSensorApp.o
                                0x390 (size before relaxing)
 .debug_str     0x00000440      0x124 .\CortexM3\ARM_GCC_541\Debug\MotorApp.o
                                0x342 (size before relaxing)
 .debug_str     0x00000564       0x4f .\CortexM3\ARM_GCC_541\Debug\rpiCommunication.o
                                0x211 (size before relaxing)
 .debug_str     0x000005b3       0x89 .\CortexM3\ARM_GCC_541\Debug\scale.o
                                0x27c (size before relaxing)
 .debug_str     0x0000063c       0x21 .\CortexM3\ARM_GCC_541\Debug\waitingState.o
                                0x242 (size before relaxing)
 .debug_str     0x0000065d       0x68 .\CortexM3\ARM_GCC_541\Debug\soundApp.o
                                0x21b (size before relaxing)
 .debug_str     0x000006c5        0xd .\CortexM3\ARM_GCC_541\Debug\ballHandle.o
                                 0xd9 (size before relaxing)
 .debug_str     0x000006d2      0x184 .\CortexM3\ARM_GCC_541\Debug\cyfitter_cfg.o
                                0x315 (size before relaxing)
 .debug_str     0x00000856       0x7f .\CortexM3\ARM_GCC_541\Debug\cymetadata.o
                                0x1e0 (size before relaxing)
 .debug_str     0x000008d5      0x144 .\CortexM3\ARM_GCC_541\Debug\Cm3Start.o
                                0x306 (size before relaxing)
 .debug_str     0x00000a19      0x175 .\CortexM3\ARM_GCC_541\Debug\Ultrasoundv2.a(CLK_500kHz.o)
                                0x30e (size before relaxing)
 .debug_str     0x00000b8e      0x15e .\CortexM3\ARM_GCC_541\Debug\Ultrasoundv2.a(triggerPWM.o)
                                0x315 (size before relaxing)
 .debug_str     0x00000cec      0x11f .\CortexM3\ARM_GCC_541\Debug\Ultrasoundv2.a(CLK_24MHz.o)
                                0x302 (size before relaxing)
 .debug_str     0x00000e0b      0x82d .\CortexM3\ARM_GCC_541\Debug\Ultrasoundv2.a(CyLib.o)
                                0xa43 (size before relaxing)
 .debug_str     0x00001638      0x365 .\CortexM3\ARM_GCC_541\Debug\Ultrasoundv2.a(cyPm.o)
                                0x72f (size before relaxing)
 .debug_str     0x0000199d       0xff .\CortexM3\ARM_GCC_541\Debug\Ultrasoundv2.a(pulseInt.o)
                                0x2cc (size before relaxing)
 .debug_str     0x00001a9c      0x1ad .\CortexM3\ARM_GCC_541\Debug\Ultrasoundv2.a(pulseCounter.o)
                                0x3d9 (size before relaxing)
 .debug_str     0x00001c49      0x10c .\CortexM3\ARM_GCC_541\Debug\Ultrasoundv2.a(echoInt_1.o)
                                0x2da (size before relaxing)
 .debug_str     0x00001d55      0x10c .\CortexM3\ARM_GCC_541\Debug\Ultrasoundv2.a(echoInt_2.o)
                                0x2da (size before relaxing)
 .debug_str     0x00001e61      0x10c .\CortexM3\ARM_GCC_541\Debug\Ultrasoundv2.a(echoInt_3.o)
                                0x2da (size before relaxing)
 .debug_str     0x00001f6d      0x10c .\CortexM3\ARM_GCC_541\Debug\Ultrasoundv2.a(echoInt_4.o)
                                0x2da (size before relaxing)
 .debug_str     0x00002079       0x6a .\CortexM3\ARM_GCC_541\Debug\Ultrasoundv2.a(Pin1_dir2.o)
                                0x1f2 (size before relaxing)
 .debug_str     0x000020e3       0x5f .\CortexM3\ARM_GCC_541\Debug\Ultrasoundv2.a(Pin1_dir1.o)
                                0x1f2 (size before relaxing)
 .debug_str     0x00002142       0x5f .\CortexM3\ARM_GCC_541\Debug\Ultrasoundv2.a(Pin2_dir1.o)
                                0x1f2 (size before relaxing)
 .debug_str     0x000021a1       0x5f .\CortexM3\ARM_GCC_541\Debug\Ultrasoundv2.a(Pin2_dir2.o)
                                0x1f2 (size before relaxing)
 .debug_str     0x00002200       0xff .\CortexM3\ARM_GCC_541\Debug\Ultrasoundv2.a(ball_int.o)
                                0x2cc (size before relaxing)
 .debug_str     0x000022ff       0x5f .\CortexM3\ARM_GCC_541\Debug\Ultrasoundv2.a(Pin_score.o)
                                0x1f2 (size before relaxing)
 .debug_str     0x0000235e      0x215 .\CortexM3\ARM_GCC_541\Debug\Ultrasoundv2.a(ADC_SAR_1.o)
                                0x4b9 (size before relaxing)
 .debug_str     0x00002573       0x35 .\CortexM3\ARM_GCC_541\Debug\Ultrasoundv2.a(ADC_SAR_1_INT.o)
                                0x197 (size before relaxing)
 .debug_str     0x000025a8      0x1bc .\CortexM3\ARM_GCC_541\Debug\Ultrasoundv2.a(ADC_SAR_1_theACLK.o)
                                0x3b1 (size before relaxing)
 .debug_str     0x00002764      0x182 .\CortexM3\ARM_GCC_541\Debug\Ultrasoundv2.a(motorPWM_1.o)
                                0x3ac (size before relaxing)
 .debug_str     0x000028e6      0x174 .\CortexM3\ARM_GCC_541\Debug\Ultrasoundv2.a(motorPWM_2.o)
                                0x3ac (size before relaxing)
 .debug_str     0x00002a5a      0x204 .\CortexM3\ARM_GCC_541\Debug\Ultrasoundv2.a(soundUART.o)
                                0x403 (size before relaxing)
 .debug_str     0x00002c5e      0x16a .\CortexM3\ARM_GCC_541\Debug\Ultrasoundv2.a(soundUART_IntClock.o)
                                0x36e (size before relaxing)
 .debug_str     0x00002dc8       0x67 .\CortexM3\ARM_GCC_541\Debug\Ultrasoundv2.a(Pin_running.o)
                                0x1fc (size before relaxing)
 .debug_str     0x00002e2f      0x1b4 .\CortexM3\ARM_GCC_541\Debug\Ultrasoundv2.a(CyFlash.o)
                                0x3bc (size before relaxing)
 .debug_str     0x00002fe3       0xac .\CortexM3\ARM_GCC_541\Debug\Ultrasoundv2.a(CySpc.o)
                                0x334 (size before relaxing)

.debug_loc      0x00000000     0x2837
 *(.debug_loc)
 .debug_loc     0x00000000       0x63 .\CortexM3\ARM_GCC_541\Debug\MotorApp.o
 .debug_loc     0x00000063       0x1f .\CortexM3\ARM_GCC_541\Debug\scale.o
 .debug_loc     0x00000082       0x53 .\CortexM3\ARM_GCC_541\Debug\soundApp.o
 .debug_loc     0x000000d5      0x1fd .\CortexM3\ARM_GCC_541\Debug\cyfitter_cfg.o
 .debug_loc     0x000002d2      0x144 .\CortexM3\ARM_GCC_541\Debug\Cm3Start.o
 .debug_loc     0x00000416      0x128 .\CortexM3\ARM_GCC_541\Debug\Ultrasoundv2.a(CLK_500kHz.o)
 .debug_loc     0x0000053e       0x13 .\CortexM3\ARM_GCC_541\Debug\Ultrasoundv2.a(triggerPWM.o)
 .debug_loc     0x00000551      0x12c .\CortexM3\ARM_GCC_541\Debug\Ultrasoundv2.a(CLK_24MHz.o)
 .debug_loc     0x0000067d      0xa11 .\CortexM3\ARM_GCC_541\Debug\Ultrasoundv2.a(CyLib.o)
 .debug_loc     0x0000108e      0x1e4 .\CortexM3\ARM_GCC_541\Debug\Ultrasoundv2.a(cyPm.o)
 .debug_loc     0x00001272       0x56 .\CortexM3\ARM_GCC_541\Debug\Ultrasoundv2.a(pulseInt.o)
 .debug_loc     0x000012c8       0x31 .\CortexM3\ARM_GCC_541\Debug\Ultrasoundv2.a(pulseCounter.o)
 .debug_loc     0x000012f9       0x56 .\CortexM3\ARM_GCC_541\Debug\Ultrasoundv2.a(echoInt_1.o)
 .debug_loc     0x0000134f       0x56 .\CortexM3\ARM_GCC_541\Debug\Ultrasoundv2.a(echoInt_2.o)
 .debug_loc     0x000013a5       0x56 .\CortexM3\ARM_GCC_541\Debug\Ultrasoundv2.a(echoInt_3.o)
 .debug_loc     0x000013fb       0x56 .\CortexM3\ARM_GCC_541\Debug\Ultrasoundv2.a(echoInt_4.o)
 .debug_loc     0x00001451       0x42 .\CortexM3\ARM_GCC_541\Debug\Ultrasoundv2.a(Pin1_dir2.o)
 .debug_loc     0x00001493       0x42 .\CortexM3\ARM_GCC_541\Debug\Ultrasoundv2.a(Pin1_dir1.o)
 .debug_loc     0x000014d5       0x42 .\CortexM3\ARM_GCC_541\Debug\Ultrasoundv2.a(Pin2_dir1.o)
 .debug_loc     0x00001517       0x42 .\CortexM3\ARM_GCC_541\Debug\Ultrasoundv2.a(Pin2_dir2.o)
 .debug_loc     0x00001559       0x56 .\CortexM3\ARM_GCC_541\Debug\Ultrasoundv2.a(ball_int.o)
 .debug_loc     0x000015af       0x42 .\CortexM3\ARM_GCC_541\Debug\Ultrasoundv2.a(Pin_score.o)
 .debug_loc     0x000015f1      0x295 .\CortexM3\ARM_GCC_541\Debug\Ultrasoundv2.a(ADC_SAR_1.o)
 .debug_loc     0x00001886      0x14d .\CortexM3\ARM_GCC_541\Debug\Ultrasoundv2.a(ADC_SAR_1_theACLK.o)
 .debug_loc     0x000019d3       0x26 .\CortexM3\ARM_GCC_541\Debug\Ultrasoundv2.a(motorPWM_1.o)
 .debug_loc     0x000019f9       0x26 .\CortexM3\ARM_GCC_541\Debug\Ultrasoundv2.a(motorPWM_2.o)
 .debug_loc     0x00001a1f      0x1f7 .\CortexM3\ARM_GCC_541\Debug\Ultrasoundv2.a(soundUART.o)
 .debug_loc     0x00001c16      0x128 .\CortexM3\ARM_GCC_541\Debug\Ultrasoundv2.a(soundUART_IntClock.o)
 .debug_loc     0x00001d3e       0x42 .\CortexM3\ARM_GCC_541\Debug\Ultrasoundv2.a(Pin_running.o)
 .debug_loc     0x00001d80      0x3b2 .\CortexM3\ARM_GCC_541\Debug\Ultrasoundv2.a(CyFlash.o)
 .debug_loc     0x00002132      0x705 .\CortexM3\ARM_GCC_541\Debug\Ultrasoundv2.a(CySpc.o)

.debug_macinfo
 *(.debug_macinfo)

.debug_ranges   0x00000000      0xe00
 *(.debug_ranges)
 .debug_ranges  0x00000000       0x18 .\CortexM3\ARM_GCC_541\Debug\main.o
 .debug_ranges  0x00000018       0x40 .\CortexM3\ARM_GCC_541\Debug\edgeSensorApp.o
 .debug_ranges  0x00000058       0x48 .\CortexM3\ARM_GCC_541\Debug\MotorApp.o
 .debug_ranges  0x000000a0       0x38 .\CortexM3\ARM_GCC_541\Debug\rpiCommunication.o
 .debug_ranges  0x000000d8       0x18 .\CortexM3\ARM_GCC_541\Debug\scale.o
 .debug_ranges  0x000000f0       0x18 .\CortexM3\ARM_GCC_541\Debug\waitingState.o
 .debug_ranges  0x00000108       0x18 .\CortexM3\ARM_GCC_541\Debug\soundApp.o
 .debug_ranges  0x00000120       0x48 .\CortexM3\ARM_GCC_541\Debug\cyfitter_cfg.o
 .debug_ranges  0x00000168       0x38 .\CortexM3\ARM_GCC_541\Debug\Cm3Start.o
 .debug_ranges  0x000001a0       0x60 .\CortexM3\ARM_GCC_541\Debug\Ultrasoundv2.a(CLK_500kHz.o)
 .debug_ranges  0x00000200       0x70 .\CortexM3\ARM_GCC_541\Debug\Ultrasoundv2.a(triggerPWM.o)
 .debug_ranges  0x00000270       0x60 .\CortexM3\ARM_GCC_541\Debug\Ultrasoundv2.a(CLK_24MHz.o)
 .debug_ranges  0x000002d0      0x290 .\CortexM3\ARM_GCC_541\Debug\Ultrasoundv2.a(CyLib.o)
 .debug_ranges  0x00000560       0x88 .\CortexM3\ARM_GCC_541\Debug\Ultrasoundv2.a(cyPm.o)
 .debug_ranges  0x000005e8       0x70 .\CortexM3\ARM_GCC_541\Debug\Ultrasoundv2.a(pulseInt.o)
 .debug_ranges  0x00000658       0x88 .\CortexM3\ARM_GCC_541\Debug\Ultrasoundv2.a(pulseCounter.o)
 .debug_ranges  0x000006e0       0x70 .\CortexM3\ARM_GCC_541\Debug\Ultrasoundv2.a(echoInt_1.o)
 .debug_ranges  0x00000750       0x70 .\CortexM3\ARM_GCC_541\Debug\Ultrasoundv2.a(echoInt_2.o)
 .debug_ranges  0x000007c0       0x70 .\CortexM3\ARM_GCC_541\Debug\Ultrasoundv2.a(echoInt_3.o)
 .debug_ranges  0x00000830       0x70 .\CortexM3\ARM_GCC_541\Debug\Ultrasoundv2.a(echoInt_4.o)
 .debug_ranges  0x000008a0       0x28 .\CortexM3\ARM_GCC_541\Debug\Ultrasoundv2.a(Pin1_dir2.o)
 .debug_ranges  0x000008c8       0x28 .\CortexM3\ARM_GCC_541\Debug\Ultrasoundv2.a(Pin1_dir1.o)
 .debug_ranges  0x000008f0       0x28 .\CortexM3\ARM_GCC_541\Debug\Ultrasoundv2.a(Pin2_dir1.o)
 .debug_ranges  0x00000918       0x28 .\CortexM3\ARM_GCC_541\Debug\Ultrasoundv2.a(Pin2_dir2.o)
 .debug_ranges  0x00000940       0x70 .\CortexM3\ARM_GCC_541\Debug\Ultrasoundv2.a(ball_int.o)
 .debug_ranges  0x000009b0       0x28 .\CortexM3\ARM_GCC_541\Debug\Ultrasoundv2.a(Pin_score.o)
 .debug_ranges  0x000009d8       0x98 .\CortexM3\ARM_GCC_541\Debug\Ultrasoundv2.a(ADC_SAR_1.o)
 .debug_ranges  0x00000a70       0x10 .\CortexM3\ARM_GCC_541\Debug\Ultrasoundv2.a(ADC_SAR_1_INT.o)
 .debug_ranges  0x00000a80       0x70 .\CortexM3\ARM_GCC_541\Debug\Ultrasoundv2.a(ADC_SAR_1_theACLK.o)
 .debug_ranges  0x00000af0       0x88 .\CortexM3\ARM_GCC_541\Debug\Ultrasoundv2.a(motorPWM_1.o)
 .debug_ranges  0x00000b78       0x88 .\CortexM3\ARM_GCC_541\Debug\Ultrasoundv2.a(motorPWM_2.o)
 .debug_ranges  0x00000c00       0x90 .\CortexM3\ARM_GCC_541\Debug\Ultrasoundv2.a(soundUART.o)
 .debug_ranges  0x00000c90       0x60 .\CortexM3\ARM_GCC_541\Debug\Ultrasoundv2.a(soundUART_IntClock.o)
 .debug_ranges  0x00000cf0       0x28 .\CortexM3\ARM_GCC_541\Debug\Ultrasoundv2.a(Pin_running.o)
 .debug_ranges  0x00000d18       0x78 .\CortexM3\ARM_GCC_541\Debug\Ultrasoundv2.a(CyFlash.o)
 .debug_ranges  0x00000d90       0x70 .\CortexM3\ARM_GCC_541\Debug\Ultrasoundv2.a(CySpc.o)

.comment        0x00000000       0x6e
 .comment       0x00000000       0x6e .\CortexM3\ARM_GCC_541\Debug\main.o
                                 0x6f (size before relaxing)
 .comment       0x0000006e       0x6f .\CortexM3\ARM_GCC_541\Debug\edgeSensorApp.o
 .comment       0x0000006e       0x6f .\CortexM3\ARM_GCC_541\Debug\MotorApp.o
 .comment       0x0000006e       0x6f .\CortexM3\ARM_GCC_541\Debug\rpiCommunication.o
 .comment       0x0000006e       0x6f .\CortexM3\ARM_GCC_541\Debug\scale.o
 .comment       0x0000006e       0x6f .\CortexM3\ARM_GCC_541\Debug\waitingState.o
 .comment       0x0000006e       0x6f .\CortexM3\ARM_GCC_541\Debug\soundApp.o
 .comment       0x0000006e       0x6f .\CortexM3\ARM_GCC_541\Debug\ballHandle.o
 .comment       0x0000006e       0x6f .\CortexM3\ARM_GCC_541\Debug\cyfitter_cfg.o
 .comment       0x0000006e       0x6f .\CortexM3\ARM_GCC_541\Debug\cymetadata.o
 .comment       0x0000006e       0x6f .\CortexM3\ARM_GCC_541\Debug\Cm3Start.o
 .comment       0x0000006e       0x6f .\CortexM3\ARM_GCC_541\Debug\Ultrasoundv2.a(CLK_500kHz.o)
 .comment       0x0000006e       0x6f .\CortexM3\ARM_GCC_541\Debug\Ultrasoundv2.a(triggerPWM.o)
 .comment       0x0000006e       0x6f .\CortexM3\ARM_GCC_541\Debug\Ultrasoundv2.a(CLK_24MHz.o)
 .comment       0x0000006e       0x6f .\CortexM3\ARM_GCC_541\Debug\Ultrasoundv2.a(CyLib.o)
 .comment       0x0000006e       0x6f .\CortexM3\ARM_GCC_541\Debug\Ultrasoundv2.a(cyPm.o)
 .comment       0x0000006e       0x6f .\CortexM3\ARM_GCC_541\Debug\Ultrasoundv2.a(pulseInt.o)
 .comment       0x0000006e       0x6f .\CortexM3\ARM_GCC_541\Debug\Ultrasoundv2.a(pulseCounter.o)
 .comment       0x0000006e       0x6f .\CortexM3\ARM_GCC_541\Debug\Ultrasoundv2.a(echoInt_1.o)
 .comment       0x0000006e       0x6f .\CortexM3\ARM_GCC_541\Debug\Ultrasoundv2.a(echoInt_2.o)
 .comment       0x0000006e       0x6f .\CortexM3\ARM_GCC_541\Debug\Ultrasoundv2.a(echoInt_3.o)
 .comment       0x0000006e       0x6f .\CortexM3\ARM_GCC_541\Debug\Ultrasoundv2.a(echoInt_4.o)
 .comment       0x0000006e       0x6f .\CortexM3\ARM_GCC_541\Debug\Ultrasoundv2.a(Pin1_dir2.o)
 .comment       0x0000006e       0x6f .\CortexM3\ARM_GCC_541\Debug\Ultrasoundv2.a(Pin1_dir1.o)
 .comment       0x0000006e       0x6f .\CortexM3\ARM_GCC_541\Debug\Ultrasoundv2.a(Pin2_dir1.o)
 .comment       0x0000006e       0x6f .\CortexM3\ARM_GCC_541\Debug\Ultrasoundv2.a(Pin2_dir2.o)
 .comment       0x0000006e       0x6f .\CortexM3\ARM_GCC_541\Debug\Ultrasoundv2.a(ball_int.o)
 .comment       0x0000006e       0x6f .\CortexM3\ARM_GCC_541\Debug\Ultrasoundv2.a(Pin_score.o)
 .comment       0x0000006e       0x6f .\CortexM3\ARM_GCC_541\Debug\Ultrasoundv2.a(ADC_SAR_1.o)
 .comment       0x0000006e       0x6f .\CortexM3\ARM_GCC_541\Debug\Ultrasoundv2.a(ADC_SAR_1_INT.o)
 .comment       0x0000006e       0x6f .\CortexM3\ARM_GCC_541\Debug\Ultrasoundv2.a(ADC_SAR_1_theACLK.o)
 .comment       0x0000006e       0x6f .\CortexM3\ARM_GCC_541\Debug\Ultrasoundv2.a(motorPWM_1.o)
 .comment       0x0000006e       0x6f .\CortexM3\ARM_GCC_541\Debug\Ultrasoundv2.a(motorPWM_2.o)
 .comment       0x0000006e       0x6f .\CortexM3\ARM_GCC_541\Debug\Ultrasoundv2.a(soundUART.o)
 .comment       0x0000006e       0x6f .\CortexM3\ARM_GCC_541\Debug\Ultrasoundv2.a(soundUART_IntClock.o)
 .comment       0x0000006e       0x6f .\CortexM3\ARM_GCC_541\Debug\Ultrasoundv2.a(Pin_running.o)
 .comment       0x0000006e       0x6f .\CortexM3\ARM_GCC_541\Debug\Ultrasoundv2.a(CyFlash.o)
 .comment       0x0000006e       0x6f .\CortexM3\ARM_GCC_541\Debug\Ultrasoundv2.a(CySpc.o)

.debug_weaknames
 *(.debug_weaknames)

.debug_funcnames
 *(.debug_funcnames)

.debug_typenames
 *(.debug_typenames)

.debug_varnames
 *(.debug_varnames)

.note.gnu.arm.ident
 *(.note.gnu.arm.ident)

.ARM.attributes
                0x00000000       0x29
 *(.ARM.attributes)
 .ARM.attributes
                0x00000000       0x1d c:/program files (x86)/cypress/psoc creator/4.2/psoc creator/import/gnu/arm/5.4.1/bin/../lib/gcc/arm-none-eabi/5.4.1/armv7-m/crti.o
 .ARM.attributes
                0x0000001d       0x2d c:/program files (x86)/cypress/psoc creator/4.2/psoc creator/import/gnu/arm/5.4.1/bin/../lib/gcc/arm-none-eabi/5.4.1/armv7-m/crtbegin.o
 .ARM.attributes
                0x0000004a       0x1b c:/program files (x86)/cypress/psoc creator/4.2/psoc creator/import/gnu/arm/5.4.1/bin/../lib/gcc/arm-none-eabi/5.4.1/../../../../arm-none-eabi/lib/armv7-m/crt0.o
 .ARM.attributes
                0x00000065       0x33 .\CortexM3\ARM_GCC_541\Debug\main.o
 .ARM.attributes
                0x00000098       0x33 .\CortexM3\ARM_GCC_541\Debug\edgeSensorApp.o
 .ARM.attributes
                0x000000cb       0x33 .\CortexM3\ARM_GCC_541\Debug\MotorApp.o
 .ARM.attributes
                0x000000fe       0x33 .\CortexM3\ARM_GCC_541\Debug\rpiCommunication.o
 .ARM.attributes
                0x00000131       0x33 .\CortexM3\ARM_GCC_541\Debug\scale.o
 .ARM.attributes
                0x00000164       0x33 .\CortexM3\ARM_GCC_541\Debug\waitingState.o
 .ARM.attributes
                0x00000197       0x33 .\CortexM3\ARM_GCC_541\Debug\soundApp.o
 .ARM.attributes
                0x000001ca       0x33 .\CortexM3\ARM_GCC_541\Debug\ballHandle.o
 .ARM.attributes
                0x000001fd       0x33 .\CortexM3\ARM_GCC_541\Debug\cyfitter_cfg.o
 .ARM.attributes
                0x00000230       0x33 .\CortexM3\ARM_GCC_541\Debug\cymetadata.o
 .ARM.attributes
                0x00000263       0x33 .\CortexM3\ARM_GCC_541\Debug\Cm3Start.o
 .ARM.attributes
                0x00000296       0x33 .\CortexM3\ARM_GCC_541\Debug\Ultrasoundv2.a(CLK_500kHz.o)
 .ARM.attributes
                0x000002c9       0x33 .\CortexM3\ARM_GCC_541\Debug\Ultrasoundv2.a(triggerPWM.o)
 .ARM.attributes
                0x000002fc       0x33 .\CortexM3\ARM_GCC_541\Debug\Ultrasoundv2.a(CLK_24MHz.o)
 .ARM.attributes
                0x0000032f       0x33 .\CortexM3\ARM_GCC_541\Debug\Ultrasoundv2.a(CyLib.o)
 .ARM.attributes
                0x00000362       0x33 .\CortexM3\ARM_GCC_541\Debug\Ultrasoundv2.a(cyPm.o)
 .ARM.attributes
                0x00000395       0x33 .\CortexM3\ARM_GCC_541\Debug\Ultrasoundv2.a(pulseInt.o)
 .ARM.attributes
                0x000003c8       0x33 .\CortexM3\ARM_GCC_541\Debug\Ultrasoundv2.a(pulseCounter.o)
 .ARM.attributes
                0x000003fb       0x33 .\CortexM3\ARM_GCC_541\Debug\Ultrasoundv2.a(echoInt_1.o)
 .ARM.attributes
                0x0000042e       0x33 .\CortexM3\ARM_GCC_541\Debug\Ultrasoundv2.a(echoInt_2.o)
 .ARM.attributes
                0x00000461       0x33 .\CortexM3\ARM_GCC_541\Debug\Ultrasoundv2.a(echoInt_3.o)
 .ARM.attributes
                0x00000494       0x33 .\CortexM3\ARM_GCC_541\Debug\Ultrasoundv2.a(echoInt_4.o)
 .ARM.attributes
                0x000004c7       0x33 .\CortexM3\ARM_GCC_541\Debug\Ultrasoundv2.a(Pin1_dir2.o)
 .ARM.attributes
                0x000004fa       0x33 .\CortexM3\ARM_GCC_541\Debug\Ultrasoundv2.a(Pin1_dir1.o)
 .ARM.attributes
                0x0000052d       0x33 .\CortexM3\ARM_GCC_541\Debug\Ultrasoundv2.a(Pin2_dir1.o)
 .ARM.attributes
                0x00000560       0x33 .\CortexM3\ARM_GCC_541\Debug\Ultrasoundv2.a(Pin2_dir2.o)
 .ARM.attributes
                0x00000593       0x33 .\CortexM3\ARM_GCC_541\Debug\Ultrasoundv2.a(ball_int.o)
 .ARM.attributes
                0x000005c6       0x33 .\CortexM3\ARM_GCC_541\Debug\Ultrasoundv2.a(Pin_score.o)
 .ARM.attributes
                0x000005f9       0x33 .\CortexM3\ARM_GCC_541\Debug\Ultrasoundv2.a(ADC_SAR_1.o)
 .ARM.attributes
                0x0000062c       0x33 .\CortexM3\ARM_GCC_541\Debug\Ultrasoundv2.a(ADC_SAR_1_INT.o)
 .ARM.attributes
                0x0000065f       0x33 .\CortexM3\ARM_GCC_541\Debug\Ultrasoundv2.a(ADC_SAR_1_theACLK.o)
 .ARM.attributes
                0x00000692       0x33 .\CortexM3\ARM_GCC_541\Debug\Ultrasoundv2.a(motorPWM_1.o)
 .ARM.attributes
                0x000006c5       0x33 .\CortexM3\ARM_GCC_541\Debug\Ultrasoundv2.a(motorPWM_2.o)
 .ARM.attributes
                0x000006f8       0x33 .\CortexM3\ARM_GCC_541\Debug\Ultrasoundv2.a(soundUART.o)
 .ARM.attributes
                0x0000072b       0x33 .\CortexM3\ARM_GCC_541\Debug\Ultrasoundv2.a(soundUART_IntClock.o)
 .ARM.attributes
                0x0000075e       0x33 .\CortexM3\ARM_GCC_541\Debug\Ultrasoundv2.a(Pin_running.o)
 .ARM.attributes
                0x00000791       0x21 .\CortexM3\ARM_GCC_541\Debug\Ultrasoundv2.a(CyBootAsmGnu.o)
 .ARM.attributes
                0x000007b2       0x33 .\CortexM3\ARM_GCC_541\Debug\Ultrasoundv2.a(CyFlash.o)
 .ARM.attributes
                0x000007e5       0x33 .\CortexM3\ARM_GCC_541\Debug\Ultrasoundv2.a(CySpc.o)
 .ARM.attributes
                0x00000818       0x1d c:/program files (x86)/cypress/psoc creator/4.2/psoc creator/import/gnu/arm/5.4.1/bin/../lib/gcc/arm-none-eabi/5.4.1/armv7-m\libgcc.a(_arm_addsubsf3.o)
 .ARM.attributes
                0x00000835       0x1d c:/program files (x86)/cypress/psoc creator/4.2/psoc creator/import/gnu/arm/5.4.1/bin/../lib/gcc/arm-none-eabi/5.4.1/armv7-m\libgcc.a(_arm_muldivsf3.o)
 .ARM.attributes
                0x00000852       0x1d c:/program files (x86)/cypress/psoc creator/4.2/psoc creator/import/gnu/arm/5.4.1/bin/../lib/gcc/arm-none-eabi/5.4.1/armv7-m\libgcc.a(_aeabi_ldivmod.o)
 .ARM.attributes
                0x0000086f       0x2d c:/program files (x86)/cypress/psoc creator/4.2/psoc creator/import/gnu/arm/5.4.1/bin/../lib/gcc/arm-none-eabi/5.4.1/armv7-m\libgcc.a(_udivmoddi4.o)
 .ARM.attributes
                0x0000089c       0x1d c:/program files (x86)/cypress/psoc creator/4.2/psoc creator/import/gnu/arm/5.4.1/bin/../lib/gcc/arm-none-eabi/5.4.1/armv7-m\libgcc.a(_dvmd_tls.o)
 .ARM.attributes
                0x000008b9       0x2d c:/program files (x86)/cypress/psoc creator/4.2/psoc creator/import/gnu/arm/5.4.1/bin/../lib/gcc/arm-none-eabi/5.4.1/../../../../arm-none-eabi/lib/armv7-m\libg_nano.a(lib_a-errno.o)
 .ARM.attributes
                0x000008e6       0x2d c:/program files (x86)/cypress/psoc creator/4.2/psoc creator/import/gnu/arm/5.4.1/bin/../lib/gcc/arm-none-eabi/5.4.1/../../../../arm-none-eabi/lib/armv7-m\libg_nano.a(lib_a-exit.o)
 .ARM.attributes
                0x00000913       0x2d c:/program files (x86)/cypress/psoc creator/4.2/psoc creator/import/gnu/arm/5.4.1/bin/../lib/gcc/arm-none-eabi/5.4.1/../../../../arm-none-eabi/lib/armv7-m\libg_nano.a(lib_a-impure.o)
 .ARM.attributes
                0x00000940       0x2d c:/program files (x86)/cypress/psoc creator/4.2/psoc creator/import/gnu/arm/5.4.1/bin/../lib/gcc/arm-none-eabi/5.4.1/../../../../arm-none-eabi/lib/armv7-m\libg_nano.a(lib_a-init.o)
 .ARM.attributes
                0x0000096d       0x2d c:/program files (x86)/cypress/psoc creator/4.2/psoc creator/import/gnu/arm/5.4.1/bin/../lib/gcc/arm-none-eabi/5.4.1/../../../../arm-none-eabi/lib/armv7-m\libg_nano.a(lib_a-memcpy-stub.o)
 .ARM.attributes
                0x0000099a       0x2d c:/program files (x86)/cypress/psoc creator/4.2/psoc creator/import/gnu/arm/5.4.1/bin/../lib/gcc/arm-none-eabi/5.4.1/../../../../arm-none-eabi/lib/armv7-m\libg_nano.a(lib_a-memset.o)
 .ARM.attributes
                0x000009c7       0x2d c:/program files (x86)/cypress/psoc creator/4.2/psoc creator/import/gnu/arm/5.4.1/bin/../lib/gcc/arm-none-eabi/5.4.1/../../../../arm-none-eabi/lib/armv7-m\libg_nano.a(lib_a-rand.o)
 .ARM.attributes
                0x000009f4       0x2d c:/program files (x86)/cypress/psoc creator/4.2/psoc creator/import/gnu/arm/5.4.1/bin/../lib/gcc/arm-none-eabi/5.4.1/../../../../arm-none-eabi/lib/armv7-m\libg_nano.a(lib_a-malloc.o)
 .ARM.attributes
                0x00000a21       0x2d c:/program files (x86)/cypress/psoc creator/4.2/psoc creator/import/gnu/arm/5.4.1/bin/../lib/gcc/arm-none-eabi/5.4.1/../../../../arm-none-eabi/lib/armv7-m\libg_nano.a(lib_a-nano-freer.o)
 .ARM.attributes
                0x00000a4e       0x2d c:/program files (x86)/cypress/psoc creator/4.2/psoc creator/import/gnu/arm/5.4.1/bin/../lib/gcc/arm-none-eabi/5.4.1/../../../../arm-none-eabi/lib/armv7-m\libg_nano.a(lib_a-nano-mallocr.o)
 .ARM.attributes
                0x00000a7b       0x2d c:/program files (x86)/cypress/psoc creator/4.2/psoc creator/import/gnu/arm/5.4.1/bin/../lib/gcc/arm-none-eabi/5.4.1/../../../../arm-none-eabi/lib/armv7-m\libg_nano.a(lib_a-sbrkr.o)
 .ARM.attributes
                0x00000aa8       0x2d c:/program files (x86)/cypress/psoc creator/4.2/psoc creator/import/gnu/arm/5.4.1/bin/../lib/gcc/arm-none-eabi/5.4.1/../../../../arm-none-eabi/lib/armv7-m\libg_nano.a(lib_a-mlock.o)
 .ARM.attributes
                0x00000ad5       0x2d c:/program files (x86)/cypress/psoc creator/4.2/psoc creator/import/gnu/arm/5.4.1/bin/../lib/gcc/arm-none-eabi/5.4.1/../../../../arm-none-eabi/lib/armv7-m\libg_nano.a(lib_a-reent.o)
 .ARM.attributes
                0x00000b02       0x2d c:/program files (x86)/cypress/psoc creator/4.2/psoc creator/import/gnu/arm/5.4.1/bin/../lib/gcc/arm-none-eabi/5.4.1/armv7-m/crtend.o
 .ARM.attributes
                0x00000b2f       0x1d c:/program files (x86)/cypress/psoc creator/4.2/psoc creator/import/gnu/arm/5.4.1/bin/../lib/gcc/arm-none-eabi/5.4.1/armv7-m/crtn.o

/DISCARD/
 *(.note.GNU-stack)
OUTPUT(C:\Users\lucasiversen\Desktop\Ultrasoundv2\Ultrasoundv2.cydsn\CortexM3\ARM_GCC_541\Debug\Ultrasoundv2.elf elf32-littlearm)
