Archive member included to satisfy reference by file (symbol)

.\CortexM3\ARM_GCC_541\Debug\Ultrasoundv2.a(CLK_500kHz.o)
                              .\CortexM3\ARM_GCC_541\Debug\edgeSensorApp.o (CLK_500kHz_Start)
.\CortexM3\ARM_GCC_541\Debug\Ultrasoundv2.a(triggerPWM.o)
                              .\CortexM3\ARM_GCC_541\Debug\edgeSensorApp.o (triggerPWM_Stop)
.\CortexM3\ARM_GCC_541\Debug\Ultrasoundv2.a(CLK_24MHz.o)
                              .\CortexM3\ARM_GCC_541\Debug\edgeSensorApp.o (CLK_24MHz_Start)
.\CortexM3\ARM_GCC_541\Debug\Ultrasoundv2.a(CyLib.o)
                              .\CortexM3\ARM_GCC_541\Debug\Cm3Start.o (CyHalt)
.\CortexM3\ARM_GCC_541\Debug\Ultrasoundv2.a(cyPm.o)
                              .\CortexM3\ARM_GCC_541\Debug\Ultrasoundv2.a(CyLib.o) (CyPmReadStatus)
.\CortexM3\ARM_GCC_541\Debug\Ultrasoundv2.a(pulseInt.o)
                              .\CortexM3\ARM_GCC_541\Debug\edgeSensorApp.o (pulseInt_StartEx)
.\CortexM3\ARM_GCC_541\Debug\Ultrasoundv2.a(pulseCounter.o)
                              .\CortexM3\ARM_GCC_541\Debug\edgeSensorApp.o (pulseCounter_ReadStatusRegister)
.\CortexM3\ARM_GCC_541\Debug\Ultrasoundv2.a(echoInt_1.o)
                              .\CortexM3\ARM_GCC_541\Debug\edgeSensorApp.o (echoInt_1_StartEx)
.\CortexM3\ARM_GCC_541\Debug\Ultrasoundv2.a(echoInt_2.o)
                              .\CortexM3\ARM_GCC_541\Debug\edgeSensorApp.o (echoInt_2_StartEx)
.\CortexM3\ARM_GCC_541\Debug\Ultrasoundv2.a(echoInt_3.o)
                              .\CortexM3\ARM_GCC_541\Debug\edgeSensorApp.o (echoInt_3_StartEx)
.\CortexM3\ARM_GCC_541\Debug\Ultrasoundv2.a(echoInt_4.o)
                              .\CortexM3\ARM_GCC_541\Debug\edgeSensorApp.o (echoInt_4_StartEx)
.\CortexM3\ARM_GCC_541\Debug\Ultrasoundv2.a(Pin1_dir2.o)
                              .\CortexM3\ARM_GCC_541\Debug\MotorApp.o (Pin1_dir2_Write)
.\CortexM3\ARM_GCC_541\Debug\Ultrasoundv2.a(Pin1_dir1.o)
                              .\CortexM3\ARM_GCC_541\Debug\MotorApp.o (Pin1_dir1_Write)
.\CortexM3\ARM_GCC_541\Debug\Ultrasoundv2.a(Pin2_dir1.o)
                              .\CortexM3\ARM_GCC_541\Debug\MotorApp.o (Pin2_dir1_Write)
.\CortexM3\ARM_GCC_541\Debug\Ultrasoundv2.a(Pin2_dir2.o)
                              .\CortexM3\ARM_GCC_541\Debug\MotorApp.o (Pin2_dir2_Write)
.\CortexM3\ARM_GCC_541\Debug\Ultrasoundv2.a(ball_int.o)
                              .\CortexM3\ARM_GCC_541\Debug\main.o (ball_int_StartEx)
.\CortexM3\ARM_GCC_541\Debug\Ultrasoundv2.a(Pin_score.o)
                              .\CortexM3\ARM_GCC_541\Debug\rpiCommunication.o (Pin_score_Write)
.\CortexM3\ARM_GCC_541\Debug\Ultrasoundv2.a(ADC_SAR_1.o)
                              .\CortexM3\ARM_GCC_541\Debug\main.o (ADC_SAR_1_Start)
.\CortexM3\ARM_GCC_541\Debug\Ultrasoundv2.a(ADC_SAR_1_INT.o)
                              .\CortexM3\ARM_GCC_541\Debug\Ultrasoundv2.a(ADC_SAR_1.o) (ADC_SAR_1_ISR)
.\CortexM3\ARM_GCC_541\Debug\Ultrasoundv2.a(ADC_SAR_1_theACLK.o)
                              .\CortexM3\ARM_GCC_541\Debug\Ultrasoundv2.a(ADC_SAR_1.o) (ADC_SAR_1_theACLK_SetModeRegister)
.\CortexM3\ARM_GCC_541\Debug\Ultrasoundv2.a(motorPWM_1.o)
                              .\CortexM3\ARM_GCC_541\Debug\MotorApp.o (motorPWM_1_Stop)
.\CortexM3\ARM_GCC_541\Debug\Ultrasoundv2.a(motorPWM_2.o)
                              .\CortexM3\ARM_GCC_541\Debug\MotorApp.o (motorPWM_2_Stop)
.\CortexM3\ARM_GCC_541\Debug\Ultrasoundv2.a(soundUART.o)
                              .\CortexM3\ARM_GCC_541\Debug\soundApp.o (soundUART_Start)
.\CortexM3\ARM_GCC_541\Debug\Ultrasoundv2.a(soundUART_IntClock.o)
                              .\CortexM3\ARM_GCC_541\Debug\Ultrasoundv2.a(soundUART.o) (soundUART_IntClock_Start)
.\CortexM3\ARM_GCC_541\Debug\Ultrasoundv2.a(CyBootAsmGnu.o)
                              .\CortexM3\ARM_GCC_541\Debug\cyfitter_cfg.o (CyDelayCycles)
.\CortexM3\ARM_GCC_541\Debug\Ultrasoundv2.a(CyFlash.o)
                              .\CortexM3\ARM_GCC_541\Debug\Ultrasoundv2.a(cyPm.o) (CyFlash_SetWaitCycles)
.\CortexM3\ARM_GCC_541\Debug\Ultrasoundv2.a(CySpc.o)
                              .\CortexM3\ARM_GCC_541\Debug\Ultrasoundv2.a(CyFlash.o) (CySpcStart)
c:/program files (x86)/cypress/psoc creator/4.2/psoc creator/import/gnu/arm/5.4.1/bin/../lib/gcc/arm-none-eabi/5.4.1/armv7-m\libgcc.a(_arm_addsubsf3.o)
                              .\CortexM3\ARM_GCC_541\Debug\Ultrasoundv2.a(ADC_SAR_1.o) (__aeabi_i2f)
c:/program files (x86)/cypress/psoc creator/4.2/psoc creator/import/gnu/arm/5.4.1/bin/../lib/gcc/arm-none-eabi/5.4.1/armv7-m\libgcc.a(_arm_muldivsf3.o)
                              .\CortexM3\ARM_GCC_541\Debug\Ultrasoundv2.a(ADC_SAR_1.o) (__aeabi_fmul)
c:/program files (x86)/cypress/psoc creator/4.2/psoc creator/import/gnu/arm/5.4.1/bin/../lib/gcc/arm-none-eabi/5.4.1/armv7-m\libgcc.a(_aeabi_ldivmod.o)
                              .\CortexM3\ARM_GCC_541\Debug\Ultrasoundv2.a(ADC_SAR_1.o) (__aeabi_ldivmod)
[...]
Memory Configuration

Name             Origin             Length             Attributes
rom              0x00000000         0x00040000         xr
ram              0x1fff8000         0x00010000         xrw
*default*        0x00000000         0xffffffff

Linker script and memory map

LOAD c:/program files (x86)/cypress/psoc creator/4.2/psoc creator/import/gnu/arm/5.4.1/bin/../lib/gcc/arm-none-eabi/5.4.1/armv7-m/crti.o
LOAD c:/program files (x86)/cypress/psoc creator/4.2/psoc creator/import/gnu/arm/5.4.1/bin/../lib/gcc/arm-none-eabi/5.4.1/armv7-m/crtbegin.o
LOAD c:/program files (x86)/cypress/psoc creator/4.2/psoc creator/import/gnu/arm/5.4.1/bin/../lib/gcc/arm-none-eabi/5.4.1/../../../../arm-none-eabi/lib/armv7-m/crt0.o
START GROUP
LOAD .\CortexM3\ARM_GCC_541\Debug\main.o
LOAD .\CortexM3\ARM_GCC_541\Debug\edgeSensorApp.o
LOAD .\CortexM3\ARM_GCC_541\Debug\MotorApp.o
LOAD .\CortexM3\ARM_GCC_541\Debug\rpiCommunication.o
LOAD .\CortexM3\ARM_GCC_541\Debug\scale.o
LOAD .\CortexM3\ARM_GCC_541\Debug\waitingState.o
LOAD .\CortexM3\ARM_GCC_541\Debug\soundApp.o
LOAD .\CortexM3\ARM_GCC_541\Debug\cyfitter_cfg.o
LOAD .\CortexM3\ARM_GCC_541\Debug\cymetadata.o
LOAD .\CortexM3\ARM_GCC_541\Debug\Cm3Start.o
LOAD .\CortexM3\ARM_GCC_541\Debug\Ultrasoundv2.a
LOAD C:\Program Files (x86)\Cypress\PSoC Creator\4.2\PSoC Creator\psoc\content\cycomponentlibrary\CyComponentLibrary.cylib\CortexM3\ARM_GCC_541\Debug\CyComponentLibrary.a
END GROUP
START GROUP
LOAD c:/program files (x86)/cypress/psoc creator/4.2/psoc creator/import/gnu/arm/5.4.1/bin/../lib/gcc/arm-none-eabi/5.4.1/armv7-m\libgcc.a
LOAD c:/program files (x86)/cypress/psoc creator/4.2/psoc creator/import/gnu/arm/5.4.1/bin/../lib/gcc/arm-none-eabi/5.4.1/../../../../arm-none-eabi/lib/armv7-m\libg_nano.a
LOAD c:/program files (x86)/cypress/psoc creator/4.2/psoc creator/import/gnu/arm/5.4.1/bin/../lib/gcc/arm-none-eabi/5.4.1/../../../../arm-none-eabi/lib/armv7-m\libc_nano.a
END GROUP
START GROUP
LOAD c:/program files (x86)/cypress/psoc creator/4.2/psoc creator/import/gnu/arm/5.4.1/bin/../lib/gcc/arm-none-eabi/5.4.1/armv7-m\libgcc.a
LOAD c:/program files (x86)/cypress/psoc creator/4.2/psoc creator/import/gnu/arm/5.4.1/bin/../lib/gcc/arm-none-eabi/5.4.1/../../../../arm-none-eabi/lib/armv7-m\libc_nano.a
END GROUP
LOAD c:/program files (x86)/cypress/psoc creator/4.2/psoc creator/import/gnu/arm/5.4.1/bin/../lib/gcc/arm-none-eabi/5.4.1/armv7-m/crtend.o
LOAD c:/program files (x86)/cypress/psoc creator/4.2/psoc creator/import/gnu/arm/5.4.1/bin/../lib/gcc/arm-none-eabi/5.4.1/armv7-m/crtn.o
START GROUP
LOAD c:/program files (x86)/cypress/psoc creator/4.2/psoc creator/import/gnu/arm/5.4.1/bin/../lib/gcc/arm-none-eabi/5.4.1/armv7-m\libgcc.a
LOAD c:/program files (x86)/cypress/psoc creator/4.2/psoc creator/import/gnu/arm/5.4.1/bin/../lib/gcc/arm-none-eabi/5.4.1/../../../../arm-none-eabi/lib/armv7-m\libc.a
LOAD c:/program files (x86)/cypress/psoc creator/4.2/psoc creator/import/gnu/arm/5.4.1/bin/../lib/gcc/arm-none-eabi/5.4.1/../../../../arm-none-eabi/lib/armv7-m\libnosys.a
END GROUP
                0x00000000                CY_APPL_ORIGIN = 0x0
                0x00000100                CY_FLASH_ROW_SIZE = 0x100
                0x00000020                CY_ECC_ROW_SIZE = 0x20
                0x00000000                CY_EE_IN_BTLDR = 0x0
                0x00000000                CY_APPL_LOADABLE = 0x0
                0x00000800                CY_EE_SIZE = 0x800
                0x00000001                CY_APPL_NUM = 0x1
                0x00000001                CY_APPL_MAX = 0x1
                0x00000040                CY_METADATA_SIZE = 0x40
                0x00000000                CY_APPL_LOADABLE = 0x0
                0x00000000                CY_CHECKSUM_EXCLUDE_SIZE = ALIGN (0x0, CY_FLASH_ROW_SIZE)
                [!provide]                PROVIDE (__cy_heap_start, _end)
                0x00000001                PROVIDE (__cy_region_num, ((__cy_regions_end - __cy_regions) / 0x10))
                0x20008000                PROVIDE (__cy_stack, (ORIGIN (ram) + LENGTH (ram)))
                [!provide]                PROVIDE (__cy_heap_end, (__cy_stack - 0x800))

.cybootloader   0x00000000        0x0
 *(.cybootloader)
                0x00000000                appl1_start = CY_APPL_ORIGIN?CY_APPL_ORIGIN:ALIGN (CY_FLASH_ROW_SIZE)
                0x0001ff00                appl2_start = (appl1_start + ALIGN ((((LENGTH (rom) - appl1_start) - (0x2 * CY_FLASH_ROW_SIZE)) / 0x2), CY_FLASH_ROW_SIZE))
                0x00000000                appl_start = (CY_APPL_NUM == 0x1)?appl1_start:appl2_start
                0x00000000                ecc_offset = ((appl_start / CY_FLASH_ROW_SIZE) * CY_ECC_ROW_SIZE)
                0x00000000                ee_offset = (CY_APPL_LOADABLE && ! (CY_EE_IN_BTLDR))?((CY_EE_SIZE / CY_APPL_MAX) * (CY_APPL_NUM - 0x1)):0x0
                0x00000800                ee_size = (CY_APPL_LOADABLE && ! (CY_EE_IN_BTLDR))?(CY_EE_SIZE / CY_APPL_MAX):CY_EE_SIZE
                [!provide]                PROVIDE (CY_ECC_OFFSET, ecc_offset)

.text           0x00000000     0x15ec
 CREATE_OBJECT_SYMBOLS
                0x00000000                PROVIDE (__cy_interrupt_vector, RomVectors)
 *(.romvectors)
 .romvectors    0x00000000       0x10 .\CortexM3\ARM_GCC_541\Debug\Cm3Start.o
                0x00000000                RomVectors
                0x00000001                ASSERT ((. != __cy_interrupt_vector), No interrupt vector)
                0x00000001                ASSERT (CY_APPL_ORIGIN?(SIZEOF (.cybootloader) <= CY_APPL_ORIGIN):0x1, Wrong image location)
                0x00000010                PROVIDE (__cy_reset, Reset)
 *(.text.Reset)
 .text.Reset    0x00000010       0x18 .\CortexM3\ARM_GCC_541\Debug\Cm3Start.o
                0x00000010                Reset
                0x00000001                ASSERT ((. != __cy_reset), No reset code)
 *(.dma_init)
                0x00000001                ASSERT ((((appl_start + .) <= 0x10000) || 0x1), DMA Init must be within the first 64k of flash)
 *(.text .text.* .gnu.linkonce.t.*)
 .text          0x00000028       0x5c c:/program files (x86)/cypress/psoc creator/4.2/psoc creator/import/gnu/arm/5.4.1/bin/../lib/gcc/arm-none-eabi/5.4.1/armv7-m/crtbegin.o
 .text.ball_int_handler
                0x00000084       0x28 .\CortexM3\ARM_GCC_541\Debug\main.o
                0x00000084                ball_int_handler
 .text.main     0x000000ac       0x64 .\CortexM3\ARM_GCC_541\Debug\main.o
                0x000000ac                main
 .text.echoInt1_handler
                0x00000110       0x24 .\CortexM3\ARM_GCC_541\Debug\edgeSensorApp.o
                0x00000110                echoInt1_handler
 .text.echoInt2_handler
                0x00000134       0x24 .\CortexM3\ARM_GCC_541\Debug\edgeSensorApp.o
                0x00000134                echoInt2_handler
 .text.echoInt3_handler
                0x00000158       0x24 .\CortexM3\ARM_GCC_541\Debug\edgeSensorApp.o
                0x00000158                echoInt3_handler
 .text.echoInt4_handler
                0x0000017c       0x24 .\CortexM3\ARM_GCC_541\Debug\edgeSensorApp.o
                0x0000017c                echoInt4_handler
 .text.edgeSensorInit
                0x000001a0       0x48 .\CortexM3\ARM_GCC_541\Debug\edgeSensorApp.o
                0x000001a0                edgeSensorInit
 .text.getStatus
                0x000001e8       0x18 .\CortexM3\ARM_GCC_541\Debug\edgeSensorApp.o
                0x000001e8                getStatus
 .text.pulseInt_handler
                0x00000200       0x90 .\CortexM3\ARM_GCC_541\Debug\edgeSensorApp.o
                0x00000200                pulseInt_handler
 .text.driveForwards
                0x00000290       0x44 .\CortexM3\ARM_GCC_541\Debug\MotorApp.o
                0x00000290                driveForwards
 .text.driveBackwards
                0x000002d4       0x44 .\CortexM3\ARM_GCC_541\Debug\MotorApp.o
                0x000002d4                driveBackwards
 .text.motorStop
                0x00000318        0xc .\CortexM3\ARM_GCC_541\Debug\MotorApp.o
                0x00000318                motorStop
 .text.changeSpeed
                0x00000324       0x68 .\CortexM3\ARM_GCC_541\Debug\MotorApp.o
                0x00000324                changeSpeed
 .text.changeState
                0x0000038c       0x40 .\CortexM3\ARM_GCC_541\Debug\MotorApp.o
                0x0000038c                changeState
 .text.speedSelect
                0x000003cc       0x5c .\CortexM3\ARM_GCC_541\Debug\MotorApp.o
                0x000003cc                speedSelect
 .text.DelayBased90Turn
                0x00000428       0x8c .\CortexM3\ARM_GCC_541\Debug\MotorApp.o
                0x00000428                DelayBased90Turn
 .text.DelayBased180Turn
                0x000004b4       0x80 .\CortexM3\ARM_GCC_541\Debug\MotorApp.o
                0x000004b4                DelayBased180Turn
 .text.rpiInit  0x00000534        0xc .\CortexM3\ARM_GCC_541\Debug\rpiCommunication.o
                0x00000534                rpiInit
 .text.readScaleStatus
                0x00000540       0xdc .\CortexM3\ARM_GCC_541\Debug\scale.o
                0x00000540                readScaleStatus
 .text.waitingStateStart
                0x0000061c       0x30 .\CortexM3\ARM_GCC_541\Debug\waitingState.o
                0x0000061c                waitingStateStart
 .text.waitingStateDrink
                0x0000064c       0x24 .\CortexM3\ARM_GCC_541\Debug\waitingState.o
                0x0000064c                waitingStateDrink
 .text.soundInit
                0x00000670       0x2c .\CortexM3\ARM_GCC_541\Debug\soundApp.o
                0x00000670                soundInit
 .text.sendToSOMO
                0x0000069c       0x38 .\CortexM3\ARM_GCC_541\Debug\soundApp.o
                0x0000069c                sendToSOMO
 .text.CyClockStartupError
                0x000006d4        0x4 .\CortexM3\ARM_GCC_541\Debug\cyfitter_cfg.o
 .text.cfg_write_bytes32
                0x000006d8       0x34 .\CortexM3\ARM_GCC_541\Debug\cyfitter_cfg.o
 .text.CYMEMZERO
                0x0000070c        0xc .\CortexM3\ARM_GCC_541\Debug\cyfitter_cfg.o
 .text.AnalogSetDefault
                0x00000718       0x7c .\CortexM3\ARM_GCC_541\Debug\cyfitter_cfg.o
 .text.CYCONFIGCPY
                0x00000794        0x8 .\CortexM3\ARM_GCC_541\Debug\cyfitter_cfg.o
 .text.ClockSetup
                0x0000079c      0x10c .\CortexM3\ARM_GCC_541\Debug\cyfitter_cfg.o
 .text.cyfitter_cfg
                0x000008a8      0x124 .\CortexM3\ARM_GCC_541\Debug\cyfitter_cfg.o
                0x000008a8                cyfitter_cfg
 .text.IntDefaultHandler
                0x000009cc       0x10 .\CortexM3\ARM_GCC_541\Debug\Cm3Start.o
                0x000009cc                IntDefaultHandler
 .text._sbrk    0x000009dc       0x30 .\CortexM3\ARM_GCC_541\Debug\Cm3Start.o
                0x000009dc                _sbrk
 .text.Start_c  0x00000a0c       0x4c .\CortexM3\ARM_GCC_541\Debug\Cm3Start.o
                0x00000a0c                Start_c
 .text.initialize_psoc
                0x00000a58       0x68 .\CortexM3\ARM_GCC_541\Debug\Cm3Start.o
                0x00000a58                initialize_psoc
 .text.CLK_500kHz_Start
                0x00000ac0       0x1c .\CortexM3\ARM_GCC_541\Debug\Ultrasoundv2.a(CLK_500kHz.o)
                0x00000ac0                CLK_500kHz_Start
 .text.triggerPWM_Enable
                0x00000adc       0x10 .\CortexM3\ARM_GCC_541\Debug\Ultrasoundv2.a(triggerPWM.o)
                0x00000adc                triggerPWM_Enable
 .text.triggerPWM_Stop
                0x00000aec       0x10 .\CortexM3\ARM_GCC_541\Debug\Ultrasoundv2.a(triggerPWM.o)
                0x00000aec                triggerPWM_Stop
 .text.triggerPWM_WriteCounter
                0x00000afc        0xc .\CortexM3\ARM_GCC_541\Debug\Ultrasoundv2.a(triggerPWM.o)
                0x00000afc                triggerPWM_WriteCounter
 .text.triggerPWM_WritePeriod
                0x00000b08        0xc .\CortexM3\ARM_GCC_541\Debug\Ultrasoundv2.a(triggerPWM.o)
                0x00000b08                triggerPWM_WritePeriod
 .text.triggerPWM_WriteCompare
                0x00000b14        0xc .\CortexM3\ARM_GCC_541\Debug\Ultrasoundv2.a(triggerPWM.o)
                0x00000b14                triggerPWM_WriteCompare
 .text.triggerPWM_Init
                0x00000b20       0x40 .\CortexM3\ARM_GCC_541\Debug\Ultrasoundv2.a(triggerPWM.o)
                0x00000b20                triggerPWM_Init
 .text.triggerPWM_Start
                0x00000b60       0x1c .\CortexM3\ARM_GCC_541\Debug\Ultrasoundv2.a(triggerPWM.o)
                0x00000b60                triggerPWM_Start
 .text.CLK_24MHz_Start
                0x00000b7c       0x1c .\CortexM3\ARM_GCC_541\Debug\Ultrasoundv2.a(CLK_24MHz.o)
                0x00000b7c                CLK_24MHz_Start
 .text.CyHalt   0x00000b98        0x4 .\CortexM3\ARM_GCC_541\Debug\Ultrasoundv2.a(CyLib.o)
                0x00000b98                CyHalt
 .text.CyDelay  0x00000b9c       0x2c .\CortexM3\ARM_GCC_541\Debug\Ultrasoundv2.a(CyLib.o)
                0x00000b9c                CyDelay
 .text.CyDelayUs
                0x00000bc8       0x14 .\CortexM3\ARM_GCC_541\Debug\Ultrasoundv2.a(CyLib.o)
                0x00000bc8                CyDelayUs
 .text.CyIntSetVector
                0x00000bdc       0x28 .\CortexM3\ARM_GCC_541\Debug\Ultrasoundv2.a(CyLib.o)
                0x00000bdc                CyIntSetVector
 .text.CyIntSetPriority
                0x00000c04       0x30 .\CortexM3\ARM_GCC_541\Debug\Ultrasoundv2.a(CyLib.o)
                0x00000c04                CyIntSetPriority
 .text.pulseInt_SetVector
                0x00000c34        0xc .\CortexM3\ARM_GCC_541\Debug\Ultrasoundv2.a(pulseInt.o)
                0x00000c34                pulseInt_SetVector
 .text.pulseInt_SetPriority
                0x00000c40       0x10 .\CortexM3\ARM_GCC_541\Debug\Ultrasoundv2.a(pulseInt.o)
                0x00000c40                pulseInt_SetPriority
 .text.pulseInt_Enable
                0x00000c50       0x10 .\CortexM3\ARM_GCC_541\Debug\Ultrasoundv2.a(pulseInt.o)
                0x00000c50                pulseInt_Enable
 .text.pulseInt_Disable
                0x00000c60       0x10 .\CortexM3\ARM_GCC_541\Debug\Ultrasoundv2.a(pulseInt.o)
                0x00000c60                pulseInt_Disable
 .text.pulseInt_StartEx
                0x00000c70       0x1c .\CortexM3\ARM_GCC_541\Debug\Ultrasoundv2.a(pulseInt.o)
                0x00000c70                pulseInt_StartEx
 .text.pulseCounter_Enable
                0x00000c8c       0x10 .\CortexM3\ARM_GCC_541\Debug\Ultrasoundv2.a(pulseCounter.o)
                0x00000c8c                pulseCounter_Enable
 .text.pulseCounter_SetInterruptMode
                0x00000c9c        0xc .\CortexM3\ARM_GCC_541\Debug\Ultrasoundv2.a(pulseCounter.o)
                0x00000c9c                pulseCounter_SetInterruptMode
 .text.pulseCounter_ReadStatusRegister
                0x00000ca8        0xc .\CortexM3\ARM_GCC_541\Debug\Ultrasoundv2.a(pulseCounter.o)
                0x00000ca8                pulseCounter_ReadStatusRegister
 .text.pulseCounter_WriteCounter
                0x00000cb4        0xc .\CortexM3\ARM_GCC_541\Debug\Ultrasoundv2.a(pulseCounter.o)
                0x00000cb4                pulseCounter_WriteCounter
 .text.pulseCounter_ReadCapture
                0x00000cc0        0xc .\CortexM3\ARM_GCC_541\Debug\Ultrasoundv2.a(pulseCounter.o)
                0x00000cc0                pulseCounter_ReadCapture
 .text.pulseCounter_WritePeriod
                0x00000ccc        0xc .\CortexM3\ARM_GCC_541\Debug\Ultrasoundv2.a(pulseCounter.o)
                0x00000ccc                pulseCounter_WritePeriod
 .text.pulseCounter_WriteCompare
                0x00000cd8        0xc .\CortexM3\ARM_GCC_541\Debug\Ultrasoundv2.a(pulseCounter.o)
                0x00000cd8                pulseCounter_WriteCompare
 .text.pulseCounter_ClearFIFO
                0x00000ce4       0x14 .\CortexM3\ARM_GCC_541\Debug\Ultrasoundv2.a(pulseCounter.o)
                0x00000ce4                pulseCounter_ClearFIFO
 .text.pulseCounter_Init
                0x00000cf8       0x5c .\CortexM3\ARM_GCC_541\Debug\Ultrasoundv2.a(pulseCounter.o)
                0x00000cf8                pulseCounter_Init
 .text.pulseCounter_Start
                0x00000d54       0x1c .\CortexM3\ARM_GCC_541\Debug\Ultrasoundv2.a(pulseCounter.o)
                0x00000d54                pulseCounter_Start
 .text.echoInt_1_SetVector
                0x00000d70        0xc .\CortexM3\ARM_GCC_541\Debug\Ultrasoundv2.a(echoInt_1.o)
                0x00000d70                echoInt_1_SetVector
 .text.echoInt_1_SetPriority
                0x00000d7c       0x10 .\CortexM3\ARM_GCC_541\Debug\Ultrasoundv2.a(echoInt_1.o)
                0x00000d7c                echoInt_1_SetPriority
 .text.echoInt_1_Enable
                0x00000d8c        0xc .\CortexM3\ARM_GCC_541\Debug\Ultrasoundv2.a(echoInt_1.o)
                0x00000d8c                echoInt_1_Enable
 .text.echoInt_1_Disable
                0x00000d98        0xc .\CortexM3\ARM_GCC_541\Debug\Ultrasoundv2.a(echoInt_1.o)
                0x00000d98                echoInt_1_Disable
 .text.echoInt_1_StartEx
                0x00000da4       0x1c .\CortexM3\ARM_GCC_541\Debug\Ultrasoundv2.a(echoInt_1.o)
                0x00000da4                echoInt_1_StartEx
 .text.echoInt_2_SetVector
                0x00000dc0        0xc .\CortexM3\ARM_GCC_541\Debug\Ultrasoundv2.a(echoInt_2.o)
                0x00000dc0                echoInt_2_SetVector
 .text.echoInt_2_SetPriority
                0x00000dcc       0x10 .\CortexM3\ARM_GCC_541\Debug\Ultrasoundv2.a(echoInt_2.o)
                0x00000dcc                echoInt_2_SetPriority
 .text.echoInt_2_Enable
                0x00000ddc        0xc .\CortexM3\ARM_GCC_541\Debug\Ultrasoundv2.a(echoInt_2.o)
                0x00000ddc                echoInt_2_Enable
 .text.echoInt_2_Disable
                0x00000de8        0xc .\CortexM3\ARM_GCC_541\Debug\Ultrasoundv2.a(echoInt_2.o)
                0x00000de8                echoInt_2_Disable
 .text.echoInt_2_StartEx
                0x00000df4       0x1c .\CortexM3\ARM_GCC_541\Debug\Ultrasoundv2.a(echoInt_2.o)
                0x00000df4                echoInt_2_StartEx
 .text.echoInt_3_SetVector
                0x00000e10        0xc .\CortexM3\ARM_GCC_541\Debug\Ultrasoundv2.a(echoInt_3.o)
                0x00000e10                echoInt_3_SetVector
 .text.echoInt_3_SetPriority
                0x00000e1c       0x10 .\CortexM3\ARM_GCC_541\Debug\Ultrasoundv2.a(echoInt_3.o)
                0x00000e1c                echoInt_3_SetPriority
 .text.echoInt_3_Enable
                0x00000e2c        0xc .\CortexM3\ARM_GCC_541\Debug\Ultrasoundv2.a(echoInt_3.o)
                0x00000e2c                echoInt_3_Enable
 .text.echoInt_3_Disable
                0x00000e38        0xc .\CortexM3\ARM_GCC_541\Debug\Ultrasoundv2.a(echoInt_3.o)
                0x00000e38                echoInt_3_Disable
 .text.echoInt_3_StartEx
                0x00000e44       0x1c .\CortexM3\ARM_GCC_541\Debug\Ultrasoundv2.a(echoInt_3.o)
                0x00000e44                echoInt_3_StartEx
 .text.echoInt_4_SetVector
                0x00000e60        0xc .\CortexM3\ARM_GCC_541\Debug\Ultrasoundv2.a(echoInt_4.o)
                0x00000e60                echoInt_4_SetVector
 .text.echoInt_4_SetPriority
                0x00000e6c       0x10 .\CortexM3\ARM_GCC_541\Debug\Ultrasoundv2.a(echoInt_4.o)
                0x00000e6c                echoInt_4_SetPriority
 .text.echoInt_4_Enable
                0x00000e7c        0xc .\CortexM3\ARM_GCC_541\Debug\Ultrasoundv2.a(echoInt_4.o)
                0x00000e7c                echoInt_4_Enable
 .text.echoInt_4_Disable
                0x00000e88        0xc .\CortexM3\ARM_GCC_541\Debug\Ultrasoundv2.a(echoInt_4.o)
                0x00000e88                echoInt_4_Disable
 .text.echoInt_4_StartEx
                0x00000e94       0x1c .\CortexM3\ARM_GCC_541\Debug\Ultrasoundv2.a(echoInt_4.o)
                0x00000e94                echoInt_4_StartEx
 .text.Pin1_dir2_Write
                0x00000eb0       0x18 .\CortexM3\ARM_GCC_541\Debug\Ultrasoundv2.a(Pin1_dir2.o)
                0x00000eb0                Pin1_dir2_Write
 .text.Pin1_dir1_Write
                0x00000ec8       0x18 .\CortexM3\ARM_GCC_541\Debug\Ultrasoundv2.a(Pin1_dir1.o)
                0x00000ec8                Pin1_dir1_Write
 .text.Pin2_dir1_Write
                0x00000ee0       0x18 .\CortexM3\ARM_GCC_541\Debug\Ultrasoundv2.a(Pin2_dir1.o)
                0x00000ee0                Pin2_dir1_Write
 .text.Pin2_dir2_Write
                0x00000ef8       0x18 .\CortexM3\ARM_GCC_541\Debug\Ultrasoundv2.a(Pin2_dir2.o)
                0x00000ef8                Pin2_dir2_Write
 .text.ball_int_SetVector
                0x00000f10        0xc .\CortexM3\ARM_GCC_541\Debug\Ultrasoundv2.a(ball_int.o)
                0x00000f10                ball_int_SetVector
 .text.ball_int_SetPriority
                0x00000f1c       0x10 .\CortexM3\ARM_GCC_541\Debug\Ultrasoundv2.a(ball_int.o)
                0x00000f1c                ball_int_SetPriority
 .text.ball_int_Enable
                0x00000f2c        0xc .\CortexM3\ARM_GCC_541\Debug\Ultrasoundv2.a(ball_int.o)
                0x00000f2c                ball_int_Enable
 .text.ball_int_Disable
                0x00000f38        0xc .\CortexM3\ARM_GCC_541\Debug\Ultrasoundv2.a(ball_int.o)
                0x00000f38                ball_int_Disable
 .text.ball_int_StartEx
                0x00000f44       0x1c .\CortexM3\ARM_GCC_541\Debug\Ultrasoundv2.a(ball_int.o)
                0x00000f44                ball_int_StartEx
 .text.Pin_score_Write
                0x00000f60       0x18 .\CortexM3\ARM_GCC_541\Debug\Ultrasoundv2.a(Pin_score.o)
                0x00000f60                Pin_score_Write
 .text.ADC_SAR_1_CalcGain
                0x00000f78       0x64 .\CortexM3\ARM_GCC_541\Debug\Ultrasoundv2.a(ADC_SAR_1.o)
 .text.ADC_SAR_1_Enable
                0x00000fdc       0x94 .\CortexM3\ARM_GCC_541\Debug\Ultrasoundv2.a(ADC_SAR_1.o)
                0x00000fdc                ADC_SAR_1_Enable
 .text.ADC_SAR_1_SetResolution
                0x00001070       0x38 .\CortexM3\ARM_GCC_541\Debug\Ultrasoundv2.a(ADC_SAR_1.o)
                0x00001070                ADC_SAR_1_SetResolution
 .text.ADC_SAR_1_Init
                0x000010a8       0x3c .\CortexM3\ARM_GCC_541\Debug\Ultrasoundv2.a(ADC_SAR_1.o)
                0x000010a8                ADC_SAR_1_Init
 .text.ADC_SAR_1_Start
                0x000010e4       0x1c .\CortexM3\ARM_GCC_541\Debug\Ultrasoundv2.a(ADC_SAR_1.o)
                0x000010e4                ADC_SAR_1_Start
 .text.ADC_SAR_1_StartConvert
                0x00001100       0x10 .\CortexM3\ARM_GCC_541\Debug\Ultrasoundv2.a(ADC_SAR_1.o)
                0x00001100                ADC_SAR_1_StartConvert
 .text.ADC_SAR_1_IsEndConversion
                0x00001110       0x24 .\CortexM3\ARM_GCC_541\Debug\Ultrasoundv2.a(ADC_SAR_1.o)
                0x00001110                ADC_SAR_1_IsEndConversion
 .text.ADC_SAR_1_GetResult16
                0x00001134       0x18 .\CortexM3\ARM_GCC_541\Debug\Ultrasoundv2.a(ADC_SAR_1.o)
                0x00001134                ADC_SAR_1_GetResult16
 .text.ADC_SAR_1_ISR
                0x0000114c        0x4 .\CortexM3\ARM_GCC_541\Debug\Ultrasoundv2.a(ADC_SAR_1_INT.o)
                0x0000114c                ADC_SAR_1_ISR
 .text.ADC_SAR_1_theACLK_SetModeRegister
                0x00001150       0x14 .\CortexM3\ARM_GCC_541\Debug\Ultrasoundv2.a(ADC_SAR_1_theACLK.o)
                0x00001150                ADC_SAR_1_theACLK_SetModeRegister
 .text.motorPWM_1_Enable
                0x00001164       0x10 .\CortexM3\ARM_GCC_541\Debug\Ultrasoundv2.a(motorPWM_1.o)
                0x00001164                motorPWM_1_Enable
 .text.motorPWM_1_Stop
                0x00001174       0x10 .\CortexM3\ARM_GCC_541\Debug\Ultrasoundv2.a(motorPWM_1.o)
                0x00001174                motorPWM_1_Stop
 .text.motorPWM_1_WriteCounter
                0x00001184        0xc .\CortexM3\ARM_GCC_541\Debug\Ultrasoundv2.a(motorPWM_1.o)
                0x00001184                motorPWM_1_WriteCounter
 .text.motorPWM_1_WritePeriod
                0x00001190        0xc .\CortexM3\ARM_GCC_541\Debug\Ultrasoundv2.a(motorPWM_1.o)
                0x00001190                motorPWM_1_WritePeriod
 .text.motorPWM_1_WriteCompare
                0x0000119c        0xc .\CortexM3\ARM_GCC_541\Debug\Ultrasoundv2.a(motorPWM_1.o)
                0x0000119c                motorPWM_1_WriteCompare
 .text.motorPWM_1_SetInterruptMode
                0x000011a8        0xc .\CortexM3\ARM_GCC_541\Debug\Ultrasoundv2.a(motorPWM_1.o)
                0x000011a8                motorPWM_1_SetInterruptMode
 .text.motorPWM_1_ReadStatusRegister
                0x000011b4        0xc .\CortexM3\ARM_GCC_541\Debug\Ultrasoundv2.a(motorPWM_1.o)
                0x000011b4                motorPWM_1_ReadStatusRegister
 .text.motorPWM_1_ReadCapture
                0x000011c0        0xc .\CortexM3\ARM_GCC_541\Debug\Ultrasoundv2.a(motorPWM_1.o)
                0x000011c0                motorPWM_1_ReadCapture
 .text.motorPWM_1_ClearFIFO
                0x000011cc       0x14 .\CortexM3\ARM_GCC_541\Debug\Ultrasoundv2.a(motorPWM_1.o)
                0x000011cc                motorPWM_1_ClearFIFO
 .text.motorPWM_1_Init
                0x000011e0       0x50 .\CortexM3\ARM_GCC_541\Debug\Ultrasoundv2.a(motorPWM_1.o)
                0x000011e0                motorPWM_1_Init
 .text.motorPWM_1_Start
                0x00001230       0x1c .\CortexM3\ARM_GCC_541\Debug\Ultrasoundv2.a(motorPWM_1.o)
                0x00001230                motorPWM_1_Start
 .text.motorPWM_2_Enable
                0x0000124c       0x10 .\CortexM3\ARM_GCC_541\Debug\Ultrasoundv2.a(motorPWM_2.o)
                0x0000124c                motorPWM_2_Enable
 .text.motorPWM_2_Stop
                0x0000125c       0x10 .\CortexM3\ARM_GCC_541\Debug\Ultrasoundv2.a(motorPWM_2.o)
                0x0000125c                motorPWM_2_Stop
 .text.motorPWM_2_WriteCounter
                0x0000126c        0xc .\CortexM3\ARM_GCC_541\Debug\Ultrasoundv2.a(motorPWM_2.o)
                0x0000126c                motorPWM_2_WriteCounter
 .text.motorPWM_2_WritePeriod
                0x00001278        0xc .\CortexM3\ARM_GCC_541\Debug\Ultrasoundv2.a(motorPWM_2.o)
                0x00001278                motorPWM_2_WritePeriod
 .text.motorPWM_2_WriteCompare
                0x00001284        0xc .\CortexM3\ARM_GCC_541\Debug\Ultrasoundv2.a(motorPWM_2.o)
                0x00001284                motorPWM_2_WriteCompare
 .text.motorPWM_2_SetInterruptMode
                0x00001290        0xc .\CortexM3\ARM_GCC_541\Debug\Ultrasoundv2.a(motorPWM_2.o)
                0x00001290                motorPWM_2_SetInterruptMode
 .text.motorPWM_2_ReadStatusRegister
                0x0000129c        0xc .\CortexM3\ARM_GCC_541\Debug\Ultrasoundv2.a(motorPWM_2.o)
                0x0000129c                motorPWM_2_ReadStatusRegister
 .text.motorPWM_2_ReadCapture
                0x000012a8        0xc .\CortexM3\ARM_GCC_541\Debug\Ultrasoundv2.a(motorPWM_2.o)
                0x000012a8                motorPWM_2_ReadCapture
 .text.motorPWM_2_ClearFIFO
                0x000012b4       0x14 .\CortexM3\ARM_GCC_541\Debug\Ultrasoundv2.a(motorPWM_2.o)
                0x000012b4                motorPWM_2_ClearFIFO
 .text.motorPWM_2_Init
                0x000012c8       0x50 .\CortexM3\ARM_GCC_541\Debug\Ultrasoundv2.a(motorPWM_2.o)
                0x000012c8                motorPWM_2_Init
 .text.motorPWM_2_Start
                0x00001318       0x1c .\CortexM3\ARM_GCC_541\Debug\Ultrasoundv2.a(motorPWM_2.o)
                0x00001318                motorPWM_2_Start
 .text.soundUART_Init
                0x00001334       0x18 .\CortexM3\ARM_GCC_541\Debug\Ultrasoundv2.a(soundUART.o)
                0x00001334                soundUART_Init
 .text.soundUART_Enable
                0x0000134c       0x24 .\CortexM3\ARM_GCC_541\Debug\Ultrasoundv2.a(soundUART.o)
                0x0000134c                soundUART_Enable
 .text.soundUART_Start
                0x00001370       0x1c .\CortexM3\ARM_GCC_541\Debug\Ultrasoundv2.a(soundUART.o)
                0x00001370                soundUART_Start
 .text.soundUART_PutChar
                0x0000138c       0x18 .\CortexM3\ARM_GCC_541\Debug\Ultrasoundv2.a(soundUART.o)
                0x0000138c                soundUART_PutChar
 .text.soundUART_PutArray
                0x000013a4       0x28 .\CortexM3\ARM_GCC_541\Debug\Ultrasoundv2.a(soundUART.o)
                0x000013a4                soundUART_PutArray
 .text.soundUART_IntClock_Start
                0x000013cc       0x1c .\CortexM3\ARM_GCC_541\Debug\Ultrasoundv2.a(soundUART_IntClock.o)
                0x000013cc                soundUART_IntClock_Start
 .text          0x000013e8       0x20 .\CortexM3\ARM_GCC_541\Debug\Ultrasoundv2.a(CyBootAsmGnu.o)
                0x000013e8                CyDelayCycles
                0x000013f8                CyEnterCriticalSection
                0x00001400                CyExitCriticalSection
 .text.__errno  0x00001408        0xc c:/program files (x86)/cypress/psoc creator/4.2/psoc creator/import/gnu/arm/5.4.1/bin/../lib/gcc/arm-none-eabi/5.4.1/../../../../arm-none-eabi/lib/armv7-m\libg_nano.a(lib_a-errno.o)
                0x00001408                __errno
 .text.__libc_init_array
                0x00001414       0x4c c:/program files (x86)/cypress/psoc creator/4.2/psoc creator/import/gnu/arm/5.4.1/bin/../lib/gcc/arm-none-eabi/5.4.1/../../../../arm-none-eabi/lib/armv7-m\libg_nano.a(lib_a-init.o)
                0x00001414                __libc_init_array
 .text.memcpy   0x00001460       0x16 c:/program files (x86)/cypress/psoc creator/4.2/psoc creator/import/gnu/arm/5.4.1/bin/../lib/gcc/arm-none-eabi/5.4.1/../../../../arm-none-eabi/lib/armv7-m\libg_nano.a(lib_a-memcpy-stub.o)
                0x00001460                memcpy
 .text.memset   0x00001476       0x10 c:/program files (x86)/cypress/psoc creator/4.2/psoc creator/import/gnu/arm/5.4.1/bin/../lib/gcc/arm-none-eabi/5.4.1/../../../../arm-none-eabi/lib/armv7-m\libg_nano.a(lib_a-memset.o)
                0x00001476                memset
 *fill*         0x00001486        0x2 
 .text.rand     0x00001488       0x74 c:/program files (x86)/cypress/psoc creator/4.2/psoc creator/import/gnu/arm/5.4.1/bin/../lib/gcc/arm-none-eabi/5.4.1/../../../../arm-none-eabi/lib/armv7-m\libg_nano.a(lib_a-rand.o)
                0x00001488                rand
 .text.malloc   0x000014fc       0x10 c:/program files (x86)/cypress/psoc creator/4.2/psoc creator/import/gnu/arm/5.4.1/bin/../lib/gcc/arm-none-eabi/5.4.1/../../../../arm-none-eabi/lib/armv7-m\libg_nano.a(lib_a-malloc.o)
                0x000014fc                malloc
 .text._malloc_r
                0x0000150c       0xbc c:/program files (x86)/cypress/psoc creator/4.2/psoc creator/import/gnu/arm/5.4.1/bin/../lib/gcc/arm-none-eabi/5.4.1/../../../../arm-none-eabi/lib/armv7-m\libg_nano.a(lib_a-nano-mallocr.o)
                0x0000150c                _malloc_r
 .text._sbrk_r  0x000015c8       0x20 c:/program files (x86)/cypress/psoc creator/4.2/psoc creator/import/gnu/arm/5.4.1/bin/../lib/gcc/arm-none-eabi/5.4.1/../../../../arm-none-eabi/lib/armv7-m\libg_nano.a(lib_a-sbrkr.o)
                0x000015c8                _sbrk_r
 .text.__malloc_lock
                0x000015e8        0x2 c:/program files (x86)/cypress/psoc creator/4.2/psoc creator/import/gnu/arm/5.4.1/bin/../lib/gcc/arm-none-eabi/5.4.1/../../../../arm-none-eabi/lib/armv7-m\libg_nano.a(lib_a-mlock.o)
                0x000015e8                __malloc_lock
 .text.__malloc_unlock
                0x000015ea        0x2 c:/program files (x86)/cypress/psoc creator/4.2/psoc creator/import/gnu/arm/5.4.1/bin/../lib/gcc/arm-none-eabi/5.4.1/../../../../arm-none-eabi/lib/armv7-m\libg_nano.a(lib_a-mlock.o)
                0x000015ea                __malloc_unlock
 *(.plt)
 *(.gnu.warning)
 *(.glue_7t)
 .glue_7t       0x000015ec        0x0 linker stubs
 *(.glue_7)
 .glue_7        0x000015ec        0x0 linker stubs
 *(.vfp11_veneer)
 .vfp11_veneer  0x000015ec        0x0 linker stubs
 *(.bootloader)
 *(.ARM.extab* .gnu.linkonce.armextab.*)
 *(.gcc_except_table)

.v4_bx          0x000015ec        0x0
 .v4_bx         0x000015ec        0x0 linker stubs

.iplt           0x000015ec        0x0
 .iplt          0x000015ec        0x0 c:/program files (x86)/cypress/psoc creator/4.2/psoc creator/import/gnu/arm/5.4.1/bin/../lib/gcc/arm-none-eabi/5.4.1/armv7-m/crtbegin.o

.eh_frame_hdr
 *(.eh_frame_hdr)

.eh_frame       0x000015ec        0x4
 *(.eh_frame)
 .eh_frame      0x000015ec        0x0 c:/program files (x86)/cypress/psoc creator/4.2/psoc creator/import/gnu/arm/5.4.1/bin/../lib/gcc/arm-none-eabi/5.4.1/armv7-m/crtbegin.o
 .eh_frame      0x000015ec        0x4 c:/program files (x86)/cypress/psoc creator/4.2/psoc creator/import/gnu/arm/5.4.1/bin/../lib/gcc/arm-none-eabi/5.4.1/armv7-m/crtend.o
                [!provide]                PROVIDE (__exidx_start, .)

.ARM.exidx
 *(.ARM.exidx* .gnu.linkonce.armexidx.*)
                0x000015f0                __exidx_end = .

.rodata         0x000015f0       0x88
 *(.rodata .rodata.* .gnu.linkonce.r.*)
 .rodata        0x000015f0       0x28 .\CortexM3\ARM_GCC_541\Debug\soundApp.o
                0x000015f0                setSource
                0x000015f8                volume
                0x00001600                playStart
                0x00001608                playStop
                0x00001610                playPoint
 .rodata        0x00001618       0x24 .\CortexM3\ARM_GCC_541\Debug\cyfitter_cfg.o
 .rodata.str1.1
                0x0000163c        0x2 c:/program files (x86)/cypress/psoc creator/4.2/psoc creator/import/gnu/arm/5.4.1/bin/../lib/gcc/arm-none-eabi/5.4.1/../../../../arm-none-eabi/lib/armv7-m\libg_nano.a(lib_a-impure.o)
                0x00001640                . = ALIGN (0x4)
 *fill*         0x0000163e        0x2 
 *(.init)
 .init          0x00001640        0x4 c:/program files (x86)/cypress/psoc creator/4.2/psoc creator/import/gnu/arm/5.4.1/bin/../lib/gcc/arm-none-eabi/5.4.1/armv7-m/crti.o
                0x00001640                _init
 .init          0x00001644        0x8 c:/program files (x86)/cypress/psoc creator/4.2/psoc creator/import/gnu/arm/5.4.1/bin/../lib/gcc/arm-none-eabi/5.4.1/armv7-m/crtn.o
                0x0000164c                . = ALIGN (0x4)
                0x0000164c                __preinit_array_start = .
 *(.preinit_array)
                0x0000164c                __preinit_array_end = .
                0x0000164c                . = ALIGN (0x4)
                0x0000164c                __init_array_start = .
 *(SORT(.init_array.*))
 *(.init_array)
 .init_array    0x0000164c        0x4 c:/program files (x86)/cypress/psoc creator/4.2/psoc creator/import/gnu/arm/5.4.1/bin/../lib/gcc/arm-none-eabi/5.4.1/armv7-m/crtbegin.o
 .init_array    0x00001650        0x4 .\CortexM3\ARM_GCC_541\Debug\Cm3Start.o
                0x00001654                __init_array_end = .
                0x00001654                . = ALIGN (0x4)
 *(.fini)
 .fini          0x00001654        0x4 c:/program files (x86)/cypress/psoc creator/4.2/psoc creator/import/gnu/arm/5.4.1/bin/../lib/gcc/arm-none-eabi/5.4.1/armv7-m/crti.o
                0x00001654                _fini
 .fini          0x00001658        0x8 c:/program files (x86)/cypress/psoc creator/4.2/psoc creator/import/gnu/arm/5.4.1/bin/../lib/gcc/arm-none-eabi/5.4.1/armv7-m/crtn.o
                0x00001660                . = ALIGN (0x4)
                0x00001660                __fini_array_start = .
 *(.fini_array)
 .fini_array    0x00001660        0x4 c:/program files (x86)/cypress/psoc creator/4.2/psoc creator/import/gnu/arm/5.4.1/bin/../lib/gcc/arm-none-eabi/5.4.1/armv7-m/crtbegin.o
 *(SORT(.fini_array.*))
                0x00001664                __fini_array_end = .
                0x00001664                . = ALIGN (0x4)
 *crtbegin.o(.ctors)
 *(EXCLUDE_FILE(*crtend.o) .ctors)
 *(SORT(.ctors.*))
 *crtend.o(.ctors)
                0x00001664                . = ALIGN (0x4)
 *crtbegin.o(.dtors)
 *(EXCLUDE_FILE(*crtend.o) .dtors)
 *(SORT(.dtors.*))
 *crtend.o(.dtors)
                0x00001664                . = ALIGN (0x4)
                0x00001664                __cy_regions = .
                0x00001664        0x4 LONG 0x1678 __cy_region_init_ram
                0x00001668        0x4 LONG 0x1fff80c8 __cy_region_start_data
                0x0000166c        0x4 LONG 0xb8 __cy_region_init_size_ram
                0x00001670        0x4 LONG 0x280 __cy_region_zero_size_ram
                0x00001674                __cy_regions_end = .
                0x00001678                . = ALIGN (0x8)
 *fill*         0x00001674        0x4 
                0x00001678                _etext = .

.cy_checksum_exclude
                0x00001678        0x0
 *(.cy_checksum_exclude)

.ramvectors     0x1fff8000       0xc0
                0x1fff8000                __cy_region_start_ram = .
 *(.ramvectors)
 .ramvectors    0x1fff8000       0xc0 .\CortexM3\ARM_GCC_541\Debug\Cm3Start.o
                0x1fff8000                CyRamVectors

.noinit         0x1fff80c0        0x1
 *(.noinit)
 .noinit        0x1fff80c0        0x1 .\CortexM3\ARM_GCC_541\Debug\Ultrasoundv2.a(CyLib.o)
                0x1fff80c0                CyResetStatus

.data           0x1fff80c8       0xb8 load address 0x00001678
                0x1fff80c8                __cy_region_start_data = .
 *(.jcr)
 .jcr           0x1fff80c8        0x0 c:/program files (x86)/cypress/psoc creator/4.2/psoc creator/import/gnu/arm/5.4.1/bin/../lib/gcc/arm-none-eabi/5.4.1/armv7-m/crtbegin.o
 .jcr           0x1fff80c8        0x4 c:/program files (x86)/cypress/psoc creator/4.2/psoc creator/import/gnu/arm/5.4.1/bin/../lib/gcc/arm-none-eabi/5.4.1/armv7-m/crtend.o
 *(.got.plt)
 *(.got)
 *(.shdata)
 *(.data .data.* .gnu.linkonce.d.*)
 .data          0x1fff80cc       0x38 .\CortexM3\ARM_GCC_541\Debug\MotorApp.o
                0x1fff80cc                driveState
 .data          0x1fff8104        0x4 .\CortexM3\ARM_GCC_541\Debug\Cm3Start.o
 .data          0x1fff8108       0x10 .\CortexM3\ARM_GCC_541\Debug\Ultrasoundv2.a(CyLib.o)
                0x1fff8108                cydelay_32k_ms
                0x1fff810c                cydelay_freq_khz
                0x1fff8110                cydelay_freq_mhz
                0x1fff8114                cydelay_freq_hz
 .data.impure_data
                0x1fff8118       0x60 c:/program files (x86)/cypress/psoc creator/4.2/psoc creator/import/gnu/arm/5.4.1/bin/../lib/gcc/arm-none-eabi/5.4.1/../../../../arm-none-eabi/lib/armv7-m\libg_nano.a(lib_a-impure.o)
 .data._impure_ptr
                0x1fff8178        0x4 c:/program files (x86)/cypress/psoc creator/4.2/psoc creator/import/gnu/arm/5.4.1/bin/../lib/gcc/arm-none-eabi/5.4.1/../../../../arm-none-eabi/lib/armv7-m\libg_nano.a(lib_a-impure.o)
                0x1fff8178                _impure_ptr
                0x1fff8180                . = ALIGN (0x8)
 *fill*         0x1fff817c        0x4 
 *(.ram)
                0x1fff8180                _edata = .

.igot.plt       0x1fff8180        0x0 load address 0x00001730
 .igot.plt      0x1fff8180        0x0 c:/program files (x86)/cypress/psoc creator/4.2/psoc creator/import/gnu/arm/5.4.1/bin/../lib/gcc/arm-none-eabi/5.4.1/armv7-m/crtbegin.o

.bss            0x1fff8180      0x280 load address 0x00001730
                0x1fff8180                PROVIDE (__bss_start__, .)
 *(.shbss)
 *(.bss .bss.* .gnu.linkonce.b.*)
 .bss           0x1fff8180       0x1c c:/program files (x86)/cypress/psoc creator/4.2/psoc creator/import/gnu/arm/5.4.1/bin/../lib/gcc/arm-none-eabi/5.4.1/armv7-m/crtbegin.o
 .bss           0x1fff819c       0x14 .\CortexM3\ARM_GCC_541\Debug\edgeSensorApp.o
                0x1fff819c                e1
                0x1fff81a0                e2
                0x1fff81a4                e3
                0x1fff81a8                e4
                0x1fff81ac                status
 .bss           0x1fff81b0        0x1 .\CortexM3\ARM_GCC_541\Debug\Ultrasoundv2.a(triggerPWM.o)
                0x1fff81b0                triggerPWM_initVar
 .bss           0x1fff81b1        0x1 .\CortexM3\ARM_GCC_541\Debug\Ultrasoundv2.a(pulseCounter.o)
                0x1fff81b1                pulseCounter_initVar
 .bss           0x1fff81b2        0x1 .\CortexM3\ARM_GCC_541\Debug\Ultrasoundv2.a(ADC_SAR_1.o)
                0x1fff81b2                ADC_SAR_1_initVar
 .bss           0x1fff81b3        0x1 .\CortexM3\ARM_GCC_541\Debug\Ultrasoundv2.a(motorPWM_1.o)
                0x1fff81b3                motorPWM_1_initVar
 .bss           0x1fff81b4        0x1 .\CortexM3\ARM_GCC_541\Debug\Ultrasoundv2.a(motorPWM_2.o)
                0x1fff81b4                motorPWM_2_initVar
 .bss           0x1fff81b5        0x2 .\CortexM3\ARM_GCC_541\Debug\Ultrasoundv2.a(soundUART.o)
                0x1fff81b5                soundUART_initVar
 *fill*         0x1fff81b7        0x1 
 .bss.__malloc_sbrk_start
                0x1fff81b8        0x4 c:/program files (x86)/cypress/psoc creator/4.2/psoc creator/import/gnu/arm/5.4.1/bin/../lib/gcc/arm-none-eabi/5.4.1/../../../../arm-none-eabi/lib/armv7-m\libg_nano.a(lib_a-nano-mallocr.o)
                0x1fff81b8                __malloc_sbrk_start
 .bss.__malloc_free_list
                0x1fff81bc        0x4 c:/program files (x86)/cypress/psoc creator/4.2/psoc creator/import/gnu/arm/5.4.1/bin/../lib/gcc/arm-none-eabi/5.4.1/../../../../arm-none-eabi/lib/armv7-m\libg_nano.a(lib_a-nano-mallocr.o)
                0x1fff81bc                __malloc_free_list
 *(COMMON)
 COMMON         0x1fff81c0      0x222 .\CortexM3\ARM_GCC_541\Debug\main.o
                0x1fff81c0                randturn
                0x1fff81c4                count_ok
                0x1fff81c6                count_not_high
                0x1fff81c8                state
                0x1fff81cc                randState
                0x1fff81d0                count_not_low
                0x1fff81d4                rpiRunning
                0x1fff81d8                buffer
                0x1fff82d4                running_
                0x1fff82d8                result
                0x1fff82dc                uartBuffer
                0x1fff83dc                difficulty
                0x1fff83e0                measurement
 *fill*         0x1fff83e2        0x2 
 COMMON         0x1fff83e4        0x8 .\CortexM3\ARM_GCC_541\Debug\edgeSensorApp.o
                0x1fff83e4                pulseWidth
                0x1fff83e8                time_us
 COMMON         0x1fff83ec        0xa .\CortexM3\ARM_GCC_541\Debug\Ultrasoundv2.a(ADC_SAR_1.o)
                0x1fff83ec                ADC_SAR_1_countsPerVolt
                0x1fff83ee                ADC_SAR_1_shift
                0x1fff83f0                ADC_SAR_1_countsPer10Volt
                0x1fff83f4                ADC_SAR_1_offset
 *fill*         0x1fff83f6        0x2 
 COMMON         0x1fff83f8        0x4 c:/program files (x86)/cypress/psoc creator/4.2/psoc creator/import/gnu/arm/5.4.1/bin/../lib/gcc/arm-none-eabi/5.4.1/../../../../arm-none-eabi/lib/armv7-m\libg_nano.a(lib_a-reent.o)
                0x1fff83f8                errno
                0x1fff8400                . = ALIGN (0x8)
 *fill*         0x1fff83fc        0x4 
 *(.ram.b)
                0x1fff8400                _end = .
                0x1fff8400                __end = .
                0x1fff8400                PROVIDE (end, .)
                0x1fff8400                PROVIDE (__bss_end__, .)
                0x00001678                __cy_region_init_ram = LOADADDR (.data)
                0x000000b8                __cy_region_init_size_ram = (_edata - ADDR (.data))
                0x00000280                __cy_region_zero_size_ram = (_end - _edata)

.heap           0x1fff8400       0x80 load address 0x00001730
                0x1fff8400                . = _end
                0x1fff8480                . = (. + 0x80)
 *fill*         0x1fff8400       0x80 
                0x1fff8480                __cy_heap_limit = .

.stack          0x20007800      0x800
                0x20007800                __cy_stack_limit = .
                0x20008000                . = (. + 0x800)
 *fill*         0x20007800      0x800 
                0x00000001                ASSERT ((__cy_stack_limit >= __cy_heap_limit), region RAM overflowed with stack)
                0x00000000                cy_checksum_exclude_size = (CY_APPL_LOADABLE == 0x1)?SIZEOF (.cy_checksum_exclude):0x0
                0x00000001                ASSERT ((cy_checksum_exclude_size <= CY_CHECKSUM_EXCLUDE_SIZE), CY_BOOT: Section .cy_checksum_exclude size exceedes specified limit.)

.cyloadermeta
 *(.cyloadermeta)

.cyloadablemeta
 *(.cyloadablemeta)

.cyconfigecc    0x80000000      0x65c
 *(.cyconfigecc)
 .cyconfigecc   0x80000000      0x65c .\CortexM3\ARM_GCC_541\Debug\cymetadata.o
                0x80000000                cy_meta_configecc

.cycustnvl      0x90000000        0x4
 *(.cycustnvl)
 .cycustnvl     0x90000000        0x4 .\CortexM3\ARM_GCC_541\Debug\cymetadata.o
                0x90000000                cy_meta_custnvl

.cywolatch      0x90100000        0x4
 *(.cywolatch)
 .cywolatch     0x90100000        0x4 .\CortexM3\ARM_GCC_541\Debug\cymetadata.o
                0x90100000                cy_meta_wonvl

.cyeeprom       0x90200000        0x0
 *(.cyeeprom)
                0x00000001                ASSERT ((. <= ((0x90200000 + ee_offset) + ee_size)), .cyeeprom data will not fit in EEPROM)

.cyflashprotect
                0x90400000      0x100
 *(.cyflashprotect)
 .cyflashprotect
                0x90400000      0x100 .\CortexM3\ARM_GCC_541\Debug\cymetadata.o
                0x90400000                cy_meta_flashprotect

.cymeta         0x90500000        0xc
 *(.cymeta)
 .cymeta        0x90500000        0xc .\CortexM3\ARM_GCC_541\Debug\cymetadata.o
                0x90500000                cy_metadata

.rel.dyn        0x00001730        0x0 load address 0x9050000c
 .rel.iplt      0x00001730        0x0 c:/program files (x86)/cypress/psoc creator/4.2/psoc creator/import/gnu/arm/5.4.1/bin/../lib/gcc/arm-none-eabi/5.4.1/armv7-m/crtbegin.o

.stab
 *(.stab)

.stabstr
 *(.stabstr)

.debug
 *(.debug)

.line
 *(.line)

.debug_srcinfo
 *(.debug_srcinfo)

.debug_sfnames
 *(.debug_sfnames)

.debug_aranges  0x00000000     0x1038
 *(.debug_aranges)
 .debug_aranges
                0x00000000       0x28 .\CortexM3\ARM_GCC_541\Debug\main.o
 .debug_aranges
                0x00000028       0x50 .\CortexM3\ARM_GCC_541\Debug\edgeSensorApp.o
 .debug_aranges
                0x00000078       0x58 .\CortexM3\ARM_GCC_541\Debug\MotorApp.o
 .debug_aranges
                0x000000d0       0x48 .\CortexM3\ARM_GCC_541\Debug\rpiCommunication.o
 .debug_aranges
                0x00000118       0x20 .\CortexM3\ARM_GCC_541\Debug\scale.o
 .debug_aranges
                0x00000138       0x28 .\CortexM3\ARM_GCC_541\Debug\waitingState.o
 .debug_aranges
                0x00000160       0x28 .\CortexM3\ARM_GCC_541\Debug\soundApp.o
 .debug_aranges
                0x00000188       0x58 .\CortexM3\ARM_GCC_541\Debug\cyfitter_cfg.o
 .debug_aranges
                0x000001e0       0x18 .\CortexM3\ARM_GCC_541\Debug\cymetadata.o
 .debug_aranges
                0x000001f8       0x48 .\CortexM3\ARM_GCC_541\Debug\Cm3Start.o
 .debug_aranges
                0x00000240       0x70 .\CortexM3\ARM_GCC_541\Debug\Ultrasoundv2.a(CLK_500kHz.o)
 .debug_aranges
                0x000002b0       0x80 .\CortexM3\ARM_GCC_541\Debug\Ultrasoundv2.a(triggerPWM.o)
 .debug_aranges
                0x00000330       0x70 .\CortexM3\ARM_GCC_541\Debug\Ultrasoundv2.a(CLK_24MHz.o)
 .debug_aranges
                0x000003a0      0x2a0 .\CortexM3\ARM_GCC_541\Debug\Ultrasoundv2.a(CyLib.o)
 .debug_aranges
                0x00000640       0x98 .\CortexM3\ARM_GCC_541\Debug\Ultrasoundv2.a(cyPm.o)
 .debug_aranges
                0x000006d8       0x80 .\CortexM3\ARM_GCC_541\Debug\Ultrasoundv2.a(pulseInt.o)
 .debug_aranges
                0x00000758       0x98 .\CortexM3\ARM_GCC_541\Debug\Ultrasoundv2.a(pulseCounter.o)
 .debug_aranges
                0x000007f0       0x80 .\CortexM3\ARM_GCC_541\Debug\Ultrasoundv2.a(echoInt_1.o)
 .debug_aranges
                0x00000870       0x80 .\CortexM3\ARM_GCC_541\Debug\Ultrasoundv2.a(echoInt_2.o)
 .debug_aranges
                0x000008f0       0x80 .\CortexM3\ARM_GCC_541\Debug\Ultrasoundv2.a(echoInt_3.o)
 .debug_aranges
                0x00000970       0x80 .\CortexM3\ARM_GCC_541\Debug\Ultrasoundv2.a(echoInt_4.o)
 .debug_aranges
                0x000009f0       0x38 .\CortexM3\ARM_GCC_541\Debug\Ultrasoundv2.a(Pin1_dir2.o)
 .debug_aranges
                0x00000a28       0x38 .\CortexM3\ARM_GCC_541\Debug\Ultrasoundv2.a(Pin1_dir1.o)
 .debug_aranges
                0x00000a60       0x38 .\CortexM3\ARM_GCC_541\Debug\Ultrasoundv2.a(Pin2_dir1.o)
 .debug_aranges
                0x00000a98       0x38 .\CortexM3\ARM_GCC_541\Debug\Ultrasoundv2.a(Pin2_dir2.o)
 .debug_aranges
                0x00000ad0       0x80 .\CortexM3\ARM_GCC_541\Debug\Ultrasoundv2.a(ball_int.o)
 .debug_aranges
                0x00000b50       0x38 .\CortexM3\ARM_GCC_541\Debug\Ultrasoundv2.a(Pin_score.o)
 .debug_aranges
                0x00000b88       0xa8 .\CortexM3\ARM_GCC_541\Debug\Ultrasoundv2.a(ADC_SAR_1.o)
 .debug_aranges
                0x00000c30       0x20 .\CortexM3\ARM_GCC_541\Debug\Ultrasoundv2.a(ADC_SAR_1_INT.o)
 .debug_aranges
                0x00000c50       0x80 .\CortexM3\ARM_GCC_541\Debug\Ultrasoundv2.a(ADC_SAR_1_theACLK.o)
 .debug_aranges
                0x00000cd0       0x98 .\CortexM3\ARM_GCC_541\Debug\Ultrasoundv2.a(motorPWM_1.o)
 .debug_aranges
                0x00000d68       0x98 .\CortexM3\ARM_GCC_541\Debug\Ultrasoundv2.a(motorPWM_2.o)
 .debug_aranges
                0x00000e00       0xa0 .\CortexM3\ARM_GCC_541\Debug\Ultrasoundv2.a(soundUART.o)
 .debug_aranges
                0x00000ea0       0x70 .\CortexM3\ARM_GCC_541\Debug\Ultrasoundv2.a(soundUART_IntClock.o)
 .debug_aranges
                0x00000f10       0x20 .\CortexM3\ARM_GCC_541\Debug\Ultrasoundv2.a(CyBootAsmGnu.o)
 .debug_aranges
                0x00000f30       0x88 .\CortexM3\ARM_GCC_541\Debug\Ultrasoundv2.a(CyFlash.o)
 .debug_aranges
                0x00000fb8       0x80 .\CortexM3\ARM_GCC_541\Debug\Ultrasoundv2.a(CySpc.o)

.debug_pubnames
 *(.debug_pubnames)

.debug_info     0x00000000     0x823d
 *(.debug_info .gnu.linkonce.wi.*)
 .debug_info    0x00000000      0x321 .\CortexM3\ARM_GCC_541\Debug\main.o
 .debug_info    0x00000321      0x3eb .\CortexM3\ARM_GCC_541\Debug\edgeSensorApp.o
 .debug_info    0x0000070c      0x709 .\CortexM3\ARM_GCC_541\Debug\MotorApp.o
 .debug_info    0x00000e15      0x1c9 .\CortexM3\ARM_GCC_541\Debug\rpiCommunication.o
 .debug_info    0x00000fde      0x20e .\CortexM3\ARM_GCC_541\Debug\scale.o
 .debug_info    0x000011ec      0x1f0 .\CortexM3\ARM_GCC_541\Debug\waitingState.o
 .debug_info    0x000013dc      0x24e .\CortexM3\ARM_GCC_541\Debug\soundApp.o
 .debug_info    0x0000162a      0x597 .\CortexM3\ARM_GCC_541\Debug\cyfitter_cfg.o
 .debug_info    0x00001bc1      0x138 .\CortexM3\ARM_GCC_541\Debug\cymetadata.o
 .debug_info    0x00001cf9      0x3bb .\CortexM3\ARM_GCC_541\Debug\Cm3Start.o
 .debug_info    0x000020b4      0x283 .\CortexM3\ARM_GCC_541\Debug\Ultrasoundv2.a(CLK_500kHz.o)
 .debug_info    0x00002337      0x297 .\CortexM3\ARM_GCC_541\Debug\Ultrasoundv2.a(triggerPWM.o)
 .debug_info    0x000025ce      0x283 .\CortexM3\ARM_GCC_541\Debug\Ultrasoundv2.a(CLK_24MHz.o)
 .debug_info    0x00002851     0x1374 .\CortexM3\ARM_GCC_541\Debug\Ultrasoundv2.a(CyLib.o)
 .debug_info    0x00003bc5      0xa2a .\CortexM3\ARM_GCC_541\Debug\Ultrasoundv2.a(cyPm.o)
 .debug_info    0x000045ef      0x2d2 .\CortexM3\ARM_GCC_541\Debug\Ultrasoundv2.a(pulseInt.o)
 .debug_info    0x000048c1      0x343 .\CortexM3\ARM_GCC_541\Debug\Ultrasoundv2.a(pulseCounter.o)
 .debug_info    0x00004c04      0x2d2 .\CortexM3\ARM_GCC_541\Debug\Ultrasoundv2.a(echoInt_1.o)
 .debug_info    0x00004ed6      0x2d2 .\CortexM3\ARM_GCC_541\Debug\Ultrasoundv2.a(echoInt_2.o)
 .debug_info    0x000051a8      0x2d2 .\CortexM3\ARM_GCC_541\Debug\Ultrasoundv2.a(echoInt_3.o)
 .debug_info    0x0000547a      0x2d2 .\CortexM3\ARM_GCC_541\Debug\Ultrasoundv2.a(echoInt_4.o)
 .debug_info    0x0000574c      0x11f .\CortexM3\ARM_GCC_541\Debug\Ultrasoundv2.a(Pin1_dir2.o)
 .debug_info    0x0000586b      0x11f .\CortexM3\ARM_GCC_541\Debug\Ultrasoundv2.a(Pin1_dir1.o)
 .debug_info    0x0000598a      0x11f .\CortexM3\ARM_GCC_541\Debug\Ultrasoundv2.a(Pin2_dir1.o)
 .debug_info    0x00005aa9      0x11f .\CortexM3\ARM_GCC_541\Debug\Ultrasoundv2.a(Pin2_dir2.o)
 .debug_info    0x00005bc8      0x2d2 .\CortexM3\ARM_GCC_541\Debug\Ultrasoundv2.a(ball_int.o)
 .debug_info    0x00005e9a      0x11f .\CortexM3\ARM_GCC_541\Debug\Ultrasoundv2.a(Pin_score.o)
 .debug_info    0x00005fb9      0x5c0 .\CortexM3\ARM_GCC_541\Debug\Ultrasoundv2.a(ADC_SAR_1.o)
 .debug_info    0x00006579       0x92 .\CortexM3\ARM_GCC_541\Debug\Ultrasoundv2.a(ADC_SAR_1_INT.o)
 .debug_info    0x0000660b      0x2c4 .\CortexM3\ARM_GCC_541\Debug\Ultrasoundv2.a(ADC_SAR_1_theACLK.o)
 .debug_info    0x000068cf      0x333 .\CortexM3\ARM_GCC_541\Debug\Ultrasoundv2.a(motorPWM_1.o)
 .debug_info    0x00006c02      0x333 .\CortexM3\ARM_GCC_541\Debug\Ultrasoundv2.a(motorPWM_2.o)
 .debug_info    0x00006f35      0x45c .\CortexM3\ARM_GCC_541\Debug\Ultrasoundv2.a(soundUART.o)
 .debug_info    0x00007391      0x283 .\CortexM3\ARM_GCC_541\Debug\Ultrasoundv2.a(soundUART_IntClock.o)
 .debug_info    0x00007614       0x8c .\CortexM3\ARM_GCC_541\Debug\Ultrasoundv2.a(CyBootAsmGnu.o)
 .debug_info    0x000076a0      0x64d .\CortexM3\ARM_GCC_541\Debug\Ultrasoundv2.a(CyFlash.o)
 .debug_info    0x00007ced      0x550 .\CortexM3\ARM_GCC_541\Debug\Ultrasoundv2.a(CySpc.o)

.debug_abbrev   0x00000000     0x2ad3
 *(.debug_abbrev)
 .debug_abbrev  0x00000000       0xe0 .\CortexM3\ARM_GCC_541\Debug\main.o
 .debug_abbrev  0x000000e0      0x136 .\CortexM3\ARM_GCC_541\Debug\edgeSensorApp.o
 .debug_abbrev  0x00000216      0x102 .\CortexM3\ARM_GCC_541\Debug\MotorApp.o
 .debug_abbrev  0x00000318       0xe8 .\CortexM3\ARM_GCC_541\Debug\rpiCommunication.o
 .debug_abbrev  0x00000400       0xfc .\CortexM3\ARM_GCC_541\Debug\scale.o
 .debug_abbrev  0x000004fc       0xca .\CortexM3\ARM_GCC_541\Debug\waitingState.o
 .debug_abbrev  0x000005c6      0x107 .\CortexM3\ARM_GCC_541\Debug\soundApp.o
 .debug_abbrev  0x000006cd      0x1fe .\CortexM3\ARM_GCC_541\Debug\cyfitter_cfg.o
 .debug_abbrev  0x000008cb       0x77 .\CortexM3\ARM_GCC_541\Debug\cymetadata.o
 .debug_abbrev  0x00000942      0x1e8 .\CortexM3\ARM_GCC_541\Debug\Cm3Start.o
 .debug_abbrev  0x00000b2a      0x139 .\CortexM3\ARM_GCC_541\Debug\Ultrasoundv2.a(CLK_500kHz.o)
 .debug_abbrev  0x00000c63      0x12d .\CortexM3\ARM_GCC_541\Debug\Ultrasoundv2.a(triggerPWM.o)
 .debug_abbrev  0x00000d90      0x139 .\CortexM3\ARM_GCC_541\Debug\Ultrasoundv2.a(CLK_24MHz.o)
 .debug_abbrev  0x00000ec9      0x254 .\CortexM3\ARM_GCC_541\Debug\Ultrasoundv2.a(CyLib.o)
 .debug_abbrev  0x0000111d      0x1ab .\CortexM3\ARM_GCC_541\Debug\Ultrasoundv2.a(cyPm.o)
 .debug_abbrev  0x000012c8      0x173 .\CortexM3\ARM_GCC_541\Debug\Ultrasoundv2.a(pulseInt.o)
 .debug_abbrev  0x0000143b      0x117 .\CortexM3\ARM_GCC_541\Debug\Ultrasoundv2.a(pulseCounter.o)
 .debug_abbrev  0x00001552      0x173 .\CortexM3\ARM_GCC_541\Debug\Ultrasoundv2.a(echoInt_1.o)
 .debug_abbrev  0x000016c5      0x173 .\CortexM3\ARM_GCC_541\Debug\Ultrasoundv2.a(echoInt_2.o)
 .debug_abbrev  0x00001838      0x173 .\CortexM3\ARM_GCC_541\Debug\Ultrasoundv2.a(echoInt_3.o)
 .debug_abbrev  0x000019ab      0x173 .\CortexM3\ARM_GCC_541\Debug\Ultrasoundv2.a(echoInt_4.o)
 .debug_abbrev  0x00001b1e       0x90 .\CortexM3\ARM_GCC_541\Debug\Ultrasoundv2.a(Pin1_dir2.o)
 .debug_abbrev  0x00001bae       0x90 .\CortexM3\ARM_GCC_541\Debug\Ultrasoundv2.a(Pin1_dir1.o)
 .debug_abbrev  0x00001c3e       0x90 .\CortexM3\ARM_GCC_541\Debug\Ultrasoundv2.a(Pin2_dir1.o)
 .debug_abbrev  0x00001cce       0x90 .\CortexM3\ARM_GCC_541\Debug\Ultrasoundv2.a(Pin2_dir2.o)
 .debug_abbrev  0x00001d5e      0x173 .\CortexM3\ARM_GCC_541\Debug\Ultrasoundv2.a(ball_int.o)
 .debug_abbrev  0x00001ed1       0x90 .\CortexM3\ARM_GCC_541\Debug\Ultrasoundv2.a(Pin_score.o)
 .debug_abbrev  0x00001f61      0x1ac .\CortexM3\ARM_GCC_541\Debug\Ultrasoundv2.a(ADC_SAR_1.o)
 .debug_abbrev  0x0000210d       0x42 .\CortexM3\ARM_GCC_541\Debug\Ultrasoundv2.a(ADC_SAR_1_INT.o)
 .debug_abbrev  0x0000214f      0x121 .\CortexM3\ARM_GCC_541\Debug\Ultrasoundv2.a(ADC_SAR_1_theACLK.o)
 .debug_abbrev  0x00002270      0x133 .\CortexM3\ARM_GCC_541\Debug\Ultrasoundv2.a(motorPWM_1.o)
 .debug_abbrev  0x000023a3      0x133 .\CortexM3\ARM_GCC_541\Debug\Ultrasoundv2.a(motorPWM_2.o)
 .debug_abbrev  0x000024d6      0x175 .\CortexM3\ARM_GCC_541\Debug\Ultrasoundv2.a(soundUART.o)
 .debug_abbrev  0x0000264b      0x139 .\CortexM3\ARM_GCC_541\Debug\Ultrasoundv2.a(soundUART_IntClock.o)
 .debug_abbrev  0x00002784       0x14 .\CortexM3\ARM_GCC_541\Debug\Ultrasoundv2.a(CyBootAsmGnu.o)
 .debug_abbrev  0x00002798      0x1a7 .\CortexM3\ARM_GCC_541\Debug\Ultrasoundv2.a(CyFlash.o)
 .debug_abbrev  0x0000293f      0x194 .\CortexM3\ARM_GCC_541\Debug\Ultrasoundv2.a(CySpc.o)

.debug_line     0x00000000     0x3f49
 *(.debug_line)
 .debug_line    0x00000000      0x206 .\CortexM3\ARM_GCC_541\Debug\main.o
 .debug_line    0x00000206      0x285 .\CortexM3\ARM_GCC_541\Debug\edgeSensorApp.o
 .debug_line    0x0000048b      0x339 .\CortexM3\ARM_GCC_541\Debug\MotorApp.o
 .debug_line    0x000007c4      0x1f4 .\CortexM3\ARM_GCC_541\Debug\rpiCommunication.o
 .debug_line    0x000009b8      0x1cf .\CortexM3\ARM_GCC_541\Debug\scale.o
 .debug_line    0x00000b87      0x1ca .\CortexM3\ARM_GCC_541\Debug\waitingState.o
 .debug_line    0x00000d51      0x19d .\CortexM3\ARM_GCC_541\Debug\soundApp.o
 .debug_line    0x00000eee      0x1f0 .\CortexM3\ARM_GCC_541\Debug\cyfitter_cfg.o
 .debug_line    0x000010de      0x141 .\CortexM3\ARM_GCC_541\Debug\cymetadata.o
 .debug_line    0x0000121f      0x234 .\CortexM3\ARM_GCC_541\Debug\Cm3Start.o
 .debug_line    0x00001453      0x179 .\CortexM3\ARM_GCC_541\Debug\Ultrasoundv2.a(CLK_500kHz.o)
 .debug_line    0x000015cc      0x142 .\CortexM3\ARM_GCC_541\Debug\Ultrasoundv2.a(triggerPWM.o)
 .debug_line    0x0000170e      0x178 .\CortexM3\ARM_GCC_541\Debug\Ultrasoundv2.a(CLK_24MHz.o)
 .debug_line    0x00001886      0x816 .\CortexM3\ARM_GCC_541\Debug\Ultrasoundv2.a(CyLib.o)
 .debug_line    0x0000209c      0x367 .\CortexM3\ARM_GCC_541\Debug\Ultrasoundv2.a(cyPm.o)
 .debug_line    0x00002403      0x135 .\CortexM3\ARM_GCC_541\Debug\Ultrasoundv2.a(pulseInt.o)
 .debug_line    0x00002538      0x18e .\CortexM3\ARM_GCC_541\Debug\Ultrasoundv2.a(pulseCounter.o)
 .debug_line    0x000026c6      0x136 .\CortexM3\ARM_GCC_541\Debug\Ultrasoundv2.a(echoInt_1.o)
 .debug_line    0x000027fc      0x136 .\CortexM3\ARM_GCC_541\Debug\Ultrasoundv2.a(echoInt_2.o)
 .debug_line    0x00002932      0x136 .\CortexM3\ARM_GCC_541\Debug\Ultrasoundv2.a(echoInt_3.o)
 .debug_line    0x00002a68      0x136 .\CortexM3\ARM_GCC_541\Debug\Ultrasoundv2.a(echoInt_4.o)
 .debug_line    0x00002b9e       0x96 .\CortexM3\ARM_GCC_541\Debug\Ultrasoundv2.a(Pin1_dir2.o)
 .debug_line    0x00002c34       0x96 .\CortexM3\ARM_GCC_541\Debug\Ultrasoundv2.a(Pin1_dir1.o)
 .debug_line    0x00002cca       0x96 .\CortexM3\ARM_GCC_541\Debug\Ultrasoundv2.a(Pin2_dir1.o)
 .debug_line    0x00002d60       0x96 .\CortexM3\ARM_GCC_541\Debug\Ultrasoundv2.a(Pin2_dir2.o)
 .debug_line    0x00002df6      0x135 .\CortexM3\ARM_GCC_541\Debug\Ultrasoundv2.a(ball_int.o)
 .debug_line    0x00002f2b       0x96 .\CortexM3\ARM_GCC_541\Debug\Ultrasoundv2.a(Pin_score.o)
 .debug_line    0x00002fc1      0x220 .\CortexM3\ARM_GCC_541\Debug\Ultrasoundv2.a(ADC_SAR_1.o)
 .debug_line    0x000031e1       0x56 .\CortexM3\ARM_GCC_541\Debug\Ultrasoundv2.a(ADC_SAR_1_INT.o)
 .debug_line    0x00003237      0x1a3 .\CortexM3\ARM_GCC_541\Debug\Ultrasoundv2.a(ADC_SAR_1_theACLK.o)
 .debug_line    0x000033da      0x18a .\CortexM3\ARM_GCC_541\Debug\Ultrasoundv2.a(motorPWM_1.o)
 .debug_line    0x00003564      0x18a .\CortexM3\ARM_GCC_541\Debug\Ultrasoundv2.a(motorPWM_2.o)
 .debug_line    0x000036ee      0x1fa .\CortexM3\ARM_GCC_541\Debug\Ultrasoundv2.a(soundUART.o)
 .debug_line    0x000038e8      0x181 .\CortexM3\ARM_GCC_541\Debug\Ultrasoundv2.a(soundUART_IntClock.o)
 .debug_line    0x00003a69       0x66 .\CortexM3\ARM_GCC_541\Debug\Ultrasoundv2.a(CyBootAsmGnu.o)
 .debug_line    0x00003acf      0x21a .\CortexM3\ARM_GCC_541\Debug\Ultrasoundv2.a(CyFlash.o)
 .debug_line    0x00003ce9      0x260 .\CortexM3\ARM_GCC_541\Debug\Ultrasoundv2.a(CySpc.o)

.debug_frame    0x00000000     0x2738
 *(.debug_frame)
 .debug_frame   0x00000000       0x48 .\CortexM3\ARM_GCC_541\Debug\main.o
 .debug_frame   0x00000048       0x98 .\CortexM3\ARM_GCC_541\Debug\edgeSensorApp.o
 .debug_frame   0x000000e0       0xf4 .\CortexM3\ARM_GCC_541\Debug\MotorApp.o
 .debug_frame   0x000001d4       0xa0 .\CortexM3\ARM_GCC_541\Debug\rpiCommunication.o
 .debug_frame   0x00000274       0x30 .\CortexM3\ARM_GCC_541\Debug\scale.o
 .debug_frame   0x000002a4       0x48 .\CortexM3\ARM_GCC_541\Debug\waitingState.o
 .debug_frame   0x000002ec       0x48 .\CortexM3\ARM_GCC_541\Debug\soundApp.o
 .debug_frame   0x00000334       0xfc .\CortexM3\ARM_GCC_541\Debug\cyfitter_cfg.o
 .debug_frame   0x00000430       0xb8 .\CortexM3\ARM_GCC_541\Debug\Cm3Start.o
 .debug_frame   0x000004e8       0xe0 .\CortexM3\ARM_GCC_541\Debug\Ultrasoundv2.a(CLK_500kHz.o)
 .debug_frame   0x000005c8       0xf8 .\CortexM3\ARM_GCC_541\Debug\Ultrasoundv2.a(triggerPWM.o)
 .debug_frame   0x000006c0       0xe0 .\CortexM3\ARM_GCC_541\Debug\Ultrasoundv2.a(CLK_24MHz.o)
 .debug_frame   0x000007a0      0x738 .\CortexM3\ARM_GCC_541\Debug\Ultrasoundv2.a(CyLib.o)
 .debug_frame   0x00000ed8      0x1f8 .\CortexM3\ARM_GCC_541\Debug\Ultrasoundv2.a(cyPm.o)
 .debug_frame   0x000010d0      0x104 .\CortexM3\ARM_GCC_541\Debug\Ultrasoundv2.a(pulseInt.o)
 .debug_frame   0x000011d4      0x134 .\CortexM3\ARM_GCC_541\Debug\Ultrasoundv2.a(pulseCounter.o)
 .debug_frame   0x00001308      0x104 .\CortexM3\ARM_GCC_541\Debug\Ultrasoundv2.a(echoInt_1.o)
 .debug_frame   0x0000140c      0x104 .\CortexM3\ARM_GCC_541\Debug\Ultrasoundv2.a(echoInt_2.o)
 .debug_frame   0x00001510      0x104 .\CortexM3\ARM_GCC_541\Debug\Ultrasoundv2.a(echoInt_3.o)
 .debug_frame   0x00001614      0x104 .\CortexM3\ARM_GCC_541\Debug\Ultrasoundv2.a(echoInt_4.o)
 .debug_frame   0x00001718       0x50 .\CortexM3\ARM_GCC_541\Debug\Ultrasoundv2.a(Pin1_dir2.o)
 .debug_frame   0x00001768       0x50 .\CortexM3\ARM_GCC_541\Debug\Ultrasoundv2.a(Pin1_dir1.o)
 .debug_frame   0x000017b8       0x50 .\CortexM3\ARM_GCC_541\Debug\Ultrasoundv2.a(Pin2_dir1.o)
 .debug_frame   0x00001808       0x50 .\CortexM3\ARM_GCC_541\Debug\Ultrasoundv2.a(Pin2_dir2.o)
 .debug_frame   0x00001858      0x104 .\CortexM3\ARM_GCC_541\Debug\Ultrasoundv2.a(ball_int.o)
 .debug_frame   0x0000195c       0x50 .\CortexM3\ARM_GCC_541\Debug\Ultrasoundv2.a(Pin_score.o)
 .debug_frame   0x000019ac      0x1b0 .\CortexM3\ARM_GCC_541\Debug\Ultrasoundv2.a(ADC_SAR_1.o)
 .debug_frame   0x00001b5c       0x20 .\CortexM3\ARM_GCC_541\Debug\Ultrasoundv2.a(ADC_SAR_1_INT.o)
 .debug_frame   0x00001b7c      0x100 .\CortexM3\ARM_GCC_541\Debug\Ultrasoundv2.a(ADC_SAR_1_theACLK.o)
 .debug_frame   0x00001c7c      0x134 .\CortexM3\ARM_GCC_541\Debug\Ultrasoundv2.a(motorPWM_1.o)
 .debug_frame   0x00001db0      0x134 .\CortexM3\ARM_GCC_541\Debug\Ultrasoundv2.a(motorPWM_2.o)
 .debug_frame   0x00001ee4      0x198 .\CortexM3\ARM_GCC_541\Debug\Ultrasoundv2.a(soundUART.o)
 .debug_frame   0x0000207c       0xe0 .\CortexM3\ARM_GCC_541\Debug\Ultrasoundv2.a(soundUART_IntClock.o)
 .debug_frame   0x0000215c      0x194 .\CortexM3\ARM_GCC_541\Debug\Ultrasoundv2.a(CyFlash.o)
 .debug_frame   0x000022f0      0x180 .\CortexM3\ARM_GCC_541\Debug\Ultrasoundv2.a(CySpc.o)
 .debug_frame   0x00002470       0x44 c:/program files (x86)/cypress/psoc creator/4.2/psoc creator/import/gnu/arm/5.4.1/bin/../lib/gcc/arm-none-eabi/5.4.1/armv7-m\libgcc.a(_aeabi_ldivmod.o)
 .debug_frame   0x000024b4       0x38 c:/program files (x86)/cypress/psoc creator/4.2/psoc creator/import/gnu/arm/5.4.1/bin/../lib/gcc/arm-none-eabi/5.4.1/armv7-m\libgcc.a(_udivmoddi4.o)
 .debug_frame   0x000024ec       0x20 c:/program files (x86)/cypress/psoc creator/4.2/psoc creator/import/gnu/arm/5.4.1/bin/../lib/gcc/arm-none-eabi/5.4.1/../../../../arm-none-eabi/lib/armv7-m\libg_nano.a(lib_a-errno.o)
 .debug_frame   0x0000250c       0x28 c:/program files (x86)/cypress/psoc creator/4.2/psoc creator/import/gnu/arm/5.4.1/bin/../lib/gcc/arm-none-eabi/5.4.1/../../../../arm-none-eabi/lib/armv7-m\libg_nano.a(lib_a-exit.o)
 .debug_frame   0x00002534       0x2c c:/program files (x86)/cypress/psoc creator/4.2/psoc creator/import/gnu/arm/5.4.1/bin/../lib/gcc/arm-none-eabi/5.4.1/../../../../arm-none-eabi/lib/armv7-m\libg_nano.a(lib_a-init.o)
 .debug_frame   0x00002560       0x28 c:/program files (x86)/cypress/psoc creator/4.2/psoc creator/import/gnu/arm/5.4.1/bin/../lib/gcc/arm-none-eabi/5.4.1/../../../../arm-none-eabi/lib/armv7-m\libg_nano.a(lib_a-memcpy-stub.o)
 .debug_frame   0x00002588       0x20 c:/program files (x86)/cypress/psoc creator/4.2/psoc creator/import/gnu/arm/5.4.1/bin/../lib/gcc/arm-none-eabi/5.4.1/../../../../arm-none-eabi/lib/armv7-m\libg_nano.a(lib_a-memset.o)
 .debug_frame   0x000025a8       0x44 c:/program files (x86)/cypress/psoc creator/4.2/psoc creator/import/gnu/arm/5.4.1/bin/../lib/gcc/arm-none-eabi/5.4.1/../../../../arm-none-eabi/lib/armv7-m\libg_nano.a(lib_a-rand.o)
 .debug_frame   0x000025ec       0x30 c:/program files (x86)/cypress/psoc creator/4.2/psoc creator/import/gnu/arm/5.4.1/bin/../lib/gcc/arm-none-eabi/5.4.1/../../../../arm-none-eabi/lib/armv7-m\libg_nano.a(lib_a-malloc.o)
 .debug_frame   0x0000261c       0x38 c:/program files (x86)/cypress/psoc creator/4.2/psoc creator/import/gnu/arm/5.4.1/bin/../lib/gcc/arm-none-eabi/5.4.1/../../../../arm-none-eabi/lib/armv7-m\libg_nano.a(lib_a-nano-freer.o)
 .debug_frame   0x00002654       0x2c c:/program files (x86)/cypress/psoc creator/4.2/psoc creator/import/gnu/arm/5.4.1/bin/../lib/gcc/arm-none-eabi/5.4.1/../../../../arm-none-eabi/lib/armv7-m\libg_nano.a(lib_a-nano-mallocr.o)
 .debug_frame   0x00002680       0x2c c:/program files (x86)/cypress/psoc creator/4.2/psoc creator/import/gnu/arm/5.4.1/bin/../lib/gcc/arm-none-eabi/5.4.1/../../../../arm-none-eabi/lib/armv7-m\libg_nano.a(lib_a-sbrkr.o)
 .debug_frame   0x000026ac       0x30 c:/program files (x86)/cypress/psoc creator/4.2/psoc creator/import/gnu/arm/5.4.1/bin/../lib/gcc/arm-none-eabi/5.4.1/../../../../arm-none-eabi/lib/armv7-m\libg_nano.a(lib_a-mlock.o)
 .debug_frame   0x000026dc       0x5c c:/program files (x86)/cypress/psoc creator/4.2/psoc creator/import/gnu/arm/5.4.1/bin/../lib/gcc/arm-none-eabi/5.4.1/../../../../arm-none-eabi/lib/armv7-m\libg_nano.a(lib_a-reent.o)

.debug_str      0x00000000     0x3009
 *(.debug_str)
 .debug_str     0x00000000      0x298 .\CortexM3\ARM_GCC_541\Debug\main.o
                                0x2f0 (size before relaxing)
 .debug_str     0x00000298      0x1b0 .\CortexM3\ARM_GCC_541\Debug\edgeSensorApp.o
                                0x390 (size before relaxing)
 .debug_str     0x00000448      0x129 .\CortexM3\ARM_GCC_541\Debug\MotorApp.o
                                0x342 (size before relaxing)
 .debug_str     0x00000571       0x55 .\CortexM3\ARM_GCC_541\Debug\rpiCommunication.o
                                0x211 (size before relaxing)
 .debug_str     0x000005c6       0x66 .\CortexM3\ARM_GCC_541\Debug\scale.o
                                0x270 (size before relaxing)
 .debug_str     0x0000062c        0xf .\CortexM3\ARM_GCC_541\Debug\waitingState.o
                                0x258 (size before relaxing)
 .debug_str     0x0000063b       0x62 .\CortexM3\ARM_GCC_541\Debug\soundApp.o
                                0x21b (size before relaxing)
 .debug_str     0x0000069d      0x184 .\CortexM3\ARM_GCC_541\Debug\cyfitter_cfg.o
                                0x315 (size before relaxing)
 .debug_str     0x00000821       0x7f .\CortexM3\ARM_GCC_541\Debug\cymetadata.o
                                0x1e0 (size before relaxing)
 .debug_str     0x000008a0      0x144 .\CortexM3\ARM_GCC_541\Debug\Cm3Start.o
                                0x306 (size before relaxing)
 .debug_str     0x000009e4      0x175 .\CortexM3\ARM_GCC_541\Debug\Ultrasoundv2.a(CLK_500kHz.o)
                                0x30e (size before relaxing)
 .debug_str     0x00000b59      0x15e .\CortexM3\ARM_GCC_541\Debug\Ultrasoundv2.a(triggerPWM.o)
                                0x315 (size before relaxing)
 .debug_str     0x00000cb7      0x11f .\CortexM3\ARM_GCC_541\Debug\Ultrasoundv2.a(CLK_24MHz.o)
                                0x302 (size before relaxing)
 .debug_str     0x00000dd6      0x82d .\CortexM3\ARM_GCC_541\Debug\Ultrasoundv2.a(CyLib.o)
                                0xa43 (size before relaxing)
 .debug_str     0x00001603      0x365 .\CortexM3\ARM_GCC_541\Debug\Ultrasoundv2.a(cyPm.o)
                                0x72f (size before relaxing)
 .debug_str     0x00001968       0xff .\CortexM3\ARM_GCC_541\Debug\Ultrasoundv2.a(pulseInt.o)
                                0x2cc (size before relaxing)
 .debug_str     0x00001a67      0x1ad .\CortexM3\ARM_GCC_541\Debug\Ultrasoundv2.a(pulseCounter.o)
                                0x3d9 (size before relaxing)
 .debug_str     0x00001c14      0x10c .\CortexM3\ARM_GCC_541\Debug\Ultrasoundv2.a(echoInt_1.o)
                                0x2da (size before relaxing)
 .debug_str     0x00001d20      0x10c .\CortexM3\ARM_GCC_541\Debug\Ultrasoundv2.a(echoInt_2.o)
                                0x2da (size before relaxing)
 .debug_str     0x00001e2c      0x10c .\CortexM3\ARM_GCC_541\Debug\Ultrasoundv2.a(echoInt_3.o)
                                0x2da (size before relaxing)
 .debug_str     0x00001f38      0x10c .\CortexM3\ARM_GCC_541\Debug\Ultrasoundv2.a(echoInt_4.o)
                                0x2da (size before relaxing)
 .debug_str     0x00002044       0x6a .\CortexM3\ARM_GCC_541\Debug\Ultrasoundv2.a(Pin1_dir2.o)
                                0x1f2 (size before relaxing)
 .debug_str     0x000020ae       0x5f .\CortexM3\ARM_GCC_541\Debug\Ultrasoundv2.a(Pin1_dir1.o)
                                0x1f2 (size before relaxing)
 .debug_str     0x0000210d       0x5f .\CortexM3\ARM_GCC_541\Debug\Ultrasoundv2.a(Pin2_dir1.o)
                                0x1f2 (size before relaxing)
 .debug_str     0x0000216c       0x5f .\CortexM3\ARM_GCC_541\Debug\Ultrasoundv2.a(Pin2_dir2.o)
                                0x1f2 (size before relaxing)
 .debug_str     0x000021cb       0xff .\CortexM3\ARM_GCC_541\Debug\Ultrasoundv2.a(ball_int.o)
                                0x2cc (size before relaxing)
 .debug_str     0x000022ca       0x5f .\CortexM3\ARM_GCC_541\Debug\Ultrasoundv2.a(Pin_score.o)
                                0x1f2 (size before relaxing)
 .debug_str     0x00002329      0x22b .\CortexM3\ARM_GCC_541\Debug\Ultrasoundv2.a(ADC_SAR_1.o)
                                0x4b9 (size before relaxing)
 .debug_str     0x00002554       0x35 .\CortexM3\ARM_GCC_541\Debug\Ultrasoundv2.a(ADC_SAR_1_INT.o)
                                0x197 (size before relaxing)
 .debug_str     0x00002589      0x1bc .\CortexM3\ARM_GCC_541\Debug\Ultrasoundv2.a(ADC_SAR_1_theACLK.o)
                                0x3b1 (size before relaxing)
 .debug_str     0x00002745      0x182 .\CortexM3\ARM_GCC_541\Debug\Ultrasoundv2.a(motorPWM_1.o)
                                0x3ac (size before relaxing)
 .debug_str     0x000028c7      0x174 .\CortexM3\ARM_GCC_541\Debug\Ultrasoundv2.a(motorPWM_2.o)
                                0x3ac (size before relaxing)
 .debug_str     0x00002a3b      0x204 .\CortexM3\ARM_GCC_541\Debug\Ultrasoundv2.a(soundUART.o)
                                0x403 (size before relaxing)
 .debug_str     0x00002c3f      0x16a .\CortexM3\ARM_GCC_541\Debug\Ultrasoundv2.a(soundUART_IntClock.o)
                                0x36e (size before relaxing)
 .debug_str     0x00002da9      0x1b4 .\CortexM3\ARM_GCC_541\Debug\Ultrasoundv2.a(CyFlash.o)
                                0x3bc (size before relaxing)
 .debug_str     0x00002f5d       0xac .\CortexM3\ARM_GCC_541\Debug\Ultrasoundv2.a(CySpc.o)
                                0x334 (size before relaxing)

.debug_loc      0x00000000     0x28d8
 *(.debug_loc)
 .debug_loc     0x00000000       0x63 .\CortexM3\ARM_GCC_541\Debug\MotorApp.o
 .debug_loc     0x00000063      0x102 .\CortexM3\ARM_GCC_541\Debug\scale.o
 .debug_loc     0x00000165       0x53 .\CortexM3\ARM_GCC_541\Debug\soundApp.o
 .debug_loc     0x000001b8      0x1fd .\CortexM3\ARM_GCC_541\Debug\cyfitter_cfg.o
 .debug_loc     0x000003b5      0x144 .\CortexM3\ARM_GCC_541\Debug\Cm3Start.o
 .debug_loc     0x000004f9      0x128 .\CortexM3\ARM_GCC_541\Debug\Ultrasoundv2.a(CLK_500kHz.o)
 .debug_loc     0x00000621       0x13 .\CortexM3\ARM_GCC_541\Debug\Ultrasoundv2.a(triggerPWM.o)
 .debug_loc     0x00000634      0x12c .\CortexM3\ARM_GCC_541\Debug\Ultrasoundv2.a(CLK_24MHz.o)
 .debug_loc     0x00000760      0xa11 .\CortexM3\ARM_GCC_541\Debug\Ultrasoundv2.a(CyLib.o)
 .debug_loc     0x00001171      0x1e4 .\CortexM3\ARM_GCC_541\Debug\Ultrasoundv2.a(cyPm.o)
 .debug_loc     0x00001355       0x56 .\CortexM3\ARM_GCC_541\Debug\Ultrasoundv2.a(pulseInt.o)
 .debug_loc     0x000013ab       0x31 .\CortexM3\ARM_GCC_541\Debug\Ultrasoundv2.a(pulseCounter.o)
 .debug_loc     0x000013dc       0x56 .\CortexM3\ARM_GCC_541\Debug\Ultrasoundv2.a(echoInt_1.o)
 .debug_loc     0x00001432       0x56 .\CortexM3\ARM_GCC_541\Debug\Ultrasoundv2.a(echoInt_2.o)
 .debug_loc     0x00001488       0x56 .\CortexM3\ARM_GCC_541\Debug\Ultrasoundv2.a(echoInt_3.o)
 .debug_loc     0x000014de       0x56 .\CortexM3\ARM_GCC_541\Debug\Ultrasoundv2.a(echoInt_4.o)
 .debug_loc     0x00001534       0x42 .\CortexM3\ARM_GCC_541\Debug\Ultrasoundv2.a(Pin1_dir2.o)
 .debug_loc     0x00001576       0x42 .\CortexM3\ARM_GCC_541\Debug\Ultrasoundv2.a(Pin1_dir1.o)
 .debug_loc     0x000015b8       0x42 .\CortexM3\ARM_GCC_541\Debug\Ultrasoundv2.a(Pin2_dir1.o)
 .debug_loc     0x000015fa       0x42 .\CortexM3\ARM_GCC_541\Debug\Ultrasoundv2.a(Pin2_dir2.o)
 .debug_loc     0x0000163c       0x56 .\CortexM3\ARM_GCC_541\Debug\Ultrasoundv2.a(ball_int.o)
 .debug_loc     0x00001692       0x42 .\CortexM3\ARM_GCC_541\Debug\Ultrasoundv2.a(Pin_score.o)
 .debug_loc     0x000016d4      0x295 .\CortexM3\ARM_GCC_541\Debug\Ultrasoundv2.a(ADC_SAR_1.o)
 .debug_loc     0x00001969      0x14d .\CortexM3\ARM_GCC_541\Debug\Ultrasoundv2.a(ADC_SAR_1_theACLK.o)
 .debug_loc     0x00001ab6       0x26 .\CortexM3\ARM_GCC_541\Debug\Ultrasoundv2.a(motorPWM_1.o)
 .debug_loc     0x00001adc       0x26 .\CortexM3\ARM_GCC_541\Debug\Ultrasoundv2.a(motorPWM_2.o)
 .debug_loc     0x00001b02      0x1f7 .\CortexM3\ARM_GCC_541\Debug\Ultrasoundv2.a(soundUART.o)
 .debug_loc     0x00001cf9      0x128 .\CortexM3\ARM_GCC_541\Debug\Ultrasoundv2.a(soundUART_IntClock.o)
 .debug_loc     0x00001e21      0x3b2 .\CortexM3\ARM_GCC_541\Debug\Ultrasoundv2.a(CyFlash.o)
 .debug_loc     0x000021d3      0x705 .\CortexM3\ARM_GCC_541\Debug\Ultrasoundv2.a(CySpc.o)

.debug_macinfo
 *(.debug_macinfo)

.debug_ranges   0x00000000      0xe00
 *(.debug_ranges)
 .debug_ranges  0x00000000       0x18 .\CortexM3\ARM_GCC_541\Debug\main.o
 .debug_ranges  0x00000018       0x40 .\CortexM3\ARM_GCC_541\Debug\edgeSensorApp.o
 .debug_ranges  0x00000058       0x48 .\CortexM3\ARM_GCC_541\Debug\MotorApp.o
 .debug_ranges  0x000000a0       0x38 .\CortexM3\ARM_GCC_541\Debug\rpiCommunication.o
 .debug_ranges  0x000000d8       0x40 .\CortexM3\ARM_GCC_541\Debug\scale.o
 .debug_ranges  0x00000118       0x18 .\CortexM3\ARM_GCC_541\Debug\waitingState.o
 .debug_ranges  0x00000130       0x18 .\CortexM3\ARM_GCC_541\Debug\soundApp.o
 .debug_ranges  0x00000148       0x48 .\CortexM3\ARM_GCC_541\Debug\cyfitter_cfg.o
 .debug_ranges  0x00000190       0x38 .\CortexM3\ARM_GCC_541\Debug\Cm3Start.o
 .debug_ranges  0x000001c8       0x60 .\CortexM3\ARM_GCC_541\Debug\Ultrasoundv2.a(CLK_500kHz.o)
 .debug_ranges  0x00000228       0x70 .\CortexM3\ARM_GCC_541\Debug\Ultrasoundv2.a(triggerPWM.o)
 .debug_ranges  0x00000298       0x60 .\CortexM3\ARM_GCC_541\Debug\Ultrasoundv2.a(CLK_24MHz.o)
 .debug_ranges  0x000002f8      0x290 .\CortexM3\ARM_GCC_541\Debug\Ultrasoundv2.a(CyLib.o)
 .debug_ranges  0x00000588       0x88 .\CortexM3\ARM_GCC_541\Debug\Ultrasoundv2.a(cyPm.o)
 .debug_ranges  0x00000610       0x70 .\CortexM3\ARM_GCC_541\Debug\Ultrasoundv2.a(pulseInt.o)
 .debug_ranges  0x00000680       0x88 .\CortexM3\ARM_GCC_541\Debug\Ultrasoundv2.a(pulseCounter.o)
 .debug_ranges  0x00000708       0x70 .\CortexM3\ARM_GCC_541\Debug\Ultrasoundv2.a(echoInt_1.o)
 .debug_ranges  0x00000778       0x70 .\CortexM3\ARM_GCC_541\Debug\Ultrasoundv2.a(echoInt_2.o)
 .debug_ranges  0x000007e8       0x70 .\CortexM3\ARM_GCC_541\Debug\Ultrasoundv2.a(echoInt_3.o)
 .debug_ranges  0x00000858       0x70 .\CortexM3\ARM_GCC_541\Debug\Ultrasoundv2.a(echoInt_4.o)
 .debug_ranges  0x000008c8       0x28 .\CortexM3\ARM_GCC_541\Debug\Ultrasoundv2.a(Pin1_dir2.o)
 .debug_ranges  0x000008f0       0x28 .\CortexM3\ARM_GCC_541\Debug\Ultrasoundv2.a(Pin1_dir1.o)
 .debug_ranges  0x00000918       0x28 .\CortexM3\ARM_GCC_541\Debug\Ultrasoundv2.a(Pin2_dir1.o)
 .debug_ranges  0x00000940       0x28 .\CortexM3\ARM_GCC_541\Debug\Ultrasoundv2.a(Pin2_dir2.o)
 .debug_ranges  0x00000968       0x70 .\CortexM3\ARM_GCC_541\Debug\Ultrasoundv2.a(ball_int.o)
 .debug_ranges  0x000009d8       0x28 .\CortexM3\ARM_GCC_541\Debug\Ultrasoundv2.a(Pin_score.o)
 .debug_ranges  0x00000a00       0x98 .\CortexM3\ARM_GCC_541\Debug\Ultrasoundv2.a(ADC_SAR_1.o)
 .debug_ranges  0x00000a98       0x10 .\CortexM3\ARM_GCC_541\Debug\Ultrasoundv2.a(ADC_SAR_1_INT.o)
 .debug_ranges  0x00000aa8       0x70 .\CortexM3\ARM_GCC_541\Debug\Ultrasoundv2.a(ADC_SAR_1_theACLK.o)
 .debug_ranges  0x00000b18       0x88 .\CortexM3\ARM_GCC_541\Debug\Ultrasoundv2.a(motorPWM_1.o)
 .debug_ranges  0x00000ba0       0x88 .\CortexM3\ARM_GCC_541\Debug\Ultrasoundv2.a(motorPWM_2.o)
 .debug_ranges  0x00000c28       0x90 .\CortexM3\ARM_GCC_541\Debug\Ultrasoundv2.a(soundUART.o)
 .debug_ranges  0x00000cb8       0x60 .\CortexM3\ARM_GCC_541\Debug\Ultrasoundv2.a(soundUART_IntClock.o)
 .debug_ranges  0x00000d18       0x78 .\CortexM3\ARM_GCC_541\Debug\Ultrasoundv2.a(CyFlash.o)
 .debug_ranges  0x00000d90       0x70 .\CortexM3\ARM_GCC_541\Debug\Ultrasoundv2.a(CySpc.o)

.comment        0x00000000       0x6e
 .comment       0x00000000       0x6e .\CortexM3\ARM_GCC_541\Debug\main.o
                                 0x6f (size before relaxing)
 .comment       0x0000006e       0x6f .\CortexM3\ARM_GCC_541\Debug\edgeSensorApp.o
 .comment       0x0000006e       0x6f .\CortexM3\ARM_GCC_541\Debug\MotorApp.o
 .comment       0x0000006e       0x6f .\CortexM3\ARM_GCC_541\Debug\rpiCommunication.o
 .comment       0x0000006e       0x6f .\CortexM3\ARM_GCC_541\Debug\scale.o
 .comment       0x0000006e       0x6f .\CortexM3\ARM_GCC_541\Debug\waitingState.o
 .comment       0x0000006e       0x6f .\CortexM3\ARM_GCC_541\Debug\soundApp.o
 .comment       0x0000006e       0x6f .\CortexM3\ARM_GCC_541\Debug\cyfitter_cfg.o
 .comment       0x0000006e       0x6f .\CortexM3\ARM_GCC_541\Debug\cymetadata.o
 .comment       0x0000006e       0x6f .\CortexM3\ARM_GCC_541\Debug\Cm3Start.o
 .comment       0x0000006e       0x6f .\CortexM3\ARM_GCC_541\Debug\Ultrasoundv2.a(CLK_500kHz.o)
 .comment       0x0000006e       0x6f .\CortexM3\ARM_GCC_541\Debug\Ultrasoundv2.a(triggerPWM.o)
 .comment       0x0000006e       0x6f .\CortexM3\ARM_GCC_541\Debug\Ultrasoundv2.a(CLK_24MHz.o)
 .comment       0x0000006e       0x6f .\CortexM3\ARM_GCC_541\Debug\Ultrasoundv2.a(CyLib.o)
 .comment       0x0000006e       0x6f .\CortexM3\ARM_GCC_541\Debug\Ultrasoundv2.a(cyPm.o)
 .comment       0x0000006e       0x6f .\CortexM3\ARM_GCC_541\Debug\Ultrasoundv2.a(pulseInt.o)
 .comment       0x0000006e       0x6f .\CortexM3\ARM_GCC_541\Debug\Ultrasoundv2.a(pulseCounter.o)
 .comment       0x0000006e       0x6f .\CortexM3\ARM_GCC_541\Debug\Ultrasoundv2.a(echoInt_1.o)
 .comment       0x0000006e       0x6f .\CortexM3\ARM_GCC_541\Debug\Ultrasoundv2.a(echoInt_2.o)
 .comment       0x0000006e       0x6f .\CortexM3\ARM_GCC_541\Debug\Ultrasoundv2.a(echoInt_3.o)
 .comment       0x0000006e       0x6f .\CortexM3\ARM_GCC_541\Debug\Ultrasoundv2.a(echoInt_4.o)
 .comment       0x0000006e       0x6f .\CortexM3\ARM_GCC_541\Debug\Ultrasoundv2.a(Pin1_dir2.o)
 .comment       0x0000006e       0x6f .\CortexM3\ARM_GCC_541\Debug\Ultrasoundv2.a(Pin1_dir1.o)
 .comment       0x0000006e       0x6f .\CortexM3\ARM_GCC_541\Debug\Ultrasoundv2.a(Pin2_dir1.o)
 .comment       0x0000006e       0x6f .\CortexM3\ARM_GCC_541\Debug\Ultrasoundv2.a(Pin2_dir2.o)
 .comment       0x0000006e       0x6f .\CortexM3\ARM_GCC_541\Debug\Ultrasoundv2.a(ball_int.o)
 .comment       0x0000006e       0x6f .\CortexM3\ARM_GCC_541\Debug\Ultrasoundv2.a(Pin_score.o)
 .comment       0x0000006e       0x6f .\CortexM3\ARM_GCC_541\Debug\Ultrasoundv2.a(ADC_SAR_1.o)
 .comment       0x0000006e       0x6f .\CortexM3\ARM_GCC_541\Debug\Ultrasoundv2.a(ADC_SAR_1_INT.o)
 .comment       0x0000006e       0x6f .\CortexM3\ARM_GCC_541\Debug\Ultrasoundv2.a(ADC_SAR_1_theACLK.o)
 .comment       0x0000006e       0x6f .\CortexM3\ARM_GCC_541\Debug\Ultrasoundv2.a(motorPWM_1.o)
 .comment       0x0000006e       0x6f .\CortexM3\ARM_GCC_541\Debug\Ultrasoundv2.a(motorPWM_2.o)
 .comment       0x0000006e       0x6f .\CortexM3\ARM_GCC_541\Debug\Ultrasoundv2.a(soundUART.o)
 .comment       0x0000006e       0x6f .\CortexM3\ARM_GCC_541\Debug\Ultrasoundv2.a(soundUART_IntClock.o)
 .comment       0x0000006e       0x6f .\CortexM3\ARM_GCC_541\Debug\Ultrasoundv2.a(CyFlash.o)
 .comment       0x0000006e       0x6f .\CortexM3\ARM_GCC_541\Debug\Ultrasoundv2.a(CySpc.o)

.debug_weaknames
 *(.debug_weaknames)

.debug_funcnames
 *(.debug_funcnames)

.debug_typenames
 *(.debug_typenames)

.debug_varnames
 *(.debug_varnames)

.note.gnu.arm.ident
 *(.note.gnu.arm.ident)

.ARM.attributes
                0x00000000       0x29
 *(.ARM.attributes)
 .ARM.attributes
                0x00000000       0x1d c:/program files (x86)/cypress/psoc creator/4.2/psoc creator/import/gnu/arm/5.4.1/bin/../lib/gcc/arm-none-eabi/5.4.1/armv7-m/crti.o
 .ARM.attributes
                0x0000001d       0x2d c:/program files (x86)/cypress/psoc creator/4.2/psoc creator/import/gnu/arm/5.4.1/bin/../lib/gcc/arm-none-eabi/5.4.1/armv7-m/crtbegin.o
 .ARM.attributes
                0x0000004a       0x1b c:/program files (x86)/cypress/psoc creator/4.2/psoc creator/import/gnu/arm/5.4.1/bin/../lib/gcc/arm-none-eabi/5.4.1/../../../../arm-none-eabi/lib/armv7-m/crt0.o
 .ARM.attributes
                0x00000065       0x33 .\CortexM3\ARM_GCC_541\Debug\main.o
 .ARM.attributes
                0x00000098       0x33 .\CortexM3\ARM_GCC_541\Debug\edgeSensorApp.o
 .ARM.attributes
                0x000000cb       0x33 .\CortexM3\ARM_GCC_541\Debug\MotorApp.o
 .ARM.attributes
                0x000000fe       0x33 .\CortexM3\ARM_GCC_541\Debug\rpiCommunication.o
 .ARM.attributes
                0x00000131       0x33 .\CortexM3\ARM_GCC_541\Debug\scale.o
 .ARM.attributes
                0x00000164       0x33 .\CortexM3\ARM_GCC_541\Debug\waitingState.o
 .ARM.attributes
                0x00000197       0x33 .\CortexM3\ARM_GCC_541\Debug\soundApp.o
 .ARM.attributes
                0x000001ca       0x33 .\CortexM3\ARM_GCC_541\Debug\cyfitter_cfg.o
 .ARM.attributes
                0x000001fd       0x33 .\CortexM3\ARM_GCC_541\Debug\cymetadata.o
 .ARM.attributes
                0x00000230       0x33 .\CortexM3\ARM_GCC_541\Debug\Cm3Start.o
 .ARM.attributes
                0x00000263       0x33 .\CortexM3\ARM_GCC_541\Debug\Ultrasoundv2.a(CLK_500kHz.o)
 .ARM.attributes
                0x00000296       0x33 .\CortexM3\ARM_GCC_541\Debug\Ultrasoundv2.a(triggerPWM.o)
 .ARM.attributes
                0x000002c9       0x33 .\CortexM3\ARM_GCC_541\Debug\Ultrasoundv2.a(CLK_24MHz.o)
 .ARM.attributes
                0x000002fc       0x33 .\CortexM3\ARM_GCC_541\Debug\Ultrasoundv2.a(CyLib.o)
 .ARM.attributes
                0x0000032f       0x33 .\CortexM3\ARM_GCC_541\Debug\Ultrasoundv2.a(cyPm.o)
 .ARM.attributes
                0x00000362       0x33 .\CortexM3\ARM_GCC_541\Debug\Ultrasoundv2.a(pulseInt.o)
 .ARM.attributes
                0x00000395       0x33 .\CortexM3\ARM_GCC_541\Debug\Ultrasoundv2.a(pulseCounter.o)
 .ARM.attributes
                0x000003c8       0x33 .\CortexM3\ARM_GCC_541\Debug\Ultrasoundv2.a(echoInt_1.o)
 .ARM.attributes
                0x000003fb       0x33 .\CortexM3\ARM_GCC_541\Debug\Ultrasoundv2.a(echoInt_2.o)
 .ARM.attributes
                0x0000042e       0x33 .\CortexM3\ARM_GCC_541\Debug\Ultrasoundv2.a(echoInt_3.o)
 .ARM.attributes
                0x00000461       0x33 .\CortexM3\ARM_GCC_541\Debug\Ultrasoundv2.a(echoInt_4.o)
 .ARM.attributes
                0x00000494       0x33 .\CortexM3\ARM_GCC_541\Debug\Ultrasoundv2.a(Pin1_dir2.o)
 .ARM.attributes
                0x000004c7       0x33 .\CortexM3\ARM_GCC_541\Debug\Ultrasoundv2.a(Pin1_dir1.o)
 .ARM.attributes
                0x000004fa       0x33 .\CortexM3\ARM_GCC_541\Debug\Ultrasoundv2.a(Pin2_dir1.o)
 .ARM.attributes
                0x0000052d       0x33 .\CortexM3\ARM_GCC_541\Debug\Ultrasoundv2.a(Pin2_dir2.o)
 .ARM.attributes
                0x00000560       0x33 .\CortexM3\ARM_GCC_541\Debug\Ultrasoundv2.a(ball_int.o)
 .ARM.attributes
                0x00000593       0x33 .\CortexM3\ARM_GCC_541\Debug\Ultrasoundv2.a(Pin_score.o)
 .ARM.attributes
                0x000005c6       0x33 .\CortexM3\ARM_GCC_541\Debug\Ultrasoundv2.a(ADC_SAR_1.o)
 .ARM.attributes
                0x000005f9       0x33 .\CortexM3\ARM_GCC_541\Debug\Ultrasoundv2.a(ADC_SAR_1_INT.o)
 .ARM.attributes
                0x0000062c       0x33 .\CortexM3\ARM_GCC_541\Debug\Ultrasoundv2.a(ADC_SAR_1_theACLK.o)
 .ARM.attributes
                0x0000065f       0x33 .\CortexM3\ARM_GCC_541\Debug\Ultrasoundv2.a(motorPWM_1.o)
 .ARM.attributes
                0x00000692       0x33 .\CortexM3\ARM_GCC_541\Debug\Ultrasoundv2.a(motorPWM_2.o)
 .ARM.attributes
                0x000006c5       0x33 .\CortexM3\ARM_GCC_541\Debug\Ultrasoundv2.a(soundUART.o)
 .ARM.attributes
                0x000006f8       0x33 .\CortexM3\ARM_GCC_541\Debug\Ultrasoundv2.a(soundUART_IntClock.o)
 .ARM.attributes
                0x0000072b       0x21 .\CortexM3\ARM_GCC_541\Debug\Ultrasoundv2.a(CyBootAsmGnu.o)
 .ARM.attributes
                0x0000074c       0x33 .\CortexM3\ARM_GCC_541\Debug\Ultrasoundv2.a(CyFlash.o)
 .ARM.attributes
                0x0000077f       0x33 .\CortexM3\ARM_GCC_541\Debug\Ultrasoundv2.a(CySpc.o)
 .ARM.attributes
                0x000007b2       0x1d c:/program files (x86)/cypress/psoc creator/4.2/psoc creator/import/gnu/arm/5.4.1/bin/../lib/gcc/arm-none-eabi/5.4.1/armv7-m\libgcc.a(_arm_addsubsf3.o)
 .ARM.attributes
                0x000007cf       0x1d c:/program files (x86)/cypress/psoc creator/4.2/psoc creator/import/gnu/arm/5.4.1/bin/../lib/gcc/arm-none-eabi/5.4.1/armv7-m\libgcc.a(_arm_muldivsf3.o)
 .ARM.attributes
                0x000007ec       0x1d c:/program files (x86)/cypress/psoc creator/4.2/psoc creator/import/gnu/arm/5.4.1/bin/../lib/gcc/arm-none-eabi/5.4.1/armv7-m\libgcc.a(_aeabi_ldivmod.o)
 .ARM.attributes
                0x00000809       0x2d c:/program files (x86)/cypress/psoc creator/4.2/psoc creator/import/gnu/arm/5.4.1/bin/../lib/gcc/arm-none-eabi/5.4.1/armv7-m\libgcc.a(_udivmoddi4.o)
 .ARM.attributes
                0x00000836       0x1d c:/program files (x86)/cypress/psoc creator/4.2/psoc creator/import/gnu/arm/5.4.1/bin/../lib/gcc/arm-none-eabi/5.4.1/armv7-m\libgcc.a(_dvmd_tls.o)
 .ARM.attributes
                0x00000853       0x2d c:/program files (x86)/cypress/psoc creator/4.2/psoc creator/import/gnu/arm/5.4.1/bin/../lib/gcc/arm-none-eabi/5.4.1/../../../../arm-none-eabi/lib/armv7-m\libg_nano.a(lib_a-errno.o)
 .ARM.attributes
                0x00000880       0x2d c:/program files (x86)/cypress/psoc creator/4.2/psoc creator/import/gnu/arm/5.4.1/bin/../lib/gcc/arm-none-eabi/5.4.1/../../../../arm-none-eabi/lib/armv7-m\libg_nano.a(lib_a-exit.o)
 .ARM.attributes
                0x000008ad       0x2d c:/program files (x86)/cypress/psoc creator/4.2/psoc creator/import/gnu/arm/5.4.1/bin/../lib/gcc/arm-none-eabi/5.4.1/../../../../arm-none-eabi/lib/armv7-m\libg_nano.a(lib_a-impure.o)
 .ARM.attributes
                0x000008da       0x2d c:/program files (x86)/cypress/psoc creator/4.2/psoc creator/import/gnu/arm/5.4.1/bin/../lib/gcc/arm-none-eabi/5.4.1/../../../../arm-none-eabi/lib/armv7-m\libg_nano.a(lib_a-init.o)
 .ARM.attributes
                0x00000907       0x2d c:/program files (x86)/cypress/psoc creator/4.2/psoc creator/import/gnu/arm/5.4.1/bin/../lib/gcc/arm-none-eabi/5.4.1/../../../../arm-none-eabi/lib/armv7-m\libg_nano.a(lib_a-memcpy-stub.o)
 .ARM.attributes
                0x00000934       0x2d c:/program files (x86)/cypress/psoc creator/4.2/psoc creator/import/gnu/arm/5.4.1/bin/../lib/gcc/arm-none-eabi/5.4.1/../../../../arm-none-eabi/lib/armv7-m\libg_nano.a(lib_a-memset.o)
 .ARM.attributes
                0x00000961       0x2d c:/program files (x86)/cypress/psoc creator/4.2/psoc creator/import/gnu/arm/5.4.1/bin/../lib/gcc/arm-none-eabi/5.4.1/../../../../arm-none-eabi/lib/armv7-m\libg_nano.a(lib_a-rand.o)
 .ARM.attributes
                0x0000098e       0x2d c:/program files (x86)/cypress/psoc creator/4.2/psoc creator/import/gnu/arm/5.4.1/bin/../lib/gcc/arm-none-eabi/5.4.1/../../../../arm-none-eabi/lib/armv7-m\libg_nano.a(lib_a-malloc.o)
 .ARM.attributes
                0x000009bb       0x2d c:/program files (x86)/cypress/psoc creator/4.2/psoc creator/import/gnu/arm/5.4.1/bin/../lib/gcc/arm-none-eabi/5.4.1/../../../../arm-none-eabi/lib/armv7-m\libg_nano.a(lib_a-nano-freer.o)
 .ARM.attributes
                0x000009e8       0x2d c:/program files (x86)/cypress/psoc creator/4.2/psoc creator/import/gnu/arm/5.4.1/bin/../lib/gcc/arm-none-eabi/5.4.1/../../../../arm-none-eabi/lib/armv7-m\libg_nano.a(lib_a-nano-mallocr.o)
 .ARM.attributes
                0x00000a15       0x2d c:/program files (x86)/cypress/psoc creator/4.2/psoc creator/import/gnu/arm/5.4.1/bin/../lib/gcc/arm-none-eabi/5.4.1/../../../../arm-none-eabi/lib/armv7-m\libg_nano.a(lib_a-sbrkr.o)
 .ARM.attributes
                0x00000a42       0x2d c:/program files (x86)/cypress/psoc creator/4.2/psoc creator/import/gnu/arm/5.4.1/bin/../lib/gcc/arm-none-eabi/5.4.1/../../../../arm-none-eabi/lib/armv7-m\libg_nano.a(lib_a-mlock.o)
 .ARM.attributes
                0x00000a6f       0x2d c:/program files (x86)/cypress/psoc creator/4.2/psoc creator/import/gnu/arm/5.4.1/bin/../lib/gcc/arm-none-eabi/5.4.1/../../../../arm-none-eabi/lib/armv7-m\libg_nano.a(lib_a-reent.o)
 .ARM.attributes
                0x00000a9c       0x2d c:/program files (x86)/cypress/psoc creator/4.2/psoc creator/import/gnu/arm/5.4.1/bin/../lib/gcc/arm-none-eabi/5.4.1/armv7-m/crtend.o
 .ARM.attributes
                0x00000ac9       0x1d c:/program files (x86)/cypress/psoc creator/4.2/psoc creator/import/gnu/arm/5.4.1/bin/../lib/gcc/arm-none-eabi/5.4.1/armv7-m/crtn.o

/DISCARD/
 *(.note.GNU-stack)
OUTPUT(C:\Users\lucasiversen\Desktop\Ultrasoundv2\Ultrasoundv2.cydsn\CortexM3\ARM_GCC_541\Debug\Ultrasoundv2.elf elf32-littlearm)